19:06:04  «tap» 캡처 시작 — port=/dev/cu.usbmodem21201 baud=115200 pid=49428 date=2026-08-18 19:06:04
19:06:04  «tap» ⚠ 이 시각에 DTR 로 보드가 리셋된다 — 분석에서 '우리가 만든 리셋'으로 표시할 것
19:06:04  «tap» 포트 열림 (dsrdtr=False)
19:06:05  00010,0000000000,10,P1,03" (35)
19:06:05  [AT] "SEND OK" (7)
19:06:06  
19:06:06  [PARKING NODE] proto v1 / 10 slots / dev=P1
19:06:06  [BOOT] 리셋 원인: 불명 (부트로더가 MCUSR 을 지우고 넘어왔다)
19:06:06  [BOOT] 사다리 4단(ESP 하드리셋선) 미배선 — A2 를 ESP RST 에 물리고 ESP_RST_WIRED=1 · 6단(워치독) 끔
19:06:07  [NET] 0 RST
19:06:07  [AT] "AT+RST" (6)
19:06:07  [AT] "OK" (2)
19:06:08  [AT] "bB\xD6\x84@\xF9Rc\xE2\xFCR\x8B\x86#\xD9\x10B\xFF\xCA\xC9\xA5\x9D\x1C\xFF\xC2I\x8D" (27)
19:06:08  [AT] "[System Ready, Vendor:www.ai-thinker.com]" (41)
19:06:09  [NET] 1 CWMODE=1
19:06:09  [AT] "AT+CWMODE=1" (11)
19:06:09  [AT] "no change" (9)
19:06:09  [DIAG] offline step=2 사다리=0/0 rx=112 lines=6 up=3s
19:06:10  [NET] 2 CWJAP (응답까지 최대 30초 기다린다)
19:06:10  [AT] "AT+CWJAP="SK_WiFiGIGA50DC_2.4G","2011050796"" (44)
19:06:12  [DIAG] offline step=2 사다리=0/0 rx=159 lines=7 up=6s
19:06:15  [AT] "OK" (2)
19:06:15  [NET] CWJAP OK — 결합됐다. IP 를 실제로 받았는지 CIFSR 로 확인한다
19:06:15  [DIAG] offline step=3 사다리=0/0 rx=165 lines=8 up=9s
19:06:15  [NET] 3 CIFSR (IP 를 실제로 받았는가)
19:06:15  [AT] "AT+CIFSR" (8)
19:06:15  [AT] "192.168.35.79" (13)
19:06:15  [NET] ★ IP 확보: 192.168.35.79
19:06:15  [AT] "OK" (2)
19:06:15  [NET] 4 CIPMUX=0
19:06:15  [AT] "AT+CIPMUX=0" (11)
19:06:15  [AT] "OK" (2)
19:06:16  [NET] CIPMUX=0 적용됨 → CIPSTART
19:06:16  [NET] 5 CIPSTART
19:06:16  [AT] "AT+CIPSTART="TCP","192.168.35.21",9991" (38)
19:06:16  [AT] "OK" (2)
19:06:16  [AT] "Linked" (6)
19:06:16  [NET] online (CONNECT) + 캐시 비움
19:06:16  [TX] S,0,0110000010,0000000000,9,P1,3A
19:06:16  [SLOT] n=8 tx=33 ack=0 due=199 r=1
19:06:16  [AT] "AT+CIPSEND=34" (13)
19:06:16  [AT] " S,0,0110000010,0000000000,9,P1,3A" (34)
19:06:16  [AT] "SEND OK" (7)
19:06:17  [TX] S,1,0110000010,0000000000,10,P1,03
19:06:17  [SLOT] n=9 tx=34 ack=0 due=0 r=1
19:06:17  [AT] "AT+CIPSEND=35" (13)
19:06:17  [AT] " S,1,0110000010,0000000000,10,P1,03" (35)
19:06:17  [AT] "SEND OK" (7)
19:06:18  [TX] S,2,0110000010,0000000000,12,P1,02
19:06:18  [SLOT] n=10 tx=34 ack=0 due=0 r=1
19:06:18  [AT] "AT+CIPSEND=35" (13)
19:06:18  [AT] " S,2,0110000010,0000000000,12,P1,02" (35)
19:06:18  [AT] "SEND OK" (7)
19:06:19  [TX] S,3,0110000010,0000000000,13,P1,02
19:06:19  [SLOT] n=11 tx=34 ack=0 due=0 r=1
19:06:19  [AT] "AT+CIPSEND=35" (13)
19:06:19  [AT] " S,3,0110000010,0000000000,13,P1,02" (35)
19:06:19  [AT] "SEND OK" (7)
19:06:21  [TX] S,4,0110000010,0000000000,14,P1,02
19:06:21  [SLOT] n=12 tx=34 ack=0 due=0 r=1
19:06:21  [AT] "AT+CIPSEND=35" (13)
19:06:21  [AT] " S,4,0110000010,0000000000,14,P1,02" (35)
19:06:21  [AT] "SEND OK" (7)
19:06:22  [TX] S,5,0110000010,0000000000,15,P1,02
19:06:22  [SLOT] n=13 tx=34 ack=0 due=0 r=1
19:06:22  [AT] "AT+CIPSEND=35" (13)
19:06:22  [AT] " S,5,0110000010,0000000000,15,P1,02" (35)
19:06:22  [AT] "SEND OK" (7)
19:06:23  [TX] S,6,0110000010,0000000000,16,P1,02
19:06:23  [SLOT] n=14 tx=34 ack=0 due=0 r=1
19:06:23  [AT] "AT+CIPSEND=35" (13)
19:06:23  [AT] " S,6,0110000010,0000000000,16,P1,02" (35)
19:06:23  [AT] "SEND OK" (7)
19:06:24  [TX] S,7,0110000010,0000000000,18,P1,0D
19:06:24  [SLOT] n=15 tx=34 ack=0 due=0 r=1
19:06:24  [AT] "AT+CIPSEND=35" (13)
19:06:24  [AT] " S,7,0110000010,0000000000,18,P1,0D" (35)
19:06:24  [AT] "SEND OK" (7)
19:06:25  [TX] S,8,0110000010,0000000000,19,P1,03
19:06:25  [SLOT] n=16 tx=34 ack=0 due=0 r=1
19:06:25  [AT] "AT+CIPSEND=35" (13)
19:06:25  [AT] " S,8,0110000010,0000000000,19,P1,03" (35)
19:06:25  [AT] "SEND OK" (7)
19:06:26  [TX] S,9,0110000010,0000000000,20,P1,08
19:06:26  [SLOT] n=17 tx=34 ack=0 due=0 r=1
19:06:28  [AT] "AT+CIPSEND=35" (13)
19:06:28  [AT] " S,9,0110000010,0000000000,20,P1,08" (35)
19:06:28  [AT] "SEND OK" (7)
19:06:29  [TX] S,10,0110000010,0000000000,21,P1,31
19:06:29  [SLOT] n=18 tx=35 ack=0 due=0 r=1
19:06:29  [AT] "AT+CIPSEND=36" (13)
19:06:29  [AT] " S,10,0110000010,0000000000,21,P1,31" (36)
19:06:29  [AT] "SEND OK" (7)
19:06:30  [TX] S,11,0110000010,0000000000,22,P1,33
19:06:30  [SLOT] n=19 tx=35 ack=0 due=0 r=1
19:06:30  [AT] "AT+CIPSEND=36" (13)
19:06:30  [AT] " S,11,0110000010,0000000000,22,P1,33" (36)
19:06:30  [AT] "SEND OK" (7)
19:06:31  [TX] S,12,0110000010,0000000000,24,P1,36
19:06:31  [SLOT] n=20 tx=35 ack=0 due=0 r=1
19:06:31  [AT] "AT+CIPSEND=36" (13)
19:06:32  [AT] " S,12,0110000010,0000000000,24,P1,36" (36)
19:06:32  [AT] "SEND OK" (7)
19:06:32  [TX] S,13,0110000010,0000000000,25,P1,36
19:06:32  [SLOT] n=21 tx=35 ack=0 due=0 r=1
19:06:32  [AT] "AT+CIPSEND=36" (13)
19:06:32  [AT] " S,13,0110000010,0000000000,25,P1,36" (36)
19:06:32  [AT] "SEND OK" (7)
19:06:33  [TX] S,14,0110000010,0000000000,26,P1,32
19:06:33  [SLOT] n=22 tx=35 ack=0 due=0 r=1
19:06:33  [AT] "AT+CIPSEND=36" (13)
19:06:34  [AT] " S,14,0110000010,0000000000,26,P1,32" (36)
19:06:34  [AT] "SEND OK" (7)
19:06:35  [TX] S,15,0110000010,0000000000,27,P1,32
19:06:35  [SLOT] n=23 tx=35 ack=0 due=0 r=1
19:06:35  [AT] "AT+CIPSEND=36" (13)
19:06:35  [AT] " S,15,0110000010,0000000000,27,P1,32" (36)
19:06:35  [AT] "SEND OK" (7)
19:06:36  [TX] S,16,0110000010,0000000000,28,P1,3E
19:06:36  [SLOT] n=24 tx=35 ack=0 due=0 r=1
19:06:36  [AT] "AT+CIPSEND=36" (13)
19:06:36  [AT] " S,16,0110000010,0000000000,28,P1,3E" (36)
19:06:36  [AT] "SEND OK" (7)
19:06:37  [TX] S,17,0110000010,0000000000,30,P1,36
19:06:37  [SLOT] n=25 tx=35 ack=0 due=0 r=1
19:06:37  [AT] "AT+CIPSEND=36" (13)
19:06:37  [AT] " S,17,0110000010,0000000000,30,P1,36" (36)
19:06:37  [AT] "SEND OK" (7)
19:06:38  [TX] S,18,0110000010,0000000000,31,P1,38
19:06:38  [SLOT] n=26 tx=35 ack=0 due=0 r=1
19:06:38  [AT] "AT+CIPSEND=36" (13)
19:06:38  [AT] " S,18,0110000010,0000000000,31,P1,38" (36)
19:06:38  [AT] "SEND OK" (7)
19:06:39  [TX] S,19,0110000010,0000000000,32,P1,3A
19:06:39  [SLOT] n=27 tx=35 ack=0 due=0 r=1
19:06:39  [AT] "AT+CIPSEND=36" (13)
19:06:40  [AT] " S,19,0110000010,0000000000,32,P1,3A" (36)
19:06:40  [AT] "SEND OK" (7)
19:06:41  [TX] S,20,0110000010,0000000000,33,P1,31
19:06:41  [SLOT] n=28 tx=35 ack=0 due=0 r=1
19:06:41  [AT] "AT+CIPSEND=36" (13)
19:06:41  [AT] " S,20,0110000010,0000000000,33,P1,31" (36)
19:06:41  [AT] "SEND OK" (7)
19:06:42  [TX] S,21,0110000010,0000000000,34,P1,37
19:06:42  [SLOT] n=29 tx=35 ack=0 due=0 r=1
19:06:42  [AT] "AT+CIPSEND=36" (13)
19:06:42  [AT] " S,21,0110000010,0000000000,34,P1,37" (36)
19:06:42  [AT] "SEND OK" (7)
19:06:43  [TX] S,22,0110000010,0000000000,36,P1,36
19:06:43  [SLOT] n=30 tx=35 ack=0 due=0 r=1
19:06:43  [AT] "AT+CIPSEND=36" (13)
19:06:43  [AT] " S,22,0110000010,0000000000,36,P1,36" (36)
19:06:43  [AT] "SEND OK" (7)
19:06:44  [TX] S,23,0110000010,0000000000,37,P1,36
19:06:44  [SLOT] n=31 tx=35 ack=0 due=0 r=1
19:06:44  [AT] "AT+CIPSEND=36" (13)
19:06:44  [AT] " S,23,0110000010,0000000000,37,P1,36" (36)
19:06:44  [AT] "SEND OK" (7)
19:06:45  [TX] S,24,0110000010,0000000000,38,P1,3E
19:06:45  [SLOT] n=32 tx=35 ack=0 due=0 r=1
19:06:45  [AT] "AT+CIPSEND=36" (13)
19:06:45  [AT] " S,24,0110000010,0000000000,38,P1,3E" (36)
19:06:45  [AT] "SEND OK" (7)
19:06:47  [TX] S,25,0110000010,0000000000,39,P1,3E
19:06:47  [SLOT] n=33 tx=35 ack=0 due=0 r=1
19:06:47  [AT] "AT+CIPSEND=36" (13)
19:06:47  [AT] " S,25,0110000010,0000000000,39,P1,3E" (36)
19:06:47  [AT] "SEND OK" (7)
19:06:48  [TX] S,26,0110000010,0000000000,40,P1,33
19:06:48  [SLOT] n=34 tx=35 ack=0 due=0 r=1
19:06:48  [AT] "AT+CIPSEND=36" (13)
19:06:48  [AT] " S,26,0110000010,0000000000,40,P1,33" (36)
19:06:48  [AT] "SEND OK" (7)
19:06:49  [TX] S,27,0110000010,0000000000,42,P1,30
19:06:49  [SLOT] n=35 tx=35 ack=0 due=0 r=1
19:06:49  [AT] "AT+CIPSEND=36" (13)
19:06:49  [AT] " S,27,0110000010,0000000000,42,P1,30" (36)
19:06:49  [AT] "SEND OK" (7)
19:06:50  [TX] S,28,0110000010,0000000000,43,P1,3E
19:06:50  [SLOT] n=36 tx=35 ack=0 due=0 r=1
19:06:50  [AT] "AT+CIPSEND=36" (13)
19:06:50  [AT] " S,28,0110000010,0000000000,43,P1,3E" (36)
19:06:50  [AT] "SEND OK" (7)
19:06:51  [TX] S,29,0110000010,0000000000,44,P1,38
19:06:51  [SLOT] n=37 tx=35 ack=0 due=0 r=1
19:06:51  [AT] "AT+CIPSEND=36" (13)
19:06:51  [AT] " S,29,0110000010,0000000000,44,P1,38" (36)
19:06:51  [AT] "SEND OK" (7)
19:06:53  [TX] S,30,0110000010,0000000000,45,P1,31
19:06:53  [SLOT] n=38 tx=35 ack=0 due=0 r=1
19:06:53  [AT] "AT+CIPSEND=36" (13)
19:06:53  [AT] " S,30,0110000010,0000000000,45,P1,31" (36)
19:06:53  [AT] "SEND OK" (7)
19:06:54  [TX] S,31,0110000010,0000000000,46,P1,33
19:06:54  [SLOT] n=39 tx=35 ack=0 due=0 r=1
19:06:54  [AT] "AT+CIPSEND=36" (13)
19:06:54  [AT] " S,31,0110000010,0000000000,46,P1,33" (36)
19:06:54  [AT] "SEND OK" (7)
19:06:55  [TX] S,32,0110000010,0000000000,48,P1,3E
19:06:55  [SLOT] n=40 tx=35 ack=0 due=0 r=1
19:06:55  [AT] "AT+CIPSEND=36" (13)
19:06:55  [AT] " S,32,0110000010,0000000000,48,P1,3E" (36)
19:06:55  [AT] "SEND OK" (7)
19:06:56  [TX] S,33,0110000010,0000000000,49,P1,3E
19:06:56  [SLOT] n=41 tx=35 ack=0 due=0 r=1
19:06:56  [AT] "AT+CIPSEND=36" (13)
19:06:56  [AT] " S,33,0110000010,0000000000,49,P1,3E" (36)
19:06:56  [AT] "SEND OK" (7)
19:06:57  [TX] S,34,0110000010,0000000000,50,P1,31
19:06:57  [SLOT] n=42 tx=35 ack=0 due=0 r=1
19:06:57  [AT] "AT+CIPSEND=36" (13)
19:06:57  [AT] " S,34,0110000010,0000000000,50,P1,31" (36)
19:06:57  [AT] "SEND OK" (7)
19:06:59  [TX] S,35,0110000010,0000000000,51,P1,31
19:06:59  [SLOT] n=43 tx=35 ack=0 due=0 r=1
19:06:59  [AT] "AT+CIPSEND=36" (13)
19:06:59  [AT] " S,35,0110000010,0000000000,51,P1,31" (36)
19:06:59  [AT] "SEND OK" (7)
19:07:00  [TX] S,36,0110000010,0000000000,52,P1,31
19:07:00  [SLOT] n=44 tx=35 ack=0 due=0 r=1
19:07:00  [AT] "AT+CIPSEND=36" (13)
19:07:00  [AT] " S,36,0110000010,0000000000,52,P1,31" (36)
19:07:00  [AT] "SEND OK" (7)
19:07:01  [TX] S,37,0110000010,0000000000,54,P1,36
19:07:01  [SLOT] n=45 tx=35 ack=0 due=0 r=1
19:07:01  [AT] "AT+CIPSEND=36" (13)
19:07:01  [AT] " S,37,0110000010,0000000000,54,P1,36" (36)
19:07:01  [AT] "SEND OK" (7)
19:07:02  [TX] S,38,0110000010,0000000000,55,P1,38
19:07:02  [SLOT] n=46 tx=35 ack=0 due=0 r=1
19:07:02  [AT] "AT+CIPSEND=36" (13)
19:07:02  [AT] " S,38,0110000010,0000000000,55,P1,38" (36)
19:07:02  [AT] "SEND OK" (7)
19:07:03  [TX] S,39,0110000010,0000000000,56,P1,3A
19:07:03  [SLOT] n=47 tx=35 ack=0 due=0 r=1
19:07:03  [AT] "AT+CIPSEND=36" (13)
19:07:03  [AT] " S,39,0110000010,0000000000,56,P1,3A" (36)
19:07:03  [AT] "SEND OK" (7)
19:07:05  [TX] S,40,0110000010,0000000000,57,P1,35
19:07:05  [SLOT] n=48 tx=35 ack=0 due=0 r=1
19:07:05  [AT] "AT+CIPSEND=36" (13)
19:07:05  [AT] " S,40,0110000010,0000000000,57,P1,35" (36)
19:07:05  [AT] "SEND OK" (7)
19:07:06  [TX] S,41,0110000010,0000000000,58,P1,3B
19:07:06  [SLOT] n=49 tx=35 ack=0 due=0 r=1
19:07:06  [AT] "AT+CIPSEND=36" (13)
19:07:06  [AT] " S,41,0110000010,0000000000,58,P1,3B" (36)
19:07:06  [AT] "SEND OK" (7)
19:07:07  [TX] S,42,0110000010,0000000000,60,P1,33
19:07:07  [SLOT] n=50 tx=35 ack=0 due=0 r=1
19:07:07  [CNT] up=60 drop=0 esprst=0 resync=0 sendfail=0 okto=0 stuck=0 ackq=0 ackdrop=0 ackstale=0 slot=50 oow=0 smiss=0 ssovf=0 cksumng=0 okstream=42 penddrop=0 skip=0 online=1
19:07:07  [RAM] 최저 여유 806 B · 프롬프트 재동기 0회 (서버의 '버린줄' 과 맞아야 한다)
19:07:07  [AT] " S,42,0110000010,0000000000,60,P1,33" (36)
19:07:07  [AT] "SEND OK" (7)
19:07:07  [AT] "AT+CIPSEND=36" (13)
19:07:08  [TX] S,43,0110000010,0000000000,61,P1,33
19:07:08  [SLOT] n=51 tx=35 ack=0 due=0 r=1
19:07:08  [AT] "AT+CIPSEND=36" (13)
19:07:08  [AT] " S,43,0110000010,0000000000,61,P1,33" (36)
19:07:08  [AT] "SEND OK" (7)
19:07:09  [TX] S,44,0110000010,0000000000,62,P1,37
19:07:09  [SLOT] n=52 tx=35 ack=0 due=0 r=1
19:07:09  [AT] "AT+CIPSEND=36" (13)
19:07:09  [AT] " S,44,0110000010,0000000000,62,P1,37" (36)
19:07:09  [AT] "SEND OK" (7)
19:07:11  [TX] S,45,0110000010,0000000000,63,P1,37
19:07:11  [SLOT] n=53 tx=35 ack=0 due=0 r=1
19:07:11  [AT] "AT+CIPSEND=36" (13)
19:07:11  [AT] " S,45,0110000010,0000000000,63,P1,37" (36)
19:07:11  [AT] "SEND OK" (7)
19:07:12  [TX] S,46,0110000010,0000000000,64,P1,33
19:07:12  [SLOT] n=54 tx=35 ack=0 due=0 r=1
19:07:12  [AT] "AT+CIPSEND=36" (13)
19:07:12  [AT] " S,46,0110000010,0000000000,64,P1,33" (36)
19:07:12  [AT] "SEND OK" (7)
19:07:13  [TX] S,47,0110000010,0000000000,66,P1,30
19:07:13  [SLOT] n=55 tx=35 ack=0 due=0 r=1
19:07:13  [AT] "AT+CIPSEND=36" (13)
19:07:13  [AT] " S,47,0110000010,0000000000,66,P1,30" (36)
19:07:13  [AT] "SEND OK" (7)
19:07:14  [TX] S,48,0110000010,0000000000,67,P1,3E
19:07:14  [SLOT] n=56 tx=35 ack=0 due=0 r=1
19:07:14  [AT] "AT+CIPSEND=36" (13)
19:07:14  [AT] " S,48,0110000010,0000000000,67,P1,3E" (36)
19:07:14  [AT] "SEND OK" (7)
19:07:15  [TX] S,49,0110000010,0000000000,68,P1,30
19:07:15  [SLOT] n=57 tx=35 ack=0 due=0 r=1
19:07:15  [AT] "AT+CIPSEND=36" (13)
19:07:15  [AT] " S,49,0110000010,0000000000,68,P1,30" (36)
19:07:15  [AT] "SEND OK" (7)
19:07:17  [TX] S,50,0110000010,0000000000,69,P1,39
19:07:17  [SLOT] n=58 tx=35 ack=0 due=0 r=1
19:07:17  [AT] "AT+CIPSEND=36" (13)
19:07:17  [AT] " S,50,0110000010,0000000000,69,P1,39" (36)
19:07:17  [AT] "SEND OK" (7)
19:07:18  [TX] S,51,0110000010,0000000000,70,P1,30
19:07:18  [SLOT] n=59 tx=35 ack=0 due=0 r=1
19:07:18  [AT] "AT+CIPSEND=36" (13)
19:07:18  [AT] " S,51,0110000010,0000000000,70,P1,30" (36)
19:07:18  [AT] "SEND OK" (7)
19:07:19  [TX] S,52,0110000010,0000000000,72,P1,31
19:07:19  [SLOT] n=60 tx=35 ack=0 due=0 r=1
19:07:19  [AT] "AT+CIPSEND=36" (13)
19:07:19  [AT] " S,52,0110000010,0000000000,72,P1,31" (36)
19:07:19  [AT] "SEND OK" (7)
19:07:20  [TX] S,53,0110000010,0000000000,73,P1,31
19:07:20  [SLOT] n=61 tx=35 ack=0 due=0 r=1
19:07:20  [AT] "AT+CIPSEND=36" (13)
19:07:20  [AT] " S,53,0110000010,0000000000,73,P1,31" (36)
19:07:20  [AT] "SEND OK" (7)
19:07:21  [TX] S,54,0110000010,0000000000,74,P1,31
19:07:21  [SLOT] n=62 tx=35 ack=0 due=0 r=1
19:07:21  [AT] "AT+CIPSEND=36" (13)
19:07:21  [AT] " S,54,0110000010,0000000000,74,P1,31" (36)
19:07:21  [AT] "SEND OK" (7)
19:07:23  [TX] S,55,0110000010,0000000000,75,P1,31
19:07:23  [SLOT] n=63 tx=35 ack=0 due=0 r=1
19:07:23  [AT] "AT+CIPSEND=36" (13)
19:07:23  [AT] " S,55,0110000010,0000000000,75,P1,31" (36)
19:07:23  [AT] "SEND OK" (7)
19:07:24  [TX] S,56,0110000010,0000000000,76,P1,31
19:07:24  [SLOT] n=64 tx=35 ack=0 due=0 r=1
19:07:24  [AT] "AT+CIPSEND=36" (13)
19:07:24  [AT] " S,56,0110000010,0000000000,76,P1,31" (36)
19:07:24  [AT] "SEND OK" (7)
19:07:25  [TX] S,57,0110000010,0000000000,78,P1,3E
19:07:25  [SLOT] n=65 tx=35 ack=0 due=0 r=1
19:07:25  [AT] "AT+CIPSEND=36" (13)
19:07:25  [AT] " S,57,0110000010,0000000000,78,P1,3E" (36)
19:07:25  [AT] "SEND OK" (7)
19:07:26  [TX] S,58,0110000010,0000000000,79,P1,30
19:07:26  [SLOT] n=66 tx=35 ack=0 due=0 r=1
19:07:26  [AT] "AT+CIPSEND=36" (13)
19:07:26  [AT] " S,58,0110000010,0000000000,79,P1,30" (36)
19:07:26  [AT] "SEND OK" (7)
19:07:27  [TX] S,59,0110000010,0000000000,80,P1,37
19:07:27  [SLOT] n=67 tx=35 ack=0 due=0 r=1
19:07:27  [AT] "AT+CIPSEND=36" (13)
19:07:27  [AT] " S,59,0110000010,0000000000,80,P1,37" (36)
19:07:27  [AT] "SEND OK" (7)
19:07:29  [TX] S,60,0110000010,0000000000,81,P1,3C
19:07:29  [SLOT] n=68 tx=35 ack=0 due=0 r=1
19:07:29  [AT] "AT+CIPSEND=36" (13)
19:07:29  [AT] " S,60,0110000010,0000000000,81,P1,3C" (36)
19:07:29  [AT] "SEND OK" (7)
19:07:30  [TX] S,61,0110000010,0000000000,82,P1,3E
19:07:30  [SLOT] n=69 tx=35 ack=0 due=0 r=1
19:07:30  [AT] "AT+CIPSEND=36" (13)
19:07:30  [AT] " S,61,0110000010,0000000000,82,P1,3E" (36)
19:07:30  [AT] "SEND OK" (7)
19:07:31  [TX] S,62,0110000010,0000000000,84,P1,3B
19:07:31  [SLOT] n=70 tx=35 ack=0 due=0 r=1
19:07:31  [AT] "AT+CIPSEND=36" (13)
19:07:31  [AT] " S,62,0110000010,0000000000,84,P1,3B" (36)
19:07:31  [AT] "SEND OK" (7)
19:07:32  [TX] S,63,0110000010,0000000000,85,P1,3B
19:07:32  [SLOT] n=71 tx=35 ack=0 due=0 r=1
19:07:32  [AT] "AT+CIPSEND=36" (13)
19:07:33  [TX-WAIT] 앞 전송의 SEND OK 를 아직 못 봤다 — 이번 주기는 건너뛴다
19:07:33  [SLOT] n=72 tx=35 ack=0 due=0 r=0
19:07:34  [AT] " S,63,0110000010,0000000000,85,P1,3B" (36)
19:07:34  [AT] "SEND OK" (7)
19:07:35  [TX] S,64,0110000010,0000000000,87,P1,3E
19:07:35  [SLOT] n=73 tx=35 ack=0 due=0 r=1
19:07:35  [AT] "AT+CIPSEND=36" (13)
19:07:35  [AT] " S,64,0110000010,0000000000,87,P1,3E" (36)
19:07:35  [AT] "SEND OK" (7)
19:07:36  [TX] S,65,0110000010,0000000000,88,P1,30
19:07:36  [SLOT] n=74 tx=35 ack=0 due=0 r=1
19:07:36  [AT] "AT+CIPSEND=36" (13)
19:07:36  [AT] " S,65,0110000010,0000000000,88,P1,30" (36)
19:07:36  [AT] "SEND OK" (7)
19:07:37  [TX] S,66,0110000010,0000000000,90,P1,3A
19:07:37  [SLOT] n=75 tx=35 ack=0 due=0 r=1
19:07:37  [AT] "AT+CIPSEND=36" (13)
19:07:37  [AT] " S,66,0110000010,0000000000,90,P1,3A" (36)
19:07:37  [AT] "SEND OK" (7)
19:07:38  [TX] S,67,0110000010,0000000000,91,P1,3A
19:07:38  [SLOT] n=76 tx=35 ack=0 due=0 r=1
19:07:38  [AT] "AT+CIPSEND=36" (13)
19:07:38  [AT] " S,67,0110000010,0000000000,91,P1,3A" (36)
19:07:38  [AT] "SEND OK" (7)
19:07:39  [TX] S,68,0110000010,0000000000,92,P1,36
19:07:39  [SLOT] n=77 tx=35 ack=0 due=0 r=1
19:07:39  [AT] "AT+CIPSEND=36" (13)
19:07:39  [AT] " S,68,0110000010,0000000000,92,P1,36" (36)
19:07:39  [AT] "SEND OK" (7)
19:07:41  [TX] S,69,0110000010,0000000000,93,P1,36
19:07:41  [SLOT] n=78 tx=35 ack=0 due=0 r=1
19:07:41  [AT] "AT+CIPSEND=36" (13)
19:07:41  [AT] " S,69,0110000010,0000000000,93,P1,36" (36)
19:07:41  [AT] "SEND OK" (7)
19:07:42  [TX] S,70,0110000010,0000000000,94,P1,39
19:07:42  [SLOT] n=79 tx=35 ack=0 due=0 r=1
19:07:42  [AT] "AT+CIPSEND=36" (13)
19:07:42  [AT] " S,70,0110000010,0000000000,94,P1,39" (36)
19:07:42  [AT] "SEND OK" (7)
19:07:43  [TX] S,71,0110000010,0000000000,96,P1,3A
19:07:43  [SLOT] n=80 tx=35 ack=0 due=0 r=1
19:07:43  [AT] "AT+CIPSEND=36" (13)
19:07:43  [AT] " S,71,0110000010,0000000000,96,P1,3A" (36)
19:07:43  [AT] "SEND OK" (7)
19:07:44  [TX] S,72,0110000010,0000000000,97,P1,38
19:07:44  [SLOT] n=81 tx=35 ack=0 due=0 r=1
19:07:44  [AT] "AT+CIPSEND=36" (13)
19:07:44  [AT] " S,72,0110000010,0000000000,97,P1,38" (36)
19:07:44  [AT] "SEND OK" (7)
19:07:45  [TX] S,73,0110000010,0000000000,98,P1,36
19:07:45  [SLOT] n=82 tx=35 ack=0 due=0 r=1
19:07:45  [AT] "AT+CIPSEND=36" (13)
19:07:45  [AT] " S,73,0110000010,0000000000,98,P1,36" (36)
19:07:45  [AT] "SEND OK" (7)
19:07:47  [TX] S,74,0110000010,0000000000,99,P1,30
19:07:47  [SLOT] n=83 tx=35 ack=0 due=0 r=1
19:07:47  [AT] "AT+CIPSEND=36" (13)
19:07:47  [AT] " S,74,0110000010,0000000000,99,P1,30" (36)
19:07:47  [AT] "SEND OK" (7)
19:07:48  [TX] S,75,0110000010,0000000000,100,P1,00
19:07:48  [SLOT] n=84 tx=36 ack=0 due=0 r=1
19:07:48  [AT] "AT+CIPSEND=37" (13)
19:07:48  [AT] " S,75,0110000010,0000000000,100,P1,00" (37)
19:07:48  [AT] "SEND OK" (7)
19:07:49  [TX] S,76,0110000010,0000000000,102,P1,01
19:07:49  [SLOT] n=85 tx=36 ack=0 due=0 r=1
19:07:49  [AT] "AT+CIPSEND=37" (13)
19:07:49  [AT] " S,76,0110000010,0000000000,102,P1,01" (37)
19:07:49  [AT] "SEND OK" (7)
19:07:50  [TX] S,77,0110000010,0000000000,103,P1,01
19:07:50  [SLOT] n=86 tx=36 ack=0 due=0 r=1
19:07:50  [AT] "AT+CIPSEND=37" (13)
19:07:50  [AT] " S,77,0110000010,0000000000,103,P1,01" (37)
19:07:50  [AT] "SEND OK" (7)
19:07:51  [TX] S,78,0110000010,0000000000,104,P1,09
19:07:51  [SLOT] n=87 tx=36 ack=0 due=0 r=1
19:07:51  [AT] "AT+CIPSEND=37" (13)
19:07:51  [AT] " S,78,0110000010,0000000000,104,P1,09" (37)
19:07:51  [AT] "SEND OK" (7)
19:07:53  [TX] S,79,0110000010,0000000000,105,P1,09
19:07:53  [SLOT] n=88 tx=36 ack=0 due=0 r=1
19:07:53  [AT] "AT+CIPSEND=37" (13)
19:07:53  [AT] " S,79,0110000010,0000000000,105,P1,09" (37)
19:07:53  [AT] "SEND OK" (7)
19:07:54  [TX] S,80,0110000010,0000000000,106,P1,0C
19:07:54  [SLOT] n=89 tx=36 ack=0 due=0 r=1
19:07:54  [AT] "AT+CIPSEND=37" (13)
19:07:54  [AT] " S,80,0110000010,0000000000,106,P1,0C" (37)
19:07:54  [AT] "SEND OK" (7)
19:07:55  [TX] S,81,0110000010,0000000000,108,P1,03
19:07:55  [SLOT] n=90 tx=36 ack=0 due=0 r=1
19:07:55  [AT] "AT+CIPSEND=37" (13)
19:07:55  [AT] " S,81,0110000010,0000000000,108,P1,03" (37)
19:07:55  [AT] "SEND OK" (7)
19:07:56  [TX] S,82,0110000010,0000000000,109,P1,01
19:07:56  [SLOT] n=91 tx=36 ack=0 due=0 r=1
19:07:56  [AT] "AT+CIPSEND=37" (13)
19:07:56  [AT] " S,82,0110000010,0000000000,109,P1,01" (37)
19:07:56  [AT] "SEND OK" (7)
19:07:57  [TX] S,83,0110000010,0000000000,110,P1,08
19:07:57  [SLOT] n=92 tx=36 ack=0 due=0 r=1
19:07:57  [AT] "AT+CIPSEND=37" (13)
19:07:57  [AT] " S,83,0110000010,0000000000,110,P1,08" (37)
19:07:57  [AT] "SEND OK" (7)
19:07:59  [TX] S,84,0110000010,0000000000,111,P1,0E
19:07:59  [SLOT] n=93 tx=36 ack=0 due=0 r=1
19:07:59  [AT] "AT+CIPSEND=37" (13)
19:07:59  [AT] " S,84,0110000010,0000000000,111,P1,0E" (37)
19:07:59  [AT] "SEND OK" (7)
19:08:00  [TX] S,85,0110000010,0000000000,112,P1,0C
19:08:00  [SLOT] n=94 tx=36 ack=0 due=0 r=1
19:08:00  [AT] "AT+CIPSEND=37" (13)
19:08:00  [AT] " S,85,0110000010,0000000000,112,P1,0C" (37)
19:08:00  [AT] "SEND OK" (7)
19:08:01  [TX] S,86,0110000010,0000000000,114,P1,09
19:08:01  [SLOT] n=95 tx=36 ack=0 due=0 r=1
19:08:01  [AT] "AT+CIPSEND=37" (13)
19:08:01  [AT] " S,86,0110000010,0000000000,114,P1,09" (37)
19:08:01  [AT] "SEND OK" (7)
19:08:02  [TX] S,87,0110000010,0000000000,115,P1,09
19:08:02  [SLOT] n=96 tx=36 ack=0 due=0 r=1
19:08:02  [AT] "AT+CIPSEND=37" (13)
19:08:02  [AT] " S,87,0110000010,0000000000,115,P1,09" (37)
19:08:02  [AT] "SEND OK" (7)
19:08:03  [TX] S,88,0110000010,0000000000,116,P1,05
19:08:03  [SLOT] n=97 tx=36 ack=0 due=0 r=1
19:08:03  [AT] "AT+CIPSEND=37" (13)
19:08:03  [AT] " S,88,0110000010,0000000000,116,P1,05" (37)
19:08:03  [AT] "SEND OK" (7)
19:08:05  [TX] S,89,0110000010,0000000000,117,P1,05
19:08:05  [SLOT] n=98 tx=36 ack=0 due=0 r=1
19:08:05  [AT] "AT+CIPSEND=37" (13)
19:08:05  [AT] " S,89,0110000010,0000000000,117,P1,05" (37)
19:08:05  [AT] "SEND OK" (7)
19:08:06  [TX] S,90,0110000010,0000000000,118,P1,02
19:08:06  [SLOT] n=99 tx=36 ack=0 due=0 r=1
19:08:06  [AT] "AT+CIPSEND=37" (13)
19:08:06  [AT] " S,90,0110000010,0000000000,118,P1,02" (37)
19:08:06  [AT] "SEND OK" (7)
19:08:07  [TX] S,91,0110000010,0000000000,120,P1,08
19:08:07  [SLOT] n=100 tx=36 ack=0 due=0 r=1
19:08:07  [CNT] up=120 drop=0 esprst=0 resync=0 sendfail=0 okto=0 stuck=0 ackq=0 ackdrop=0 ackstale=0 slot=100 oow=0 smiss=0 ssovf=0 cksumng=0 okstream=91 penddrop=0 skip=1 online=1
19:08:07  [RAM] 최저 여유 806 B · 프롬프트 재동기 0회 (서버의 '버린줄' 과 맞아야 한다)
19:08:07  [AT] " S,91,0110000010,0000000000,120,P1,08" (37)
19:08:07  [AT] "SEND OK" (7)
19:08:07  [AT] "AT+CIPSEND=37" (13)
19:08:08  [TX] S,92,0110000010,0000000000,121,P1,0A
19:08:08  [SLOT] n=101 tx=36 ack=0 due=0 r=1
19:08:08  [AT] "AT+CIPSEND=37" (13)
19:08:08  [AT] " S,92,0110000010,0000000000,121,P1,0A" (37)
19:08:08  [AT] "SEND OK" (7)
19:08:09  [TX] S,93,0110000010,0000000000,122,P1,08
19:08:09  [SLOT] n=102 tx=36 ack=0 due=0 r=1
19:08:09  [AT] "AT+CIPSEND=37" (13)
19:08:09  [AT] " S,93,0110000010,0000000000,122,P1,08" (37)
19:08:09  [AT] "SEND OK" (7)
19:08:11  [TX] S,94,0110000010,0000000000,123,P1,0E
19:08:11  [SLOT] n=103 tx=36 ack=0 due=0 r=1
19:08:11  [AT] "AT+CIPSEND=37" (13)
19:08:11  [AT] " S,94,0110000010,0000000000,123,P1,0E" (37)
19:08:11  [AT] "SEND OK" (7)
19:08:12  [TX] S,95,0110000010,0000000000,124,P1,08
19:08:12  [SLOT] n=104 tx=36 ack=0 due=0 r=1
19:08:12  [AT] "AT+CIPSEND=37" (13)
19:08:12  [AT] " S,95,0110000010,0000000000,124,P1,08" (37)
19:08:12  [AT] "SEND OK" (7)
19:08:13  [TX] S,96,0110000010,0000000000,126,P1,09
19:08:13  [SLOT] n=105 tx=36 ack=0 due=0 r=1
19:08:13  [AT] "AT+CIPSEND=37" (13)
19:08:13  [AT] " S,96,0110000010,0000000000,126,P1,09" (37)
19:08:13  [AT] "SEND OK" (7)
19:08:14  [TX] S,97,0110000010,0000000000,127,P1,09
19:08:14  [SLOT] n=106 tx=36 ack=0 due=0 r=1
19:08:14  [AT] "AT+CIPSEND=37" (13)
19:08:14  [AT] " S,97,0110000010,0000000000,127,P1,09" (37)
19:08:14  [AT] "SEND OK" (7)
19:08:15  [TX] S,98,0110000010,0000000000,128,P1,09
19:08:15  [SLOT] n=107 tx=36 ack=0 due=0 r=1
19:08:15  [AT] "AT+CIPSEND=37" (13)
19:08:15  [AT] " S,98,0110000010,0000000000,128,P1,09" (37)
19:08:15  [AT] "SEND OK" (7)
19:08:17  [TX] S,99,0110000010,0000000000,129,P1,09
19:08:17  [SLOT] n=108 tx=36 ack=0 due=0 r=1
19:08:17  [AT] "AT+CIPSEND=37" (13)
19:08:17  [AT] " S,99,0110000010,0000000000,129,P1,09" (37)
19:08:17  [AT] "SEND OK" (7)
19:08:18  [TX] S,100,0110000010,0000000000,130,P1,30
19:08:18  [SLOT] n=109 tx=37 ack=0 due=0 r=1
19:08:18  [AT] "AT+CIPSEND=38" (13)
19:08:18  [AT] " S,100,0110000010,0000000000,130,P1,30" (38)
19:08:18  [AT] "SEND OK" (7)
19:08:19  [TX] S,101,0110000010,0000000000,132,P1,33
19:08:19  [SLOT] n=110 tx=37 ack=0 due=0 r=1
19:08:19  [AT] "AT+CIPSEND=38" (13)
19:08:19  [AT] " S,101,0110000010,0000000000,132,P1,33" (38)
19:08:19  [AT] "SEND OK" (7)
19:08:20  [TX] S,102,0110000010,0000000000,133,P1,31
19:08:20  [SLOT] n=111 tx=37 ack=0 due=0 r=1
19:08:20  [AT] "AT+CIPSEND=38" (13)
19:08:20  [AT] " S,102,0110000010,0000000000,133,P1,31" (38)
19:08:20  [AT] "SEND OK" (7)
19:08:21  [TX] S,103,0110000010,0000000000,134,P1,37
19:08:21  [SLOT] n=112 tx=37 ack=0 due=0 r=1
19:08:21  [AT] "AT+CIPSEND=38" (13)
19:08:21  [AT] " S,103,0110000010,0000000000,134,P1,37" (38)
19:08:21  [AT] "SEND OK" (7)
19:08:23  [TX] S,104,0110000010,0000000000,135,P1,31
19:08:23  [SLOT] n=113 tx=37 ack=0 due=0 r=1
19:08:23  [AT] "AT+CIPSEND=38" (13)
19:08:23  [AT] " S,104,0110000010,0000000000,135,P1,31" (38)
19:08:23  [AT] "SEND OK" (7)
19:08:24  [TX] S,105,0110000010,0000000000,136,P1,33
19:08:24  [SLOT] n=114 tx=37 ack=0 due=0 r=1
19:08:24  [AT] "AT+CIPSEND=38" (13)
19:08:24  [AT] " S,105,0110000010,0000000000,136,P1,33" (38)
19:08:24  [AT] "SEND OK" (7)
19:08:25  [TX] S,106,0110000010,0000000000,138,P1,3E
19:08:25  [SLOT] n=115 tx=37 ack=0 due=0 r=1
19:08:25  [AT] "AT+CIPSEND=38" (13)
19:08:25  [AT] " S,106,0110000010,0000000000,138,P1,3E" (38)
19:08:25  [AT] "SEND OK" (7)
19:08:26  [TX] S,107,0110000010,0000000000,139,P1,3E
19:08:26  [SLOT] n=116 tx=37 ack=0 due=0 r=1
19:08:26  [AT] "AT+CIPSEND=38" (13)
19:08:26  [AT] " S,107,0110000010,0000000000,139,P1,3E" (38)
19:08:26  [AT] "SEND OK" (7)
19:08:27  [TX] S,108,0110000010,0000000000,140,P1,3F
19:08:27  [SLOT] n=117 tx=37 ack=0 due=0 r=1
19:08:27  [AT] "AT+CIPSEND=38" (13)
19:08:27  [AT] " S,108,0110000010,0000000000,140,P1,3F" (38)
19:08:27  [AT] "SEND OK" (7)
19:08:29  [TX] S,109,0110000010,0000000000,141,P1,3F
19:08:29  [SLOT] n=118 tx=37 ack=0 due=0 r=1
19:08:29  [AT] "AT+CIPSEND=38" (13)
19:08:29  [AT] " S,109,0110000010,0000000000,141,P1,3F" (38)
19:08:29  [AT] "SEND OK" (7)
19:08:30  [TX] S,110,0110000010,0000000000,142,P1,34
19:08:30  [SLOT] n=119 tx=37 ack=0 due=0 r=1
19:08:30  [AT] "AT+CIPSEND=38" (13)
19:08:30  [AT] " S,110,0110000010,0000000000,142,P1,34" (38)
19:08:30  [AT] "SEND OK" (7)
19:08:31  [TX] S,111,0110000010,0000000000,144,P1,33
19:08:31  [SLOT] n=120 tx=37 ack=0 due=0 r=1
19:08:31  [AT] "AT+CIPSEND=38" (13)
19:08:31  [AT] " S,111,0110000010,0000000000,144,P1,33" (38)
19:08:31  [AT] "SEND OK" (7)
19:08:32  [TX] S,112,0110000010,0000000000,145,P1,31
19:08:32  [SLOT] n=121 tx=37 ack=0 due=0 r=1
19:08:32  [AT] "AT+CIPSEND=38" (13)
19:08:32  [AT] " S,112,0110000010,0000000000,145,P1,31" (38)
19:08:32  [AT] "SEND OK" (7)
19:08:33  [TX] S,113,0110000010,0000000000,146,P1,33
19:08:33  [SLOT] n=122 tx=37 ack=0 due=0 r=1
19:08:33  [AT] "AT+CIPSEND=38" (13)
19:08:33  [AT] " S,113,0110000010,0000000000,146,P1,33" (38)
19:08:33  [AT] "SEND OK" (7)
19:08:35  [TX] S,114,0110000010,0000000000,147,P1,35
19:08:35  [SLOT] n=123 tx=37 ack=0 due=0 r=1
19:08:35  [AT] "AT+CIPSEND=38" (13)
19:08:35  [AT] " S,114,0110000010,0000000000,147,P1,35" (38)
19:08:35  [AT] "SEND OK" (7)
19:08:36  [TX] S,115,0110000010,0000000000,148,P1,3B
19:08:36  [SLOT] n=124 tx=37 ack=0 due=0 r=1
19:08:36  [AT] "AT+CIPSEND=38" (13)
19:08:36  [AT] " S,115,0110000010,0000000000,148,P1,3B" (38)
19:08:36  [AT] "SEND OK" (7)
19:08:37  [TX] S,116,0110000010,0000000000,150,P1,31
19:08:37  [SLOT] n=125 tx=37 ack=0 due=0 r=1
19:08:37  [AT] "AT+CIPSEND=38" (13)
19:08:37  [AT] " S,116,0110000010,0000000000,150,P1,31" (38)
19:08:37  [AT] "SEND OK" (7)
19:08:38  [TX] S,117,0110000010,0000000000,151,P1,31
19:08:38  [SLOT] n=126 tx=37 ack=0 due=0 r=1
19:08:38  [AT] "AT+CIPSEND=38" (13)
19:08:38  [AT] " S,117,0110000010,0000000000,151,P1,31" (38)
19:08:38  [AT] "SEND OK" (7)
19:08:39  [TX] S,118,0110000010,0000000000,152,P1,3D
19:08:39  [SLOT] n=127 tx=37 ack=0 due=0 r=1
19:08:39  [AT] "AT+CIPSEND=38" (13)
19:08:39  [AT] " S,118,0110000010,0000000000,152,P1,3D" (38)
19:08:39  [AT] "SEND OK" (7)
19:08:41  [TX] S,119,0110000010,0000000000,153,P1,3D
19:08:41  [SLOT] n=128 tx=37 ack=0 due=0 r=1
19:08:41  [AT] "AT+CIPSEND=38" (13)
19:08:41  [AT] " S,119,0110000010,0000000000,153,P1,3D" (38)
19:08:41  [AT] "SEND OK" (7)
19:08:42  [TX] S,120,0110000010,0000000000,154,P1,30
19:08:42  [SLOT] n=129 tx=37 ack=0 due=0 r=1
19:08:42  [AT] "AT+CIPSEND=38" (13)
19:08:42  [AT] " S,120,0110000010,0000000000,154,P1,30" (38)
19:08:42  [AT] "SEND OK" (7)
19:08:43  [TX] S,121,0110000010,0000000000,156,P1,33
19:08:43  [SLOT] n=130 tx=37 ack=0 due=0 r=1
19:08:43  [AT] "AT+CIPSEND=38" (13)
19:08:43  [AT] " S,121,0110000010,0000000000,156,P1,33" (38)
19:08:43  [AT] "SEND OK" (7)
19:08:44  [TX] S,122,0110000010,0000000000,157,P1,31
19:08:44  [SLOT] n=131 tx=37 ack=0 due=0 r=1
19:08:44  [AT] "AT+CIPSEND=38" (13)
19:08:44  [AT] " S,122,0110000010,0000000000,157,P1,31" (38)
19:08:44  [AT] "SEND OK" (7)
