# ⚠⚠ 합성 픽스처 — 실물 관측이 아니다. 상수 근거로 쓰지 마라.
=== INSTANCE logfmt=3 pid=1 start=2026-08-17T01:00:00+0900 bin=x build=fixture ports=9991 offset=0 ===
2026-08-17 01:00:00  +? 연결 수락
2026-08-17 01:00:00  +ARD 세션#1 시작
2026-08-17 01:00:00  ←ARD S,1,0110000010,0000000000,1000,P1,3A
2026-08-17 01:00:01  ←ARD S,2,0110000010,0000000000,1001,P1,3A
2026-08-17 01:00:02  ←ARD S,3,0110000010,0000000000,1002,P1,3A
2026-08-17 01:00:03  ←ARD S,4,0110000010,0000000000,1003,P1,3A
2026-08-17 01:00:04  ←ARD S,5,0110000010,0000000000,1004,P1,3A
2026-08-17 01:00:05  ←ARD S,6,0110000010,0000000000,1005,P1,3A
2026-08-17 01:00:06  ←ARD S,7,0110000010,0000000000,1006,P1,3A
2026-08-17 01:00:07  ←ARD S,8,0110000010,0000000000,1007,P1,3A
2026-08-17 01:00:08  ←ARD S,9,0110000010,0000000000,1008,P1,3A
2026-08-17 01:00:09  ←ARD S,10,0110000010,0000000000,1009,P1,3A
2026-08-17 01:00:10  ←ARD S,11,0110000010,0000000000,1010,P1,3A
2026-08-17 01:00:11  ←ARD S,12,0110000010,0000000000,1011,P1,3A
2026-08-17 01:00:12  ←ARD S,13,0110000010,0000000000,1012,P1,3A
2026-08-17 01:00:13  ←ARD S,14,0110000010,0000000000,1013,P1,3A
2026-08-17 01:00:14  ←ARD S,15,0110000010,0000000000,1014,P1,3A
2026-08-17 01:00:15  ←ARD S,16,0110000010,0000000000,1015,P1,3A
2026-08-17 01:00:16  ←ARD S,17,0110000010,0000000000,1016,P1,3A
2026-08-17 01:00:17  ←ARD S,18,0110000010,0000000000,1017,P1,3A
2026-08-17 01:00:18  ←ARD S,19,0110000010,0000000000,1018,P1,3A
2026-08-17 01:00:19  ←ARD S,20,0110000010,0000000000,1019,P1,3A
2026-08-17 01:00:20  ←ARD S,21,0110000010,0000000000,1020,P1,3A
2026-08-17 01:00:21  ←ARD S,22,0110000010,0000000000,1021,P1,3A
2026-08-17 01:00:22  ←ARD S,23,0110000010,0000000000,1022,P1,3A
2026-08-17 01:00:23  ←ARD S,24,0110000010,0000000000,1023,P1,3A
2026-08-17 01:00:24  ←ARD S,25,0110000010,0000000000,1024,P1,3A
2026-08-17 01:00:25  ←ARD S,26,0110000010,0000000000,1025,P1,3A
2026-08-17 01:00:26  ←ARD S,27,0110000010,0000000000,1026,P1,3A
2026-08-17 01:00:27  ←ARD S,28,0110000010,0000000000,1027,P1,3A
2026-08-17 01:00:28  ←ARD S,29,0110000010,0000000000,1028,P1,3A
2026-08-17 01:00:29  ←ARD S,30,0110000010,0000000000,1029,P1,3A
2026-08-17 01:00:30  ←ARD S,31,0110000010,0000000000,1030,P1,3A
2026-08-17 01:00:31  ←ARD S,32,0110000010,0000000000,1031,P1,3A
2026-08-17 01:00:32  ←ARD S,33,0110000010,0000000000,1032,P1,3A
2026-08-17 01:00:33  ←ARD S,34,0110000010,0000000000,1033,P1,3A
2026-08-17 01:00:34  ←ARD S,35,0110000010,0000000000,1034,P1,3A
2026-08-17 01:00:35  ←ARD S,36,0110000010,0000000000,1035,P1,3A
2026-08-17 01:00:36  ←ARD S,37,0110000010,0000000000,1036,P1,3A
2026-08-17 01:00:37  ←ARD S,38,0110000010,0000000000,1037,P1,3A
2026-08-17 01:00:38  ←ARD S,39,0110000010,0000000000,1038,P1,3A
2026-08-17 01:00:39  ←ARD S,40,0110000010,0000000000,1039,P1,3A
2026-08-17 01:00:40  ←ARD S,41,0110000010,0000000000,1040,P1,3A
2026-08-17 01:00:41  ←ARD S,42,0110000010,0000000000,1041,P1,3A
2026-08-17 01:00:42  ←ARD S,43,0110000010,0000000000,1042,P1,3A
2026-08-17 01:00:43  ←ARD S,44,0110000010,0000000000,1043,P1,3A
2026-08-17 01:00:44  ←ARD S,45,0110000010,0000000000,1044,P1,3A
2026-08-17 01:00:45  ←ARD S,46,0110000010,0000000000,1045,P1,3A
2026-08-17 01:00:46  ←ARD S,47,0110000010,0000000000,1046,P1,3A
2026-08-17 01:00:47  ←ARD S,48,0110000010,0000000000,1047,P1,3A
2026-08-17 01:00:48  ←ARD S,49,0110000010,0000000000,1048,P1,3A
2026-08-17 01:00:49  ←ARD S,50,0110000010,0000000000,1049,P1,3A
2026-08-17 01:00:50  ←ARD S,51,0110000010,0000000000,1050,P1,3A
2026-08-17 01:00:51  ←ARD S,52,0110000010,0000000000,1051,P1,3A
2026-08-17 01:00:52  ←ARD S,53,0110000010,0000000000,1052,P1,3A
2026-08-17 01:00:53  ←ARD S,54,0110000010,0000000000,1053,P1,3A
2026-08-17 01:00:54  ←ARD S,55,0110000010,0000000000,1054,P1,3A
2026-08-17 01:00:55  ←ARD S,56,0110000010,0000000000,1055,P1,3A
2026-08-17 01:00:56  ←ARD S,57,0110000010,0000000000,1056,P1,3A
2026-08-17 01:00:57  ←ARD S,58,0110000010,0000000000,1057,P1,3A
2026-08-17 01:00:58  ←ARD S,59,0110000010,0000000000,1058,P1,3A
2026-08-17 01:00:59  ←ARD S,60,0110000010,0000000000,1059,P1,3A
2026-08-17 01:01:00  ←ARD S,61,0110000010,0000000000,1060,P1,3A
2026-08-17 01:01:01  ←ARD S,62,0110000010,0000000000,1061,P1,3A
2026-08-17 01:01:02  ←ARD S,63,0110000010,0000000000,1062,P1,3A
2026-08-17 01:01:03  ←ARD S,64,0110000010,0000000000,1063,P1,3A
2026-08-17 01:01:04  ←ARD S,65,0110000010,0000000000,1064,P1,3A
2026-08-17 01:01:05  ←ARD S,66,0110000010,0000000000,1065,P1,3A
2026-08-17 01:01:06  ←ARD S,67,0110000010,0000000000,1066,P1,3A
2026-08-17 01:01:07  ←ARD S,68,0110000010,0000000000,1067,P1,3A
2026-08-17 01:01:08  ←ARD S,69,0110000010,0000000000,1068,P1,3A
2026-08-17 01:01:09  ←ARD S,70,0110000010,0000000000,1069,P1,3A
2026-08-17 01:01:10  ←ARD S,71,0110000010,0000000000,1070,P1,3A
2026-08-17 01:01:11  ←ARD S,72,0110000010,0000000000,1071,P1,3A
2026-08-17 01:01:12  ←ARD S,73,0110000010,0000000000,1072,P1,3A
2026-08-17 01:01:13  ←ARD S,74,0110000010,0000000000,1073,P1,3A
2026-08-17 01:01:14  ←ARD S,75,0110000010,0000000000,1074,P1,3A
2026-08-17 01:01:15  ←ARD S,76,0110000010,0000000000,1075,P1,3A
2026-08-17 01:01:16  ←ARD S,77,0110000010,0000000000,1076,P1,3A
2026-08-17 01:01:17  ←ARD S,78,0110000010,0000000000,1077,P1,3A
2026-08-17 01:01:18  ←ARD S,79,0110000010,0000000000,1078,P1,3A
2026-08-17 01:01:19  ←ARD S,80,0110000010,0000000000,1079,P1,3A
2026-08-17 01:01:20  ←ARD S,81,0110000010,0000000000,1080,P1,3A
2026-08-17 01:01:21  ←ARD S,82,0110000010,0000000000,1081,P1,3A
2026-08-17 01:01:22  ←ARD S,83,0110000010,0000000000,1082,P1,3A
2026-08-17 01:01:23  ←ARD S,84,0110000010,0000000000,1083,P1,3A
2026-08-17 01:01:24  ←ARD S,85,0110000010,0000000000,1084,P1,3A
2026-08-17 01:01:25  ←ARD S,86,0110000010,0000000000,1085,P1,3A
2026-08-17 01:01:26  ←ARD S,87,0110000010,0000000000,1086,P1,3A
2026-08-17 01:01:27  ←ARD S,88,0110000010,0000000000,1087,P1,3A
2026-08-17 01:01:28  ←ARD S,89,0110000010,0000000000,1088,P1,3A
2026-08-17 01:01:29  ←ARD S,90,0110000010,0000000000,1089,P1,3A
2026-08-17 01:01:30  ←ARD S,91,0110000010,0000000000,1090,P1,3A
2026-08-17 01:01:31  ←ARD S,92,0110000010,0000000000,1091,P1,3A
2026-08-17 01:01:32  ←ARD S,93,0110000010,0000000000,1092,P1,3A
2026-08-17 01:01:33  ←ARD S,94,0110000010,0000000000,1093,P1,3A
2026-08-17 01:01:34  ←ARD S,95,0110000010,0000000000,1094,P1,3A
2026-08-17 01:01:35  ←ARD S,96,0110000010,0000000000,1095,P1,3A
2026-08-17 01:01:36  ←ARD S,97,0110000010,0000000000,1096,P1,3A
2026-08-17 01:01:37  ←ARD S,98,0110000010,0000000000,1097,P1,3A
2026-08-17 01:01:38  ←ARD S,99,0110000010,0000000000,1098,P1,3A
2026-08-17 01:01:39  ←ARD S,100,0110000010,0000000000,1099,P1,3A
2026-08-17 01:01:40  ←ARD S,101,0110000010,0000000000,1100,P1,3A
2026-08-17 01:01:41  ←ARD S,102,0110000010,0000000000,1101,P1,3A
2026-08-17 01:01:42  ←ARD S,103,0110000010,0000000000,1102,P1,3A
2026-08-17 01:01:43  ←ARD S,104,0110000010,0000000000,1103,P1,3A
2026-08-17 01:01:44  ←ARD S,105,0110000010,0000000000,1104,P1,3A
2026-08-17 01:01:45  ←ARD S,106,0110000010,0000000000,1105,P1,3A
2026-08-17 01:01:46  ←ARD S,107,0110000010,0000000000,1106,P1,3A
2026-08-17 01:01:47  ←ARD S,108,0110000010,0000000000,1107,P1,3A
2026-08-17 01:01:48  ←ARD S,109,0110000010,0000000000,1108,P1,3A
2026-08-17 01:01:49  ←ARD S,110,0110000010,0000000000,1109,P1,3A
2026-08-17 01:01:50  ←ARD S,111,0110000010,0000000000,1110,P1,3A
2026-08-17 01:01:51  ←ARD S,112,0110000010,0000000000,1111,P1,3A
2026-08-17 01:01:52  ←ARD S,113,0110000010,0000000000,1112,P1,3A
2026-08-17 01:01:53  ←ARD S,114,0110000010,0000000000,1113,P1,3A
2026-08-17 01:01:54  ←ARD S,115,0110000010,0000000000,1114,P1,3A
2026-08-17 01:01:55  ←ARD S,116,0110000010,0000000000,1115,P1,3A
2026-08-17 01:01:56  ←ARD S,117,0110000010,0000000000,1116,P1,3A
2026-08-17 01:01:57  ←ARD S,118,0110000010,0000000000,1117,P1,3A
2026-08-17 01:01:58  ←ARD S,119,0110000010,0000000000,1118,P1,3A
2026-08-17 01:01:59  ←ARD S,120,0110000010,0000000000,1119,P1,3A
=== INSTANCE-END logfmt=3 pid=1 stop=2026-08-17T01:02:10+0900 reason=normal frames=120 sessions=1 ===
2026-08-17 01:02:40  +? 연결 수락
2026-08-17 01:02:40  +ARD 세션#2 시작
2026-08-17 01:02:40  ←ARD S,200,0110000010,0000000000,1200,P1,3A
2026-08-17 01:02:41  ←ARD S,201,0110000010,0000000000,1201,P1,3A
2026-08-17 01:02:42  ←ARD S,202,0110000010,0000000000,1202,P1,3A
2026-08-17 01:02:43  ←ARD S,203,0110000010,0000000000,1203,P1,3A
2026-08-17 01:02:44  ←ARD S,204,0110000010,0000000000,1204,P1,3A
2026-08-17 01:02:45  ←ARD S,205,0110000010,0000000000,1205,P1,3A
2026-08-17 01:02:46  ←ARD S,206,0110000010,0000000000,1206,P1,3A
2026-08-17 01:02:47  ←ARD S,207,0110000010,0000000000,1207,P1,3A
2026-08-17 01:02:48  ←ARD S,208,0110000010,0000000000,1208,P1,3A
2026-08-17 01:02:49  ←ARD S,209,0110000010,0000000000,1209,P1,3A
2026-08-17 01:02:50  ←ARD S,210,0110000010,0000000000,1210,P1,3A
2026-08-17 01:02:51  ←ARD S,211,0110000010,0000000000,1211,P1,3A
2026-08-17 01:02:52  ←ARD S,212,0110000010,0000000000,1212,P1,3A
2026-08-17 01:02:53  ←ARD S,213,0110000010,0000000000,1213,P1,3A
2026-08-17 01:02:54  ←ARD S,214,0110000010,0000000000,1214,P1,3A
2026-08-17 01:02:55  ←ARD S,215,0110000010,0000000000,1215,P1,3A
2026-08-17 01:02:56  ←ARD S,216,0110000010,0000000000,1216,P1,3A
2026-08-17 01:02:57  ←ARD S,217,0110000010,0000000000,1217,P1,3A
2026-08-17 01:02:58  ←ARD S,218,0110000010,0000000000,1218,P1,3A
2026-08-17 01:02:59  ←ARD S,219,0110000010,0000000000,1219,P1,3A
2026-08-17 01:03:00  ←ARD S,220,0110000010,0000000000,1220,P1,3A
2026-08-17 01:03:01  ←ARD S,221,0110000010,0000000000,1221,P1,3A
2026-08-17 01:03:02  ←ARD S,222,0110000010,0000000000,1222,P1,3A
2026-08-17 01:03:03  ←ARD S,223,0110000010,0000000000,1223,P1,3A
2026-08-17 01:03:04  ←ARD S,224,0110000010,0000000000,1224,P1,3A
2026-08-17 01:03:05  ←ARD S,225,0110000010,0000000000,1225,P1,3A
2026-08-17 01:03:06  ←ARD S,226,0110000010,0000000000,1226,P1,3A
2026-08-17 01:03:07  ←ARD S,227,0110000010,0000000000,1227,P1,3A
2026-08-17 01:03:08  ←ARD S,228,0110000010,0000000000,1228,P1,3A
2026-08-17 01:03:09  ←ARD S,229,0110000010,0000000000,1229,P1,3A
2026-08-17 01:03:10  ←ARD S,230,0110000010,0000000000,1230,P1,3A
2026-08-17 01:03:11  ←ARD S,231,0110000010,0000000000,1231,P1,3A
2026-08-17 01:03:12  ←ARD S,232,0110000010,0000000000,1232,P1,3A
2026-08-17 01:03:13  ←ARD S,233,0110000010,0000000000,1233,P1,3A
2026-08-17 01:03:14  ←ARD S,234,0110000010,0000000000,1234,P1,3A
2026-08-17 01:03:15  ←ARD S,235,0110000010,0000000000,1235,P1,3A
2026-08-17 01:03:16  ←ARD S,236,0110000010,0000000000,1236,P1,3A
2026-08-17 01:03:17  ←ARD S,237,0110000010,0000000000,1237,P1,3A
2026-08-17 01:03:18  ←ARD S,238,0110000010,0000000000,1238,P1,3A
2026-08-17 01:03:19  ←ARD S,239,0110000010,0000000000,1239,P1,3A
2026-08-17 01:03:20  ←ARD S,240,0110000010,0000000000,1240,P1,3A
2026-08-17 01:03:21  ←ARD S,241,0110000010,0000000000,1241,P1,3A
2026-08-17 01:03:22  ←ARD S,242,0110000010,0000000000,1242,P1,3A
2026-08-17 01:03:23  ←ARD S,243,0110000010,0000000000,1243,P1,3A
2026-08-17 01:03:24  ←ARD S,244,0110000010,0000000000,1244,P1,3A
2026-08-17 01:03:25  ←ARD S,245,0110000010,0000000000,1245,P1,3A
2026-08-17 01:03:26  ←ARD S,246,0110000010,0000000000,1246,P1,3A
2026-08-17 01:03:27  ←ARD S,247,0110000010,0000000000,1247,P1,3A
2026-08-17 01:03:28  ←ARD S,248,0110000010,0000000000,1248,P1,3A
2026-08-17 01:03:29  ←ARD S,249,0110000010,0000000000,1249,P1,3A
2026-08-17 01:03:30  ←ARD S,250,0110000010,0000000000,1250,P1,3A
2026-08-17 01:03:31  ←ARD S,251,0110000010,0000000000,1251,P1,3A
2026-08-17 01:03:32  ←ARD S,252,0110000010,0000000000,1252,P1,3A
2026-08-17 01:03:33  ←ARD S,253,0110000010,0000000000,1253,P1,3A
2026-08-17 01:03:34  ←ARD S,254,0110000010,0000000000,1254,P1,3A
2026-08-17 01:03:35  ←ARD S,255,0110000010,0000000000,1255,P1,3A
2026-08-17 01:03:36  ←ARD S,256,0110000010,0000000000,1256,P1,3A
2026-08-17 01:03:37  ←ARD S,257,0110000010,0000000000,1257,P1,3A
2026-08-17 01:03:38  ←ARD S,258,0110000010,0000000000,1258,P1,3A
2026-08-17 01:03:39  ←ARD S,259,0110000010,0000000000,1259,P1,3A
2026-08-17 01:03:40  ←ARD S,260,0110000010,0000000000,1260,P1,3A
2026-08-17 01:03:41  ←ARD S,261,0110000010,0000000000,1261,P1,3A
2026-08-17 01:03:42  ←ARD S,262,0110000010,0000000000,1262,P1,3A
2026-08-17 01:03:43  ←ARD S,263,0110000010,0000000000,1263,P1,3A
2026-08-17 01:03:44  ←ARD S,264,0110000010,0000000000,1264,P1,3A
2026-08-17 01:03:45  ←ARD S,265,0110000010,0000000000,1265,P1,3A
2026-08-17 01:03:46  ←ARD S,266,0110000010,0000000000,1266,P1,3A
2026-08-17 01:03:47  ←ARD S,267,0110000010,0000000000,1267,P1,3A
2026-08-17 01:03:48  ←ARD S,268,0110000010,0000000000,1268,P1,3A
2026-08-17 01:03:49  ←ARD S,269,0110000010,0000000000,1269,P1,3A
2026-08-17 01:03:50  ←ARD S,270,0110000010,0000000000,1270,P1,3A
2026-08-17 01:03:51  ←ARD S,271,0110000010,0000000000,1271,P1,3A
2026-08-17 01:03:52  ←ARD S,272,0110000010,0000000000,1272,P1,3A
2026-08-17 01:03:53  ←ARD S,273,0110000010,0000000000,1273,P1,3A
2026-08-17 01:03:54  ←ARD S,274,0110000010,0000000000,1274,P1,3A
2026-08-17 01:03:55  ←ARD S,275,0110000010,0000000000,1275,P1,3A
2026-08-17 01:03:56  ←ARD S,276,0110000010,0000000000,1276,P1,3A
2026-08-17 01:03:57  ←ARD S,277,0110000010,0000000000,1277,P1,3A
2026-08-17 01:03:58  ←ARD S,278,0110000010,0000000000,1278,P1,3A
2026-08-17 01:03:59  ←ARD S,279,0110000010,0000000000,1279,P1,3A
2026-08-17 01:04:00  ←ARD S,280,0110000010,0000000000,1280,P1,3A
2026-08-17 01:04:01  ←ARD S,281,0110000010,0000000000,1281,P1,3A
2026-08-17 01:04:02  ←ARD S,282,0110000010,0000000000,1282,P1,3A
2026-08-17 01:04:03  ←ARD S,283,0110000010,0000000000,1283,P1,3A
2026-08-17 01:04:04  ←ARD S,284,0110000010,0000000000,1284,P1,3A
2026-08-17 01:04:05  ←ARD S,285,0110000010,0000000000,1285,P1,3A
2026-08-17 01:04:06  ←ARD S,286,0110000010,0000000000,1286,P1,3A
2026-08-17 01:04:07  ←ARD S,287,0110000010,0000000000,1287,P1,3A
2026-08-17 01:04:08  ←ARD S,288,0110000010,0000000000,1288,P1,3A
2026-08-17 01:04:09  ←ARD S,289,0110000010,0000000000,1289,P1,3A
2026-08-17 01:04:10  ←ARD S,290,0110000010,0000000000,1290,P1,3A
2026-08-17 01:04:11  ←ARD S,291,0110000010,0000000000,1291,P1,3A
2026-08-17 01:04:12  ←ARD S,292,0110000010,0000000000,1292,P1,3A
2026-08-17 01:04:13  ←ARD S,293,0110000010,0000000000,1293,P1,3A
2026-08-17 01:04:14  ←ARD S,294,0110000010,0000000000,1294,P1,3A
2026-08-17 01:04:15  ←ARD S,295,0110000010,0000000000,1295,P1,3A
2026-08-17 01:04:16  ←ARD S,296,0110000010,0000000000,1296,P1,3A
2026-08-17 01:04:17  ←ARD S,297,0110000010,0000000000,1297,P1,3A
2026-08-17 01:04:18  ←ARD S,298,0110000010,0000000000,1298,P1,3A
2026-08-17 01:04:19  ←ARD S,299,0110000010,0000000000,1299,P1,3A
2026-08-17 01:04:20  ←ARD S,300,0110000010,0000000000,1300,P1,3A
2026-08-17 01:04:21  ←ARD S,301,0110000010,0000000000,1301,P1,3A
2026-08-17 01:04:22  ←ARD S,302,0110000010,0000000000,1302,P1,3A
2026-08-17 01:04:23  ←ARD S,303,0110000010,0000000000,1303,P1,3A
2026-08-17 01:04:24  ←ARD S,304,0110000010,0000000000,1304,P1,3A
2026-08-17 01:04:25  ←ARD S,305,0110000010,0000000000,1305,P1,3A
2026-08-17 01:04:26  ←ARD S,306,0110000010,0000000000,1306,P1,3A
2026-08-17 01:04:27  ←ARD S,307,0110000010,0000000000,1307,P1,3A
2026-08-17 01:04:28  ←ARD S,308,0110000010,0000000000,1308,P1,3A
2026-08-17 01:04:29  ←ARD S,309,0110000010,0000000000,1309,P1,3A
2026-08-17 01:04:30  ←ARD S,310,0110000010,0000000000,1310,P1,3A
2026-08-17 01:04:31  ←ARD S,311,0110000010,0000000000,1311,P1,3A
2026-08-17 01:04:32  ←ARD S,312,0110000010,0000000000,1312,P1,3A
2026-08-17 01:04:33  ←ARD S,313,0110000010,0000000000,1313,P1,3A
2026-08-17 01:04:34  ←ARD S,314,0110000010,0000000000,1314,P1,3A
2026-08-17 01:04:35  ←ARD S,315,0110000010,0000000000,1315,P1,3A
2026-08-17 01:04:36  ←ARD S,316,0110000010,0000000000,1316,P1,3A
2026-08-17 01:04:37  ←ARD S,317,0110000010,0000000000,1317,P1,3A
2026-08-17 01:04:38  ←ARD S,318,0110000010,0000000000,1318,P1,3A
2026-08-17 01:04:39  ←ARD S,319,0110000010,0000000000,1319,P1,3A
