Traceback (most recent call last):
  File "/Users/idong-u/learn/monitor/win2_pulse.py", line 107, in <module>
    HUMAN_RE = re.compile(
        r"^(2026-\d\d-\d\d \d\d:\d\d:\d\d)\s+(?:\u2192ARD [RCT],|\u2190WS )".encode("utf-8"))
  File "/opt/homebrew/Cellar/python@3.14/3.14.5/Frameworks/Python.framework/Versions/3.14/lib/python3.14/re/__init__.py", line 289, in compile
    return _compile(pattern, flags)
  File "/opt/homebrew/Cellar/python@3.14/3.14.5/Frameworks/Python.framework/Versions/3.14/lib/python3.14/re/__init__.py", line 350, in _compile
    p = _compiler.compile(pattern, flags)
  File "/opt/homebrew/Cellar/python@3.14/3.14.5/Frameworks/Python.framework/Versions/3.14/lib/python3.14/re/_compiler.py", line 762, in compile
    p = _parser.parse(p, flags)
  File "/opt/homebrew/Cellar/python@3.14/3.14.5/Frameworks/Python.framework/Versions/3.14/lib/python3.14/re/_parser.py", line 973, in parse
    p = _parse_sub(source, state, flags & SRE_FLAG_VERBOSE, 0)
  File "/opt/homebrew/Cellar/python@3.14/3.14.5/Frameworks/Python.framework/Versions/3.14/lib/python3.14/re/_parser.py", line 460, in _parse_sub
    itemsappend(_parse(source, state, verbose, nested + 1,
                ~~~~~~^^^^^^^^^^^^^^^^^^^^^^^^^^^^^^^^^^^^
                       not nested and not items))
                       ^^^^^^^^^^^^^^^^^^^^^^^^^
  File "/opt/homebrew/Cellar/python@3.14/3.14.5/Frameworks/Python.framework/Versions/3.14/lib/python3.14/re/_parser.py", line 856, in _parse
    p = _parse_sub(source, state, sub_verbose, nested + 1)
  File "/opt/homebrew/Cellar/python@3.14/3.14.5/Frameworks/Python.framework/Versions/3.14/lib/python3.14/re/_parser.py", line 460, in _parse_sub
    itemsappend(_parse(source, state, verbose, nested + 1,
                ~~~~~~^^^^^^^^^^^^^^^^^^^^^^^^^^^^^^^^^^^^
                       not nested and not items))
                       ^^^^^^^^^^^^^^^^^^^^^^^^^
  File "/opt/homebrew/Cellar/python@3.14/3.14.5/Frameworks/Python.framework/Versions/3.14/lib/python3.14/re/_parser.py", line 544, in _parse
    code = _escape(source, this, state)
  File "/opt/homebrew/Cellar/python@3.14/3.14.5/Frameworks/Python.framework/Versions/3.14/lib/python3.14/re/_parser.py", line 443, in _escape
    raise source.error("bad escape %s" % escape, len(escape))
re.PatternError: bad escape \u at position 38
