06:39:57  «tap» 캡처 시작 — port=/dev/cu.usbmodem21201 baud=115200 pid=95268 date=2026-08-19 06:39:57
06:39:57  «tap» ⚠ 이 시각에 DTR 로 보드가 리셋된다 — 분석에서 '우리가 만든 리셋'으로 표시할 것
06:39:57  «tap» 포트 열림 (dsrdtr=False)
06:39:59  
06:39:59  [PARKING NODE] proto v1 / 10 slots / dev=P1
06:39:59  [BOOT] 리셋 원인: 불명 (부트로더가 MCUSR 을 지우고 넘어왔다)
06:39:59  [BOOT] 사다리 4단(ESP 하드리셋선) 미배선 — A2 를 ESP RST 에 물리고 ESP_RST_WIRED=1 · 6단(워치독) 끔
06:40:00  [NET] 0 RST
06:40:00  [AT] "AT+RST" (6)
06:40:00  [AT] "OK" (2)
06:40:01  [AT] "bB\xD6\x86@\xF9Rc\xE0\xFCP\x89:\x97)HB\xFF\xCA\xC9\xA5\x9D\x1C\xFF\xC2I\x8D" (27)
06:40:01  [AT] "[System Ready, Vendor:www.ai-thinker.com]" (41)
06:40:02  [NET] 1 CWMODE=1
06:40:02  [AT] "AT+CWMODE=1" (11)
06:40:02  [AT] "no change" (9)
06:40:02  [DIAG] offline step=2 사다리=0/0 rx=112 lines=6 up=3s
06:40:03  [NET] 2 CWJAP (응답까지 최대 30초 기다린다)
06:40:03  [AT] "AT+CWJAP="SK_WiFiGIGA50DC_2.4G","2011050796"" (44)
06:40:06  [DIAG] offline step=2 사다리=0/0 rx=159 lines=7 up=6s
06:40:09  [AT] "OK" (2)
06:40:09  [NET] CWJAP OK — 결합됐다. IP 를 실제로 받았는지 CIFSR 로 확인한다
06:40:09  [DIAG] offline step=3 사다리=0/0 rx=165 lines=8 up=9s
06:40:09  [NET] 3 CIFSR (IP 를 실제로 받았는가)
06:40:09  [AT] "AT+CIFSR" (8)
06:40:09  [AT] "192.168.35.79" (13)
06:40:09  [NET] ★ IP 확보: 192.168.35.79
06:40:09  [AT] "OK" (2)
06:40:09  [NET] 4 CIPMUX=0
06:40:09  [AT] "AT+CIPMUX=0" (11)
06:40:09  [AT] "OK" (2)
06:40:09  [NET] CIPMUX=0 적용됨 → CIPSTART
06:40:10  [NET] 5 CIPSTART
06:40:10  [AT] "AT+CIPSTART="TCP","192.168.35.21",9991" (38)
06:40:10  [AT] "OK" (2)
06:40:10  [AT] "Linked" (6)
06:40:10  [NET] online (CONNECT) + 캐시 비움
06:40:10  [TX] S,0,60A,000,9,P1,4C
06:40:10  [SLOT] n=8 tx=19 ack=0 due=234 r=1
06:40:10  [AT] "AT+CIPSEND=20" (13)
06:40:10  [AT] " S,0,60A,000,9,P1,4C" (20)
06:40:10  [AT] "SEND OK" (7)
06:40:11  [TX] D,*,7,12,5A
06:40:11  D,A1,IP,01
06:40:11  D,A2,IP,02
06:40:11  D,A3,IP,03
06:40:11  D,A4,IP,04
06:40:11  D,A5,IP,05
06:40:11  D,B1,IP,02
06:40:11  D,B2,IP,01
06:40:11  D,B3,IP,00
06:40:11  D,B4,IP,07
06:40:11  D,B5,IP,06
06:40:11  D,E1,OBV,47
06:40:11  D,X1,OBV,5A
06:40:11  [REG] 등록 전송 145B
06:40:11  [SLOT] n=9 tx=145 ack=0 due=0 r=1
06:40:11  [DROP-OVF] 줄이 96바이트를 넘어 버렸다
06:40:11  [AT] "SEND OK" (7)
06:40:11  [AT] "AT+CIPSEND=146" (14)
06:40:12  [TX] S,2,608,000,12,P1,0D
06:40:12  [SLOT] n=10 tx=20 ack=0 due=0 r=1
06:40:12  [AT] "AT+CIPSEND=21" (13)
06:40:12  [AT] " S,2,608,000,12,P1,0D" (21)
06:40:12  [AT] "SEND OK" (7)
06:40:13  [TX] S,3,608,000,13,P1,0D
06:40:13  [SLOT] n=11 tx=20 ack=0 due=0 r=1
06:40:13  [AT] "AT+CIPSEND=21" (13)
06:40:13  [AT] " S,3,608,000,13,P1,0D" (21)
06:40:13  [AT] "SEND OK" (7)
06:40:14  [TX] S,4,608,000,14,P1,0D
06:40:14  [SLOT] n=12 tx=20 ack=0 due=0 r=1
06:40:14  [AT] "AT+CIPSEND=21" (13)
06:40:15  [AT] " S,4,608,000,14,P1,0D" (21)
06:40:15  [AT] "SEND OK" (7)
06:40:16  [TX] S,5,608,000,15,P1,0D
06:40:16  [SLOT] n=13 tx=20 ack=0 due=0 r=1
06:40:16  [AT] "AT+CIPSEND=21" (13)
06:40:16  [AT] " S,5,608,000,15,P1,0D" (21)
06:40:16  [AT] "SEND OK" (7)
06:40:17  [TX] S,6,609,000,16,P1,0C
06:40:17  [SLOT] n=14 tx=20 ack=0 due=0 r=1
06:40:17  [AT] "AT+CIPSEND=21" (13)
06:40:17  [AT] " S,6,609,000,16,P1,0C" (21)
06:40:17  [AT] "SEND OK" (7)
06:40:18  [TX] S,7,609,000,18,P1,03
06:40:18  [SLOT] n=15 tx=20 ack=0 due=0 r=1
06:40:18  [AT] "AT+CIPSEND=21" (13)
06:40:18  [AT] " S,7,609,000,18,P1,03" (21)
06:40:18  [AT] "SEND OK" (7)
06:40:19  [TX] S,8,609,000,19,P1,0D
06:40:19  [SLOT] n=16 tx=20 ack=0 due=0 r=1
06:40:19  [AT] "AT+CIPSEND=21" (13)
06:40:19  [AT] " S,8,609,000,19,P1,0D" (21)
06:40:19  [AT] "SEND OK" (7)
06:40:20  [TX] S,9,609,000,20,P1,06
06:40:20  [SLOT] n=17 tx=20 ack=0 due=0 r=1
06:40:20  [AT] "AT+CIPSEND=21" (13)
06:40:20  [AT] " S,9,609,000,20,P1,06" (21)
06:40:20  [AT] "SEND OK" (7)
06:40:22  [TX] S,10,609,000,21,P1,3F
06:40:22  [SLOT] n=18 tx=21 ack=0 due=0 r=1
06:40:22  [AT] "AT+CIPSEND=22" (13)
06:40:22  [AT] " S,10,609,000,21,P1,3F" (22)
06:40:22  [AT] "SEND OK" (7)
06:40:23  [TX] S,11,609,000,22,P1,3D
06:40:23  [SLOT] n=19 tx=21 ack=0 due=0 r=1
06:40:23  [AT] "AT+CIPSEND=22" (13)
06:40:23  [AT] " S,11,609,000,22,P1,3D" (22)
06:40:23  [AT] "SEND OK" (7)
06:40:24  [TX] S,12,60B,000,24,P1,43
06:40:24  [SLOT] n=20 tx=21 ack=0 due=0 r=1
06:40:24  [AT] "AT+CIPSEND=22" (13)
06:40:24  [AT] " S,12,60B,000,24,P1,43" (22)
06:40:24  [AT] "SEND OK" (7)
06:40:25  [TX] S,13,60A,000,25,P1,40
06:40:25  [SLOT] n=21 tx=21 ack=0 due=0 r=1
06:40:25  [AT] "AT+CIPSEND=22" (13)
06:40:25  [AT] " S,13,60A,000,25,P1,40" (22)
06:40:25  [AT] "SEND OK" (7)
06:40:26  [TX] S,14,60A,000,26,P1,44
06:40:26  [SLOT] n=22 tx=21 ack=0 due=0 r=1
06:40:26  [AT] "AT+CIPSEND=22" (13)
06:40:26  [AT] " S,14,60A,000,26,P1,44" (22)
06:40:26  [AT] "SEND OK" (7)
06:40:28  [TX] S,15,60A,000,27,P1,44
06:40:28  [SLOT] n=23 tx=21 ack=0 due=0 r=1
06:40:28  [AT] "AT+CIPSEND=22" (13)
06:40:28  [AT] " S,15,60A,000,27,P1,44" (22)
06:40:28  [AT] "SEND OK" (7)
06:40:29  [TX] S,16,60A,000,28,P1,48
06:40:29  [SLOT] n=24 tx=21 ack=0 due=0 r=1
06:40:29  [AT] "AT+CIPSEND=22" (13)
06:40:29  [AT] " S,16,60A,000,28,P1,48" (22)
06:40:29  [AT] "SEND OK" (7)
06:40:30  [TX] S,17,60A,000,30,P1,40
06:40:30  [SLOT] n=25 tx=21 ack=0 due=0 r=1
06:40:30  [AT] "AT+CIPSEND=22" (13)
06:40:30  [AT] " S,17,60A,000,30,P1,40" (22)
06:40:30  [AT] "SEND OK" (7)
06:40:31  [TX] S,18,60A,000,31,P1,4E
06:40:31  [SLOT] n=26 tx=21 ack=0 due=0 r=1
06:40:31  [AT] "AT+CIPSEND=22" (13)
06:40:31  [AT] " S,18,60A,000,31,P1,4E" (22)
06:40:31  [AT] "SEND OK" (7)
06:40:32  [TX] S,19,60A,000,32,P1,4C
06:40:32  [SLOT] n=27 tx=21 ack=0 due=0 r=1
06:40:32  [AT] "AT+CIPSEND=22" (13)
06:40:32  [AT] " S,19,60A,000,32,P1,4C" (22)
06:40:32  [AT] "SEND OK" (7)
06:40:34  [TX] S,20,60B,000,33,P1,44
06:40:34  [SLOT] n=28 tx=21 ack=0 due=0 r=1
06:40:34  [AT] "AT+CIPSEND=22" (13)
06:40:34  [AT] " S,20,60B,000,33,P1,44" (22)
06:40:34  [AT] "SEND OK" (7)
06:40:35  [TX] S,21,60B,000,34,P1,42
06:40:35  [SLOT] n=29 tx=21 ack=0 due=0 r=1
06:40:35  [AT] "AT+CIPSEND=22" (13)
06:40:35  [AT] " S,21,60B,000,34,P1,42" (22)
06:40:35  [AT] "SEND OK" (7)
06:40:36  [TX] S,22,609,000,36,P1,38
06:40:36  [SLOT] n=30 tx=21 ack=0 due=0 r=1
06:40:36  [AT] "AT+CIPSEND=22" (13)
06:40:36  [AT] " S,22,609,000,36,P1,38" (22)
06:40:36  [AT] "SEND OK" (7)
06:40:37  [TX] S,23,609,000,37,P1,38
06:40:37  [SLOT] n=31 tx=21 ack=0 due=0 r=1
06:40:37  [AT] "AT+CIPSEND=22" (13)
06:40:37  [AT] " S,23,609,000,37,P1,38" (22)
06:40:37  [AT] "SEND OK" (7)
06:40:38  [TX] S,24,609,000,38,P1,30
06:40:38  [SLOT] n=32 tx=21 ack=0 due=0 r=1
06:40:38  [AT] "AT+CIPSEND=22" (13)
06:40:38  [AT] " S,24,609,000,38,P1,30" (22)
06:40:39  [AT] "SEND OK" (7)
06:40:39  [AT] "+IPD,19:R,7,A1,uxjotvc5,49" (26)
06:40:39  [SLOT-OOW] +133ms
06:40:39  [AT] "OK" (2)
06:40:40  [TX] S,25,609,800,39,P1,38
06:40:40  A,7,A1,0,36
06:40:40  D,A3,IP,03
06:40:40  D,A4,IP,04
06:40:40  D,A5,IP,05
06:40:40  D,B1,IP,02
06:40:40  D,B2,IP,01
06:40:40  D,B3,IP,00
06:40:40  D,B4,IP,07
06:40:40  D,B5,IP,06
06:40:40  D,E1,OBV,47
06:40:40  D,X1,OBV,5A
06:40:40  [SLOT] n=33 tx=33 ack=1 due=0 r=1
06:40:40  [AT] "AT+CIPSEND=34" (13)
06:40:40  [AT] " S,25,609,800,39,P1,38A,7,A1,0,36" (33)
06:40:40  [AT] "SEND OK" (7)
06:40:41  [TX] S,26,609,800,40,P1,35
06:40:41  [SLOT] n=34 tx=21 ack=0 due=0 r=1
06:40:41  [AT] "AT+CIPSEND=22" (13)
06:40:41  [AT] " S,26,609,800,40,P1,35" (22)
06:40:41  [AT] "SEND OK" (7)
06:40:41  [AT] "+IPD,10:C,8,A1,27" (17)
06:40:41  [SLOT-OOW] +101ms
06:40:41  [AT] "OK" (2)
06:40:42  [TX] S,27,608,000,42,P1,3F
06:40:42  A,8,A1,0,39
06:40:42  D,A3,IP,03
06:40:42  D,A4,IP,04
06:40:42  D,A5,IP,05
06:40:42  D,B1,IP,02
06:40:42  D,B2,IP,01
06:40:42  D,B3,IP,00
06:40:42  D,B4,IP,07
06:40:42  D,B5,IP,06
06:40:42  D,E1,OBV,47
06:40:42  D,X1,OBV,5A
06:40:42  [SLOT] n=35 tx=33 ack=1 due=0 r=1
06:40:42  [AT] "AT+CIPSEND=34" (13)
06:40:42  [AT] " S,27,608,000,42,P1,3FA,8,A1,0,39" (33)
06:40:42  [AT] "SEND OK" (7)
06:40:43  [TX] S,28,608,000,43,P1,31
06:40:43  [SLOT] n=36 tx=21 ack=0 due=0 r=1
06:40:43  [AT] "AT+CIPSEND=22" (13)
06:40:43  [AT] " S,28,608,000,43,P1,31" (22)
06:40:43  [AT] "SEND OK" (7)
06:40:43  [AT] "+IPD,12:G,9,10,1,4E" (19)
06:40:43  [SLOT-OOW] +101ms
06:40:43  [G] idx=10 op=1
06:40:43  [AT] "OK" (2)
06:40:44  [TX] S,29,60A,000,44,P1,4E
06:40:44  A,9,G0,0,3F
06:40:44  D,A3,IP,03
06:40:44  D,A4,IP,04
06:40:44  D,A5,IP,05
06:40:44  D,B1,IP,02
06:40:44  D,B2,IP,01
06:40:44  D,B3,IP,00
06:40:44  D,B4,IP,07
06:40:44  D,B5,IP,06
06:40:44  D,E1,OBV,47
06:40:44  D,X1,OBV,5A
06:40:44  [SLOT] n=37 tx=33 ack=1 due=0 r=1
06:40:44  [AT] "AT+CIPSEND=34" (13)
06:40:44  [AT] " S,29,60A,000,44,P1,4EA,9,G0,0,3F" (33)
06:40:44  [AT] "SEND OK" (7)
06:40:46  [TX] S,30,60A,000,45,P1,47
06:40:46  [SLOT] n=38 tx=21 ack=0 due=0 r=1
06:40:46  [AT] "AT+CIPSEND=22" (13)
06:40:46  [AT] " S,30,60A,000,45,P1,47" (22)
06:40:46  [AT] "SEND OK" (7)
06:40:46  [AT] "+IPD,13:G,10,11,1,77" (20)
06:40:46  [SLOT-OOW] +102ms
06:40:46  [G] idx=11 op=1
06:40:46  [AT] "OK" (2)
06:40:47  [TX] S,31,60B,000,46,P1,46
06:40:47  A,10,G1,0,06D,A3,IP,03
06:40:47  D,A4,IP,04
06:40:47  D,A5,IP,05
06:40:47  D,B1,IP,02
06:40:47  D,B2,IP,01
06:40:47  D,B3,IP,00
06:40:47  D,B4,IP,07
06:40:47  D,B5,IP,06
06:40:47  D,E1,OBV,47
06:40:47  D,X1,OBV,5A
06:40:47  [SLOT] n=39 tx=34 ack=1 due=0 r=1
06:40:47  [AT] " S,31,60B,000,46,P1,46A,10,G1,0,06" (34)
06:40:47  [AT] "SEND OK" (7)
06:40:47  [AT] "AT+CIPSEND=35" (13)
06:40:48  [TX] S,32,60B,000,48,P1,4B
06:40:48  [SLOT] n=40 tx=21 ack=0 due=0 r=1
06:40:48  [AT] "AT+CIPSEND=22" (13)
06:40:48  [AT] " S,32,60B,000,48,P1,4B" (22)
06:40:48  [AT] "SEND OK" (7)
06:40:49  [TX] S,33,60B,000,49,P1,4B
06:40:49  [SLOT] n=41 tx=21 ack=0 due=0 r=1
06:40:49  [AT] "AT+CIPSEND=22" (13)
06:40:49  [AT] " S,33,60B,000,49,P1,4B" (22)
06:40:49  [AT] "SEND OK" (7)
06:40:50  [TX] S,34,60B,000,50,P1,44
06:40:50  [SLOT] n=42 tx=21 ack=0 due=0 r=1
06:40:50  [AT] "AT+CIPSEND=22" (13)
06:40:50  [AT] " S,34,60B,000,50,P1,44" (22)
06:40:50  [AT] "SEND OK" (7)
06:40:52  [TX] S,35,60B,000,51,P1,44
06:40:52  [SLOT] n=43 tx=21 ack=0 due=0 r=1
06:40:52  [AT] "AT+CIPSEND=22" (13)
06:40:52  [AT] " S,35,60B,000,51,P1,44" (22)
06:40:52  [AT] "SEND OK" (7)
06:40:53  [TX] S,36,60B,000,52,P1,44
06:40:53  [SLOT] n=44 tx=21 ack=0 due=0 r=1
06:40:53  [AT] "AT+CIPSEND=22" (13)
06:40:53  [AT] " S,36,60B,000,52,P1,44" (22)
06:40:53  [AT] "SEND OK" (7)
06:40:54  [TX] S,37,60B,000,54,P1,43
06:40:54  [SLOT] n=45 tx=21 ack=0 due=0 r=1
06:40:54  [AT] "AT+CIPSEND=22" (13)
06:40:54  [AT] " S,37,60B,000,54,P1,43" (22)
06:40:54  [AT] "SEND OK" (7)
06:40:55  [TX] S,38,60B,000,55,P1,4D
06:40:55  [SLOT] n=46 tx=21 ack=0 due=0 r=1
06:40:55  [AT] "AT+CIPSEND=22" (13)
06:40:55  [AT] " S,38,60B,000,55,P1,4D" (22)
06:40:55  [AT] "SEND OK" (7)
06:40:56  [TX] S,39,60B,000,56,P1,4F
06:40:56  [SLOT] n=47 tx=21 ack=0 due=0 r=1
06:40:56  [AT] "AT+CIPSEND=22" (13)
06:40:56  [AT] " S,39,60B,000,56,P1,4F" (22)
06:40:56  [AT] "SEND OK" (7)
06:40:58  «tap» 살아있음 — 최근 60초 rx=8122B (이 줄이 끊기면 탭이 죽은 것이다)
06:40:58  [TX] S,40,60B,000,57,P1,40
06:40:58  [SLOT] n=48 tx=21 ack=0 due=0 r=1
06:40:58  [AT] "AT+CIPSEND=22" (13)
06:40:58  [AT] " S,40,60B,000,57,P1,40" (22)
06:40:58  [AT] "SEND OK" (7)
06:40:59  [TX] S,41,60B,000,58,P1,4E
06:40:59  [SLOT] n=49 tx=21 ack=0 due=0 r=1
06:40:59  [AT] "AT+CIPSEND=22" (13)
06:40:59  [AT] " S,41,60B,000,58,P1,4E" (22)
06:40:59  [AT] "SEND OK" (7)
06:41:00  [TX] S,42,60B,000,60,P1,46
06:41:00  [SLOT] n=50 tx=21 ack=0 due=0 r=1
06:41:00  [CNT] up=60 drop=0 esprst=0 resync=0 sendfail=0 okto=0 stuck=0 ackq=0 ackdrop=0 ackstale=0 slot=50 oow=4 smiss=0 ssovf=0 cksumng=0 okstream=42 penddrop=0 pendfill=43 bigfill=1 bigdrop=0 bigokst=1 oklost=0 bigoklost=0 skip=0 online=1
06:41:00  [RAM] 최저 여유 587 B · 프롬프트 재동기 0회 (서버의 '버린줄' 과 맞아야 한다)
06:41:00  [AT] " S,42,60B,000,60,P1,46" (22)
06:41:00  [AT] "SEND OK" (7)
06:41:00  [AT] "AT+CIPSEND=22" (13)
06:41:01  [TX] S,43,60B,000,61,P1,46
06:41:01  [SLOT] n=51 tx=21 ack=0 due=0 r=1
06:41:01  [AT] "AT+CIPSEND=22" (13)
06:41:01  [AT] " S,43,60B,000,61,P1,46" (22)
06:41:01  [AT] "SEND OK" (7)
06:41:02  [TX] S,44,60B,000,62,P1,42
06:41:02  [SLOT] n=52 tx=21 ack=0 due=0 r=1
06:41:02  [AT] "AT+CIPSEND=22" (13)
06:41:02  [AT] " S,44,60B,000,62,P1,42" (22)
06:41:02  [AT] "SEND OK" (7)
06:41:04  [TX] S,45,60B,000,63,P1,42
06:41:04  [SLOT] n=53 tx=21 ack=0 due=0 r=1
06:41:04  [AT] "AT+CIPSEND=22" (13)
06:41:04  [AT] " S,45,60B,000,63,P1,42" (22)
06:41:04  [AT] "SEND OK" (7)
06:41:05  [TX] S,46,60B,000,64,P1,46
06:41:05  [SLOT] n=54 tx=21 ack=0 due=0 r=1
06:41:05  [AT] "AT+CIPSEND=22" (13)
06:41:05  [AT] " S,46,60B,000,64,P1,46" (22)
06:41:05  [AT] "SEND OK" (7)
06:41:06  [TX] S,47,60B,000,66,P1,45
06:41:06  [SLOT] n=55 tx=21 ack=0 due=0 r=1
06:41:06  [AT] "AT+CIPSEND=22" (13)
06:41:06  [AT] " S,47,60B,000,66,P1,45" (22)
06:41:06  [AT] "SEND OK" (7)
06:41:07  [TX] S,48,60B,000,67,P1,4B
06:41:07  [SLOT] n=56 tx=21 ack=0 due=0 r=1
06:41:07  [AT] "AT+CIPSEND=22" (13)
06:41:07  [AT] " S,48,60B,000,67,P1,4B" (22)
06:41:07  [AT] "SEND OK" (7)
06:41:08  [TX] S,49,60B,000,68,P1,45
06:41:08  [SLOT] n=57 tx=21 ack=0 due=0 r=1
06:41:08  [AT] "AT+CIPSEND=22" (13)
06:41:08  [AT] " S,49,60B,000,68,P1,45" (22)
06:41:08  [AT] "SEND OK" (7)
06:41:10  [TX] S,50,60B,000,69,P1,4C
06:41:10  [SLOT] n=58 tx=21 ack=0 due=0 r=1
06:41:10  [AT] "AT+CIPSEND=22" (13)
06:41:10  [AT] " S,50,60B,000,69,P1,4C" (22)
06:41:10  [AT] "SEND OK" (7)
06:41:11  [TX] S,51,60B,000,70,P1,45
06:41:11  [SLOT] n=59 tx=21 ack=0 due=0 r=1
06:41:11  [AT] "AT+CIPSEND=22" (13)
06:41:11  [AT] " S,51,60B,000,70,P1,45" (22)
06:41:11  [AT] "SEND OK" (7)
06:41:12  [TX] S,52,60B,000,72,P1,44
06:41:12  [SLOT] n=60 tx=21 ack=0 due=0 r=1
06:41:12  [AT] "AT+CIPSEND=22" (13)
06:41:12  [AT] " S,52,60B,000,72,P1,44" (22)
06:41:12  [AT] "SEND OK" (7)
06:41:13  [TX] S,53,60B,000,73,P1,44
06:41:13  [SLOT] n=61 tx=21 ack=0 due=0 r=1
06:41:13  [AT] "AT+CIPSEND=22" (13)
06:41:13  [AT] " S,53,60B,000,73,P1,44" (22)
06:41:13  [AT] "SEND OK" (7)
06:41:14  [TX] S,54,60B,000,74,P1,44
06:41:14  [SLOT] n=62 tx=21 ack=0 due=0 r=1
06:41:14  [AT] "AT+CIPSEND=22" (13)
06:41:14  [AT] " S,54,60B,000,74,P1,44" (22)
06:41:14  [AT] "SEND OK" (7)
06:41:16  [TX] S,55,60B,000,75,P1,44
06:41:16  [SLOT] n=63 tx=21 ack=0 due=0 r=1
06:41:16  [AT] "AT+CIPSEND=22" (13)
06:41:16  [AT] " S,55,60B,000,75,P1,44" (22)
06:41:16  [AT] "SEND OK" (7)
06:41:17  [TX] S,56,60B,000,76,P1,44
06:41:17  [SLOT] n=64 tx=21 ack=0 due=0 r=1
06:41:17  [AT] "AT+CIPSEND=22" (13)
06:41:17  [AT] " S,56,60B,000,76,P1,44" (22)
06:41:17  [AT] "SEND OK" (7)
06:41:18  [TX] S,57,60B,000,78,P1,4B
06:41:18  [SLOT] n=65 tx=21 ack=0 due=0 r=1
06:41:18  [AT] "AT+CIPSEND=22" (13)
06:41:18  [AT] " S,57,60B,000,78,P1,4B" (22)
06:41:18  [AT] "SEND OK" (7)
06:41:19  [TX] S,58,60B,000,79,P1,45
06:41:19  [SLOT] n=66 tx=21 ack=0 due=0 r=1
06:41:19  [AT] "AT+CIPSEND=22" (13)
06:41:19  [AT] " S,58,60B,000,79,P1,45" (22)
06:41:19  [AT] "SEND OK" (7)
06:41:20  [TX] S,59,60B,000,80,P1,42
06:41:20  [SLOT] n=67 tx=21 ack=0 due=0 r=1
06:41:20  [AT] "AT+CIPSEND=22" (13)
06:41:20  [AT] " S,59,60B,000,80,P1,42" (22)
06:41:20  [AT] "SEND OK" (7)
06:41:22  [TX] S,60,60B,000,81,P1,49
06:41:22  [SLOT] n=68 tx=21 ack=0 due=0 r=1
06:41:22  [AT] "AT+CIPSEND=22" (13)
06:41:22  [AT] " S,60,60B,000,81,P1,49" (22)
06:41:22  [AT] "SEND OK" (7)
06:41:23  [TX] S,61,60B,000,82,P1,4B
06:41:23  [SLOT] n=69 tx=21 ack=0 due=0 r=1
06:41:23  [AT] "AT+CIPSEND=22" (13)
06:41:23  [AT] " S,61,60B,000,82,P1,4B" (22)
06:41:23  [AT] "SEND OK" (7)
06:41:24  [TX] S,62,60B,000,84,P1,4E
06:41:24  [SLOT] n=70 tx=21 ack=0 due=0 r=1
06:41:24  [AT] "AT+CIPSEND=22" (13)
06:41:24  [AT] " S,62,60B,000,84,P1,4E" (22)
06:41:24  [AT] "SEND OK" (7)
06:41:25  [TX] S,63,60B,000,85,P1,4E
06:41:25  [SLOT] n=71 tx=21 ack=0 due=0 r=1
06:41:25  [AT] "AT+CIPSEND=22" (13)
06:41:25  [AT] " S,63,60B,000,85,P1,4E" (22)
06:41:25  [AT] "SEND OK" (7)
06:41:26  [TX] S,64,60B,000,86,P1,4A
06:41:26  [SLOT] n=72 tx=21 ack=0 due=0 r=1
06:41:26  [AT] "AT+CIPSEND=22" (13)
06:41:26  [AT] " S,64,60B,000,86,P1,4A" (22)
06:41:26  [AT] "SEND OK" (7)
06:41:28  [TX] S,65,60B,000,87,P1,4A
06:41:28  [SLOT] n=73 tx=21 ack=0 due=0 r=1
06:41:28  [AT] "AT+CIPSEND=22" (13)
06:41:28  [AT] " S,65,60B,000,87,P1,4A" (22)
06:41:28  [AT] "SEND OK" (7)
06:41:29  [TX] S,66,60B,000,88,P1,46
06:41:29  [SLOT] n=74 tx=21 ack=0 due=0 r=1
06:41:29  [AT] "AT+CIPSEND=22" (13)
06:41:29  [AT] " S,66,60B,000,88,P1,46" (22)
06:41:29  [AT] "SEND OK" (7)
06:41:30  [TX] S,67,60B,000,90,P1,4E
06:41:30  [SLOT] n=75 tx=21 ack=0 due=0 r=1
06:41:30  [AT] "AT+CIPSEND=22" (13)
06:41:30  [AT] " S,67,60B,000,90,P1,4E" (22)
06:41:30  [AT] "SEND OK" (7)
06:41:31  [TX] S,68,60B,000,91,P1,40
06:41:31  [SLOT] n=76 tx=21 ack=0 due=0 r=1
06:41:31  [AT] "AT+CIPSEND=22" (13)
06:41:31  [AT] " S,68,60B,000,91,P1,40" (22)
06:41:31  [AT] "SEND OK" (7)
06:41:32  [TX] S,69,60B,000,92,P1,42
06:41:32  [SLOT] n=77 tx=21 ack=0 due=0 r=1
06:41:32  [AT] "AT+CIPSEND=22" (13)
06:41:32  [AT] " S,69,60B,000,92,P1,42" (22)
06:41:32  [AT] "SEND OK" (7)
06:41:34  [TX] S,70,60B,000,93,P1,4B
06:41:34  [SLOT] n=78 tx=21 ack=0 due=0 r=1
06:41:34  [AT] "AT+CIPSEND=22" (13)
06:41:34  [AT] " S,70,60B,000,93,P1,4B" (22)
06:41:34  [AT] "SEND OK" (7)
06:41:35  [TX] S,71,60B,000,94,P1,4D
06:41:35  [SLOT] n=79 tx=21 ack=0 due=0 r=1
06:41:35  [AT] "AT+CIPSEND=22" (13)
06:41:35  [AT] " S,71,60B,000,94,P1,4D" (22)
06:41:35  [AT] "SEND OK" (7)
06:41:36  [TX] S,72,60B,000,96,P1,4C
06:41:36  [SLOT] n=80 tx=21 ack=0 due=0 r=1
06:41:36  [AT] "AT+CIPSEND=22" (13)
06:41:36  [AT] " S,72,60B,000,96,P1,4C" (22)
06:41:36  [AT] "SEND OK" (7)
06:41:37  [TX] S,73,60B,000,97,P1,4C
06:41:37  [SLOT] n=81 tx=21 ack=0 due=0 r=1
06:41:37  [AT] "AT+CIPSEND=22" (13)
06:41:37  [AT] " S,73,60B,000,97,P1,4C" (22)
06:41:37  [AT] "SEND OK" (7)
06:41:38  [TX] S,74,60B,000,98,P1,44
06:41:38  [SLOT] n=82 tx=21 ack=0 due=0 r=1
06:41:38  [AT] "AT+CIPSEND=22" (13)
06:41:38  [AT] " S,74,60B,000,98,P1,44" (22)
06:41:38  [AT] "SEND OK" (7)
06:41:40  [TX] S,75,60B,000,99,P1,44
06:41:40  [SLOT] n=83 tx=21 ack=0 due=0 r=1
06:41:40  [AT] "AT+CIPSEND=22" (13)
06:41:40  [AT] " S,75,60B,000,99,P1,44" (22)
06:41:40  [AT] "SEND OK" (7)
06:41:41  [TX] S,76,60B,000,100,P1,76
06:41:41  [SLOT] n=84 tx=22 ack=0 due=0 r=1
06:41:41  [AT] "AT+CIPSEND=23" (13)
06:41:41  [AT] " S,76,60B,000,100,P1,76" (23)
06:41:41  [AT] "SEND OK" (7)
06:41:42  [TX] S,77,60B,000,102,P1,75
06:41:42  [SLOT] n=85 tx=22 ack=0 due=0 r=1
06:41:42  [AT] "AT+CIPSEND=23" (13)
06:41:42  [AT] " S,77,60B,000,102,P1,75" (23)
06:41:42  [AT] "SEND OK" (7)
06:41:43  [TX] S,78,60B,000,103,P1,7B
06:41:43  [SLOT] n=86 tx=22 ack=0 due=0 r=1
06:41:43  [AT] "AT+CIPSEND=23" (13)
06:41:43  [AT] " S,78,60B,000,103,P1,7B" (23)
06:41:43  [AT] "SEND OK" (7)
06:41:44  [TX] S,79,60B,000,104,P1,7D
06:41:44  [SLOT] n=87 tx=22 ack=0 due=0 r=1
06:41:44  [AT] "AT+CIPSEND=23" (13)
06:41:44  [AT] " S,79,60B,000,104,P1,7D" (23)
06:41:44  [AT] "SEND OK" (7)
06:41:46  [TX] S,80,60B,000,105,P1,7A
06:41:46  [SLOT] n=88 tx=22 ack=0 due=0 r=1
06:41:46  [AT] "AT+CIPSEND=23" (13)
06:41:46  [AT] " S,80,60B,000,105,P1,7A" (23)
06:41:46  [AT] "SEND OK" (7)
06:41:47  [TX] S,81,60B,000,106,P1,78
06:41:47  [SLOT] n=89 tx=22 ack=0 due=0 r=1
06:41:47  [AT] "AT+CIPSEND=23" (13)
06:41:47  [AT] " S,81,60B,000,106,P1,78" (23)
06:41:47  [AT] "SEND OK" (7)
06:41:48  [TX] S,82,60B,000,108,P1,75
06:41:48  [SLOT] n=90 tx=22 ack=0 due=0 r=1
06:41:48  [AT] "AT+CIPSEND=23" (13)
06:41:48  [AT] " S,82,60B,000,108,P1,75" (23)
06:41:48  [AT] "SEND OK" (7)
06:41:49  [TX] S,83,60B,000,109,P1,75
06:41:49  [SLOT] n=91 tx=22 ack=0 due=0 r=1
06:41:49  [AT] "AT+CIPSEND=23" (13)
06:41:49  [AT] " S,83,60B,000,109,P1,75" (23)
06:41:49  [AT] "SEND OK" (7)
06:41:50  [TX] S,84,60B,000,110,P1,7A
06:41:50  [SLOT] n=92 tx=22 ack=0 due=0 r=1
06:41:50  [AT] "AT+CIPSEND=23" (13)
06:41:50  [AT] " S,84,60B,000,110,P1,7A" (23)
06:41:50  [AT] "SEND OK" (7)
06:41:52  [TX] S,85,60B,000,111,P1,7A
06:41:52  [SLOT] n=93 tx=22 ack=0 due=0 r=1
06:41:52  [AT] "AT+CIPSEND=23" (13)
06:41:52  [AT] " S,85,60B,000,111,P1,7A" (23)
06:41:52  [AT] "SEND OK" (7)
06:41:53  [TX] S,86,60B,000,112,P1,7A
06:41:53  [SLOT] n=94 tx=22 ack=0 due=0 r=1
06:41:53  [AT] "AT+CIPSEND=23" (13)
06:41:53  [AT] " S,86,60B,000,112,P1,7A" (23)
06:41:53  [AT] "SEND OK" (7)
06:41:54  [TX] S,87,60B,000,114,P1,7D
06:41:54  [SLOT] n=95 tx=22 ack=0 due=0 r=1
06:41:54  [AT] "AT+CIPSEND=23" (13)
06:41:54  [AT] " S,87,60B,000,114,P1,7D" (23)
06:41:54  [AT] "SEND OK" (7)
06:41:55  [TX] S,88,60B,000,115,P1,73
06:41:55  [SLOT] n=96 tx=22 ack=0 due=0 r=1
06:41:55  [AT] "AT+CIPSEND=23" (13)
06:41:55  [AT] " S,88,60B,000,115,P1,73" (23)
06:41:55  [AT] "SEND OK" (7)
06:41:56  [TX] S,89,60B,000,116,P1,71
06:41:56  [SLOT] n=97 tx=22 ack=0 due=0 r=1
06:41:56  [AT] "AT+CIPSEND=23" (13)
06:41:56  [AT] " S,89,60B,000,116,P1,71" (23)
06:41:56  [AT] "SEND OK" (7)
06:41:58  «tap» 살아있음 — 최근 60초 rx=7665B (이 줄이 끊기면 탭이 죽은 것이다)
06:41:58  [TX] S,90,60B,000,117,P1,78
06:41:58  [SLOT] n=98 tx=22 ack=0 due=0 r=1
06:41:58  [AT] "AT+CIPSEND=23" (13)
06:41:58  [AT] " S,90,60B,000,117,P1,78" (23)
06:41:58  [AT] "SEND OK" (7)
06:41:59  [TX] S,91,60B,000,118,P1,76
06:41:59  [SLOT] n=99 tx=22 ack=0 due=0 r=1
06:41:59  [AT] "AT+CIPSEND=23" (13)
06:41:59  [AT] " S,91,60B,000,118,P1,76" (23)
06:41:59  [AT] "SEND OK" (7)
06:42:00  [TX] S,92,60B,000,120,P1,7E
06:42:00  [SLOT] n=100 tx=22 ack=0 due=0 r=1
06:42:00  [CNT] up=120 drop=0 esprst=0 resync=0 sendfail=0 okto=0 stuck=0 ackq=0 ackdrop=0 ackstale=0 slot=100 oow=4 smiss=0 ssovf=0 cksumng=0 okstream=92 penddrop=0 pendfill=93 bigfill=1 bigdrop=0 bigokst=1 oklost=0 bigoklost=0 skip=0 online=1
06:42:00  [RAM] 최저 여유 587 B · 프롬프트 재동기 0회 (서버의 '버린줄' 과 맞아야 한다)
06:42:00  [AT] " S,92,60B,000,120,P1,7E" (23)
06:42:00  [AT] "SEND OK" (7)
06:42:00  [AT] "AT+CIPSEND=23" (13)
06:42:01  [TX] S,93,60B,000,121,P1,7E
06:42:01  [SLOT] n=101 tx=22 ack=0 due=0 r=1
06:42:01  [AT] "AT+CIPSEND=23" (13)
06:42:01  [AT] " S,93,60B,000,121,P1,7E" (23)
06:42:01  [AT] "SEND OK" (7)
06:42:02  [TX] S,94,60B,000,122,P1,7A
06:42:02  [SLOT] n=102 tx=22 ack=0 due=0 r=1
06:42:02  [AT] "AT+CIPSEND=23" (13)
06:42:02  [AT] " S,94,60B,000,122,P1,7A" (23)
06:42:02  [AT] "SEND OK" (7)
06:42:04  [TX] S,95,60B,000,123,P1,7A
06:42:04  [SLOT] n=103 tx=22 ack=0 due=0 r=1
06:42:04  [AT] "AT+CIPSEND=23" (13)
06:42:04  [AT] " S,95,60B,000,123,P1,7A" (23)
06:42:04  [AT] "SEND OK" (7)
06:42:05  [TX] S,96,60B,000,124,P1,7E
06:42:05  [SLOT] n=104 tx=22 ack=0 due=0 r=1
06:42:05  [AT] "AT+CIPSEND=23" (13)
06:42:05  [AT] " S,96,60B,000,124,P1,7E" (23)
06:42:05  [AT] "SEND OK" (7)
06:42:06  [TX] S,97,60B,000,126,P1,7D
06:42:06  [SLOT] n=105 tx=22 ack=0 due=0 r=1
06:42:06  [AT] "AT+CIPSEND=23" (13)
06:42:06  [AT] " S,97,60B,000,126,P1,7D" (23)
06:42:06  [AT] "SEND OK" (7)
06:42:07  [TX] S,98,60B,000,127,P1,73
06:42:07  [SLOT] n=106 tx=22 ack=0 due=0 r=1
06:42:07  [AT] "AT+CIPSEND=23" (13)
06:42:07  [AT] " S,98,60B,000,127,P1,73" (23)
06:42:07  [AT] "SEND OK" (7)
06:42:08  [TX] S,99,60B,000,128,P1,7D
06:42:08  [SLOT] n=107 tx=22 ack=0 due=0 r=1
06:42:08  [AT] "AT+CIPSEND=23" (13)
06:42:08  [AT] " S,99,60B,000,128,P1,7D" (23)
06:42:08  [AT] "SEND OK" (7)
06:42:10  [TX] S,100,60B,000,129,P1,4D
06:42:10  [SLOT] n=108 tx=23 ack=0 due=0 r=1
06:42:10  [AT] "AT+CIPSEND=24" (13)
06:42:10  [AT] " S,100,60B,000,129,P1,4D" (24)
06:42:10  [AT] "SEND OK" (7)
06:42:11  [TX] S,101,60B,000,130,P1,44
06:42:11  [SLOT] n=109 tx=23 ack=0 due=0 r=1
06:42:11  [AT] "AT+CIPSEND=24" (13)
06:42:11  [AT] " S,101,60B,000,130,P1,44" (24)
06:42:11  [AT] "SEND OK" (7)
06:42:12  [TX] S,102,60B,000,132,P1,45
06:42:12  [SLOT] n=110 tx=23 ack=0 due=0 r=1
06:42:12  [AT] "AT+CIPSEND=24" (13)
06:42:12  [AT] " S,102,60B,000,132,P1,45" (24)
06:42:12  [AT] "SEND OK" (7)
06:42:13  [TX] S,103,60B,000,133,P1,45
06:42:13  [SLOT] n=111 tx=23 ack=0 due=0 r=1
06:42:13  [AT] "AT+CIPSEND=24" (13)
06:42:14  [TX-WAIT] 앞 전송의 SEND OK 를 아직 못 봤다 — 이번 주기는 건너뛴다
06:42:14  [SLOT] n=112 tx=23 ack=0 due=0 r=0
06:42:15  [AT] " S,103,60B,000,133,P1,45" (24)
06:42:15  [AT] "SEND OK" (7)
06:42:16  [TX] S,104,60B,000,135,P1,44
06:42:16  [SLOT] n=113 tx=23 ack=0 due=0 r=1
06:42:16  [AT] "AT+CIPSEND=24" (13)
06:42:17  [TX-WAIT] 앞 전송의 SEND OK 를 아직 못 봤다 — 이번 주기는 건너뛴다
06:42:17  [SLOT] n=114 tx=23 ack=0 due=0 r=0
06:42:18  [AT] " S,104,60B,000,135,P1,44" (24)
06:42:18  [AT] "SEND OK" (7)
06:42:18  [TX] S,105,60B,000,138,P1,48
06:42:18  [SLOT] n=115 tx=23 ack=0 due=0 r=1
06:42:18  [AT] "AT+CIPSEND=24" (13)
06:42:18  [AT] " S,105,60B,000,138,P1,48" (24)
06:42:18  [AT] "SEND OK" (7)
06:42:19  [TX] S,106,60B,000,139,P1,4A
06:42:19  [SLOT] n=116 tx=23 ack=0 due=0 r=1
06:42:19  [AT] "AT+CIPSEND=24" (13)
06:42:19  [AT] " S,106,60B,000,139,P1,4A" (24)
06:42:19  [AT] "SEND OK" (7)
06:42:20  [TX] S,107,60B,000,140,P1,45
06:42:20  [SLOT] n=117 tx=23 ack=0 due=0 r=1
06:42:20  [AT] "AT+CIPSEND=24" (13)
06:42:20  [AT] " S,107,60B,000,140,P1,45" (24)
06:42:20  [AT] "SEND OK" (7)
06:42:22  [TX] S,108,60B,000,141,P1,4B
06:42:22  [SLOT] n=118 tx=23 ack=0 due=0 r=1
06:42:22  [AT] "AT+CIPSEND=24" (13)
06:42:22  [AT] " S,108,60B,000,141,P1,4B" (24)
06:42:22  [AT] "SEND OK" (7)
06:42:23  [TX] S,109,60B,000,142,P1,49
06:42:23  [SLOT] n=119 tx=23 ack=0 due=0 r=1
06:42:23  [AT] "AT+CIPSEND=24" (13)
06:42:23  [AT] " S,109,60B,000,142,P1,49" (24)
06:42:23  [AT] "SEND OK" (7)
06:42:24  [TX] S,110,60B,000,144,P1,47
06:42:24  [SLOT] n=120 tx=23 ack=0 due=0 r=1
06:42:24  [AT] "AT+CIPSEND=24" (13)
06:42:24  [AT] " S,110,60B,000,144,P1,47" (24)
06:42:24  [AT] "SEND OK" (7)
06:42:25  [TX] S,111,60B,000,145,P1,47
06:42:25  [SLOT] n=121 tx=23 ack=0 due=0 r=1
06:42:25  [AT] "AT+CIPSEND=24" (13)
06:42:25  [AT] " S,111,60B,000,145,P1,47" (24)
06:42:25  [AT] "SEND OK" (7)
06:42:26  [TX] S,112,60B,000,146,P1,47
06:42:26  [SLOT] n=122 tx=23 ack=0 due=0 r=1
06:42:26  [AT] "AT+CIPSEND=24" (13)
06:42:26  [AT] " S,112,60B,000,146,P1,47" (24)
06:42:26  [AT] "SEND OK" (7)
06:42:28  [TX] S,113,60B,000,147,P1,47
06:42:28  [SLOT] n=123 tx=23 ack=0 due=0 r=1
06:42:28  [AT] "AT+CIPSEND=24" (13)
06:42:28  [AT] " S,113,60B,000,147,P1,47" (24)
06:42:28  [AT] "SEND OK" (7)
06:42:29  [TX] S,114,60B,000,148,P1,4F
06:42:29  [SLOT] n=124 tx=23 ack=0 due=0 r=1
06:42:29  [AT] "AT+CIPSEND=24" (13)
06:42:29  [AT] " S,114,60B,000,148,P1,4F" (24)
06:42:29  [AT] "SEND OK" (7)
06:42:30  [TX] S,115,60B,000,150,P1,47
06:42:30  [SLOT] n=125 tx=23 ack=0 due=0 r=1
06:42:30  [AT] "AT+CIPSEND=24" (13)
06:42:30  [AT] " S,115,60B,000,150,P1,47" (24)
06:42:30  [AT] "SEND OK" (7)
06:42:31  [TX] S,116,60B,000,151,P1,45
06:42:31  [SLOT] n=126 tx=23 ack=0 due=0 r=1
06:42:31  [AT] "AT+CIPSEND=24" (13)
06:42:31  [AT] " S,116,60B,000,151,P1,45" (24)
06:42:31  [AT] "SEND OK" (7)
06:42:32  [TX] S,117,60B,000,152,P1,47
06:42:32  [SLOT] n=127 tx=23 ack=0 due=0 r=1
06:42:32  [AT] "AT+CIPSEND=24" (13)
06:42:32  [AT] " S,117,60B,000,152,P1,47" (24)
06:42:32  [AT] "SEND OK" (7)
06:42:34  [TX] S,118,60B,000,153,P1,49
06:42:34  [SLOT] n=128 tx=23 ack=0 due=0 r=1
06:42:34  [AT] "AT+CIPSEND=24" (13)
06:42:34  [AT] " S,118,60B,000,153,P1,49" (24)
06:42:34  [AT] "SEND OK" (7)
06:42:35  [TX] S,119,60B,000,154,P1,4F
06:42:35  [SLOT] n=129 tx=23 ack=0 due=0 r=1
06:42:35  [AT] "AT+CIPSEND=24" (13)
06:42:35  [AT] " S,119,60B,000,154,P1,4F" (24)
06:42:35  [AT] "SEND OK" (7)
06:42:36  [TX] S,120,60B,000,156,P1,47
06:42:36  [SLOT] n=130 tx=23 ack=0 due=0 r=1
06:42:36  [AT] "AT+CIPSEND=24" (13)
06:42:36  [AT] " S,120,60B,000,156,P1,47" (24)
06:42:36  [AT] "SEND OK" (7)
06:42:37  [TX] S,121,60B,000,157,P1,47
06:42:37  [SLOT] n=131 tx=23 ack=0 due=0 r=1
06:42:37  [AT] "AT+CIPSEND=24" (13)
06:42:37  [AT] " S,121,60B,000,157,P1,47" (24)
06:42:37  [AT] "SEND OK" (7)
06:42:38  [TX] S,122,60B,000,158,P1,4B
06:42:38  [SLOT] n=132 tx=23 ack=0 due=0 r=1
06:42:38  [AT] "AT+CIPSEND=24" (13)
06:42:38  [AT] " S,122,60B,000,158,P1,4B" (24)
06:42:38  [AT] "SEND OK" (7)
06:42:39  [TX] S,123,60B,000,159,P1,4B
06:42:40  [SLOT] n=133 tx=23 ack=0 due=0 r=1
06:42:40  [AT] "AT+CIPSEND=24" (13)
06:42:40  [AT] " S,123,60B,000,159,P1,4B" (24)
06:42:40  [AT] "SEND OK" (7)
06:42:41  [TX] S,124,60B,000,160,P1,46
06:42:41  [SLOT] n=134 tx=23 ack=0 due=0 r=1
06:42:41  [AT] "AT+CIPSEND=24" (13)
06:42:41  [AT] " S,124,60B,000,160,P1,46" (24)
06:42:41  [AT] "SEND OK" (7)
06:42:42  [TX] S,125,60B,000,162,P1,45
06:42:42  [SLOT] n=135 tx=23 ack=0 due=0 r=1
06:42:42  [AT] "AT+CIPSEND=24" (13)
06:42:42  [AT] " S,125,60B,000,162,P1,45" (24)
06:42:42  [AT] "SEND OK" (7)
06:42:43  [TX] S,126,60B,000,163,P1,47
06:42:43  [SLOT] n=136 tx=23 ack=0 due=0 r=1
06:42:43  [AT] "AT+CIPSEND=24" (13)
06:42:43  [AT] " S,126,60B,000,163,P1,47" (24)
06:42:43  [AT] "SEND OK" (7)
06:42:44  [TX] S,127,60B,000,164,P1,41
06:42:44  [SLOT] n=137 tx=23 ack=0 due=0 r=1
06:42:44  [AT] "AT+CIPSEND=24" (13)
06:42:44  [AT] " S,127,60B,000,164,P1,41" (24)
06:42:44  [AT] "SEND OK" (7)
06:42:45  [TX] S,128,60B,000,165,P1,4F
06:42:45  [SLOT] n=138 tx=23 ack=0 due=0 r=1
06:42:45  [AT] "AT+CIPSEND=24" (13)
06:42:46  [AT] " S,128,60B,000,165,P1,4F" (24)
06:42:46  [AT] "SEND OK" (7)
06:42:47  [TX] S,129,60B,000,166,P1,4D
06:42:47  [SLOT] n=139 tx=23 ack=0 due=0 r=1
06:42:47  [AT] "AT+CIPSEND=24" (13)
06:42:47  [AT] " S,129,60B,000,166,P1,4D" (24)
06:42:47  [AT] "SEND OK" (7)
06:42:48  [TX] S,130,60B,000,168,P1,4B
06:42:48  [SLOT] n=140 tx=23 ack=0 due=0 r=1
06:42:48  [AT] "AT+CIPSEND=24" (13)
06:42:48  [AT] " S,130,60B,000,168,P1,4B" (24)
06:42:48  [AT] "SEND OK" (7)
06:42:49  [TX] S,131,60B,000,169,P1,4B
06:42:49  [SLOT] n=141 tx=23 ack=0 due=0 r=1
06:42:49  [AT] "AT+CIPSEND=24" (13)
06:42:49  [AT] " S,131,60B,000,169,P1,4B" (24)
06:42:49  [AT] "SEND OK" (7)
06:42:50  [TX] S,132,60B,000,170,P1,40
06:42:50  [SLOT] n=142 tx=23 ack=0 due=0 r=1
06:42:50  [AT] "AT+CIPSEND=24" (13)
06:42:50  [AT] " S,132,60B,000,170,P1,40" (24)
06:42:50  [AT] "SEND OK" (7)
06:42:51  [TX] S,133,60B,000,171,P1,40
06:42:51  [SLOT] n=143 tx=23 ack=0 due=0 r=1
06:42:51  [AT] "AT+CIPSEND=24" (13)
06:42:51  [AT] " S,133,60B,000,171,P1,40" (24)
06:42:51  [AT] "SEND OK" (7)
06:42:53  [TX] S,134,60B,000,172,P1,44
06:42:53  [SLOT] n=144 tx=23 ack=0 due=0 r=1
06:42:53  [AT] "AT+CIPSEND=24" (13)
06:42:53  [AT] " S,134,60B,000,172,P1,44" (24)
06:42:53  [AT] "SEND OK" (7)
06:42:54  [TX] S,135,60B,000,174,P1,43
06:42:54  [SLOT] n=145 tx=23 ack=0 due=0 r=1
06:42:54  [AT] "AT+CIPSEND=24" (13)
06:42:54  [AT] " S,135,60B,000,174,P1,43" (24)
06:42:54  [AT] "SEND OK" (7)
06:42:55  [TX] S,136,60B,000,175,P1,41
06:42:55  [SLOT] n=146 tx=23 ack=0 due=0 r=1
06:42:55  [AT] "AT+CIPSEND=24" (13)
06:42:55  [AT] " S,136,60B,000,175,P1,41" (24)
06:42:55  [AT] "SEND OK" (7)
06:42:56  [TX] S,137,60B,000,176,P1,43
06:42:56  [SLOT] n=147 tx=23 ack=0 due=0 r=1
06:42:56  [AT] "AT+CIPSEND=24" (13)
06:42:56  [AT] " S,137,60B,000,176,P1,43" (24)
06:42:56  [AT] "SEND OK" (7)
06:42:57  [TX] S,138,60B,000,177,P1,4D
06:42:57  [SLOT] n=148 tx=23 ack=0 due=0 r=1
06:42:57  [AT] "AT+CIPSEND=24" (13)
06:42:57  [AT] " S,138,60B,000,177,P1,4D" (24)
06:42:57  [AT] "SEND OK" (7)
06:42:58  «tap» 살아있음 — 최근 60초 rx=7966B (이 줄이 끊기면 탭이 죽은 것이다)
06:42:59  [TX] S,139,60B,000,178,P1,43
06:42:59  [SLOT] n=149 tx=23 ack=0 due=0 r=1
06:42:59  [AT] "AT+CIPSEND=24" (13)
06:42:59  [AT] " S,139,60B,000,178,P1,43" (24)
06:42:59  [AT] "SEND OK" (7)
06:43:00  [TX] S,140,60B,000,180,P1,4A
06:43:00  [SLOT] n=150 tx=23 ack=0 due=0 r=1
06:43:00  [CNT] up=180 drop=0 esprst=0 resync=0 sendfail=0 okto=0 stuck=0 ackq=0 ackdrop=0 ackstale=0 slot=150 oow=4 smiss=0 ssovf=0 cksumng=0 okstream=140 penddrop=0 pendfill=141 bigfill=1 bigdrop=0 bigokst=1 oklost=0 bigoklost=0 skip=2 online=1
06:43:00  [RAM] 최저 여유 587 B · 프롬프트 재동기 0회 (서버의 '버린줄' 과 맞아야 한다)
06:43:00  [AT] " S,140,60B,000,180,P1,4A" (24)
06:43:00  [AT] "SEND OK" (7)
06:43:00  [AT] "AT+CIPSEND=24" (13)
06:43:01  [TX] S,141,60B,000,181,P1,4A
06:43:01  [SLOT] n=151 tx=23 ack=0 due=0 r=1
06:43:01  [AT] "AT+CIPSEND=24" (13)
06:43:01  [AT] " S,141,60B,000,181,P1,4A" (24)
06:43:01  [AT] "SEND OK" (7)
06:43:02  [TX] S,142,60B,000,182,P1,4A
06:43:02  [SLOT] n=152 tx=23 ack=0 due=0 r=1
06:43:02  [AT] "AT+CIPSEND=24" (13)
06:43:02  [AT] " S,142,60B,000,182,P1,4A" (24)
06:43:02  [AT] "SEND OK" (7)
06:43:03  [TX] S,143,60B,000,183,P1,4A
06:43:03  [SLOT] n=153 tx=23 ack=0 due=0 r=1
06:43:03  [AT] "AT+CIPSEND=24" (13)
06:43:03  [AT] " S,143,60B,000,183,P1,4A" (24)
06:43:03  [AT] "SEND OK" (7)
06:43:05  [TX] S,144,60B,000,184,P1,4A
06:43:05  [SLOT] n=154 tx=23 ack=0 due=0 r=1
06:43:05  [AT] "AT+CIPSEND=24" (13)
06:43:05  [AT] " S,144,60B,000,184,P1,4A" (24)
06:43:05  [AT] "SEND OK" (7)
06:43:06  [TX] S,145,60B,000,186,P1,49
06:43:06  [SLOT] n=155 tx=23 ack=0 due=0 r=1
06:43:06  [AT] "AT+CIPSEND=24" (13)
06:43:06  [AT] " S,145,60B,000,186,P1,49" (24)
06:43:06  [AT] "SEND OK" (7)
06:43:07  [TX] S,146,60B,000,187,P1,4B
06:43:07  [SLOT] n=156 tx=23 ack=0 due=0 r=1
06:43:07  [AT] "AT+CIPSEND=24" (13)
06:43:07  [AT] " S,146,60B,000,187,P1,4B" (24)
06:43:07  [AT] "SEND OK" (7)
06:43:08  [TX] S,147,60B,000,188,P1,45
06:43:08  [SLOT] n=157 tx=23 ack=0 due=0 r=1
06:43:08  [AT] "AT+CIPSEND=24" (13)
06:43:08  [AT] " S,147,60B,000,188,P1,45" (24)
06:43:08  [AT] "SEND OK" (7)
06:43:09  [TX] S,148,60B,000,189,P1,4B
06:43:09  [SLOT] n=158 tx=23 ack=0 due=0 r=1
06:43:09  [AT] "AT+CIPSEND=24" (13)
06:43:09  [AT] " S,148,60B,000,189,P1,4B" (24)
06:43:09  [AT] "SEND OK" (7)
06:43:11  [TX] S,149,60B,000,190,P1,42
06:43:11  [SLOT] n=159 tx=23 ack=0 due=0 r=1
06:43:11  [AT] "AT+CIPSEND=24" (13)
06:43:11  [AT] " S,149,60B,000,190,P1,42" (24)
06:43:11  [AT] "SEND OK" (7)
06:43:12  [TX] S,150,60B,000,192,P1,48
06:43:12  [SLOT] n=160 tx=23 ack=0 due=0 r=1
06:43:12  [AT] "AT+CIPSEND=24" (13)
06:43:12  [AT] " S,150,60B,000,192,P1,48" (24)
06:43:12  [AT] "SEND OK" (7)
06:43:13  [TX] S,151,60B,000,193,P1,48
06:43:13  [SLOT] n=161 tx=23 ack=0 due=0 r=1
06:43:13  [AT] "AT+CIPSEND=24" (13)
06:43:13  [AT] " S,151,60B,000,193,P1,48" (24)
06:43:13  [AT] "SEND OK" (7)
06:43:14  [TX] S,152,60B,000,194,P1,4C
06:43:14  [SLOT] n=162 tx=23 ack=0 due=0 r=1
06:43:14  [AT] "AT+CIPSEND=24" (13)
06:43:14  [AT] " S,152,60B,000,194,P1,4C" (24)
06:43:14  [AT] "SEND OK" (7)
06:43:15  [TX] S,153,60B,000,195,P1,4C
06:43:15  [SLOT] n=163 tx=23 ack=0 due=0 r=1
06:43:15  [AT] "AT+CIPSEND=24" (13)
06:43:15  [AT] " S,153,60B,000,195,P1,4C" (24)
06:43:15  [AT] "SEND OK" (7)
06:43:17  [TX] S,154,60B,000,196,P1,48
06:43:17  [SLOT] n=164 tx=23 ack=0 due=0 r=1
06:43:17  [AT] "AT+CIPSEND=24" (13)
06:43:17  [AT] " S,154,60B,000,196,P1,48" (24)
06:43:17  [AT] "SEND OK" (7)
06:43:18  [TX] S,155,60B,000,198,P1,47
06:43:18  [SLOT] n=165 tx=23 ack=0 due=0 r=1
06:43:18  [AT] "AT+CIPSEND=24" (13)
06:43:18  [AT] " S,155,60B,000,198,P1,47" (24)
06:43:18  [AT] "SEND OK" (7)
06:43:19  [TX] S,156,60B,000,199,P1,45
06:43:19  [SLOT] n=166 tx=23 ack=0 due=0 r=1
06:43:19  [AT] "AT+CIPSEND=24" (13)
06:43:19  [AT] " S,156,60B,000,199,P1,45" (24)
06:43:19  [AT] "SEND OK" (7)
06:43:20  [TX] S,157,60B,000,200,P1,47
06:43:20  [SLOT] n=167 tx=23 ack=0 due=0 r=1
06:43:20  [AT] "AT+CIPSEND=24" (13)
06:43:20  [AT] " S,157,60B,000,200,P1,47" (24)
06:43:20  [AT] "SEND OK" (7)
06:43:21  [TX] S,158,60B,000,201,P1,49
06:43:21  [SLOT] n=168 tx=23 ack=0 due=0 r=1
06:43:21  [AT] "AT+CIPSEND=24" (13)
06:43:21  [AT] " S,158,60B,000,201,P1,49" (24)
06:43:21  [AT] "SEND OK" (7)
06:43:23  [TX] S,159,60B,000,202,P1,4B
06:43:23  [SLOT] n=169 tx=23 ack=0 due=0 r=1
06:43:23  [AT] "AT+CIPSEND=24" (13)
06:43:23  [AT] " S,159,60B,000,202,P1,4B" (24)
06:43:23  [AT] "SEND OK" (7)
06:43:24  [TX] S,160,60B,000,204,P1,47
06:43:24  [SLOT] n=170 tx=23 ack=0 due=0 r=1
06:43:24  [AT] "AT+CIPSEND=24" (13)
06:43:24  [AT] " S,160,60B,000,204,P1,47" (24)
06:43:24  [AT] "SEND OK" (7)
06:43:25  [TX] S,161,60B,000,205,P1,47
06:43:25  [SLOT] n=171 tx=23 ack=0 due=0 r=1
06:43:25  [AT] "AT+CIPSEND=24" (13)
06:43:25  [AT] " S,161,60B,000,205,P1,47" (24)
06:43:25  [AT] "SEND OK" (7)
06:43:26  [TX] S,162,60B,000,206,P1,47
06:43:26  [SLOT] n=172 tx=23 ack=0 due=0 r=1
06:43:26  [AT] "AT+CIPSEND=24" (13)
06:43:26  [AT] " S,162,60B,000,206,P1,47" (24)
06:43:26  [AT] "SEND OK" (7)
06:43:27  [TX] S,163,60B,000,207,P1,47
06:43:27  [SLOT] n=173 tx=23 ack=0 due=0 r=1
06:43:27  [AT] "AT+CIPSEND=24" (13)
06:43:27  [AT] " S,163,60B,000,207,P1,47" (24)
06:43:27  [AT] "SEND OK" (7)
06:43:29  [TX] S,164,60B,000,208,P1,4F
06:43:29  [SLOT] n=174 tx=23 ack=0 due=0 r=1
06:43:29  [AT] "AT+CIPSEND=24" (13)
06:43:29  [AT] " S,164,60B,000,208,P1,4F" (24)
06:43:29  [AT] "SEND OK" (7)
06:43:30  [TX] S,165,60B,000,210,P1,47
06:43:30  [SLOT] n=175 tx=23 ack=0 due=0 r=1
06:43:30  [AT] "AT+CIPSEND=24" (13)
06:43:30  [AT] " S,165,60B,000,210,P1,47" (24)
06:43:30  [AT] "SEND OK" (7)
06:43:31  [TX] S,166,60B,000,211,P1,45
06:43:31  [SLOT] n=176 tx=23 ack=0 due=0 r=1
06:43:31  [AT] "AT+CIPSEND=24" (13)
06:43:31  [AT] " S,166,60B,000,211,P1,45" (24)
06:43:31  [AT] "SEND OK" (7)
06:43:32  [TX] S,167,60B,000,212,P1,47
06:43:32  [SLOT] n=177 tx=23 ack=0 due=0 r=1
06:43:32  [AT] "AT+CIPSEND=24" (13)
06:43:32  [AT] " S,167,60B,000,212,P1,47" (24)
06:43:32  [AT] "SEND OK" (7)
06:43:33  [TX] S,168,60B,000,213,P1,49
06:43:33  [SLOT] n=178 tx=23 ack=0 due=0 r=1
06:43:33  [AT] "AT+CIPSEND=24" (13)
06:43:33  [AT] " S,168,60B,000,213,P1,49" (24)
06:43:33  [AT] "SEND OK" (7)
06:43:35  [TX] S,169,60B,000,214,P1,4F
06:43:35  [SLOT] n=179 tx=23 ack=0 due=0 r=1
06:43:35  [AT] "AT+CIPSEND=24" (13)
06:43:35  [AT] " S,169,60B,000,214,P1,4F" (24)
06:43:35  [AT] "SEND OK" (7)
06:43:36  [TX] S,170,60B,000,216,P1,45
06:43:36  [SLOT] n=180 tx=23 ack=0 due=0 r=1
06:43:36  [AT] "AT+CIPSEND=24" (13)
06:43:36  [AT] " S,170,60B,000,216,P1,45" (24)
06:43:36  [AT] "SEND OK" (7)
06:43:37  [TX] S,171,60B,000,217,P1,45
06:43:37  [SLOT] n=181 tx=23 ack=0 due=0 r=1
06:43:37  [AT] "AT+CIPSEND=24" (13)
06:43:37  [AT] " S,171,60B,000,217,P1,45" (24)
06:43:37  [AT] "SEND OK" (7)
06:43:38  [TX] S,172,60B,000,218,P1,49
06:43:38  [SLOT] n=182 tx=23 ack=0 due=0 r=1
06:43:38  [AT] "AT+CIPSEND=24" (13)
06:43:38  [AT] " S,172,60B,000,218,P1,49" (24)
06:43:38  [AT] "SEND OK" (7)
06:43:39  [TX] S,173,60B,000,219,P1,49
06:43:39  [SLOT] n=183 tx=23 ack=0 due=0 r=1
06:43:39  [AT] "AT+CIPSEND=24" (13)
06:43:39  [AT] " S,173,60B,000,219,P1,49" (24)
06:43:39  [AT] "SEND OK" (7)
06:43:41  [TX] S,174,60B,000,220,P1,44
06:43:41  [SLOT] n=184 tx=23 ack=0 due=0 r=1
06:43:41  [AT] "AT+CIPSEND=24" (13)
06:43:41  [AT] " S,174,60B,000,220,P1,44" (24)
06:43:41  [AT] "SEND OK" (7)
06:43:42  [TX] S,175,60B,000,222,P1,47
06:43:42  [SLOT] n=185 tx=23 ack=0 due=0 r=1
06:43:42  [AT] "AT+CIPSEND=24" (13)
06:43:42  [AT] " S,175,60B,000,222,P1,47" (24)
06:43:42  [AT] "SEND OK" (7)
06:43:43  [TX] S,176,60B,000,223,P1,45
06:43:43  [SLOT] n=186 tx=23 ack=0 due=0 r=1
06:43:43  [AT] "AT+CIPSEND=24" (13)
06:43:43  [AT] " S,176,60B,000,223,P1,45" (24)
06:43:43  [AT] "SEND OK" (7)
06:43:44  [TX] S,177,60B,000,224,P1,43
06:43:44  [SLOT] n=187 tx=23 ack=0 due=0 r=1
06:43:44  [AT] "AT+CIPSEND=24" (13)
06:43:44  [AT] " S,177,60B,000,224,P1,43" (24)
06:43:44  [AT] "SEND OK" (7)
06:43:45  [TX] S,178,60B,000,225,P1,4D
06:43:45  [SLOT] n=188 tx=23 ack=0 due=0 r=1
06:43:45  [AT] "AT+CIPSEND=24" (13)
06:43:45  [AT] " S,178,60B,000,225,P1,4D" (24)
06:43:45  [AT] "SEND OK" (7)
06:43:47  [TX] S,179,60B,000,226,P1,4F
06:43:47  [SLOT] n=189 tx=23 ack=0 due=0 r=1
06:43:47  [AT] "AT+CIPSEND=24" (13)
06:43:47  [AT] " S,179,60B,000,226,P1,4F" (24)
06:43:47  [AT] "SEND OK" (7)
06:43:48  [TX] S,180,60B,000,228,P1,47
06:43:48  [SLOT] n=190 tx=23 ack=0 due=0 r=1
06:43:48  [AT] "AT+CIPSEND=24" (13)
06:43:48  [AT] " S,180,60B,000,228,P1,47" (24)
06:43:48  [AT] "SEND OK" (7)
06:43:49  [TX] S,181,60B,000,229,P1,47
06:43:49  [SLOT] n=191 tx=23 ack=0 due=0 r=1
06:43:49  [AT] "AT+CIPSEND=24" (13)
06:43:49  [AT] " S,181,60B,000,229,P1,47" (24)
06:43:49  [AT] "SEND OK" (7)
06:43:50  [TX] S,182,60B,000,230,P1,4C
06:43:50  [SLOT] n=192 tx=23 ack=0 due=0 r=1
06:43:50  [AT] "AT+CIPSEND=24" (13)
06:43:50  [AT] " S,182,60B,000,230,P1,4C" (24)
06:43:50  [AT] "SEND OK" (7)
06:43:51  [TX] S,183,60B,000,231,P1,4C
06:43:51  [SLOT] n=193 tx=23 ack=0 due=0 r=1
06:43:51  [AT] "AT+CIPSEND=24" (13)
06:43:51  [AT] " S,183,60B,000,231,P1,4C" (24)
06:43:51  [AT] "SEND OK" (7)
06:43:53  [TX] S,184,60B,000,232,P1,48
06:43:53  [SLOT] n=194 tx=23 ack=0 due=0 r=1
06:43:53  [AT] "AT+CIPSEND=24" (13)
06:43:53  [AT] " S,184,60B,000,232,P1,48" (24)
06:43:53  [AT] "SEND OK" (7)
06:43:54  [TX] S,185,60B,000,234,P1,4F
06:43:54  [SLOT] n=195 tx=23 ack=0 due=0 r=1
06:43:54  [AT] "AT+CIPSEND=24" (13)
06:43:54  [AT] " S,185,60B,000,234,P1,4F" (24)
06:43:54  [AT] "SEND OK" (7)
06:43:55  [TX] S,186,60B,000,235,P1,4D
06:43:55  [SLOT] n=196 tx=23 ack=0 due=0 r=1
06:43:55  [AT] "AT+CIPSEND=24" (13)
06:43:55  [AT] " S,186,60B,000,235,P1,4D" (24)
06:43:55  [AT] "SEND OK" (7)
06:43:56  [TX] S,187,60B,000,236,P1,4F
06:43:56  [SLOT] n=197 tx=23 ack=0 due=0 r=1
06:43:56  [AT] "AT+CIPSEND=24" (13)
06:43:56  [AT] " S,187,60B,000,236,P1,4F" (24)
06:43:56  [AT] "SEND OK" (7)
06:43:57  [TX] S,188,60B,000,237,P1,41
06:43:57  [SLOT] n=198 tx=23 ack=0 due=0 r=1
06:43:57  [AT] "AT+CIPSEND=24" (13)
06:43:57  [AT] " S,188,60B,000,237,P1,41" (24)
06:43:57  [AT] "SEND OK" (7)
06:43:58  «tap» 살아있음 — 최근 60초 rx=7891B (이 줄이 끊기면 탭이 죽은 것이다)
06:43:59  [TX] S,189,60B,000,238,P1,4F
06:43:59  [SLOT] n=199 tx=23 ack=0 due=0 r=1
06:43:59  [AT] "AT+CIPSEND=24" (13)
06:43:59  [AT] " S,189,60B,000,238,P1,4F" (24)
06:43:59  [AT] "SEND OK" (7)
06:44:00  [TX] S,190,60B,000,240,P1,48
06:44:00  [SLOT] n=200 tx=23 ack=0 due=0 r=1
06:44:00  [CNT] up=240 drop=0 esprst=0 resync=0 sendfail=0 okto=0 stuck=0 ackq=0 ackdrop=0 ackstale=0 slot=200 oow=4 smiss=0 ssovf=0 cksumng=0 okstream=190 penddrop=0 pendfill=191 bigfill=1 bigdrop=0 bigokst=1 oklost=0 bigoklost=0 skip=2 online=1
06:44:00  [RAM] 최저 여유 587 B · 프롬프트 재동기 0회 (서버의 '버린줄' 과 맞아야 한다)
06:44:00  [AT] " S,190,60B,000,240,P1,48" (24)
06:44:00  [AT] "SEND OK" (7)
06:44:00  [AT] "AT+CIPSEND=24" (13)
06:44:01  [TX] S,191,60B,000,241,P1,48
06:44:01  [SLOT] n=201 tx=23 ack=0 due=0 r=1
06:44:01  [AT] "AT+CIPSEND=24" (13)
06:44:01  [AT] " S,191,60B,000,241,P1,48" (24)
06:44:01  [AT] "SEND OK" (7)
06:44:02  [TX] S,192,60B,000,242,P1,48
06:44:02  [SLOT] n=202 tx=23 ack=0 due=0 r=1
06:44:02  [AT] "AT+CIPSEND=24" (13)
06:44:02  [AT] " S,192,60B,000,242,P1,48" (24)
06:44:02  [AT] "SEND OK" (7)
06:44:03  [TX] S,193,60B,000,243,P1,48
06:44:03  [SLOT] n=203 tx=23 ack=0 due=0 r=1
06:44:03  [AT] "AT+CIPSEND=24" (13)
06:44:03  [AT] " S,193,60B,000,243,P1,48" (24)
06:44:03  [AT] "SEND OK" (7)
06:44:05  [TX] S,194,60B,000,244,P1,48
06:44:05  [SLOT] n=204 tx=23 ack=0 due=0 r=1
06:44:05  [AT] "AT+CIPSEND=24" (13)
06:44:05  [AT] " S,194,60B,000,244,P1,48" (24)
06:44:05  [AT] "SEND OK" (7)
06:44:06  [TX] S,195,60B,000,246,P1,4B
06:44:06  [SLOT] n=205 tx=23 ack=0 due=0 r=1
06:44:06  [AT] "AT+CIPSEND=24" (13)
06:44:06  [AT] " S,195,60B,000,246,P1,4B" (24)
06:44:06  [AT] "SEND OK" (7)
06:44:07  [TX] S,196,60B,000,247,P1,49
06:44:07  [SLOT] n=206 tx=23 ack=0 due=0 r=1
06:44:07  [AT] "AT+CIPSEND=24" (13)
06:44:07  [AT] " S,196,60B,000,247,P1,49" (24)
06:44:07  [AT] "SEND OK" (7)
06:44:08  [TX] S,197,60B,000,248,P1,47
06:44:08  [SLOT] n=207 tx=23 ack=0 due=0 r=1
06:44:08  [AT] "AT+CIPSEND=24" (13)
06:44:08  [AT] " S,197,60B,000,248,P1,47" (24)
06:44:08  [AT] "SEND OK" (7)
06:44:09  [TX] S,198,60B,000,249,P1,49
06:44:09  [SLOT] n=208 tx=23 ack=0 due=0 r=1
06:44:09  [AT] "AT+CIPSEND=24" (13)
06:44:09  [AT] " S,198,60B,000,249,P1,49" (24)
06:44:09  [AT] "SEND OK" (7)
06:44:11  [TX] S,199,60B,000,250,P1,40
06:44:11  [SLOT] n=209 tx=23 ack=0 due=0 r=1
06:44:11  [AT] "AT+CIPSEND=24" (13)
06:44:11  [AT] " S,199,60B,000,250,P1,40" (24)
06:44:11  [AT] "SEND OK" (7)
06:44:13  [TX] S,200,60B,000,252,P1,41
06:44:13  [SLOT] n=210 tx=23 ack=0 due=0 r=1
06:44:13  [AT] "AT+CIPSEND=24" (13)
06:44:13  [AT] " S,200,60B,000,252,P1,41" (24)
06:44:13  [AT] "SEND OK" (7)
06:44:14  [TX] S,201,60B,000,253,P1,41
06:44:14  [SLOT] n=211 tx=23 ack=0 due=0 r=1
06:44:14  [AT] "AT+CIPSEND=24" (13)
06:44:14  [AT] " S,201,60B,000,253,P1,41" (24)
06:44:14  [AT] "SEND OK" (7)
06:44:15  [TX] S,202,60B,000,254,P1,45
06:44:15  [SLOT] n=212 tx=23 ack=0 due=0 r=1
06:44:15  [AT] "AT+CIPSEND=24" (13)
06:44:15  [AT] " S,202,60B,000,254,P1,45" (24)
06:44:15  [AT] "SEND OK" (7)
06:44:16  [TX] S,203,60B,000,255,P1,45
06:44:16  [SLOT] n=213 tx=23 ack=0 due=0 r=1
06:44:16  [AT] "AT+CIPSEND=24" (13)
06:44:16  [AT] " S,203,60B,000,255,P1,45" (24)
06:44:16  [AT] "SEND OK" (7)
06:44:18  [TX] S,204,60B,000,256,P1,41
06:44:18  [SLOT] n=214 tx=23 ack=0 due=0 r=1
06:44:18  [AT] "AT+CIPSEND=24" (13)
06:44:18  [AT] " S,204,60B,000,256,P1,41" (24)
06:44:18  [AT] "SEND OK" (7)
06:44:19  [TX] S,205,60B,000,258,P1,4E
06:44:19  [SLOT] n=215 tx=23 ack=0 due=0 r=1
06:44:19  [AT] "AT+CIPSEND=24" (13)
06:44:19  [AT] " S,205,60B,000,258,P1,4E" (24)
06:44:19  [AT] "SEND OK" (7)
06:44:20  [TX] S,206,60B,000,259,P1,4C
06:44:20  [SLOT] n=216 tx=23 ack=0 due=0 r=1
06:44:20  [AT] "AT+CIPSEND=24" (13)
06:44:20  [AT] " S,206,60B,000,259,P1,4C" (24)
06:44:20  [AT] "SEND OK" (7)
06:44:21  [TX] S,207,60B,000,260,P1,47
06:44:21  [SLOT] n=217 tx=23 ack=0 due=0 r=1
06:44:21  [AT] "AT+CIPSEND=24" (13)
06:44:21  [AT] " S,207,60B,000,260,P1,47" (24)
06:44:21  [AT] "SEND OK" (7)
06:44:22  [TX] S,208,60B,000,261,P1,49
06:44:22  [SLOT] n=218 tx=23 ack=0 due=0 r=1
06:44:22  [AT] "AT+CIPSEND=24" (13)
06:44:22  [AT] " S,208,60B,000,261,P1,49" (24)
06:44:22  [AT] "SEND OK" (7)
06:44:24  [TX] S,209,60B,000,262,P1,4B
06:44:24  [SLOT] n=219 tx=23 ack=0 due=0 r=1
06:44:24  [AT] "AT+CIPSEND=24" (13)
06:44:24  [AT] " S,209,60B,000,262,P1,4B" (24)
06:44:24  [AT] "SEND OK" (7)
06:44:25  [TX] S,210,60B,000,264,P1,45
06:44:25  [SLOT] n=220 tx=23 ack=0 due=0 r=1
06:44:25  [AT] "AT+CIPSEND=24" (13)
06:44:25  [AT] " S,210,60B,000,264,P1,45" (24)
06:44:25  [AT] "SEND OK" (7)
06:44:26  [TX] S,211,60B,000,265,P1,45
06:44:26  [SLOT] n=221 tx=23 ack=0 due=0 r=1
06:44:26  [AT] "AT+CIPSEND=24" (13)
06:44:26  [AT] " S,211,60B,000,265,P1,45" (24)
06:44:26  [AT] "SEND OK" (7)
06:44:27  [TX] S,212,60B,000,266,P1,45
06:44:27  [SLOT] n=222 tx=23 ack=0 due=0 r=1
06:44:27  [AT] "AT+CIPSEND=24" (13)
06:44:28  [AT] " S,212,60B,000,266,P1,45" (24)
06:44:28  [AT] "SEND OK" (7)
06:44:28  [TX] S,213,60B,000,267,P1,45
06:44:28  [SLOT] n=223 tx=23 ack=0 due=0 r=1
06:44:28  [AT] "AT+CIPSEND=24" (13)
06:44:28  [AT] " S,213,60B,000,267,P1,45" (24)
06:44:28  [AT] "SEND OK" (7)
06:44:30  [TX] S,214,60B,000,268,P1,4D
06:44:30  [SLOT] n=224 tx=23 ack=0 due=0 r=1
06:44:30  [AT] "AT+CIPSEND=24" (13)
06:44:30  [AT] " S,214,60B,000,268,P1,4D" (24)
06:44:30  [AT] "SEND OK" (7)
06:44:31  [TX] S,215,60B,000,270,P1,45
06:44:31  [SLOT] n=225 tx=23 ack=0 due=0 r=1
06:44:31  [AT] "AT+CIPSEND=24" (13)
06:44:31  [AT] " S,215,60B,000,270,P1,45" (24)
06:44:31  [AT] "SEND OK" (7)
06:44:32  [TX] S,216,60B,000,271,P1,47
06:44:32  [SLOT] n=226 tx=23 ack=0 due=0 r=1
06:44:32  [AT] "AT+CIPSEND=24" (13)
06:44:32  [AT] " S,216,60B,000,271,P1,47" (24)
06:44:32  [AT] "SEND OK" (7)
06:44:33  [TX] S,217,60B,000,272,P1,45
06:44:33  [SLOT] n=227 tx=23 ack=0 due=0 r=1
06:44:33  [AT] "AT+CIPSEND=24" (13)
06:44:33  [AT] " S,217,60B,000,272,P1,45" (24)
06:44:33  [AT] "SEND OK" (7)
06:44:34  [TX] S,218,60B,000,273,P1,4B
06:44:34  [SLOT] n=228 tx=23 ack=0 due=0 r=1
06:44:34  [AT] "AT+CIPSEND=24" (13)
06:44:34  [AT] " S,218,60B,000,273,P1,4B" (24)
06:44:34  [AT] "SEND OK" (7)
06:44:36  [TX] S,219,60B,000,274,P1,4D
06:44:36  [SLOT] n=229 tx=23 ack=0 due=0 r=1
06:44:36  [AT] "AT+CIPSEND=24" (13)
06:44:36  [AT] " S,219,60B,000,274,P1,4D" (24)
06:44:36  [AT] "SEND OK" (7)
06:44:37  [TX] S,220,60B,000,276,P1,45
06:44:37  [SLOT] n=230 tx=23 ack=0 due=0 r=1
06:44:37  [AT] "AT+CIPSEND=24" (13)
06:44:37  [AT] " S,220,60B,000,276,P1,45" (24)
06:44:37  [AT] "SEND OK" (7)
06:44:38  [TX] S,221,60B,000,277,P1,45
06:44:38  [SLOT] n=231 tx=23 ack=0 due=0 r=1
06:44:38  [AT] "AT+CIPSEND=24" (13)
06:44:38  [AT] " S,221,60B,000,277,P1,45" (24)
06:44:38  [AT] "SEND OK" (7)
06:44:39  [TX] S,222,60B,000,278,P1,49
06:44:39  [SLOT] n=232 tx=23 ack=0 due=0 r=1
06:44:39  [AT] "AT+CIPSEND=24" (13)
06:44:39  [AT] " S,222,60B,000,278,P1,49" (24)
06:44:39  [AT] "SEND OK" (7)
06:44:40  [TX] S,223,60B,000,279,P1,49
06:44:40  [SLOT] n=233 tx=23 ack=0 due=0 r=1
06:44:40  [AT] "AT+CIPSEND=24" (13)
06:44:40  [AT] " S,223,60B,000,279,P1,49" (24)
06:44:40  [AT] "SEND OK" (7)
06:44:42  [TX] S,224,60B,000,280,P1,48
06:44:42  [SLOT] n=234 tx=23 ack=0 due=0 r=1
06:44:42  [AT] "AT+CIPSEND=24" (13)
06:44:42  [AT] " S,224,60B,000,280,P1,48" (24)
06:44:42  [AT] "SEND OK" (7)
06:44:43  [TX] S,225,60B,000,282,P1,4B
06:44:43  [SLOT] n=235 tx=23 ack=0 due=0 r=1
06:44:43  [AT] "AT+CIPSEND=24" (13)
06:44:43  [AT] " S,225,60B,000,282,P1,4B" (24)
06:44:43  [AT] "SEND OK" (7)
06:44:44  [TX] S,226,60B,000,283,P1,49
06:44:44  [SLOT] n=236 tx=23 ack=0 due=0 r=1
06:44:44  [AT] "AT+CIPSEND=24" (13)
06:44:44  [AT] " S,226,60B,000,283,P1,49" (24)
06:44:44  [AT] "SEND OK" (7)
06:44:45  [TX] S,227,60B,000,284,P1,4F
06:44:45  [SLOT] n=237 tx=23 ack=0 due=0 r=1
06:44:45  [AT] "AT+CIPSEND=24" (13)
06:44:45  [AT] " S,227,60B,000,284,P1,4F" (24)
06:44:45  [AT] "SEND OK" (7)
06:44:46  [TX] S,228,60B,000,285,P1,41
06:44:46  [SLOT] n=238 tx=23 ack=0 due=0 r=1
06:44:46  [AT] "AT+CIPSEND=24" (13)
06:44:46  [AT] " S,228,60B,000,285,P1,41" (24)
06:44:46  [AT] "SEND OK" (7)
06:44:48  [TX] S,229,60B,000,286,P1,43
06:44:48  [SLOT] n=239 tx=23 ack=0 due=0 r=1
06:44:48  [AT] "AT+CIPSEND=24" (13)
06:44:48  [AT] " S,229,60B,000,286,P1,43" (24)
06:44:48  [AT] "SEND OK" (7)
06:44:49  [TX] S,230,60B,000,288,P1,45
06:44:49  [SLOT] n=240 tx=23 ack=0 due=0 r=1
06:44:49  [AT] "AT+CIPSEND=24" (13)
06:44:49  [AT] " S,230,60B,000,288,P1,45" (24)
06:44:49  [AT] "SEND OK" (7)
06:44:50  [TX] S,231,60B,000,289,P1,45
06:44:50  [SLOT] n=241 tx=23 ack=0 due=0 r=1
06:44:50  [AT] "AT+CIPSEND=24" (13)
06:44:50  [AT] " S,231,60B,000,289,P1,45" (24)
06:44:50  [AT] "SEND OK" (7)
06:44:51  [TX] S,232,60B,000,290,P1,4E
06:44:51  [SLOT] n=242 tx=23 ack=0 due=0 r=1
06:44:51  [AT] "AT+CIPSEND=24" (13)
06:44:51  [AT] " S,232,60B,000,290,P1,4E" (24)
06:44:51  [AT] "SEND OK" (7)
06:44:52  [TX] S,233,60B,000,291,P1,4E
06:44:52  [SLOT] n=243 tx=23 ack=0 due=0 r=1
06:44:52  [AT] "AT+CIPSEND=24" (13)
06:44:52  [AT] " S,233,60B,000,291,P1,4E" (24)
06:44:52  [AT] "SEND OK" (7)
06:44:54  [TX] S,234,60B,000,292,P1,4A
06:44:54  [SLOT] n=244 tx=23 ack=0 due=0 r=1
06:44:54  [AT] "AT+CIPSEND=24" (13)
06:44:54  [AT] " S,234,60B,000,292,P1,4A" (24)
06:44:54  [AT] "SEND OK" (7)
06:44:55  [TX] S,235,60B,000,294,P1,4D
06:44:55  [SLOT] n=245 tx=23 ack=0 due=0 r=1
06:44:55  [AT] "AT+CIPSEND=24" (13)
06:44:55  [AT] " S,235,60B,000,294,P1,4D" (24)
06:44:55  [AT] "SEND OK" (7)
06:44:56  [TX] S,236,60B,000,295,P1,4F
06:44:56  [SLOT] n=246 tx=23 ack=0 due=0 r=1
06:44:56  [AT] "AT+CIPSEND=24" (13)
06:44:56  [AT] " S,236,60B,000,295,P1,4F" (24)
06:44:56  [AT] "SEND OK" (7)
06:44:57  [TX] S,237,60B,000,296,P1,4D
06:44:57  [SLOT] n=247 tx=23 ack=0 due=0 r=1
06:44:57  [AT] "AT+CIPSEND=24" (13)
06:44:58  [AT] " S,237,60B,000,296,P1,4D" (24)
06:44:58  [AT] "SEND OK" (7)
06:44:58  [TX] S,238,60B,000,297,P1,43
06:44:58  [SLOT] n=248 tx=23 ack=0 due=0 r=1
06:44:58  [AT] "AT+CIPSEND=24" (13)
06:44:58  [AT] " S,238,60B,000,297,P1,43" (24)
06:44:58  [AT] "SEND OK" (7)
06:44:59  «tap» 살아있음 — 최근 60초 rx=7891B (이 줄이 끊기면 탭이 죽은 것이다)
06:45:00  [TX] S,239,60B,000,298,P1,4D
06:45:00  [SLOT] n=249 tx=23 ack=0 due=0 r=1
06:45:00  [AT] "AT+CIPSEND=24" (13)
06:45:00  [AT] " S,239,60B,000,298,P1,4D" (24)
06:45:00  [AT] "SEND OK" (7)
06:45:01  [TX] S,240,60B,000,300,P1,43
06:45:01  [SLOT] n=250 tx=23 ack=0 due=0 r=1
06:45:01  [CNT] up=300 drop=0 esprst=0 resync=0 sendfail=0 okto=0 stuck=0 ackq=0 ackdrop=0 ackstale=0 slot=250 oow=4 smiss=0 ssovf=0 cksumng=0 okstream=240 penddrop=0 pendfill=241 bigfill=1 bigdrop=0 bigokst=1 oklost=0 bigoklost=0 skip=2 online=1
06:45:01  [RAM] 최저 여유 587 B · 프롬프트 재동기 0회 (서버의 '버린줄' 과 맞아야 한다)
06:45:01  [AT] " S,240,60B,000,300,P1,43" (24)
06:45:01  [AT] "SEND OK" (7)
06:45:01  [AT] "AT+CIPSEND=24" (13)
06:45:02  [TX] S,241,60B,000,301,P1,43
06:45:02  [SLOT] n=251 tx=23 ack=0 due=0 r=1
06:45:02  [AT] "AT+CIPSEND=24" (13)
06:45:02  [AT] " S,241,60B,000,301,P1,43" (24)
06:45:02  [AT] "SEND OK" (7)
06:45:03  [TX] S,242,60B,000,302,P1,43
06:45:03  [SLOT] n=252 tx=23 ack=0 due=0 r=1
06:45:03  [AT] "AT+CIPSEND=24" (13)
06:45:03  [AT] " S,242,60B,000,302,P1,43" (24)
06:45:03  [AT] "SEND OK" (7)
06:45:04  [TX] S,243,60B,000,303,P1,43
06:45:04  [SLOT] n=253 tx=23 ack=0 due=0 r=1
06:45:04  [AT] "AT+CIPSEND=24" (13)
06:45:04  [AT] " S,243,60B,000,303,P1,43" (24)
06:45:04  [AT] "SEND OK" (7)
06:45:05  [TX] S,244,60B,000,304,P1,43
06:45:06  [SLOT] n=254 tx=23 ack=0 due=0 r=1
06:45:06  [AT] "AT+CIPSEND=24" (13)
06:45:06  [AT] " S,244,60B,000,304,P1,43" (24)
06:45:06  [AT] "SEND OK" (7)
06:45:07  [TX] S,245,60B,000,306,P1,40
06:45:07  [SLOT] n=255 tx=23 ack=0 due=0 r=1
06:45:07  [AT] "AT+CIPSEND=24" (13)
06:45:07  [AT] " S,245,60B,000,306,P1,40" (24)
06:45:07  [AT] "SEND OK" (7)
06:45:08  [TX] S,246,60B,000,307,P1,42
06:45:08  [SLOT] n=256 tx=23 ack=0 due=0 r=1
06:45:08  [AT] "AT+CIPSEND=24" (13)
06:45:08  [AT] " S,246,60B,000,307,P1,42" (24)
06:45:08  [AT] "SEND OK" (7)
06:45:09  [TX] S,247,60B,000,308,P1,4C
06:45:09  [SLOT] n=257 tx=23 ack=0 due=0 r=1
06:45:09  [AT] "AT+CIPSEND=24" (13)
06:45:09  [AT] " S,247,60B,000,308,P1,4C" (24)
06:45:09  [AT] "SEND OK" (7)
06:45:10  [TX] S,248,60B,000,309,P1,42
06:45:10  [SLOT] n=258 tx=23 ack=0 due=0 r=1
06:45:10  [AT] "AT+CIPSEND=24" (13)
06:45:10  [AT] " S,248,60B,000,309,P1,42" (24)
06:45:10  [AT] "SEND OK" (7)
06:45:11  [TX] S,249,60B,000,310,P1,4B
06:45:11  [SLOT] n=259 tx=23 ack=0 due=0 r=1
06:45:12  [AT] "AT+CIPSEND=24" (13)
06:45:12  [AT] " S,249,60B,000,310,P1,4B" (24)
06:45:12  [AT] "SEND OK" (7)
06:45:13  [TX] S,250,60B,000,312,P1,41
06:45:13  [SLOT] n=260 tx=23 ack=0 due=0 r=1
06:45:13  [AT] "AT+CIPSEND=24" (13)
06:45:13  [AT] " S,250,60B,000,312,P1,41" (24)
06:45:13  [AT] "SEND OK" (7)
06:45:14  [TX] S,251,60B,000,313,P1,41
06:45:14  [SLOT] n=261 tx=23 ack=0 due=0 r=1
06:45:14  [AT] "AT+CIPSEND=24" (13)
06:45:14  [AT] " S,251,60B,000,313,P1,41" (24)
06:45:14  [AT] "SEND OK" (7)
06:45:15  [TX] S,252,60B,000,314,P1,45
06:45:15  [SLOT] n=262 tx=23 ack=0 due=0 r=1
06:45:15  [AT] "AT+CIPSEND=24" (13)
06:45:15  [AT] " S,252,60B,000,314,P1,45" (24)
06:45:15  [AT] "SEND OK" (7)
06:45:16  [TX] S,253,60B,000,315,P1,45
06:45:16  [SLOT] n=263 tx=23 ack=0 due=0 r=1
06:45:16  [AT] "AT+CIPSEND=24" (13)
06:45:16  [AT] " S,253,60B,000,315,P1,45" (24)
06:45:16  [AT] "SEND OK" (7)
06:45:17  [TX] S,254,60B,000,316,P1,41
06:45:17  [SLOT] n=264 tx=23 ack=0 due=0 r=1
06:45:17  [AT] "AT+CIPSEND=24" (13)
06:45:18  [AT] " S,254,60B,000,316,P1,41" (24)
06:45:18  [AT] "SEND OK" (7)
06:45:19  [TX] S,255,60B,000,318,P1,4E
06:45:19  [SLOT] n=265 tx=23 ack=0 due=0 r=1
06:45:19  [AT] "AT+CIPSEND=24" (13)
06:45:19  [AT] " S,255,60B,000,318,P1,4E" (24)
06:45:19  [AT] "SEND OK" (7)
06:45:20  [TX] S,256,60B,000,319,P1,4C
06:45:20  [SLOT] n=266 tx=23 ack=0 due=0 r=1
06:45:20  [AT] "AT+CIPSEND=24" (13)
06:45:20  [AT] " S,256,60B,000,319,P1,4C" (24)
06:45:20  [AT] "SEND OK" (7)
06:45:21  [TX] S,257,60B,000,320,P1,47
06:45:21  [SLOT] n=267 tx=23 ack=0 due=0 r=1
06:45:21  [AT] "AT+CIPSEND=24" (13)
06:45:21  [AT] " S,257,60B,000,320,P1,47" (24)
06:45:21  [AT] "SEND OK" (7)
06:45:22  [TX] S,258,60B,000,321,P1,49
06:45:22  [SLOT] n=268 tx=23 ack=0 due=0 r=1
06:45:22  [AT] "AT+CIPSEND=24" (13)
06:45:22  [AT] " S,258,60B,000,321,P1,49" (24)
06:45:22  [AT] "SEND OK" (7)
06:45:23  [TX] S,259,60B,000,322,P1,4B
06:45:23  [SLOT] n=269 tx=23 ack=0 due=0 r=1
06:45:23  [AT] "AT+CIPSEND=24" (13)
06:45:24  [AT] " S,259,60B,000,322,P1,4B" (24)
06:45:24  [AT] "SEND OK" (7)
06:45:25  [TX] S,260,60B,000,324,P1,47
06:45:25  [SLOT] n=270 tx=23 ack=0 due=0 r=1
06:45:25  [AT] "AT+CIPSEND=24" (13)
06:45:25  [AT] " S,260,60B,000,324,P1,47" (24)
06:45:25  [AT] "SEND OK" (7)
06:45:26  «tap» 캡처 종료 — SIGTERM 수신. 이 줄이 이 로그의 마지막 경계다.
