12:04:31  «tap» 캡처 시작 — port=/dev/cu.usbmodem21201 baud=115200 pid=94036 date=2026-08-19 12:04:31
12:04:31  «tap» ⚠ 이 시각에 DTR 로 보드가 리셋된다 — 분석에서 '우리가 만든 리셋'으로 표시할 것
12:04:31  «tap» 포트 열림 (dsrdtr=False)
12:04:33  
12:04:33  [PARKING NODE] proto v1 / 10 slots / dev=P1
12:04:33  [BOOT] 리셋 원인: 불명 (부트로더가 MCUSR 을 지우고 넘어왔다)
12:04:33  [BOOT] 사다리 4단(ESP 하드리셋선) 미배선 — A2 를 ESP RST 에 물리고 ESP_RST_WIRED=1 · 6단(워치독) 끔
12:04:34  [NET] 0 RST
12:04:34  [AT] "AT+RST" (6)
12:04:34  [AT] "OK" (2)
12:04:34  [AT] "bB\xD6\x86@\xF9Rc\xE2\xFER\x89:\x97`B\xCE\xFF\xCA\xC9\xA5\x9D\x1C\xFF\xC2I\x8D" (27)
12:04:34  [AT] "[System Ready, Vendor:www.ai-thinker.com]" (41)
12:04:36  [NET] 1 CWMODE=1
12:04:36  [AT] "AT+CWMODE=1" (11)
12:04:36  [AT] "no change" (9)
12:04:36  [DIAG] offline step=2 사다리=0/0 rx=112 lines=6 up=3s
12:04:37  [NET] 2 CWJAP (응답까지 최대 30초 기다린다)
12:04:37  [AT] "AT+CWJAP="3F_302","0424719222!!"" (32)
12:04:39  [DIAG] offline step=2 사다리=0/0 rx=147 lines=7 up=6s
12:04:42  [DIAG] offline step=2 사다리=0/0 rx=147 lines=7 up=9s
12:04:45  [DIAG] offline step=2 사다리=0/0 rx=147 lines=7 up=12s
12:04:46  [AT] "OK" (2)
12:04:46  [NET] CWJAP OK — 결합됐다. IP 를 실제로 받았는지 CIFSR 로 확인한다
12:04:47  [NET] 3 CIFSR (IP 를 실제로 받았는가)
12:04:47  [AT] "AT+CIFSR" (8)
12:04:47  [AT] "192.168.0.214" (13)
12:04:47  [NET] ★ IP 확보: 192.168.0.214
12:04:47  [AT] "OK" (2)
12:04:47  [NET] 4 CIPMUX=0
12:04:47  [AT] "AT+CIPMUX=0" (11)
12:04:47  [AT] "OK" (2)
12:04:47  [NET] CIPMUX=0 적용됨 → CIPSTART
12:04:47  [NET] 5 CIPSTART
12:04:47  [AT] "AT+CIPSTART="TCP","192.168.0.29",9991" (37)
12:04:48  [DIAG] offline step=5 사다리=0/0 rx=245 lines=14 up=15s
12:04:49  [AT] "ERROR" (5)
12:04:49  [AT] "Unlink" (6)
12:04:50  [NET] 3 CIFSR (IP 를 실제로 받았는가)
12:04:50  [AT] "AT+CIFSR" (8)
12:04:50  [AT] "0.0.0.0" (7)
12:04:50  [NET] ★ ESP 가 IP 를 잃었다 — 모듈 리셋으로 본다. 누적 사건 1
12:04:50  [AT] "OK" (2)
12:04:51  [DIAG] offline step=3 사다리=0/0 rx=288 lines=19 up=18s
12:04:52  [NET] 3 CIFSR (IP 를 실제로 받았는가)
12:04:52  [AT] "AT+CIFSR" (8)
12:04:52  [AT] "0.0.0.0" (7)
12:04:52  [AT] "OK" (2)
12:04:54  [DIAG] offline step=3 사다리=0/0 rx=314 lines=22 up=21s
12:04:55  [NET] 3 CIFSR (IP 를 실제로 받았는가)
12:04:55  [NET] CIFSR 3회에도 IP 가 없다 → CWJAP 부터 다시
12:04:55  [LADDER] 실패(CWJAP FAIL) CWJAP소요 17s · 연속 0회 · 결합유지 8s · 현재 0단(0회 누적)
12:04:55  [LADDER] ↑↑ 단 상승 → 1단
12:04:55  [LADDER] 1단 조치: 시리얼 드레인 26바이트 버림 + 줄 조립 초기화
12:04:56  [NET] 2 CWJAP (응답까지 최대 30초 기다린다)
12:04:56  [AT] "AT+CWJAP="3F_302","0424719222!!"" (32)
12:04:57  [DIAG] offline step=2 사다리=1/0 rx=349 lines=23 up=24s
12:05:00  [DIAG] offline step=2 사다리=1/0 rx=349 lines=23 up=27s
12:05:03  [DIAG] offline step=2 사다리=1/0 rx=349 lines=23 up=30s
12:05:06  [DIAG] offline step=2 사다리=1/0 rx=349 lines=23 up=33s
12:05:09  [DIAG] offline step=2 사다리=1/0 rx=349 lines=23 up=36s
12:05:11  [AT] "FAIL" (4)
12:05:11  [NET] ★ CWJAP 실패 1회 (구형 펌웨어는 사유를 주지 않는다)
12:05:11  [LADDER] 실패(CWJAP FAIL) CWJAP소요 15s · 연속 1회 · 결합유지 없음 · 현재 1단(0회 누적)
12:05:11  [LADDER] 1단 조치: 시리얼 드레인 0바이트 버림 + 줄 조립 초기화
12:05:11  [NET] 3 CIFSR (IP 를 실제로 받았는가)
12:05:11  [AT] "AT+CIFSR" (8)
12:05:11  [AT] "0.0.0.0" (7)
12:05:11  [AT] "OK" (2)
12:05:12  [DIAG] offline step=3 사다리=1/1 rx=383 lines=27 up=39s
12:05:14  [NET] 3 CIFSR (IP 를 실제로 받았는가)
12:05:14  [AT] "AT+CIFSR" (8)
12:05:14  [AT] "0.0.0.0" (7)
12:05:14  [AT] "OK" (2)
12:05:15  [DIAG] offline step=3 사다리=1/1 rx=409 lines=30 up=42s
12:05:16  [NET] 3 CIFSR (IP 를 실제로 받았는가)
12:05:16  [NET] CIFSR 3회에도 IP 가 없다 → CWJAP 부터 다시
12:05:16  [LADDER] 실패(CWJAP FAIL) CWJAP소요 20s · 연속 1회 · 결합유지 없음 · 현재 1단(1회 누적)
12:05:16  [LADDER] ↑↑ 단 상승 → 2단
12:05:16  [LADDER] 2단 조치: 5초 쉬고 AT+CWQAP 로 결합을 명시적으로 끊은 뒤 다시 붙는다
12:05:16  [AT] "AT+CIFSR" (8)
12:05:16  [AT] "0.0.0.0" (7)
12:05:16  [AT] "OK" (2)
12:05:18  [DIAG] offline step=10 사다리=2/0 rx=435 lines=33 up=45s
12:05:21  [DIAG] offline step=10 사다리=2/0 rx=435 lines=33 up=48s
12:05:21  [NET] 10 CWQAP (결합 해제 — 사다리 2단)
12:05:21  [AT] "AT+CWQAP" (8)
12:05:21  [AT] "OK" (2)
12:05:21  [LADDER] 2단: 결합 해제 완료 → 깨끗한 상태에서 CWJAP 재시도
12:05:22  [NET] 2 CWJAP (응답까지 최대 30초 기다린다)
12:05:22  [AT] "AT+CWJAP="3F_302","0424719222!!"" (32)
12:05:24  [DIAG] offline step=2 사다리=2/0 rx=487 lines=36 up=51s
12:05:27  [DIAG] offline step=2 사다리=2/0 rx=487 lines=36 up=54s
12:05:27  [AT] "OK" (2)
12:05:27  [NET] CWJAP OK — 결합됐다. IP 를 실제로 받았는지 CIFSR 로 확인한다
12:05:27  [NET] 3 CIFSR (IP 를 실제로 받았는가)
12:05:27  [AT] "AT+CIFSR" (8)
12:05:27  [AT] "192.168.0.214" (13)
12:05:27  [NET] ★ IP 확보: 192.168.0.214
12:05:27  [AT] "OK" (2)
12:05:28  [NET] 4 CIPMUX=0
12:05:28  [AT] "AT+CIPMUX=0" (11)
12:05:28  [AT] "OK" (2)
12:05:28  [NET] CIPMUX=0 적용됨 → CIPSTART
12:05:28  [NET] 5 CIPSTART
12:05:28  [AT] "AT+CIPSTART="TCP","192.168.0.29",9991" (37)
12:05:28  [AT] "OK" (2)
12:05:28  [AT] "Linked" (6)
12:05:28  [NET] online (CONNECT) + 캐시 비움
12:05:28  [TX] S,0,60B,000,55,P1,76
12:05:28  [SLOT] n=46 tx=20 ack=0 due=0 r=1
12:05:28  [AT] "AT+CIPSEND=21" (13)
12:05:29  [AT] " S,0,60B,000,55,P1,76" (21)
12:05:29  [AT] "SEND OK" (7)
12:05:30  [TX] D,*,7,12,5A
12:05:30  D,A1,IP,01
12:05:30  D,A2,IP,02
12:05:30  D,A3,IP,03
12:05:30  D,A4,IP,04
12:05:30  D,A5,IP,05
12:05:30  D,B1,IP,02
12:05:30  D,B2,IP,01
12:05:30  D,B3,IP,00
12:05:30  D,B4,IP,07
12:05:30  D,B5,IP,06
12:05:30  D,E1,OBV,47
12:05:30  D,X1,OBV,5A
12:05:30  [REG] 등록 전송 145B
12:05:30  [SLOT] n=47 tx=145 ack=0 due=0 r=1
12:05:30  [AT] "AT+CIPSEND=146" (14)
12:05:30  [DROP-OVF] 줄이 96바이트를 넘어 버렸다
12:05:30  [AT] "SEND OK" (7)
12:05:31  «tap» 살아있음 — 최근 60초 rx=4995B (이 줄이 끊기면 탭이 죽은 것이다)
12:05:31  [TX] S,2,60B,000,57,P1,76
12:05:31  [SLOT] n=48 tx=20 ack=0 due=0 r=1
12:05:31  [AT] "AT+CIPSEND=21" (13)
12:05:31  [AT] " S,2,60B,000,57,P1,76" (21)
12:05:31  [AT] "SEND OK" (7)
12:05:32  [TX] S,3,60A,000,58,P1,7B
12:05:32  [SLOT] n=49 tx=20 ack=0 due=0 r=1
12:05:32  [AT] "AT+CIPSEND=21" (13)
12:05:32  [AT] " S,3,60A,000,58,P1,7B" (21)
12:05:32  [AT] "SEND OK" (7)
12:05:33  [TX] S,4,608,000,60,P1,0E
12:05:33  [SLOT] n=50 tx=20 ack=0 due=0 r=1
12:05:33  [CNT] up=60 drop=0 esprst=1 resync=0 sendfail=0 okto=0 stuck=0 ackq=0 ackdrop=0 ackstale=0 slot=50 oow=0 smiss=1 ssovf=0 cksumng=0 okstream=4 penddrop=0 pendfill=5 bigfill=1 bigdrop=0 bigokst=1 oklost=0 bigoklost=0 skip=0 online=1
12:05:33  [RAM] 최저 여유 617 B · 프롬프트 재동기 0회 (서버의 '버린줄' 과 맞아야 한다)
12:05:33  [AT] "AT+CIPSEND=21" (13)
12:05:34  [AT] " S,4,608,000,60,P1,0E" (21)
12:05:34  [AT] "SEND OK" (7)
12:05:34  [TX] S,5,608,000,61,P1,0E
12:05:34  [SLOT] n=51 tx=20 ack=0 due=0 r=1
12:05:34  [AT] "AT+CIPSEND=21" (13)
12:05:35  [AT] " S,5,608,000,61,P1,0E" (21)
12:05:35  [AT] "SEND OK" (7)
12:05:35  [TX] S,6,608,000,62,P1,0E
12:05:35  [SLOT] n=52 tx=20 ack=0 due=0 r=1
12:05:35  [AT] "AT+CIPSEND=21" (13)
12:05:36  [AT] " S,6,608,000,62,P1,0E" (21)
12:05:36  [AT] "SEND OK" (7)
12:05:37  [TX] S,7,608,000,63,P1,0E
12:05:37  [SLOT] n=53 tx=20 ack=0 due=0 r=1
12:05:37  [AT] "AT+CIPSEND=21" (13)
12:05:37  [AT] " S,7,608,000,63,P1,0E" (21)
12:05:37  [AT] "SEND OK" (7)
12:05:38  [TX] S,8,608,000,64,P1,06
12:05:38  [SLOT] n=54 tx=20 ack=0 due=0 r=1
12:05:38  [AT] "AT+CIPSEND=21" (13)
12:05:38  [AT] " S,8,608,000,64,P1,06" (21)
12:05:38  [AT] "SEND OK" (7)
12:05:39  [TX] S,9,608,000,66,P1,05
12:05:39  [SLOT] n=55 tx=20 ack=0 due=0 r=1
12:05:39  [AT] "AT+CIPSEND=21" (13)
12:05:39  [AT] " S,9,608,000,66,P1,05" (21)
12:05:39  [AT] "SEND OK" (7)
12:05:40  [TX] S,10,609,000,67,P1,3D
12:05:40  [SLOT] n=56 tx=21 ack=0 due=0 r=1
12:05:40  [AT] "AT+CIPSEND=22" (13)
12:05:41  [AT] " S,10,609,000,67,P1,3D" (22)
12:05:41  [AT] "SEND OK" (7)
12:05:41  [TX] S,11,609,000,68,P1,33
12:05:41  [SLOT] n=57 tx=21 ack=0 due=0 r=1
12:05:41  [AT] "AT+CIPSEND=22" (13)
12:05:42  [AT] " S,11,609,000,68,P1,33" (22)
12:05:42  [AT] "SEND OK" (7)
12:05:43  [TX] S,12,609,000,69,P1,31
12:05:43  [SLOT] n=58 tx=21 ack=0 due=0 r=1
12:05:43  [AT] "AT+CIPSEND=22" (13)
12:05:43  [AT] " S,12,609,000,69,P1,31" (22)
12:05:43  [AT] "SEND OK" (7)
12:05:44  [TX] S,13,609,000,70,P1,38
12:05:44  [SLOT] n=59 tx=21 ack=0 due=0 r=1
12:05:44  [AT] "AT+CIPSEND=22" (13)
12:05:44  [AT] " S,13,609,000,70,P1,38" (22)
12:05:44  [AT] "SEND OK" (7)
12:05:45  [TX] S,14,60B,000,72,P1,46
12:05:45  [SLOT] n=60 tx=21 ack=0 due=0 r=1
12:05:45  [AT] "AT+CIPSEND=22" (13)
12:05:45  [AT] " S,14,60B,000,72,P1,46" (22)
12:05:45  [AT] "SEND OK" (7)
12:05:46  [TX] S,15,60B,000,73,P1,46
12:05:46  [SLOT] n=61 tx=21 ack=0 due=0 r=1
12:05:46  [AT] "AT+CIPSEND=22" (13)
12:05:47  [AT] " S,15,60B,000,73,P1,46" (22)
12:05:47  [AT] "SEND OK" (7)
12:05:47  [TX] S,16,60B,000,74,P1,42
12:05:47  [SLOT] n=62 tx=21 ack=0 due=0 r=1
12:05:47  [AT] "AT+CIPSEND=22" (13)
12:05:48  [AT] " S,16,60B,000,74,P1,42" (22)
12:05:48  [AT] "SEND OK" (7)
12:05:48  [AT] "ERROR" (5)
12:05:48  [NET] 송신 오류 응답(로그만, 카운터는 sendLine 이 센다): ERROR
12:05:48  [AT] "Unlink" (6)
12:05:48  [DIAG] offline step=3 사다리=2/0 rx=1553 lines=97 up=75s
12:05:49  [NET] 3 CIFSR (IP 를 실제로 받았는가)
12:05:49  [AT] "AT+CIFSR" (8)
12:05:49  [AT] "0.0.0.0" (7)
12:05:49  [NET] ★ ESP 가 IP 를 잃었다 — 모듈 리셋으로 본다. 누적 사건 2
12:05:49  [AT] "OK" (2)
12:05:51  [NET] 3 CIFSR (IP 를 실제로 받았는가)
12:05:51  [AT] "AT+CIFSR" (8)
12:05:51  [AT] "0.0.0.0" (7)
12:05:51  [AT] "OK" (2)
12:05:51  [DIAG] offline step=3 사다리=2/0 rx=1605 lines=103 up=78s
12:05:54  [NET] 3 CIFSR (IP 를 실제로 받았는가)
12:05:54  [NET] CIFSR 3회에도 IP 가 없다 → CWJAP 부터 다시
12:05:54  [LADDER] 실패(CWJAP FAIL) CWJAP소요 31s · 연속 0회 · 결합유지 26s · 현재 2단(0회 누적)
12:05:54  [LADDER] 2단 조치: 5초 쉬고 AT+CWQAP 로 결합을 명시적으로 끊은 뒤 다시 붙는다
12:05:54  [AT] "AT+CIFSR" (8)
12:05:54  [AT] "0.0.0.0" (7)
12:05:54  [AT] "OK" (2)
12:05:54  [DIAG] offline step=10 사다리=2/1 rx=1631 lines=106 up=81s
12:05:57  [DIAG] offline step=10 사다리=2/1 rx=1631 lines=106 up=84s
12:06:00  [NET] 10 CWQAP (결합 해제 — 사다리 2단)
12:06:00  [AT] "AT+CWQAP" (8)
12:06:00  [AT] "OK" (2)
12:06:00  [LADDER] 2단: 결합 해제 완료 → 깨끗한 상태에서 CWJAP 재시도
12:06:00  [NET] 2 CWJAP (응답까지 최대 30초 기다린다)
12:06:00  [AT] "AT+CWJAP="3F_302","0424719222!!"" (32)
12:06:01  [DIAG] offline step=2 사다리=2/1 rx=1683 lines=109 up=87s
12:06:04  [DIAG] offline step=2 사다리=2/1 rx=1683 lines=109 up=90s
12:06:07  [DIAG] offline step=2 사다리=2/1 rx=1683 lines=109 up=93s
12:06:10  [DIAG] offline step=2 사다리=2/1 rx=1683 lines=109 up=96s
12:06:13  [DIAG] offline step=2 사다리=2/1 rx=1683 lines=109 up=99s
12:06:15  [AT] "FAIL" (4)
12:06:15  [NET] ★ CWJAP 실패 1회 (구형 펌웨어는 사유를 주지 않는다)
12:06:15  [LADDER] 실패(CWJAP FAIL) CWJAP소요 15s · 연속 1회 · 결합유지 없음 · 현재 2단(1회 누적)
12:06:15  [LADDER] ↑↑ 단 상승 → 3단
12:06:15  [LADDER] 3단 조치: 15초 쉬고 AT+RST (모듈 소프트 리셋)
12:06:16  [DIAG] offline step=0 사다리=3/0 rx=1691 lines=110 up=102s
12:06:19  [DIAG] offline step=0 사다리=3/0 rx=1691 lines=110 up=105s
12:06:22  [DIAG] offline step=0 사다리=3/0 rx=1691 lines=110 up=108s
12:06:25  [DIAG] offline step=0 사다리=3/0 rx=1691 lines=110 up=111s
12:06:28  [DIAG] offline step=0 사다리=3/0 rx=1691 lines=110 up=114s
12:06:30  [NET] 0 RST
12:06:30  [AT] "AT+RST" (6)
12:06:30  [AT] "OK" (2)
12:06:31  [DIAG] offline step=1 사다리=3/0 rx=1706 lines=112 up=117s
12:06:32  «tap» 살아있음 — 최근 60초 rx=4856B (이 줄이 끊기면 탭이 죽은 것이다)
12:06:32  [AT] "bB\xD6\x86@\xF9Pc\xE2\xFCR\x89:\x978B\xCE\xFF\xCA\xC9\xA5\x9D\x1C\xFF\xC2I\x8D" (27)
12:06:32  [AT] "[System Ready, Vendor:www.ai-thinker.com]" (41)
12:06:33  [NET] 1 CWMODE=1
12:06:33  [AT] "AT+CWMODE=1" (11)
12:06:33  [AT] "no change" (9)
12:06:34  [NET] 2 CWJAP (응답까지 최대 30초 기다린다)
12:06:34  [AT] "AT+CWJAP="3F_302","0424719222!!"" (32)
12:06:34  [CNT] up=120 drop=0 esprst=2 resync=0 sendfail=0 okto=0 stuck=0 ackq=0 ackdrop=0 ackstale=0 slot=100 oow=0 smiss=1 ssovf=0 cksumng=0 okstream=17 penddrop=0 pendfill=17 bigfill=1 bigdrop=0 bigokst=1 oklost=0 bigoklost=0 skip=0 online=0
12:06:34  [RAM] 최저 여유 617 B · 프롬프트 재동기 0회 (서버의 '버린줄' 과 맞아야 한다)
12:06:34  [DIAG] offline step=2 사다리=3/0 rx=1838 lines=117 up=120s
12:06:37  [DIAG] offline step=2 사다리=3/0 rx=1838 lines=117 up=123s
12:06:40  [DIAG] offline step=2 사다리=3/0 rx=1838 lines=117 up=126s
12:06:43  [AT] "OK" (2)
12:06:43  [NET] CWJAP OK — 결합됐다. IP 를 실제로 받았는지 CIFSR 로 확인한다
12:06:43  [NET] 3 CIFSR (IP 를 실제로 받았는가)
12:06:43  [AT] "AT+CIFSR" (8)
12:06:43  [AT] "192.168.0.214" (13)
12:06:43  [NET] ★ IP 확보: 192.168.0.214
12:06:43  [AT] "OK" (2)
12:06:43  [NET] 4 CIPMUX=0
12:06:43  [AT] "AT+CIPMUX=0" (11)
12:06:43  [AT] "OK" (2)
12:06:43  [NET] CIPMUX=0 적용됨 → CIPSTART
12:06:43  [DIAG] offline step=5 사다리=3/0 rx=1896 lines=123 up=129s
12:06:44  [NET] 5 CIPSTART
12:06:44  [AT] "AT+CIPSTART="TCP","192.168.0.29",9991" (37)
12:06:45  [AT] "OK" (2)
12:06:45  [AT] "Linked" (6)
12:06:45  [NET] online (CONNECT) + 캐시 비움
12:06:46  [TX] S,17,608,000,132,P1,0A
12:06:46  [SLOT] n=110 tx=22 ack=0 due=0 r=1
12:06:46  [AT] "AT+CIPSEND=23" (13)
12:06:46  [AT] " S,17,608,000,132,P1,0A" (23)
12:06:46  [AT] "SEND OK" (7)
12:06:47  [TX] D,*,7,12,5A
12:06:47  D,A1,IP,01
12:06:47  D,A2,IP,02
12:06:47  D,A3,IP,03
12:06:47  D,A4,IP,04
12:06:47  D,A5,IP,05
12:06:47  D,B1,IP,02
12:06:47  D,B2,IP,01
12:06:47  D,B3,IP,00
12:06:47  D,B4,IP,07
12:06:47  D,B5,IP,06
12:06:47  D,E1,OBV,47
12:06:47  D,X1,OBV,5A
12:06:47  [REG] 등록 전송 145B
12:06:47  [SLOT] n=111 tx=145 ack=0 due=0 r=1
12:06:47  [AT] "AT+CIPSEND=146" (14)
12:06:48  [TX-WAIT] 앞 전송의 SEND OK 를 아직 못 봤다 — 이번 주기는 건너뛴다
12:06:48  [SLOT] n=112 tx=22 ack=0 due=0 r=0
12:06:49  [DROP-OVF] 줄이 96바이트를 넘어 버렸다
12:06:49  [AT] "SEND OK" (7)
12:06:49  [TX] S,19,609,000,135,P1,02
12:06:49  [SLOT] n=113 tx=22 ack=0 due=0 r=1
12:06:49  [AT] "AT+CIPSEND=23" (13)
12:06:50  [AT] " S,19,609,000,135,P1,02" (23)
12:06:50  [AT] "SEND OK" (7)
12:06:51  [TX] S,20,609,000,136,P1,0B
12:06:51  [SLOT] n=114 tx=22 ack=0 due=0 r=1
12:06:51  [AT] "AT+CIPSEND=23" (13)
12:06:52  [AT] " S,20,609,000,136,P1,0B" (23)
12:06:52  [AT] "SEND OK" (7)
12:06:52  [TX] S,21,609,000,138,P1,04
12:06:52  [SLOT] n=115 tx=22 ack=0 due=0 r=1
12:06:52  [AT] "AT+CIPSEND=23" (13)
12:06:53  [AT] " S,21,609,000,138,P1,04" (23)
12:06:53  [AT] "SEND OK" (7)
12:06:53  [TX] S,22,609,000,139,P1,06
12:06:53  [SLOT] n=116 tx=22 ack=0 due=0 r=1
12:06:53  [AT] "AT+CIPSEND=23" (13)
12:06:54  [AT] " S,22,609,000,139,P1,06" (23)
12:06:54  [AT] "SEND OK" (7)
12:06:54  [TX] S,23,609,000,140,P1,09
12:06:54  [SLOT] n=117 tx=22 ack=0 due=0 r=1
12:06:54  [AT] "AT+CIPSEND=23" (13)
12:06:55  [AT] " S,23,609,000,140,P1,09" (23)
12:06:55  [AT] "SEND OK" (7)
12:06:55  [TX] S,24,609,000,141,P1,0F
12:06:55  [SLOT] n=118 tx=22 ack=0 due=0 r=1
12:06:55  [AT] "AT+CIPSEND=23" (13)
12:06:56  [AT] " S,24,609,000,141,P1,0F" (23)
12:06:56  [AT] "SEND OK" (7)
12:06:57  [TX] S,25,608,000,142,P1,0C
12:06:57  [SLOT] n=119 tx=22 ack=0 due=0 r=1
12:06:57  [AT] "AT+CIPSEND=23" (13)
12:06:57  [AT] " S,25,608,000,142,P1,0C" (23)
12:06:57  [AT] "SEND OK" (7)
12:06:58  [TX] S,26,60A,000,144,P1,70
12:06:58  [SLOT] n=120 tx=22 ack=0 due=0 r=1
12:06:58  [AT] "AT+CIPSEND=23" (13)
12:06:58  [AT] " S,26,60A,000,144,P1,70" (23)
12:06:58  [AT] "SEND OK" (7)
12:06:59  [TX] S,27,60A,000,145,P1,70
12:06:59  [SLOT] n=121 tx=22 ack=0 due=0 r=1
12:06:59  [AT] "AT+CIPSEND=23" (13)
12:06:59  [AT] " S,27,60A,000,145,P1,70" (23)
12:06:59  [AT] "SEND OK" (7)
12:07:00  [TX] S,28,60A,000,146,P1,7C
12:07:00  [SLOT] n=122 tx=22 ack=0 due=0 r=1
12:07:00  [AT] "AT+CIPSEND=23" (13)
12:07:00  [AT] " S,28,60A,000,146,P1,7C" (23)
12:07:00  [AT] "SEND OK" (7)
12:07:01  [TX] S,29,60A,000,147,P1,7C
12:07:01  [SLOT] n=123 tx=22 ack=0 due=0 r=1
12:07:01  [AT] "AT+CIPSEND=23" (13)
12:07:02  [AT] " S,29,60A,000,147,P1,7C" (23)
12:07:02  [AT] "SEND OK" (7)
12:07:03  [TX] S,30,60A,000,148,P1,7B
12:07:03  [SLOT] n=124 tx=22 ack=0 due=0 r=1
12:07:03  [AT] "AT+CIPSEND=23" (13)
12:07:03  [AT] " S,30,60A,000,148,P1,7B" (23)
12:07:03  [AT] "SEND OK" (7)
12:07:03  [AT] "ERROR" (5)
12:07:03  [NET] 송신 오류 응답(로그만, 카운터는 sendLine 이 센다): ERROR
12:07:03  [AT] "Unlink" (6)
12:07:03  [DIAG] offline step=3 사다리=3/0 rx=2779 lines=169 up=149s
12:07:04  [NET] 3 CIFSR (IP 를 실제로 받았는가)
12:07:04  [AT] "AT+CIFSR" (8)
12:07:04  [AT] "0.0.0.0" (7)
12:07:04  [NET] ★ ESP 가 IP 를 잃었다 — 모듈 리셋으로 본다. 누적 사건 3
12:07:04  [AT] "OK" (2)
12:07:06  [NET] 3 CIFSR (IP 를 실제로 받았는가)
12:07:06  [AT] "AT+CIFSR" (8)
12:07:06  [AT] "0.0.0.0" (7)
12:07:06  [AT] "OK" (2)
12:07:06  [DIAG] offline step=3 사다리=3/0 rx=2831 lines=175 up=152s
12:07:09  [NET] 3 CIFSR (IP 를 실제로 받았는가)
12:07:09  [NET] CIFSR 3회에도 IP 가 없다 → CWJAP 부터 다시
12:07:09  [LADDER] 실패(CWJAP FAIL) CWJAP소요 34s · 연속 0회 · 결합유지 25s · 현재 3단(0회 누적)
12:07:09  [LADDER] 3단 조치: 15초 쉬고 AT+RST (모듈 소프트 리셋)
12:07:09  [AT] "AT+CIFSR" (8)
12:07:09  [AT] "0.0.0.0" (7)
12:07:09  [AT] "OK" (2)
12:07:09  [DIAG] offline step=0 사다리=3/1 rx=2857 lines=178 up=155s
12:07:12  [DIAG] offline step=0 사다리=3/1 rx=2857 lines=178 up=158s
12:07:15  [DIAG] offline step=0 사다리=3/1 rx=2857 lines=178 up=161s
12:07:18  [DIAG] offline step=0 사다리=3/1 rx=2857 lines=178 up=164s
12:07:21  [DIAG] offline step=0 사다리=3/1 rx=2857 lines=178 up=167s
12:07:24  [NET] 0 RST
12:07:24  [AT] "AT+RST" (6)
12:07:24  [AT] "OK" (2)
12:07:24  [AT] "bB\xD6\x84@\xF9Rc\xE2\xFCR\x89\x84#\xD9\x10B\xFF\xC8\xC9\xA5\x9D\x1C\xFF\xC2I\x8D" (27)
12:07:24  [AT] "[System Ready, Vendor:www.ai-thinker.com]" (41)
12:07:24  [DIAG] offline step=1 사다리=3/1 rx=2944 lines=182 up=170s
12:07:26  [NET] 1 CWMODE=1
12:07:26  [AT] "AT+CWMODE=1" (11)
12:07:26  [AT] "no change" (9)
12:07:27  [NET] 2 CWJAP (응답까지 최대 30초 기다린다)
12:07:27  [AT] "AT+CWJAP="3F_302","0424719222!!"" (32)
12:07:27  [DIAG] offline step=2 사다리=3/1 rx=3004 lines=185 up=173s
12:07:30  [DIAG] offline step=2 사다리=3/1 rx=3004 lines=185 up=176s
12:07:32  «tap» 살아있음 — 최근 60초 rx=5512B (이 줄이 끊기면 탭이 죽은 것이다)
12:07:32  [AT] "OK" (2)
12:07:32  [NET] CWJAP OK — 결합됐다. IP 를 실제로 받았는지 CIFSR 로 확인한다
12:07:32  [NET] 3 CIFSR (IP 를 실제로 받았는가)
12:07:32  [AT] "AT+CIFSR" (8)
12:07:32  [AT] "192.168.0.214" (13)
12:07:32  [NET] ★ IP 확보: 192.168.0.214
12:07:32  [AT] "OK" (2)
12:07:33  [NET] 4 CIPMUX=0
12:07:33  [AT] "AT+CIPMUX=0" (11)
12:07:33  [AT] "OK" (2)
12:07:33  [NET] CIPMUX=0 적용됨 → CIPSTART
12:07:33  [NET] 5 CIPSTART
12:07:33  [AT] "AT+CIPSTART="TCP","192.168.0.29",9991" (37)
12:07:33  [DIAG] offline step=5 사다리=3/1 rx=3102 lines=192 up=179s
12:07:34  [CNT] up=180 drop=0 esprst=3 resync=0 sendfail=0 okto=0 stuck=0 ackq=0 ackdrop=0 ackstale=0 slot=150 oow=0 smiss=2 ssovf=0 cksumng=0 okstream=31 penddrop=0 pendfill=31 bigfill=2 bigdrop=0 bigokst=2 oklost=0 bigoklost=0 skip=1 online=0
12:07:34  [RAM] 최저 여유 617 B · 프롬프트 재동기 0회 (서버의 '버린줄' 과 맞아야 한다)
12:07:34  [AT] "OK" (2)
12:07:34  [AT] "Linked" (6)
12:07:34  [NET] online (CONNECT) + 캐시 비움
12:07:35  [TX] S,31,608,000,181,P1,06
12:07:35  [SLOT] n=151 tx=22 ack=0 due=0 r=1
12:07:35  [AT] "AT+CIPSEND=23" (13)
12:07:35  [AT] " S,31,608,000,181,P1,06" (23)
12:07:35  [AT] "SEND OK" (7)
12:07:36  [TX] D,*,7,12,5A
12:07:36  D,A1,IP,01
12:07:36  D,A2,IP,02
12:07:36  D,A3,IP,03
12:07:36  D,A4,IP,04
12:07:36  D,A5,IP,05
12:07:36  D,B1,IP,02
12:07:36  D,B2,IP,01
12:07:36  D,B3,IP,00
12:07:36  D,B4,IP,07
12:07:36  D,B5,IP,06
12:07:36  D,E1,OBV,47
12:07:36  D,X1,OBV,5A
12:07:36  [REG] 등록 전송 145B
12:07:36  [SLOT] n=152 tx=145 ack=0 due=0 r=1
12:07:36  [AT] "AT+CIPSEND=146" (14)
12:07:37  [DROP-OVF] 줄이 96바이트를 넘어 버렸다
12:07:37  [AT] "SEND OK" (7)
12:07:37  [TX] S,33,608,000,183,P1,06
12:07:37  [SLOT] n=153 tx=22 ack=0 due=0 r=1
12:07:37  [AT] "AT+CIPSEND=23" (13)
12:07:39  [TX-WAIT] 앞 전송의 SEND OK 를 아직 못 봤다 — 이번 주기는 건너뛴다
12:07:39  [SLOT] n=154 tx=22 ack=0 due=0 r=0
12:07:39  [AT] " S,33,608,000,183,P1,06" (23)
12:07:39  [AT] "SEND OK" (7)
12:07:40  [TX] S,34,609,000,186,P1,05
12:07:40  [SLOT] n=155 tx=22 ack=0 due=0 r=1
12:07:40  [AT] "AT+CIPSEND=23" (13)
12:07:40  [AT] " S,34,609,000,186,P1,05" (23)
12:07:40  [AT] "SEND OK" (7)
12:07:41  [TX] S,35,609,000,187,P1,05
12:07:41  [SLOT] n=156 tx=22 ack=0 due=0 r=1
12:07:41  [AT] "AT+CIPSEND=23" (13)
12:07:41  [AT] " S,35,609,000,187,P1,05" (23)
12:07:41  [AT] "SEND OK" (7)
12:07:42  [TX] S,36,609,000,188,P1,09
12:07:42  [SLOT] n=157 tx=22 ack=0 due=0 r=1
12:07:42  [AT] "AT+CIPSEND=23" (13)
12:07:42  [AT] " S,36,609,000,188,P1,09" (23)
12:07:42  [AT] "SEND OK" (7)
12:07:43  [TX] S,37,609,000,189,P1,09
12:07:43  [SLOT] n=158 tx=22 ack=0 due=0 r=1
12:07:43  [AT] "AT+CIPSEND=23" (13)
12:07:44  [AT] " S,37,609,000,189,P1,09" (23)
12:07:44  [AT] "SEND OK" (7)
12:07:45  [TX] S,38,609,000,190,P1,0E
12:07:45  [SLOT] n=159 tx=22 ack=0 due=0 r=1
12:07:45  [AT] "AT+CIPSEND=23" (13)
12:07:46  [AT] " S,38,609,000,190,P1,0E" (23)
12:07:46  [AT] "SEND OK" (7)
12:07:46  [TX] S,39,60B,000,192,P1,76
12:07:46  [SLOT] n=160 tx=22 ack=0 due=0 r=1
12:07:46  [AT] "AT+CIPSEND=23" (13)
12:07:46  [AT] " S,39,60B,000,192,P1,76" (23)
12:07:46  [AT] "SEND OK" (7)
12:07:47  [TX] S,40,60A,000,193,P1,7A
12:07:47  [SLOT] n=161 tx=22 ack=0 due=0 r=1
12:07:47  [AT] "AT+CIPSEND=23" (13)
12:07:47  [AT] " S,40,60A,000,193,P1,7A" (23)
12:07:47  [AT] "SEND OK" (7)
12:07:48  [TX] S,41,60A,000,194,P1,7C
12:07:48  [SLOT] n=162 tx=22 ack=0 due=0 r=1
12:07:48  [AT] "AT+CIPSEND=23" (13)
12:07:49  [AT] " S,41,60A,000,194,P1,7C" (23)
12:07:49  [AT] "SEND OK" (7)
12:07:49  [TX] S,42,60A,000,195,P1,7E
12:07:49  [SLOT] n=163 tx=22 ack=0 due=0 r=1
12:07:49  [AT] "AT+CIPSEND=23" (13)
12:07:50  [AT] " S,42,60A,000,195,P1,7E" (23)
12:07:50  [AT] "SEND OK" (7)
12:07:51  [TX] S,43,60A,000,196,P1,7C
12:07:51  [SLOT] n=164 tx=22 ack=0 due=0 r=1
12:07:51  [AT] "AT+CIPSEND=23" (13)
12:07:51  [AT] " S,43,60A,000,196,P1,7C" (23)
12:07:51  [AT] "SEND OK" (7)
12:07:52  [TX] S,44,60A,000,198,P1,75
12:07:52  [SLOT] n=165 tx=22 ack=0 due=0 r=1
12:07:52  [AT] "AT+CIPSEND=23" (13)
12:07:52  [AT] " S,44,60A,000,198,P1,75" (23)
12:07:52  [AT] "SEND OK" (7)
12:07:53  [TX] S,45,60A,000,199,P1,75
12:07:53  [SLOT] n=166 tx=22 ack=0 due=0 r=1
12:07:53  [AT] "AT+CIPSEND=23" (13)
12:07:53  [AT] " S,45,60A,000,199,P1,75" (23)
12:07:53  [AT] "ERROR" (5)
12:07:53  [NET] 송신 오류 응답(로그만, 카운터는 sendLine 이 센다): ERROR
12:07:53  [AT] "Unlink" (6)
12:07:53  [DIAG] offline step=3 사다리=3/1 rx=3984 lines=239 up=199s
12:07:54  [NET] 3 CIFSR (IP 를 실제로 받았는가)
12:07:54  [AT] "AT+CIFSR" (8)
12:07:54  [AT] "0.0.0.0" (7)
12:07:54  [NET] ★ ESP 가 IP 를 잃었다 — 모듈 리셋으로 본다. 누적 사건 4
12:07:54  [AT] "OK" (2)
12:07:56  [NET] 3 CIFSR (IP 를 실제로 받았는가)
12:07:56  [AT] "AT+CIFSR" (8)
12:07:56  [AT] "0.0.0.0" (7)
12:07:56  [AT] "OK" (2)
12:07:56  [DIAG] offline step=3 사다리=3/1 rx=4036 lines=245 up=202s
12:07:59  [NET] 3 CIFSR (IP 를 실제로 받았는가)
12:07:59  [NET] CIFSR 3회에도 IP 가 없다 → CWJAP 부터 다시
12:07:59  [LADDER] 실패(CWJAP FAIL) CWJAP소요 31s · 연속 0회 · 결합유지 26s · 현재 3단(1회 누적)
12:07:59  [LADDER] ↑↑ 단 상승 → 4단
12:07:59  [LADDER] ⚠4단 미실행: 하드웨어 리셋선이 배선되지 않았다(ESP_RST_WIRED=0)
12:07:59  [LADDER]   → Uno A2 를 ESP 의 RST 에 물리고 ESP_RST_WIRED 를 1 로 바꿔 다시 구워라
12:07:59  [LADDER]   지금은 30초 쉬고 AT+RST 만 되풀이한다
12:07:59  [AT] "AT+CIFSR" (8)
12:07:59  [AT] "0.0.0.0" (7)
12:07:59  [AT] "OK" (2)
12:07:59  [DIAG] offline step=0 사다리=4/0 rx=4062 lines=248 up=205s
12:08:02  [DIAG] offline step=0 사다리=4/0 rx=4062 lines=248 up=208s
12:08:05  [DIAG] offline step=0 사다리=4/0 rx=4062 lines=248 up=211s
12:08:08  [DIAG] offline step=0 사다리=4/0 rx=4062 lines=248 up=214s
12:08:11  [DIAG] offline step=0 사다리=4/0 rx=4062 lines=248 up=217s
12:08:14  [DIAG] offline step=0 사다리=4/0 rx=4062 lines=248 up=220s
12:08:17  [DIAG] offline step=0 사다리=4/0 rx=4062 lines=248 up=223s
12:08:20  [DIAG] offline step=0 사다리=4/0 rx=4062 lines=248 up=226s
12:08:23  [DIAG] offline step=0 사다리=4/0 rx=4062 lines=248 up=229s
12:08:26  [DIAG] offline step=0 사다리=4/0 rx=4062 lines=248 up=232s
12:08:29  [NET] 0 RST
12:08:29  [AT] "AT+RST" (6)
12:08:29  [AT] "OK" (2)
12:08:29  [DIAG] offline step=1 사다리=4/0 rx=4095 lines=250 up=235s
12:08:29  [AT] "bB\xD6\x86@\xF9Pa\xE2\xFCR\x89:\x97`@\xCC\xFF\xCA=\xA91\x1C\xFF\xC2=\x8D" (27)
12:08:29  [AT] "[System Ready, Vendor:www.ai-thinker.com]" (41)
12:08:31  [NET] 1 CWMODE=1
12:08:31  [AT] "AT+CWMODE=1" (11)
12:08:31  [AT] "no change" (9)
12:08:32  «tap» 살아있음 — 최근 60초 rx=5442B (이 줄이 끊기면 탭이 죽은 것이다)
12:08:32  [NET] 2 CWJAP (응답까지 최대 30초 기다린다)
12:08:32  [AT] "AT+CWJAP="3F_302","0424719222!!"" (32)
12:08:32  [DIAG] offline step=2 사다리=4/0 rx=4209 lines=255 up=238s
12:08:34  [CNT] up=240 drop=0 esprst=4 resync=0 sendfail=0 okto=0 stuck=0 ackq=0 ackdrop=0 ackstale=0 slot=200 oow=0 smiss=3 ssovf=0 cksumng=0 okstream=45 penddrop=0 pendfill=46 bigfill=3 bigdrop=0 bigokst=3 oklost=0 bigoklost=0 skip=2 online=0
12:08:34  [RAM] 최저 여유 617 B · 프롬프트 재동기 0회 (서버의 '버린줄' 과 맞아야 한다)
12:08:35  [DIAG] offline step=2 사다리=4/0 rx=4209 lines=255 up=241s
12:08:37  [AT] "OK" (2)
12:08:37  [NET] CWJAP OK — 결합됐다. IP 를 실제로 받았는지 CIFSR 로 확인한다
12:08:37  [NET] 3 CIFSR (IP 를 실제로 받았는가)
12:08:37  [AT] "AT+CIFSR" (8)
12:08:37  [AT] "192.168.0.214" (13)
12:08:37  [NET] ★ IP 확보: 192.168.0.214
12:08:37  [AT] "OK" (2)
12:08:38  [NET] 4 CIPMUX=0
12:08:38  [AT] "AT+CIPMUX=0" (11)
12:08:38  [AT] "OK" (2)
12:08:38  [NET] CIPMUX=0 적용됨 → CIPSTART
12:08:38  [NET] 5 CIPSTART
12:08:38  [AT] "AT+CIPSTART="TCP","192.168.0.29",9991" (37)
12:08:38  [AT] "OK" (2)
12:08:38  [AT] "Linked" (6)
12:08:38  [NET] online (CONNECT) + 캐시 비움
12:08:39  [TX] S,46,60A,000,244,P1,75
12:08:39  [SLOT] n=204 tx=22 ack=0 due=0 r=1
12:08:39  [AT] "AT+CIPSEND=23" (13)
12:08:40  [TX-WAIT] 앞 전송의 SEND OK 를 아직 못 봤다 — 이번 주기는 건너뛴다
12:08:40  [REG] 등록 실패 145B
12:08:40  [SLOT] n=205 tx=145 ack=0 due=0 r=0
12:08:40  [AT] " S,46,60A,000,244,P1,75" (23)
12:08:40  [AT] "SEND OK" (7)
12:08:41  [TX] D,*,7,12,5A
12:08:41  D,A1,IP,01
12:08:41  D,A2,IP,02
12:08:41  D,A3,IP,03
12:08:41  D,A4,IP,04
12:08:41  D,A5,IP,05
12:08:41  D,B1,IP,02
12:08:41  D,B2,IP,01
12:08:41  D,B3,IP,00
12:08:41  D,B4,IP,07
12:08:41  D,B5,IP,06
12:08:41  D,E1,OBV,47
12:08:41  D,X1,OBV,5A
12:08:41  [REG] 등록 전송 145B
12:08:41  [SLOT] n=206 tx=145 ack=0 due=0 r=1
12:08:41  [AT] "AT+CIPSEND=146" (14)
12:08:41  [DROP-OVF] 줄이 96바이트를 넘어 버렸다
12:08:41  [AT] "SEND OK" (7)
12:08:42  [TX] S,48,60A,000,248,P1,77
12:08:42  [SLOT] n=207 tx=22 ack=0 due=0 r=1
12:08:42  [AT] "AT+CIPSEND=23" (13)
12:08:42  [AT] " S,48,60A,000,248,P1,77" (23)
12:08:42  [AT] "SEND OK" (7)
12:08:43  [TX] S,49,60A,000,249,P1,77
12:08:43  [SLOT] n=208 tx=22 ack=0 due=0 r=1
12:08:43  [AT] "AT+CIPSEND=23" (13)
12:08:43  [AT] " S,49,60A,000,249,P1,77" (23)
12:08:43  [AT] "SEND OK" (7)
12:08:45  [TX] S,50,60A,000,250,P1,77
12:08:45  [SLOT] n=209 tx=22 ack=0 due=0 r=1
12:08:45  [AT] "AT+CIPSEND=23" (13)
12:08:45  [AT] " S,50,60A,000,250,P1,77" (23)
12:08:45  [AT] "SEND OK" (7)
12:08:45  [AT] "ERROR" (5)
12:08:45  [NET] 송신 오류 응답(로그만, 카운터는 sendLine 이 센다): ERROR
12:08:45  [AT] "Unlink" (6)
12:08:45  [DIAG] offline step=3 사다리=4/0 rx=4700 lines=280 up=250s
12:08:45  [NET] 3 CIFSR (IP 를 실제로 받았는가)
12:08:45  [AT] "AT+CIFSR" (8)
12:08:45  [AT] "0.0.0.0" (7)
12:08:45  [NET] ★ ESP 가 IP 를 잃었다 — 모듈 리셋으로 본다. 누적 사건 5
12:08:45  [AT] "OK" (2)
12:08:47  [NET] 3 CIFSR (IP 를 실제로 받았는가)
12:08:47  [AT] "AT+CIFSR" (8)
12:08:47  [AT] "0.0.0.0" (7)
12:08:47  [AT] "OK" (2)
12:08:48  [DIAG] offline step=3 사다리=4/0 rx=4752 lines=286 up=253s
12:08:50  [NET] 3 CIFSR (IP 를 실제로 받았는가)
12:08:50  [NET] CIFSR 3회에도 IP 가 없다 → CWJAP 부터 다시
12:08:50  [LADDER] 실패(CWJAP FAIL) CWJAP소요 17s · 연속 0회 · 결합유지 12s · 현재 4단(0회 누적)
12:08:50  [LADDER] ⚠4단 미실행: 하드웨어 리셋선이 배선되지 않았다(ESP_RST_WIRED=0)
12:08:50  [LADDER]   → Uno A2 를 ESP 의 RST 에 물리고 ESP_RST_WIRED 를 1 로 바꿔 다시 구워라
12:08:50  [LADDER]   지금은 30초 쉬고 AT+RST 만 되풀이한다
12:08:50  [AT] "AT+CIFSR" (8)
12:08:50  [AT] "0.0.0.0" (7)
12:08:50  [AT] "OK" (2)
12:08:51  [DIAG] offline step=0 사다리=4/1 rx=4778 lines=289 up=256s
12:08:54  [DIAG] offline step=0 사다리=4/1 rx=4778 lines=289 up=259s
12:08:57  [DIAG] offline step=0 사다리=4/1 rx=4778 lines=289 up=262s
12:09:00  [DIAG] offline step=0 사다리=4/1 rx=4778 lines=289 up=265s
12:09:03  [DIAG] offline step=0 사다리=4/1 rx=4778 lines=289 up=268s
12:09:06  [DIAG] offline step=0 사다리=4/1 rx=4778 lines=289 up=271s
12:09:09  [DIAG] offline step=0 사다리=4/1 rx=4778 lines=289 up=274s
12:09:12  [DIAG] offline step=0 사다리=4/1 rx=4778 lines=289 up=277s
12:09:15  [DIAG] offline step=0 사다리=4/1 rx=4778 lines=289 up=280s
12:09:18  [DIAG] offline step=0 사다리=4/1 rx=4778 lines=289 up=283s
12:09:20  [NET] 0 RST
12:09:20  [AT] "AT+RST" (6)
12:09:20  [AT] "OK" (2)
12:09:21  [AT] "`B\xD4\x84@\xF9Ra\xE0\xFCR\x89:\x97bB\xCE\xFF\xCA\xC9\xA5\x9D\x1C\xFF\xC2I\x8D" (27)
12:09:21  [AT] "[System Ready, Vendor:www.ai-thinker.com]" (41)
12:09:21  [DIAG] offline step=1 사다리=4/1 rx=4865 lines=293 up=286s
12:09:22  [NET] 1 CWMODE=1
12:09:22  [AT] "AT+CWMODE=1" (11)
12:09:22  [AT] "no change" (9)
12:09:23  [NET] 2 CWJAP (응답까지 최대 30초 기다린다)
12:09:23  [AT] "AT+CWJAP="3F_302","0424719222!!"" (32)
12:09:24  [DIAG] offline step=2 사다리=4/1 rx=4925 lines=296 up=289s
12:09:27  [DIAG] offline step=2 사다리=4/1 rx=4925 lines=296 up=292s
12:09:30  [DIAG] offline step=2 사다리=4/1 rx=4925 lines=296 up=295s
12:09:32  «tap» 살아있음 — 최근 60초 rx=4424B (이 줄이 끊기면 탭이 죽은 것이다)
12:09:33  [DIAG] offline step=2 사다리=4/1 rx=4925 lines=296 up=298s
12:09:34  [CNT] up=300 drop=0 esprst=5 resync=0 sendfail=0 okto=0 stuck=0 ackq=0 ackdrop=0 ackstale=0 slot=250 oow=0 smiss=4 ssovf=0 cksumng=0 okstream=50 penddrop=0 pendfill=51 bigfill=4 bigdrop=0 bigokst=4 oklost=0 bigoklost=0 skip=3 online=0
12:09:34  [RAM] 최저 여유 617 B · 프롬프트 재동기 0회 (서버의 '버린줄' 과 맞아야 한다)
12:09:36  [DIAG] offline step=2 사다리=4/1 rx=4925 lines=296 up=301s
12:09:38  [AT] "OK" (2)
12:09:38  [NET] CWJAP OK — 결합됐다. IP 를 실제로 받았는지 CIFSR 로 확인한다
12:09:39  [DIAG] offline step=3 사다리=4/1 rx=4931 lines=297 up=304s
12:09:39  [NET] 3 CIFSR (IP 를 실제로 받았는가)
12:09:39  [AT] "AT+CIFSR" (8)
12:09:39  [AT] "192.168.0.214" (13)
12:09:39  [NET] ★ IP 확보: 192.168.0.214
12:09:39  [AT] "OK" (2)
12:09:39  [NET] 4 CIPMUX=0
12:09:39  [AT] "AT+CIPMUX=0" (11)
12:09:39  [AT] "OK" (2)
12:09:39  [NET] CIPMUX=0 적용됨 → CIPSTART
12:09:39  [NET] 5 CIPSTART
12:09:39  [AT] "AT+CIPSTART="TCP","192.168.0.29",9991" (37)
12:09:39  [AT] "OK" (2)
12:09:39  [AT] "Linked" (6)
12:09:39  [NET] online (CONNECT) + 캐시 비움
12:09:40  [TX] S,51,609,000,306,P1,0C
12:09:40  [SLOT] n=255 tx=22 ack=0 due=0 r=1
12:09:40  [AT] "AT+CIPSEND=23" (13)
12:09:40  [AT] " S,51,609,000,306,P1,0C" (23)
12:09:40  [AT] "SEND OK" (7)
12:09:41  [TX] D,*,7,12,5A
12:09:41  D,A1,IP,01
12:09:41  D,A2,IP,02
12:09:41  D,A3,IP,03
12:09:41  D,A4,IP,04
12:09:41  D,A5,IP,05
12:09:41  D,B1,IP,02
12:09:41  D,B2,IP,01
12:09:41  D,B3,IP,00
12:09:41  D,B4,IP,07
12:09:41  D,B5,IP,06
12:09:41  D,E1,OBV,47
12:09:41  D,X1,OBV,5A
12:09:41  [REG] 등록 전송 145B
12:09:41  [SLOT] n=256 tx=145 ack=0 due=0 r=1
12:09:41  [AT] "AT+CIPSEND=146" (14)
12:09:41  [DROP-OVF] 줄이 96바이트를 넘어 버렸다
12:09:41  [AT] "SEND OK" (7)
12:09:42  [TX] S,53,609,000,308,P1,00
12:09:42  [SLOT] n=257 tx=22 ack=0 due=0 r=1
12:09:42  [AT] "AT+CIPSEND=23" (13)
12:09:42  [AT] " S,53,609,000,308,P1,00" (23)
12:09:42  [AT] "SEND OK" (7)
12:09:43  [TX] S,54,609,000,309,P1,06
12:09:43  [SLOT] n=258 tx=22 ack=0 due=0 r=1
12:09:43  [AT] "AT+CIPSEND=23" (13)
12:09:43  [AT] " S,54,609,000,309,P1,06" (23)
12:09:43  [AT] "SEND OK" (7)
12:09:44  [TX] S,55,608,000,310,P1,0E
12:09:44  [SLOT] n=259 tx=22 ack=0 due=0 r=1
12:09:45  [AT] "AT+CIPSEND=23" (13)
12:09:45  [AT] " S,55,608,000,310,P1,0E" (23)
12:09:45  [AT] "SEND OK" (7)
12:09:46  [TX] S,56,60A,000,312,P1,76
12:09:46  [SLOT] n=260 tx=22 ack=0 due=0 r=1
12:09:46  [AT] "AT+CIPSEND=23" (13)
12:09:46  [AT] " S,56,60A,000,312,P1,76" (23)
12:09:46  [AT] "SEND OK" (7)
12:09:47  [TX] S,57,60A,000,313,P1,76
12:09:47  [SLOT] n=261 tx=22 ack=0 due=0 r=1
12:09:47  [AT] "AT+CIPSEND=23" (13)
12:09:47  [AT] " S,57,60A,000,313,P1,76" (23)
12:09:47  [AT] "SEND OK" (7)
12:09:48  [TX] S,58,60A,000,314,P1,7E
12:09:48  [SLOT] n=262 tx=22 ack=0 due=0 r=1
12:09:48  [AT] "AT+CIPSEND=23" (13)
12:09:48  [AT] " S,58,60A,000,314,P1,7E" (23)
12:09:48  [AT] "SEND OK" (7)
12:09:49  [TX] S,59,60A,000,315,P1,7E
12:09:49  [SLOT] n=263 tx=22 ack=0 due=0 r=1
12:09:49  [AT] "AT+CIPSEND=23" (13)
12:09:49  [AT] " S,59,60A,000,315,P1,7E" (23)
12:09:49  [AT] "SEND OK" (7)
12:09:50  [TX] S,60,60A,000,316,P1,77
12:09:50  [SLOT] n=264 tx=22 ack=0 due=0 r=1
12:09:50  [AT] "AT+CIPSEND=23" (13)
12:09:51  [AT] " S,60,60A,000,316,P1,77" (23)
12:09:51  [AT] "SEND OK" (7)
12:09:52  [TX] S,61,60A,000,318,P1,78
12:09:52  [SLOT] n=265 tx=22 ack=0 due=0 r=1
12:09:52  [AT] "AT+CIPSEND=23" (13)
12:09:53  [TX-WAIT] 앞 전송의 SEND OK 를 아직 못 봤다 — 이번 주기는 건너뛴다
12:09:53  [SLOT] n=266 tx=22 ack=0 due=0 r=0
12:09:53  [AT] " S,61,60A,000,318,P1,78" (23)
12:09:53  [AT] "SEND OK" (7)
12:09:54  [TX] S,62,60B,000,320,P1,73
12:09:54  [SLOT] n=267 tx=22 ack=0 due=0 r=1
12:09:54  [AT] "AT+CIPSEND=23" (13)
12:09:54  [AT] " S,62,60B,000,320,P1,73" (23)
12:09:54  [AT] "SEND OK" (7)
12:09:55  [TX] S,63,60B,000,321,P1,73
12:09:55  [SLOT] n=268 tx=22 ack=0 due=0 r=1
12:09:55  [AT] "AT+CIPSEND=23" (13)
12:09:55  [AT] " S,63,60B,000,321,P1,73" (23)
12:09:55  [AT] "SEND OK" (7)
12:09:56  [TX] S,64,60B,000,322,P1,77
12:09:56  [SLOT] n=269 tx=22 ack=0 due=0 r=1
12:09:56  [AT] "AT+CIPSEND=23" (13)
12:09:57  [AT] " S,64,60B,000,322,P1,77" (23)
12:09:57  [AT] "SEND OK" (7)
12:09:58  [TX] S,65,609,000,324,P1,0B
12:09:58  [SLOT] n=270 tx=22 ack=0 due=0 r=1
12:09:58  [AT] "AT+CIPSEND=23" (13)
12:09:58  [AT] " S,65,609,000,324,P1,0B" (23)
12:09:58  [AT] "SEND OK" (7)
12:09:59  [TX] S,66,609,000,325,P1,09
12:09:59  [SLOT] n=271 tx=22 ack=0 due=0 r=1
12:09:59  [AT] "AT+CIPSEND=23" (13)
12:09:59  [AT] " S,66,609,000,325,P1,09" (23)
12:09:59  [AT] "SEND OK" (7)
12:10:00  [TX] S,67,609,000,326,P1,0B
12:10:00  [SLOT] n=272 tx=22 ack=0 due=0 r=1
12:10:00  [AT] "AT+CIPSEND=23" (13)
12:10:01  [AT] " S,67,609,000,326,P1,0B" (23)
12:10:01  [AT] "ERROR" (5)
12:10:01  [NET] 송신 오류 응답(로그만, 카운터는 sendLine 이 센다): ERROR
12:10:01  [AT] "Unlink" (6)
12:10:01  [DIAG] offline step=3 사다리=4/1 rx=6005 lines=356 up=327s
12:10:01  [NET] 3 CIFSR (IP 를 실제로 받았는가)
12:10:01  [AT] "AT+CIFSR" (8)
12:10:01  [AT] "0.0.0.0" (7)
12:10:01  [NET] ★ ESP 가 IP 를 잃었다 — 모듈 리셋으로 본다. 누적 사건 6
12:10:01  [AT] "OK" (2)
12:10:04  [NET] 3 CIFSR (IP 를 실제로 받았는가)
12:10:04  [AT] "AT+CIFSR" (8)
12:10:04  [AT] "0.0.0.0" (7)
12:10:04  [AT] "OK" (2)
12:10:04  [DIAG] offline step=3 사다리=4/1 rx=6057 lines=362 up=330s
12:10:06  [NET] 3 CIFSR (IP 를 실제로 받았는가)
12:10:06  [NET] CIFSR 3회에도 IP 가 없다 → CWJAP 부터 다시
12:10:06  [LADDER] 실패(CWJAP FAIL) CWJAP소요 42s · 연속 0회 · 결합유지 27s · 현재 4단(1회 누적)
12:10:06  [LADDER] ↑↑ 단 상승 → 5단
12:10:06  [LADDER] ⚠5단 미실행: 전원 재투입은 **부품 미보유로 미구현**이다
12:10:06  [LADDER]   필요 부품: 로우사이드 MOSFET 스위치(예: 2N7000/AO3400 + 10k)
12:10:06  [LADDER]   대신 4단 조치를 60초 백오프로 되풀이한다(종착역)
12:10:06  [AT] "AT+CIFSR" (8)
12:10:06  [AT] "0.0.0.0" (7)
12:10:06  [AT] "OK" (2)
12:10:07  [DIAG] offline step=0 사다리=5/0 rx=6083 lines=365 up=333s
12:10:10  [DIAG] offline step=0 사다리=5/0 rx=6083 lines=365 up=336s
12:10:14  [DIAG] offline step=0 사다리=5/0 rx=6083 lines=365 up=339s
12:10:17  [DIAG] offline step=0 사다리=5/0 rx=6083 lines=365 up=342s
12:10:20  [DIAG] offline step=0 사다리=5/0 rx=6083 lines=365 up=345s
12:10:23  [DIAG] offline step=0 사다리=5/0 rx=6083 lines=365 up=348s
12:10:26  [DIAG] offline step=0 사다리=5/0 rx=6083 lines=365 up=351s
12:10:29  [DIAG] offline step=0 사다리=5/0 rx=6083 lines=365 up=354s
12:10:32  [DIAG] offline step=0 사다리=5/0 rx=6083 lines=365 up=357s
12:10:33  «tap» 살아있음 — 최근 60초 rx=5484B (이 줄이 끊기면 탭이 죽은 것이다)
12:10:35  [CNT] up=360 drop=0 esprst=6 resync=0 sendfail=0 okto=0 stuck=0 ackq=0 ackdrop=0 ackstale=0 slot=300 oow=0 smiss=5 ssovf=0 cksumng=0 okstream=66 penddrop=0 pendfill=68 bigfill=5 bigdrop=0 bigokst=5 oklost=0 bigoklost=0 skip=4 online=0
12:10:35  [RAM] 최저 여유 617 B · 프롬프트 재동기 0회 (서버의 '버린줄' 과 맞아야 한다)
12:10:35  [DIAG] offline step=0 사다리=5/0 rx=6083 lines=365 up=360s
12:10:38  [DIAG] offline step=0 사다리=5/0 rx=6083 lines=365 up=363s
12:10:41  [DIAG] offline step=0 사다리=5/0 rx=6083 lines=365 up=366s
12:10:44  [DIAG] offline step=0 사다리=5/0 rx=6083 lines=365 up=369s
12:10:47  [DIAG] offline step=0 사다리=5/0 rx=6083 lines=365 up=372s
12:10:50  [DIAG] offline step=0 사다리=5/0 rx=6083 lines=365 up=375s
12:10:53  [DIAG] offline step=0 사다리=5/0 rx=6083 lines=365 up=378s
12:10:56  [DIAG] offline step=0 사다리=5/0 rx=6083 lines=365 up=381s
12:10:58  [DIAG] offline step=0 사다리=5/0 rx=6083 lines=365 up=384s
12:11:01  [DIAG] offline step=0 사다리=5/0 rx=6083 lines=365 up=387s
12:11:04  [DIAG] offline step=0 사다리=5/0 rx=6083 lines=365 up=390s
12:11:07  [NET] 0 RST
12:11:07  [AT] "AT+RST" (6)
12:11:07  [AT] "OK" (2)
12:11:07  [DIAG] offline step=1 사다리=5/0 rx=6098 lines=367 up=393s
12:11:08  [AT] "b@\xD4\x86@\xF9Rc\xE2\xFCR\x8B:\x97bB\xCE\xFF\xCA\xC9\xA5\x9D\x1C\xFF\xC2I\x8D" (27)
12:11:08  [AT] "[System Ready, Vendor:www.ai-thinker.com]" (41)
12:11:09  [NET] 1 CWMODE=1
12:11:09  [AT] "AT+CWMODE=1" (11)
12:11:09  [AT] "no change" (9)
12:11:10  [NET] 2 CWJAP (응답까지 최대 30초 기다린다)
12:11:10  [AT] "AT+CWJAP="3F_302","0424719222!!"" (32)
12:11:10  [DIAG] offline step=2 사다리=5/0 rx=6230 lines=372 up=396s
12:11:13  [DIAG] offline step=2 사다리=5/0 rx=6230 lines=372 up=399s
12:11:16  [DIAG] offline step=2 사다리=5/0 rx=6230 lines=372 up=402s
12:11:19  [DIAG] offline step=2 사다리=5/0 rx=6230 lines=372 up=405s
12:11:22  [DIAG] offline step=2 사다리=5/0 rx=6230 lines=372 up=408s
12:11:25  [DIAG] offline step=2 사다리=5/0 rx=6230 lines=372 up=411s
12:11:26  [AT] "FAIL" (4)
12:11:26  [NET] ★ CWJAP 실패 1회 (구형 펌웨어는 사유를 주지 않는다)
12:11:26  [LADDER] 실패(CWJAP FAIL) CWJAP소요 15s · 연속 1회 · 결합유지 없음 · 현재 5단(0회 누적)
12:11:26  [LADDER] ⚠5단 미실행: 전원 재투입은 **부품 미보유로 미구현**이다
12:11:26  [LADDER]   필요 부품: 로우사이드 MOSFET 스위치(예: 2N7000/AO3400 + 10k)
12:11:26  [LADDER]   대신 4단 조치를 60초 백오프로 되풀이한다(종착역)
12:11:28  [DIAG] offline step=0 사다리=5/1 rx=6238 lines=373 up=414s
12:11:31  [DIAG] offline step=0 사다리=5/1 rx=6238 lines=373 up=417s
12:11:33  «tap» 살아있음 — 최근 60초 rx=2421B (이 줄이 끊기면 탭이 죽은 것이다)
12:11:34  [CNT] up=420 drop=0 esprst=6 resync=0 sendfail=0 okto=0 stuck=0 ackq=0 ackdrop=0 ackstale=0 slot=350 oow=0 smiss=5 ssovf=0 cksumng=0 okstream=66 penddrop=0 pendfill=68 bigfill=5 bigdrop=0 bigokst=5 oklost=0 bigoklost=0 skip=4 online=0
12:11:34  [RAM] 최저 여유 617 B · 프롬프트 재동기 0회 (서버의 '버린줄' 과 맞아야 한다)
12:11:34  [DIAG] offline step=0 사다리=5/1 rx=6238 lines=373 up=420s
12:11:37  [DIAG] offline step=0 사다리=5/1 rx=6238 lines=373 up=423s
12:11:40  [DIAG] offline step=0 사다리=5/1 rx=6238 lines=373 up=426s
12:11:43  [DIAG] offline step=0 사다리=5/1 rx=6238 lines=373 up=429s
12:11:46  [DIAG] offline step=0 사다리=5/1 rx=6238 lines=373 up=432s
12:11:49  [DIAG] offline step=0 사다리=5/1 rx=6238 lines=373 up=435s
12:11:52  [DIAG] offline step=0 사다리=5/1 rx=6238 lines=373 up=438s
12:11:55  [DIAG] offline step=0 사다리=5/1 rx=6238 lines=373 up=441s
12:11:58  [DIAG] offline step=0 사다리=5/1 rx=6238 lines=373 up=444s
12:12:01  [DIAG] offline step=0 사다리=5/1 rx=6238 lines=373 up=447s
12:12:04  [DIAG] offline step=0 사다리=5/1 rx=6238 lines=373 up=450s
12:12:07  [DIAG] offline step=0 사다리=5/1 rx=6238 lines=373 up=453s
12:12:10  [DIAG] offline step=0 사다리=5/1 rx=6238 lines=373 up=456s
12:12:13  [DIAG] offline step=0 사다리=5/1 rx=6238 lines=373 up=459s
12:12:16  [DIAG] offline step=0 사다리=5/1 rx=6238 lines=373 up=462s
12:12:19  [DIAG] offline step=0 사다리=5/1 rx=6238 lines=373 up=465s
12:12:22  [DIAG] offline step=0 사다리=5/1 rx=6238 lines=373 up=468s
12:12:25  [DIAG] offline step=0 사다리=5/1 rx=6238 lines=373 up=471s
12:12:26  [NET] 0 RST
12:12:26  [AT] "AT+RST" (6)
12:12:26  [AT] "OK" (2)
12:12:26  [AT] "bB\xD6\x86@\xF9Rc\xE2\xFE\x10\x89:\x97`@\xCE\xFF\xCA\xC9\xA5\x9D\x1C\xFF\xC2I\x8D" (27)
12:12:26  [AT] "[System Ready, Vendor:www.ai-thinker.com]" (41)
12:12:28  [NET] 1 CWMODE=1
12:12:28  [AT] "AT+CWMODE=1" (11)
12:12:28  [AT] "no change" (9)
12:12:28  [DIAG] offline step=2 사다리=5/1 rx=6350 lines=379 up=474s
12:12:29  [NET] 2 CWJAP (응답까지 최대 30초 기다린다)
12:12:29  [AT] "AT+CWJAP="3F_302","0424719222!!"" (32)
12:12:31  [DIAG] offline step=2 사다리=5/1 rx=6385 lines=380 up=477s
12:12:33  «tap» 살아있음 — 최근 60초 rx=1963B (이 줄이 끊기면 탭이 죽은 것이다)
12:12:35  [CNT] up=480 drop=0 esprst=6 resync=0 sendfail=0 okto=0 stuck=0 ackq=0 ackdrop=0 ackstale=0 slot=400 oow=0 smiss=5 ssovf=0 cksumng=0 okstream=66 penddrop=0 pendfill=68 bigfill=5 bigdrop=0 bigokst=5 oklost=0 bigoklost=0 skip=4 online=0
12:12:35  [RAM] 최저 여유 617 B · 프롬프트 재동기 0회 (서버의 '버린줄' 과 맞아야 한다)
12:12:35  [DIAG] offline step=2 사다리=5/1 rx=6385 lines=380 up=480s
12:12:38  [DIAG] offline step=2 사다리=5/1 rx=6385 lines=380 up=483s
12:12:41  [DIAG] offline step=2 사다리=5/1 rx=6385 lines=380 up=486s
12:12:44  [DIAG] offline step=2 사다리=5/1 rx=6385 lines=380 up=489s
12:12:45  [AT] "FAIL" (4)
12:12:45  [NET] ★ CWJAP 실패 2회 (구형 펌웨어는 사유를 주지 않는다)
12:12:45  [LADDER] 실패(CWJAP FAIL) CWJAP소요 15s · 연속 2회 · 결합유지 없음 · 현재 5단(1회 누적)
12:12:45  [NET] 7 GMR (펌웨어 판 — 진단)
12:12:45  [AT] "AT+GMR" (6)
12:12:45  [AT] "0018000902" (10)
12:12:45  [AT] "OK" (2)
12:12:47  [NET] 8 CWCOUNTRY (채널 12/13 우회 시도 — 진단)
12:12:47  [AT] "AT+CWCOUNTRY_DEF=0,"KR",1,13" (28)
12:12:47  [AT] "ERROR" (5)
12:12:47  [NET] CWCOUNTRY 미지원(ERROR) — 이 펌웨어로는 채널 12/13 을 코드로 못 연다.
12:12:47  [NET]   → 공유기 채널을 1/6/11 로 바꾸는 것이 확정 해법이다
12:12:47  [DIAG] offline step=9 사다리=5/2 rx=6460 lines=386 up=492s
12:12:47  [NET] 9 CWLAP (주변 AP 목록 — 진단)
12:12:47  [AT] "AT+CWLAP" (8)
12:12:49  [AT] "+CWLAP:(3,"3F_es_room2_2G",-41,"70:5d:cc:06:31:b6",2)" (53)
12:12:49  [AT] "+CWLAP:(3,"2F_201",-58,"70:5d:cc:0f:0f:da",7)" (45)
12:12:50  [AT] "+CWLAP:(3,"4F_es_room",-29,"70:5d:cc:06:3a:3a",8)" (49)
12:12:50  [AT] "+CWLAP:(3,"AX3000M",-70,"58:86:94:09:f4:0c",10)" (47)
12:12:50  [AT] "OK" (2)
12:12:50  [NET] ── AP 스캔 판정 ──────────────────────────
12:12:50  [NET] 설정한 SSID 가 목록에 **없다** → 비번 문제가 아니다.
12:12:50  [NET]   2.4GHz 인가 / 전파가 닿는가 / SSID 철자가 맞는가를 봐라.
12:12:50  [DIAG] offline step=2 사다리=5/2 rx=6679 lines=392 up=495s
12:12:51  [NET] 2 CWJAP (응답까지 최대 30초 기다린다)
12:12:51  [AT] "AT+CWJAP="3F_302","0424719222!!"" (32)
12:12:53  [DIAG] offline step=2 사다리=5/2 rx=6714 lines=393 up=498s
12:12:56  [DIAG] offline step=2 사다리=5/2 rx=6714 lines=393 up=501s
12:12:59  [DIAG] offline step=2 사다리=5/2 rx=6714 lines=393 up=504s
12:13:02  [DIAG] offline step=2 사다리=5/2 rx=6714 lines=393 up=507s
12:13:05  [DIAG] offline step=2 사다리=5/2 rx=6714 lines=393 up=510s
12:13:06  [AT] "FAIL" (4)
12:13:06  [NET] ★ CWJAP 실패 3회 (구형 펌웨어는 사유를 주지 않는다)
12:13:06  [LADDER] 실패(CWJAP FAIL) CWJAP소요 15s · 연속 3회 · 결합유지 없음 · 현재 5단(2회 누적)
12:13:06  [LADDER] ⚠5단 미실행: 전원 재투입은 **부품 미보유로 미구현**이다
12:13:06  [LADDER]   필요 부품: 로우사이드 MOSFET 스위치(예: 2N7000/AO3400 + 10k)
12:13:06  [LADDER]   대신 4단 조치를 60초 백오프로 되풀이한다(종착역)
12:13:08  [DIAG] offline step=0 사다리=5/3 rx=6722 lines=394 up=513s
12:13:11  [DIAG] offline step=0 사다리=5/3 rx=6722 lines=394 up=516s
12:13:14  [DIAG] offline step=0 사다리=5/3 rx=6722 lines=394 up=519s
12:13:17  [DIAG] offline step=0 사다리=5/3 rx=6722 lines=394 up=522s
12:13:20  [DIAG] offline step=0 사다리=5/3 rx=6722 lines=394 up=525s
12:13:23  [DIAG] offline step=0 사다리=5/3 rx=6722 lines=394 up=528s
12:13:26  [DIAG] offline step=0 사다리=5/3 rx=6722 lines=394 up=531s
12:13:29  [DIAG] offline step=0 사다리=5/3 rx=6722 lines=394 up=534s
12:13:32  [DIAG] offline step=0 사다리=5/3 rx=6722 lines=394 up=537s
12:13:34  «tap» 살아있음 — 최근 60초 rx=3366B (이 줄이 끊기면 탭이 죽은 것이다)
12:13:35  [CNT] up=540 drop=0 esprst=6 resync=0 sendfail=0 okto=0 stuck=0 ackq=0 ackdrop=0 ackstale=0 slot=450 oow=0 smiss=5 ssovf=0 cksumng=0 okstream=66 penddrop=0 pendfill=68 bigfill=5 bigdrop=0 bigokst=5 oklost=0 bigoklost=0 skip=4 online=0
12:13:35  [RAM] 최저 여유 617 B · 프롬프트 재동기 0회 (서버의 '버린줄' 과 맞아야 한다)
12:13:35  [DIAG] offline step=0 사다리=5/3 rx=6722 lines=394 up=540s
12:13:38  [DIAG] offline step=0 사다리=5/3 rx=6722 lines=394 up=543s
12:13:41  [DIAG] offline step=0 사다리=5/3 rx=6722 lines=394 up=546s
12:13:44  [DIAG] offline step=0 사다리=5/3 rx=6722 lines=394 up=549s
12:13:47  [DIAG] offline step=0 사다리=5/3 rx=6722 lines=394 up=552s
12:13:50  [DIAG] offline step=0 사다리=5/3 rx=6722 lines=394 up=555s
12:13:53  [DIAG] offline step=0 사다리=5/3 rx=6722 lines=394 up=558s
12:13:56  [DIAG] offline step=0 사다리=5/3 rx=6722 lines=394 up=561s
12:13:59  [DIAG] offline step=0 사다리=5/3 rx=6722 lines=394 up=564s
12:14:02  [DIAG] offline step=0 사다리=5/3 rx=6722 lines=394 up=567s
12:14:05  [DIAG] offline step=0 사다리=5/3 rx=6722 lines=394 up=570s
12:14:06  [NET] 0 RST
12:14:08  [AT] "bB\xD6\x86@\xF9Ra\xE0\xFER\x8B:"\xDCPB\xFF\xCA\xC9\xA5\x9D\x1C\xFF\xC2I\x8D" (27)
12:14:08  [AT] "[System Ready, Vendor:www.ai-thinker.com]" (41)
12:14:08  [DIAG] offline step=1 사다리=5/3 rx=6794 lines=396 up=573s
12:14:08  [NET] 1 CWMODE=1
12:14:09  [NET] 2 CWJAP (응답까지 최대 30초 기다린다)
12:14:09  [AT] "AT+CWJAP="3F_302","0424719222!!"" (32)
12:14:11  [DIAG] offline step=2 사다리=5/3 rx=6829 lines=397 up=576s
12:14:14  [DIAG] offline step=2 사다리=5/3 rx=6829 lines=397 up=579s
12:14:17  [DIAG] offline step=2 사다리=5/3 rx=6829 lines=397 up=582s
12:14:20  [DIAG] offline step=2 사다리=5/3 rx=6829 lines=397 up=585s
12:14:23  [DIAG] offline step=2 사다리=5/3 rx=6829 lines=397 up=588s
12:14:25  [AT] "FAIL" (4)
12:14:25  [NET] ★ CWJAP 실패 4회 (구형 펌웨어는 사유를 주지 않는다)
12:14:25  [LADDER] 실패(CWJAP FAIL) CWJAP소요 15s · 연속 4회 · 결합유지 없음 · 현재 5단(3회 누적)
12:14:25  [LADDER] ⚠5단 미실행: 전원 재투입은 **부품 미보유로 미구현**이다
12:14:25  [LADDER]   필요 부품: 로우사이드 MOSFET 스위치(예: 2N7000/AO3400 + 10k)
12:14:25  [LADDER]   대신 4단 조치를 60초 백오프로 되풀이한다(종착역)
12:14:26  [DIAG] offline step=0 사다리=5/4 rx=6837 lines=398 up=591s
12:14:29  [DIAG] offline step=0 사다리=5/4 rx=6837 lines=398 up=594s
12:14:32  [DIAG] offline step=0 사다리=5/4 rx=6837 lines=398 up=597s
12:14:34  «tap» 살아있음 — 최근 60초 rx=2337B (이 줄이 끊기면 탭이 죽은 것이다)
12:14:35  [CNT] up=600 drop=0 esprst=6 resync=0 sendfail=0 okto=0 stuck=0 ackq=0 ackdrop=0 ackstale=0 slot=500 oow=0 smiss=5 ssovf=0 cksumng=0 okstream=66 penddrop=0 pendfill=68 bigfill=5 bigdrop=0 bigokst=5 oklost=0 bigoklost=0 skip=4 online=0
12:14:35  [RAM] 최저 여유 617 B · 프롬프트 재동기 0회 (서버의 '버린줄' 과 맞아야 한다)
12:14:35  [DIAG] offline step=0 사다리=5/4 rx=6837 lines=398 up=600s
12:14:38  [DIAG] offline step=0 사다리=5/4 rx=6870 lines=398 up=603s
12:14:41  [DIAG] offline step=0 사다리=5/4 rx=6870 lines=398 up=606s
12:14:44  [DIAG] offline step=0 사다리=5/4 rx=6870 lines=398 up=609s
12:14:47  [DIAG] offline step=0 사다리=5/4 rx=6870 lines=398 up=612s
12:14:50  [DIAG] offline step=0 사다리=5/4 rx=6870 lines=398 up=615s
12:14:53  [DIAG] offline step=0 사다리=5/4 rx=6870 lines=398 up=618s
12:14:56  [DIAG] offline step=0 사다리=5/4 rx=6870 lines=398 up=621s
12:14:59  [DIAG] offline step=0 사다리=5/4 rx=6870 lines=398 up=624s
12:15:02  [DIAG] offline step=0 사다리=5/4 rx=6870 lines=398 up=627s
12:15:05  [DIAG] offline step=0 사다리=5/4 rx=6870 lines=398 up=630s
12:15:08  [DIAG] offline step=0 사다리=5/4 rx=6870 lines=398 up=633s
12:15:11  [DIAG] offline step=0 사다리=5/4 rx=6870 lines=398 up=636s
12:15:14  [DIAG] offline step=0 사다리=5/4 rx=6870 lines=398 up=639s
12:15:17  [DIAG] offline step=0 사다리=5/4 rx=6870 lines=398 up=642s
12:15:20  [DIAG] offline step=0 사다리=5/4 rx=6870 lines=398 up=645s
12:15:23  [DIAG] offline step=0 사다리=5/4 rx=6870 lines=398 up=648s
12:15:25  [NET] 0 RST
12:15:26  [DIAG] offline step=1 사다리=5/4 rx=6870 lines=398 up=651s
12:15:27  [NET] 1 CWMODE=1
12:15:28  [NET] 2 CWJAP (응답까지 최대 30초 기다린다)
12:15:29  [DIAG] offline step=2 사다리=5/4 rx=6870 lines=398 up=654s
12:15:32  [DIAG] offline step=2 사다리=5/4 rx=6870 lines=398 up=657s
12:15:34  «tap» 살아있음 — 최근 60초 rx=1686B (이 줄이 끊기면 탭이 죽은 것이다)
12:15:35  [CNT] up=660 drop=0 esprst=6 resync=0 sendfail=0 okto=0 stuck=0 ackq=0 ackdrop=0 ackstale=0 slot=550 oow=0 smiss=5 ssovf=0 cksumng=0 okstream=66 penddrop=0 pendfill=68 bigfill=5 bigdrop=0 bigokst=5 oklost=0 bigoklost=0 skip=4 online=0
12:15:35  [RAM] 최저 여유 617 B · 프롬프트 재동기 0회 (서버의 '버린줄' 과 맞아야 한다)
12:15:35  [DIAG] offline step=2 사다리=5/4 rx=6870 lines=398 up=660s
12:15:38  [DIAG] offline step=2 사다리=5/4 rx=6870 lines=398 up=663s
12:15:41  [DIAG] offline step=2 사다리=5/4 rx=6870 lines=398 up=666s
12:15:44  [DIAG] offline step=2 사다리=5/4 rx=6870 lines=398 up=669s
12:15:47  [DIAG] offline step=2 사다리=5/4 rx=6870 lines=398 up=672s
12:15:50  [DIAG] offline step=2 사다리=5/4 rx=6870 lines=398 up=675s
12:15:53  [DIAG] offline step=2 사다리=5/4 rx=6870 lines=398 up=678s
12:15:56  [DIAG] offline step=2 사다리=5/4 rx=6870 lines=398 up=681s
12:15:58  [LADDER] 실패(CWJAP 무응답) CWJAP소요 29s · 연속 5회 · 결합유지 없음 · 현재 5단(4회 누적)
12:15:58  [LADDER] ⚠5단 미실행: 전원 재투입은 **부품 미보유로 미구현**이다
12:15:58  [LADDER]   필요 부품: 로우사이드 MOSFET 스위치(예: 2N7000/AO3400 + 10k)
12:15:58  [LADDER]   대신 4단 조치를 60초 백오프로 되풀이한다(종착역)
12:15:59  [DIAG] offline step=0 사다리=5/5 rx=6870 lines=398 up=684s
12:16:02  [DIAG] offline step=0 사다리=5/5 rx=6870 lines=398 up=687s
12:16:05  [DIAG] offline step=0 사다리=5/5 rx=6870 lines=398 up=690s
12:16:08  [DIAG] offline step=0 사다리=5/5 rx=6870 lines=398 up=693s
12:16:11  [DIAG] offline step=0 사다리=5/5 rx=6870 lines=398 up=696s
12:16:14  [DIAG] offline step=0 사다리=5/5 rx=6870 lines=398 up=699s
12:16:17  [DIAG] offline step=0 사다리=5/5 rx=6870 lines=398 up=702s
12:16:20  [DIAG] offline step=0 사다리=5/5 rx=6870 lines=398 up=705s
12:16:23  [DIAG] offline step=0 사다리=5/5 rx=6870 lines=398 up=708s
12:16:26  [DIAG] offline step=0 사다리=5/5 rx=6870 lines=398 up=711s
12:16:29  [DIAG] offline step=0 사다리=5/5 rx=6870 lines=398 up=714s
12:16:32  [DIAG] offline step=0 사다리=5/5 rx=6870 lines=398 up=717s
12:16:34  «tap» 살아있음 — 최근 60초 rx=1970B (이 줄이 끊기면 탭이 죽은 것이다)
12:16:36  [CNT] up=720 drop=0 esprst=6 resync=0 sendfail=0 okto=0 stuck=0 ackq=0 ackdrop=0 ackstale=0 slot=600 oow=0 smiss=5 ssovf=0 cksumng=0 okstream=66 penddrop=0 pendfill=68 bigfill=5 bigdrop=0 bigokst=5 oklost=0 bigoklost=0 skip=4 online=0
12:16:36  [RAM] 최저 여유 617 B · 프롬프트 재동기 0회 (서버의 '버린줄' 과 맞아야 한다)
12:16:36  [DIAG] offline step=0 사다리=5/5 rx=6870 lines=398 up=720s
12:16:39  [DIAG] offline step=0 사다리=5/5 rx=6870 lines=398 up=723s
12:16:42  [DIAG] offline step=0 사다리=5/5 rx=6870 lines=398 up=726s
12:16:45  [DIAG] offline step=0 사다리=5/5 rx=6870 lines=398 up=729s
12:16:48  [DIAG] offline step=0 사다리=5/5 rx=6870 lines=398 up=732s
12:16:51  [DIAG] offline step=0 사다리=5/5 rx=6870 lines=398 up=735s
12:16:54  [DIAG] offline step=0 사다리=5/5 rx=6870 lines=398 up=738s
12:16:57  [DIAG] offline step=0 사다리=5/5 rx=6870 lines=398 up=741s
12:16:59  [NET] 0 RST
12:17:00  [DIAG] offline step=1 사다리=5/5 rx=6870 lines=398 up=744s
12:17:01  [NET] 1 CWMODE=1
12:17:02  [NET] 2 CWJAP (응답까지 최대 30초 기다린다)
12:17:03  [DIAG] offline step=2 사다리=5/5 rx=6870 lines=398 up=747s
12:17:06  [DIAG] offline step=2 사다리=5/5 rx=6870 lines=398 up=750s
12:17:09  [DIAG] offline step=2 사다리=5/5 rx=6870 lines=398 up=753s
12:17:12  [DIAG] offline step=2 사다리=5/5 rx=6870 lines=398 up=756s
12:17:15  [DIAG] offline step=2 사다리=5/5 rx=6870 lines=398 up=759s
12:17:18  [DIAG] offline step=2 사다리=5/5 rx=6870 lines=398 up=762s
12:17:21  [DIAG] offline step=2 사다리=5/5 rx=6870 lines=398 up=765s
12:17:24  [DIAG] offline step=2 사다리=5/5 rx=6870 lines=398 up=768s
12:17:27  [DIAG] offline step=2 사다리=5/5 rx=6870 lines=398 up=771s
12:17:30  [DIAG] offline step=2 사다리=5/5 rx=6870 lines=398 up=774s
12:17:32  [LADDER] 실패(CWJAP 무응답) CWJAP소요 29s · 연속 6회 · 결합유지 없음 · 현재 5단(5회 누적)
12:17:32  [LADDER] ⚠5단 미실행: 전원 재투입은 **부품 미보유로 미구현**이다
12:17:32  [LADDER]   필요 부품: 로우사이드 MOSFET 스위치(예: 2N7000/AO3400 + 10k)
12:17:32  [LADDER]   대신 4단 조치를 60초 백오프로 되풀이한다(종착역)
12:17:33  [DIAG] offline step=0 사다리=5/6 rx=6870 lines=398 up=777s
12:17:35  «tap» 살아있음 — 최근 60초 rx=2057B (이 줄이 끊기면 탭이 죽은 것이다)
12:17:36  [CNT] up=780 drop=0 esprst=6 resync=0 sendfail=0 okto=0 stuck=0 ackq=0 ackdrop=0 ackstale=0 slot=650 oow=0 smiss=5 ssovf=0 cksumng=0 okstream=66 penddrop=0 pendfill=68 bigfill=5 bigdrop=0 bigokst=5 oklost=0 bigoklost=0 skip=4 online=0
12:17:36  [RAM] 최저 여유 617 B · 프롬프트 재동기 0회 (서버의 '버린줄' 과 맞아야 한다)
12:17:36  [DIAG] offline step=0 사다리=5/6 rx=6870 lines=398 up=780s
12:17:39  [DIAG] offline step=0 사다리=5/6 rx=6870 lines=398 up=783s
12:17:42  [DIAG] offline step=0 사다리=5/6 rx=6870 lines=398 up=786s
12:17:45  [DIAG] offline step=0 사다리=5/6 rx=6870 lines=398 up=789s
12:17:48  [DIAG] offline step=0 사다리=5/6 rx=6871 lines=398 up=792s
12:17:51  [DIAG] offline step=0 사다리=5/6 rx=6871 lines=398 up=795s
12:17:54  [DIAG] offline step=0 사다리=5/6 rx=6871 lines=398 up=798s
12:17:57  [DIAG] offline step=0 사다리=5/6 rx=6871 lines=398 up=801s
12:18:00  [DIAG] offline step=0 사다리=5/6 rx=6871 lines=398 up=804s
12:18:03  [DIAG] offline step=0 사다리=5/6 rx=6871 lines=398 up=807s
12:18:06  [DIAG] offline step=0 사다리=5/6 rx=6871 lines=398 up=810s
12:18:09  [DIAG] offline step=0 사다리=5/6 rx=6871 lines=398 up=813s
12:18:12  [DIAG] offline step=0 사다리=5/6 rx=6871 lines=398 up=816s
12:18:15  [DIAG] offline step=0 사다리=5/6 rx=6871 lines=398 up=819s
12:18:18  [DIAG] offline step=0 사다리=5/6 rx=6871 lines=398 up=822s
12:18:21  [DIAG] offline step=0 사다리=5/6 rx=6871 lines=398 up=825s
12:18:24  [DIAG] offline step=0 사다리=5/6 rx=6871 lines=398 up=828s
12:18:27  [DIAG] offline step=0 사다리=5/6 rx=6871 lines=398 up=831s
12:18:30  [DIAG] offline step=0 사다리=5/6 rx=6871 lines=398 up=834s
12:18:32  [NET] 0 RST
12:18:33  [DIAG] offline step=1 사다리=5/6 rx=6871 lines=398 up=837s
12:18:34  [NET] 1 CWMODE=1
12:18:35  «tap» 살아있음 — 최근 60초 rx=1630B (이 줄이 끊기면 탭이 죽은 것이다)
12:18:35  [NET] 2 CWJAP (응답까지 최대 30초 기다린다)
12:18:35  [CNT] up=840 drop=0 esprst=6 resync=0 sendfail=0 okto=0 stuck=0 ackq=0 ackdrop=0 ackstale=0 slot=700 oow=0 smiss=5 ssovf=0 cksumng=0 okstream=66 penddrop=0 pendfill=68 bigfill=5 bigdrop=0 bigokst=5 oklost=0 bigoklost=0 skip=4 online=0
12:18:35  [RAM] 최저 여유 617 B · 프롬프트 재동기 0회 (서버의 '버린줄' 과 맞아야 한다)
12:18:36  [DIAG] offline step=2 사다리=5/6 rx=6871 lines=398 up=840s
12:18:39  [DIAG] offline step=2 사다리=5/6 rx=6871 lines=398 up=843s
12:18:42  [DIAG] offline step=2 사다리=5/6 rx=6871 lines=398 up=846s
12:18:45  [DIAG] offline step=2 사다리=5/6 rx=6871 lines=398 up=849s
12:18:48  [DIAG] offline step=2 사다리=5/6 rx=6871 lines=398 up=852s
12:18:51  [DIAG] offline step=2 사다리=5/6 rx=6871 lines=398 up=855s
12:18:54  [DIAG] offline step=2 사다리=5/6 rx=6871 lines=398 up=858s
12:18:57  [DIAG] offline step=2 사다리=5/6 rx=6871 lines=398 up=861s
12:19:00  [DIAG] offline step=2 사다리=5/6 rx=6871 lines=398 up=864s
12:19:03  [DIAG] offline step=2 사다리=5/6 rx=6871 lines=398 up=867s
12:19:05  [LADDER] 실패(CWJAP 무응답) CWJAP소요 29s · 연속 7회 · 결합유지 없음 · 현재 5단(6회 누적)
12:19:05  [LADDER] ⚠5단 미실행: 전원 재투입은 **부품 미보유로 미구현**이다
12:19:05  [LADDER]   필요 부품: 로우사이드 MOSFET 스위치(예: 2N7000/AO3400 + 10k)
12:19:05  [LADDER]   대신 4단 조치를 60초 백오프로 되풀이한다(종착역)
12:19:06  [DIAG] offline step=0 사다리=5/7 rx=6871 lines=398 up=870s
12:19:09  [DIAG] offline step=0 사다리=5/7 rx=6871 lines=398 up=873s
12:19:12  [DIAG] offline step=0 사다리=5/7 rx=6871 lines=398 up=876s
12:19:15  [DIAG] offline step=0 사다리=5/7 rx=6871 lines=398 up=879s
12:19:18  [DIAG] offline step=0 사다리=5/7 rx=6871 lines=398 up=882s
12:19:21  [DIAG] offline step=0 사다리=5/7 rx=6871 lines=398 up=885s
12:19:24  [DIAG] offline step=0 사다리=5/7 rx=6871 lines=398 up=888s
12:19:27  [DIAG] offline step=0 사다리=5/7 rx=6871 lines=398 up=891s
12:19:29  [DIAG] offline step=0 사다리=5/7 rx=6871 lines=398 up=894s
12:19:33  [DIAG] offline step=0 사다리=5/7 rx=6871 lines=398 up=897s
12:19:35  «tap» 살아있음 — 최근 60초 rx=2026B (이 줄이 끊기면 탭이 죽은 것이다)
12:19:35  [CNT] up=900 drop=0 esprst=6 resync=0 sendfail=0 okto=0 stuck=0 ackq=0 ackdrop=0 ackstale=0 slot=750 oow=0 smiss=5 ssovf=0 cksumng=0 okstream=66 penddrop=0 pendfill=68 bigfill=5 bigdrop=0 bigokst=5 oklost=0 bigoklost=0 skip=4 online=0
12:19:35  [RAM] 최저 여유 617 B · 프롬프트 재동기 0회 (서버의 '버린줄' 과 맞아야 한다)
12:19:35  [DIAG] offline step=0 사다리=5/7 rx=6871 lines=398 up=900s
12:19:38  [DIAG] offline step=0 사다리=5/7 rx=6871 lines=398 up=903s
12:19:41  [DIAG] offline step=0 사다리=5/7 rx=6871 lines=398 up=906s
12:19:44  [DIAG] offline step=0 사다리=5/7 rx=6871 lines=398 up=909s
12:19:47  [DIAG] offline step=0 사다리=5/7 rx=6871 lines=398 up=912s
12:19:50  [DIAG] offline step=0 사다리=5/7 rx=6871 lines=398 up=915s
12:19:53  [DIAG] offline step=0 사다리=5/7 rx=6871 lines=398 up=918s
12:19:56  [DIAG] offline step=0 사다리=5/7 rx=6871 lines=398 up=921s
12:19:59  [DIAG] offline step=0 사다리=5/7 rx=6871 lines=398 up=924s
12:20:02  [DIAG] offline step=0 사다리=5/7 rx=6871 lines=398 up=927s
12:20:05  [NET] 0 RST
12:20:05  [DIAG] offline step=1 사다리=5/7 rx=6871 lines=398 up=930s
12:20:08  [NET] 1 CWMODE=1
12:20:08  [NET] 2 CWJAP (응답까지 최대 30초 기다린다)
12:20:08  [DIAG] offline step=2 사다리=5/7 rx=6871 lines=398 up=933s
12:20:11  [DIAG] offline step=2 사다리=5/7 rx=6871 lines=398 up=936s
12:20:14  [DIAG] offline step=2 사다리=5/7 rx=6871 lines=398 up=939s
12:20:17  [DIAG] offline step=2 사다리=5/7 rx=6871 lines=398 up=942s
12:20:20  [DIAG] offline step=2 사다리=5/7 rx=6871 lines=398 up=945s
12:20:23  [DIAG] offline step=2 사다리=5/7 rx=6871 lines=398 up=948s
12:20:26  [DIAG] offline step=2 사다리=5/7 rx=6871 lines=398 up=951s
12:20:29  [DIAG] offline step=2 사다리=5/7 rx=6871 lines=398 up=954s
12:20:32  [DIAG] offline step=2 사다리=5/7 rx=6871 lines=398 up=957s
12:20:35  «tap» 살아있음 — 최근 60초 rx=1686B (이 줄이 끊기면 탭이 죽은 것이다)
12:20:35  [CNT] up=960 drop=0 esprst=6 resync=0 sendfail=0 okto=0 stuck=0 ackq=0 ackdrop=0 ackstale=0 slot=800 oow=0 smiss=5 ssovf=0 cksumng=0 okstream=66 penddrop=0 pendfill=68 bigfill=5 bigdrop=0 bigokst=5 oklost=0 bigoklost=0 skip=4 online=0
12:20:35  [RAM] 최저 여유 617 B · 프롬프트 재동기 0회 (서버의 '버린줄' 과 맞아야 한다)
12:20:35  [DIAG] offline step=2 사다리=5/7 rx=6871 lines=398 up=960s
12:20:38  [LADDER] 실패(CWJAP 무응답) CWJAP소요 29s · 연속 8회 · 결합유지 없음 · 현재 5단(7회 누적)
12:20:38  [LADDER] ⚠5단 미실행: 전원 재투입은 **부품 미보유로 미구현**이다
12:20:38  [LADDER]   필요 부품: 로우사이드 MOSFET 스위치(예: 2N7000/AO3400 + 10k)
12:20:38  [LADDER]   대신 4단 조치를 60초 백오프로 되풀이한다(종착역)
12:20:38  [DIAG] offline step=0 사다리=5/8 rx=6871 lines=398 up=963s
12:20:41  [DIAG] offline step=0 사다리=5/8 rx=6871 lines=398 up=966s
12:20:45  [DIAG] offline step=0 사다리=5/8 rx=6871 lines=398 up=969s
12:20:48  [DIAG] offline step=0 사다리=5/8 rx=6871 lines=398 up=972s
12:20:51  [DIAG] offline step=0 사다리=5/8 rx=6871 lines=398 up=975s
12:20:54  [DIAG] offline step=0 사다리=5/8 rx=6871 lines=398 up=978s
12:20:57  [DIAG] offline step=0 사다리=5/8 rx=6871 lines=398 up=981s
12:21:00  [DIAG] offline step=0 사다리=5/8 rx=6871 lines=398 up=984s
12:21:03  [DIAG] offline step=0 사다리=5/8 rx=6871 lines=398 up=987s
12:21:06  [DIAG] offline step=0 사다리=5/8 rx=6871 lines=398 up=990s
12:21:09  [DIAG] offline step=0 사다리=5/8 rx=6871 lines=398 up=993s
12:21:12  [DIAG] offline step=0 사다리=5/8 rx=6871 lines=398 up=996s
12:21:15  [DIAG] offline step=0 사다리=5/8 rx=6871 lines=398 up=999s
12:21:18  [DIAG] offline step=0 사다리=5/8 rx=6871 lines=398 up=1002s
12:21:21  [DIAG] offline step=0 사다리=5/8 rx=6871 lines=398 up=1005s
12:21:24  [DIAG] offline step=0 사다리=5/8 rx=6871 lines=398 up=1008s
12:21:27  [DIAG] offline step=0 사다리=5/8 rx=6871 lines=398 up=1011s
12:21:30  [DIAG] offline step=0 사다리=5/8 rx=6871 lines=398 up=1014s
12:21:33  [DIAG] offline step=0 사다리=5/8 rx=6871 lines=398 up=1017s
12:21:36  «tap» 살아있음 — 최근 60초 rx=1976B (이 줄이 끊기면 탭이 죽은 것이다)
12:21:36  [CNT] up=1020 drop=0 esprst=6 resync=0 sendfail=0 okto=0 stuck=0 ackq=0 ackdrop=0 ackstale=0 slot=850 oow=0 smiss=5 ssovf=0 cksumng=0 okstream=66 penddrop=0 pendfill=68 bigfill=5 bigdrop=0 bigokst=5 oklost=0 bigoklost=0 skip=4 online=0
12:21:36  [RAM] 최저 여유 617 B · 프롬프트 재동기 0회 (서버의 '버린줄' 과 맞아야 한다)
12:21:36  [DIAG] offline step=0 사다리=5/8 rx=6871 lines=398 up=1020s
12:21:39  [NET] 0 RST
12:21:39  [DIAG] offline step=1 사다리=5/8 rx=6871 lines=398 up=1023s
12:21:42  [NET] 1 CWMODE=1
12:21:42  [DIAG] offline step=2 사다리=5/8 rx=6871 lines=398 up=1026s
12:21:43  [NET] 2 CWJAP (응답까지 최대 30초 기다린다)
12:21:45  [DIAG] offline step=2 사다리=5/8 rx=6871 lines=398 up=1029s
12:21:48  [DIAG] offline step=2 사다리=5/8 rx=6871 lines=398 up=1032s
12:21:51  [DIAG] offline step=2 사다리=5/8 rx=6871 lines=398 up=1035s
12:21:54  [DIAG] offline step=2 사다리=5/8 rx=6871 lines=398 up=1038s
12:21:57  [DIAG] offline step=2 사다리=5/8 rx=6871 lines=398 up=1041s
12:22:00  [DIAG] offline step=2 사다리=5/8 rx=6871 lines=398 up=1044s
12:22:03  [DIAG] offline step=2 사다리=5/8 rx=6871 lines=398 up=1047s
12:22:06  [DIAG] offline step=2 사다리=5/8 rx=6970 lines=398 up=1050s
12:22:07  [DROP-OVF] 줄이 96바이트를 넘어 버렸다
12:22:07  [AT] "[System Ready, Vendor:www.ai-thinker.com]" (41)
12:22:09  [DIAG] offline step=2 사다리=5/8 rx=7020 lines=399 up=1053s
12:22:12  [DIAG] offline step=2 사다리=5/8 rx=7020 lines=399 up=1056s
12:22:13  [LADDER] 실패(CWJAP 무응답) CWJAP소요 29s · 연속 9회 · 결합유지 없음 · 현재 5단(8회 누적)
12:22:13  [LADDER] ⚠5단 미실행: 전원 재투입은 **부품 미보유로 미구현**이다
12:22:13  [LADDER]   필요 부품: 로우사이드 MOSFET 스위치(예: 2N7000/AO3400 + 10k)
12:22:13  [LADDER]   대신 4단 조치를 60초 백오프로 되풀이한다(종착역)
12:22:15  [DIAG] offline step=0 사다리=5/9 rx=7020 lines=399 up=1059s
12:22:18  [DIAG] offline step=0 사다리=5/9 rx=7020 lines=399 up=1062s
12:22:21  [DIAG] offline step=0 사다리=5/9 rx=7020 lines=399 up=1065s
12:22:24  [DIAG] offline step=0 사다리=5/9 rx=7020 lines=399 up=1068s
12:22:27  [DIAG] offline step=0 사다리=5/9 rx=7020 lines=399 up=1071s
12:22:30  [DIAG] offline step=0 사다리=5/9 rx=7020 lines=399 up=1074s
12:22:33  [DIAG] offline step=0 사다리=5/9 rx=7020 lines=399 up=1077s
12:22:36  «tap» 살아있음 — 최근 60초 rx=2184B (이 줄이 끊기면 탭이 죽은 것이다)
12:22:36  [CNT] up=1080 drop=0 esprst=6 resync=0 sendfail=0 okto=0 stuck=0 ackq=0 ackdrop=0 ackstale=0 slot=900 oow=0 smiss=5 ssovf=0 cksumng=0 okstream=66 penddrop=0 pendfill=68 bigfill=5 bigdrop=0 bigokst=5 oklost=0 bigoklost=0 skip=4 online=0
12:22:36  [RAM] 최저 여유 617 B · 프롬프트 재동기 0회 (서버의 '버린줄' 과 맞아야 한다)
12:22:36  [DIAG] offline step=0 사다리=5/9 rx=7020 lines=399 up=1080s
12:22:39  [DIAG] offline step=0 사다리=5/9 rx=7020 lines=399 up=1083s
12:22:42  [DIAG] offline step=0 사다리=5/9 rx=7020 lines=399 up=1086s
12:22:45  [DIAG] offline step=0 사다리=5/9 rx=7020 lines=399 up=1089s
12:22:48  [DIAG] offline step=0 사다리=5/9 rx=7020 lines=399 up=1092s
12:22:51  [DIAG] offline step=0 사다리=5/9 rx=7020 lines=399 up=1095s
12:22:54  [DIAG] offline step=0 사다리=5/9 rx=7020 lines=399 up=1098s
12:22:57  [DIAG] offline step=0 사다리=5/9 rx=7020 lines=399 up=1101s
12:23:00  [DIAG] offline step=0 사다리=5/9 rx=7020 lines=399 up=1104s
12:23:03  [DIAG] offline step=0 사다리=5/9 rx=7020 lines=399 up=1107s
12:23:06  [DIAG] offline step=0 사다리=5/9 rx=7020 lines=399 up=1110s
12:23:09  [DIAG] offline step=0 사다리=5/9 rx=7020 lines=399 up=1113s
12:23:12  [DIAG] offline step=0 사다리=5/9 rx=7020 lines=399 up=1116s
12:23:13  [NET] 0 RST
12:23:13  [AT] "AT+RST" (6)
12:23:13  [AT] "OK" (2)
12:23:14  [AT] "`B\xD6\x86@\xF9Ra\xE2\xFCR\x89:\x97b@\xCC\xFF\xC8\xC9\xA5\x9D\xCE\xFF\xC0I\x8D" (27)
12:23:14  [AT] "[System Ready, Vendor:www.ai-thinker.com]" (41)
12:23:15  [NET] 1 CWMODE=1
12:23:15  [AT] "AT+CWMODE=1" (11)
12:23:15  [AT] "no change" (9)
12:23:15  [DIAG] offline step=2 사다리=5/9 rx=7132 lines=405 up=1119s
12:23:16  [NET] 2 CWJAP (응답까지 최대 30초 기다린다)
12:23:16  [AT] "AT+CWJAP="3F_302","0424719222!!"" (32)
12:23:18  [DIAG] offline step=2 사다리=5/9 rx=7167 lines=406 up=1122s
12:23:21  [DIAG] offline step=2 사다리=5/9 rx=7167 lines=406 up=1125s
12:23:24  [DIAG] offline step=2 사다리=5/9 rx=7167 lines=406 up=1128s
12:23:27  [DIAG] offline step=2 사다리=5/9 rx=7167 lines=406 up=1131s
12:23:30  [DIAG] offline step=2 사다리=5/9 rx=7167 lines=406 up=1134s
12:23:31  [AT] "FAIL" (4)
12:23:31  [NET] ★ CWJAP 실패 10회 (구형 펌웨어는 사유를 주지 않는다)
12:23:31  [LADDER] 실패(CWJAP FAIL) CWJAP소요 15s · 연속 10회 · 결합유지 없음 · 현재 5단(9회 누적)
12:23:31  [LADDER] ⚠5단 미실행: 전원 재투입은 **부품 미보유로 미구현**이다
12:23:31  [LADDER]   필요 부품: 로우사이드 MOSFET 스위치(예: 2N7000/AO3400 + 10k)
12:23:31  [LADDER]   대신 4단 조치를 60초 백오프로 되풀이한다(종착역)
12:23:33  [DIAG] offline step=0 사다리=5/10 rx=7175 lines=407 up=1137s
12:23:36  «tap» 살아있음 — 최근 60초 rx=2445B (이 줄이 끊기면 탭이 죽은 것이다)
12:23:36  [CNT] up=1140 drop=0 esprst=6 resync=0 sendfail=0 okto=0 stuck=0 ackq=0 ackdrop=0 ackstale=0 slot=950 oow=0 smiss=5 ssovf=0 cksumng=0 okstream=66 penddrop=0 pendfill=68 bigfill=5 bigdrop=0 bigokst=5 oklost=0 bigoklost=0 skip=4 online=0
12:23:36  [RAM] 최저 여유 617 B · 프롬프트 재동기 0회 (서버의 '버린줄' 과 맞아야 한다)
12:23:36  [DIAG] offline step=0 사다리=5/10 rx=7175 lines=407 up=1140s
12:23:39  [DIAG] offline step=0 사다리=5/10 rx=7175 lines=407 up=1143s
12:23:42  [DIAG] offline step=0 사다리=5/10 rx=7175 lines=407 up=1146s
12:23:45  [DIAG] offline step=0 사다리=5/10 rx=7175 lines=407 up=1149s
12:23:48  [DIAG] offline step=0 사다리=5/10 rx=7175 lines=407 up=1152s
12:23:51  [DIAG] offline step=0 사다리=5/10 rx=7175 lines=407 up=1155s
12:23:54  [DIAG] offline step=0 사다리=5/10 rx=7175 lines=407 up=1158s
12:23:57  [DIAG] offline step=0 사다리=5/10 rx=7175 lines=407 up=1161s
12:24:00  [DIAG] offline step=0 사다리=5/10 rx=7175 lines=407 up=1164s
12:24:03  [DIAG] offline step=0 사다리=5/10 rx=7175 lines=407 up=1167s
12:24:06  [DIAG] offline step=0 사다리=5/10 rx=7175 lines=407 up=1170s
12:24:09  [DIAG] offline step=0 사다리=5/10 rx=7175 lines=407 up=1173s
12:24:12  [DIAG] offline step=0 사다리=5/10 rx=7175 lines=407 up=1176s
12:24:15  [DIAG] offline step=0 사다리=5/10 rx=7175 lines=407 up=1179s
12:24:18  [DIAG] offline step=0 사다리=5/10 rx=7175 lines=407 up=1182s
12:24:21  [DIAG] offline step=0 사다리=5/10 rx=7175 lines=407 up=1185s
12:24:24  [DIAG] offline step=0 사다리=5/10 rx=7175 lines=407 up=1188s
12:24:27  [DIAG] offline step=0 사다리=5/10 rx=7175 lines=407 up=1191s
12:24:30  [DIAG] offline step=0 사다리=5/10 rx=7175 lines=407 up=1194s
12:24:31  [NET] 0 RST
12:24:31  [AT] "AT+RST" (6)
12:24:31  [AT] "OK" (2)
12:24:32  [AT] "`B\xD6\x86@\xF9Ra\xE2\xFCP\x89:\x97b@\xCE\xFF\xC8\xC9\xA5\x9D\x1C\xFF\xC2I\x8D" (27)
12:24:32  [AT] "[System Ready, Vendor:www.ai-thinker.com]" (41)
12:24:33  [DIAG] offline step=1 사다리=5/10 rx=7299 lines=411 up=1197s
12:24:33  [AT] "\x82\x82\xF2\x9F\xA1\x12\x12\x87\x196\x8A\xA3\xFF\x87\xF0\x8D\xA1\xC5\xC1C\x18V\x9A\xD2\x07\xF0\x92\x87\x1A\xDA\x92\xC1\x07\xF0\x12\x87\xFC" (37)
12:24:33  [AT] "[System Ready, Vendor:www.ai-thinker.com]" (41)
12:24:33  [NET] 1 CWMODE=1
12:24:35  [NET] 2 CWJAP (응답까지 최대 30초 기다린다)
12:24:37  «tap» 살아있음 — 최근 60초 rx=2116B (이 줄이 끊기면 탭이 죽은 것이다)
12:24:37  [CNT] up=1200 drop=0 esprst=6 resync=0 sendfail=0 okto=0 stuck=0 ackq=0 ackdrop=0 ackstale=0 slot=1000 oow=0 smiss=5 ssovf=0 cksumng=0 okstream=66 penddrop=0 pendfill=68 bigfill=5 bigdrop=0 bigokst=5 oklost=0 bigoklost=0 skip=4 online=0
12:24:37  [RAM] 최저 여유 617 B · 프롬프트 재동기 0회 (서버의 '버린줄' 과 맞아야 한다)
12:24:37  [DIAG] offline step=2 사다리=5/10 rx=7355 lines=413 up=1200s
12:24:40  [DIAG] offline step=2 사다리=5/10 rx=7355 lines=413 up=1203s
12:24:42  [DROP-OVF] 줄이 96바이트를 넘어 버렸다
12:24:42  [AT] "[System Ready, Vendor:www.ai-thinker.com]" (41)
12:24:43  [DIAG] offline step=2 사다리=5/10 rx=7511 lines=414 up=1206s
12:24:46  [DIAG] offline step=2 사다리=5/10 rx=7512 lines=414 up=1209s
12:24:46  [AT] "" (0)
12:24:46  [AT] "[System Ready, Vendor:www.ai-thinker.com]" (41)
12:24:49  [DIAG] offline step=2 사다리=5/10 rx=7594 lines=416 up=1212s
12:24:52  [DIAG] offline step=2 사다리=5/10 rx=7594 lines=416 up=1215s
12:24:55  [DIAG] offline step=2 사다리=5/10 rx=7594 lines=416 up=1218s
12:24:58  [DIAG] offline step=2 사다리=5/10 rx=7594 lines=416 up=1221s
12:25:01  [DIAG] offline step=2 사다리=5/10 rx=7594 lines=416 up=1224s
12:25:04  [DIAG] offline step=2 사다리=5/10 rx=7594 lines=416 up=1227s
12:25:05  [LADDER] 실패(CWJAP 무응답) CWJAP소요 29s · 연속 11회 · 결합유지 없음 · 현재 5단(10회 누적)
12:25:05  [LADDER] ⚠5단 미실행: 전원 재투입은 **부품 미보유로 미구현**이다
12:25:05  [LADDER]   필요 부품: 로우사이드 MOSFET 스위치(예: 2N7000/AO3400 + 10k)
12:25:05  [LADDER]   대신 4단 조치를 60초 백오프로 되풀이한다(종착역)
12:25:07  [DIAG] offline step=0 사다리=5/11 rx=7594 lines=416 up=1230s
12:25:10  [DIAG] offline step=0 사다리=5/11 rx=7594 lines=416 up=1233s
12:25:13  [DIAG] offline step=0 사다리=5/11 rx=7594 lines=416 up=1236s
12:25:16  [DIAG] offline step=0 사다리=5/11 rx=7594 lines=416 up=1239s
12:25:19  [DIAG] offline step=0 사다리=5/11 rx=7594 lines=416 up=1242s
12:25:22  [AT] "" (0)
12:25:22  [AT] "[System Ready, Vendor:www.ai-thinker.com]" (41)
12:25:22  [DIAG] offline step=0 사다리=5/11 rx=7677 lines=418 up=1245s
12:25:25  [DIAG] offline step=0 사다리=5/11 rx=7677 lines=418 up=1248s
12:25:28  [DIAG] offline step=0 사다리=5/11 rx=7677 lines=418 up=1251s
12:25:31  [DIAG] offline step=0 사다리=5/11 rx=7677 lines=418 up=1254s
12:25:34  [DIAG] offline step=0 사다리=5/11 rx=7677 lines=418 up=1257s
12:25:37  «tap» 살아있음 — 최근 60초 rx=2256B (이 줄이 끊기면 탭이 죽은 것이다)
12:25:37  [CNT] up=1260 drop=0 esprst=6 resync=0 sendfail=0 okto=0 stuck=0 ackq=0 ackdrop=0 ackstale=0 slot=1050 oow=0 smiss=5 ssovf=0 cksumng=0 okstream=66 penddrop=0 pendfill=68 bigfill=5 bigdrop=0 bigokst=5 oklost=0 bigoklost=0 skip=4 online=0
12:25:37  [RAM] 최저 여유 617 B · 프롬프트 재동기 0회 (서버의 '버린줄' 과 맞아야 한다)
12:25:37  [DIAG] offline step=0 사다리=5/11 rx=7677 lines=418 up=1260s
12:25:40  [DIAG] offline step=0 사다리=5/11 rx=7677 lines=418 up=1263s
12:25:43  [DIAG] offline step=0 사다리=5/11 rx=7677 lines=418 up=1266s
12:25:46  [DIAG] offline step=0 사다리=5/11 rx=7677 lines=418 up=1269s
12:25:49  [DIAG] offline step=0 사다리=5/11 rx=7677 lines=418 up=1272s
12:25:52  [DIAG] offline step=0 사다리=5/11 rx=7677 lines=418 up=1275s
12:25:55  [DIAG] offline step=0 사다리=5/11 rx=7677 lines=418 up=1278s
12:25:58  [DIAG] offline step=0 사다리=5/11 rx=7677 lines=418 up=1281s
12:26:01  [DIAG] offline step=0 사다리=5/11 rx=7677 lines=418 up=1284s
12:26:04  [DIAG] offline step=0 사다리=5/11 rx=7677 lines=418 up=1287s
12:26:05  [NET] 0 RST
12:26:05  [AT] "AT+RST" (6)
12:26:05  [AT] "OK" (2)
12:26:06  [AT] "`B\xD4\x86@\xF9Rc\x10\xFCR\x89:\x97bB\xCE\xFF\xCA\xC9\xA5\x9D\x1C\xFF\xC2I\x8D" (27)
12:26:06  [AT] "[System Ready, Vendor:www.ai-thinker.com]" (41)
12:26:07  [DIAG] offline step=1 사다리=5/11 rx=7764 lines=422 up=1290s
12:26:08  [NET] 1 CWMODE=1
12:26:08  [AT] "AT+CWMODE=1" (11)
12:26:08  [AT] "no change" (9)
12:26:08  [NET] 2 CWJAP (응답까지 최대 30초 기다린다)
12:26:08  [AT] "AT+CWJAP="3F_302","0424719222!!"" (32)
12:26:10  [DIAG] offline step=2 사다리=5/11 rx=7824 lines=425 up=1293s
12:26:13  [DIAG] offline step=2 사다리=5/11 rx=7824 lines=425 up=1296s
12:26:13  [AT] "OK" (2)
12:26:13  [NET] CWJAP OK — 결합됐다. IP 를 실제로 받았는지 CIFSR 로 확인한다
12:26:14  [NET] 3 CIFSR (IP 를 실제로 받았는가)
12:26:14  [AT] "AT+CIFSR" (8)
12:26:14  [AT] "192.168.0.214" (13)
12:26:14  [NET] ★ IP 확보: 192.168.0.214
12:26:14  [AT] "OK" (2)
12:26:14  [NET] 4 CIPMUX=0
12:26:14  [AT] "AT+CIPMUX=0" (11)
12:26:14  [AT] "OK" (2)
12:26:14  [NET] CIPMUX=0 적용됨 → CIPSTART
12:26:14  [NET] 5 CIPSTART
12:26:14  [AT] "AT+CIPSTART="TCP","192.168.0.29",9991" (37)
12:26:14  [AT] "OK" (2)
12:26:14  [AT] "Linked" (6)
12:26:14  [NET] online (CONNECT) + 캐시 비움
12:26:14  [TX] S,68,60B,000,1297,P1,45
12:26:14  [SLOT] n=1081 tx=23 ack=0 due=231 r=1
12:26:14  [AT] "AT+CIPSEND=24" (13)
12:26:14  [AT] " S,68,60B,000,1297,P1,45" (24)
12:26:14  [AT] "SEND OK" (7)
12:26:16  [TX] D,*,7,12,5A
12:26:16  D,A1,IP,01
12:26:16  D,A2,IP,02
12:26:16  D,A3,IP,03
12:26:16  D,A4,IP,04
12:26:16  D,A5,IP,05
12:26:16  D,B1,IP,02
12:26:16  D,B2,IP,01
12:26:16  D,B3,IP,00
12:26:16  D,B4,IP,07
12:26:16  D,B5,IP,06
12:26:16  D,E1,OBV,47
12:26:16  D,X1,OBV,5A
12:26:16  [REG] 등록 전송 145B
12:26:16  [SLOT] n=1082 tx=145 ack=0 due=0 r=1
12:26:16  [DROP-OVF] 줄이 96바이트를 넘어 버렸다
12:26:16  [AT] "SEND OK" (7)
12:26:16  [AT] "AT+CIPSEND=146" (14)
12:26:17  [TX] S,70,60B,000,1299,P1,42
12:26:17  [SLOT] n=1083 tx=23 ack=0 due=0 r=1
12:26:17  [AT] "AT+CIPSEND=24" (13)
12:26:17  [AT] " S,70,60B,000,1299,P1,42" (24)
12:26:17  [AT] "SEND OK" (7)
12:26:18  [TX] S,71,60B,000,1300,P1,42
12:26:18  [SLOT] n=1084 tx=23 ack=0 due=0 r=1
12:26:18  [AT] "AT+CIPSEND=24" (13)
12:26:18  [AT] " S,71,60B,000,1300,P1,42" (24)
12:26:18  [AT] "SEND OK" (7)
12:26:19  [TX] S,72,60A,000,1302,P1,40
12:26:19  [SLOT] n=1085 tx=23 ack=0 due=0 r=1
12:26:19  [AT] "AT+CIPSEND=24" (13)
12:26:19  [AT] " S,72,60A,000,1302,P1,40" (24)
12:26:19  [AT] "SEND OK" (7)
12:26:20  [TX] S,73,60A,000,1303,P1,40
12:26:20  [SLOT] n=1086 tx=23 ack=0 due=0 r=1
12:26:20  [AT] "AT+CIPSEND=24" (13)
12:26:20  [AT] " S,73,60A,000,1303,P1,40" (24)
12:26:20  [AT] "SEND OK" (7)
12:26:21  [TX] S,74,60A,000,1304,P1,40
12:26:21  [SLOT] n=1087 tx=23 ack=0 due=0 r=1
12:26:21  [AT] "AT+CIPSEND=24" (13)
12:26:21  [AT] " S,74,60A,000,1304,P1,40" (24)
12:26:21  [AT] "SEND OK" (7)
12:26:23  [TX] S,75,60A,000,1305,P1,40
12:26:23  [SLOT] n=1088 tx=23 ack=0 due=0 r=1
12:26:23  [AT] "AT+CIPSEND=24" (13)
12:26:23  [AT] " S,75,60A,000,1305,P1,40" (24)
12:26:23  [AT] "SEND OK" (7)
12:26:24  [TX] S,76,60A,000,1306,P1,40
12:26:24  [SLOT] n=1089 tx=23 ack=0 due=0 r=1
12:26:24  [AT] "AT+CIPSEND=24" (13)
12:26:24  [AT] " S,76,60A,000,1306,P1,40" (24)
12:26:24  [AT] "SEND OK" (7)
12:26:25  [TX] S,77,608,000,1308,P1,36
12:26:25  [SLOT] n=1090 tx=23 ack=0 due=0 r=1
12:26:25  [AT] "AT+CIPSEND=24" (13)
12:26:25  [AT] " S,77,608,000,1308,P1,36" (24)
12:26:25  [AT] "SEND OK" (7)
12:26:26  [TX] S,78,608,000,1309,P1,38
12:26:26  [SLOT] n=1091 tx=23 ack=0 due=0 r=1
12:26:26  [AT] "AT+CIPSEND=24" (13)
12:26:26  [AT] " S,78,608,000,1309,P1,38" (24)
12:26:26  [AT] "SEND OK" (7)
12:26:27  [TX] S,79,609,000,1310,P1,30
12:26:27  [SLOT] n=1092 tx=23 ack=0 due=0 r=1
12:26:27  [AT] "AT+CIPSEND=24" (13)
12:26:27  [AT] " S,79,609,000,1310,P1,30" (24)
12:26:27  [AT] "SEND OK" (7)
12:26:29  [TX] S,80,609,000,1311,P1,37
12:26:29  [SLOT] n=1093 tx=23 ack=0 due=0 r=1
12:26:29  [AT] "AT+CIPSEND=24" (13)
12:26:29  [AT] " S,80,609,000,1311,P1,37" (24)
12:26:29  [AT] "SEND OK" (7)
12:26:30  [TX] S,81,609,000,1312,P1,35
12:26:30  [SLOT] n=1094 tx=23 ack=0 due=0 r=1
12:26:30  [AT] "AT+CIPSEND=24" (13)
12:26:30  [AT] " S,81,609,000,1312,P1,35" (24)
12:26:30  [AT] "SEND OK" (7)
12:26:31  [TX] S,82,609,000,1314,P1,30
12:26:31  [SLOT] n=1095 tx=23 ack=0 due=0 r=1
12:26:31  [AT] "AT+CIPSEND=24" (13)
12:26:31  [AT] " S,82,609,000,1314,P1,30" (24)
12:26:31  [AT] "SEND OK" (7)
12:26:32  [TX] S,83,609,000,1315,P1,30
12:26:32  [SLOT] n=1096 tx=23 ack=0 due=0 r=1
12:26:32  [AT] "AT+CIPSEND=24" (13)
12:26:32  [AT] " S,83,609,000,1315,P1,30" (24)
12:26:32  [AT] "SEND OK" (7)
12:26:33  [TX] S,84,609,000,1316,P1,34
12:26:33  [SLOT] n=1097 tx=23 ack=0 due=0 r=1
12:26:33  [AT] "AT+CIPSEND=24" (13)
12:26:33  [AT] " S,84,609,000,1316,P1,34" (24)
12:26:33  [AT] "SEND OK" (7)
12:26:35  [TX] S,85,609,000,1317,P1,34
12:26:35  [SLOT] n=1098 tx=23 ack=0 due=0 r=1
12:26:35  [AT] "AT+CIPSEND=24" (13)
12:26:35  [AT] " S,85,609,000,1317,P1,34" (24)
12:26:35  [AT] "SEND OK" (7)
12:26:36  [TX] S,86,608,000,1318,P1,39
12:26:36  [SLOT] n=1099 tx=23 ack=0 due=0 r=1
12:26:36  [AT] "AT+CIPSEND=24" (13)
12:26:36  [AT] " S,86,608,000,1318,P1,39" (24)
12:26:36  [AT] "SEND OK" (7)
12:26:37  «tap» 살아있음 — 최근 60초 rx=5088B (이 줄이 끊기면 탭이 죽은 것이다)
12:26:37  [TX] S,87,60A,000,1320,P1,4A
12:26:37  [SLOT] n=1100 tx=23 ack=0 due=0 r=1
12:26:37  [CNT] up=1320 drop=0 esprst=6 resync=0 sendfail=0 okto=0 stuck=0 ackq=0 ackdrop=0 ackstale=0 slot=1100 oow=0 smiss=5 ssovf=0 cksumng=0 okstream=85 penddrop=0 pendfill=88 bigfill=6 bigdrop=0 bigokst=6 oklost=0 bigoklost=0 skip=4 online=1
12:26:37  [RAM] 최저 여유 617 B · 프롬프트 재동기 0회 (서버의 '버린줄' 과 맞아야 한다)
12:26:37  [AT] "AT+CIPSEND=24" (13)
12:26:37  [AT] " S,87,60A,000,1320,P1,4A" (24)
12:26:37  [AT] "SEND OK" (7)
12:26:38  [TX] S,88,60A,000,1321,P1,44
12:26:38  [SLOT] n=1101 tx=23 ack=0 due=0 r=1
12:26:38  [AT] "AT+CIPSEND=24" (13)
12:26:38  [AT] " S,88,60A,000,1321,P1,44" (24)
12:26:38  [AT] "SEND OK" (7)
12:26:39  [TX] S,89,60A,000,1322,P1,46
12:26:39  [SLOT] n=1102 tx=23 ack=0 due=0 r=1
12:26:39  [AT] "AT+CIPSEND=24" (13)
12:26:39  [AT] " S,89,60A,000,1322,P1,46" (24)
12:26:39  [AT] "SEND OK" (7)
12:26:41  [TX] S,90,60A,000,1323,P1,4F
12:26:41  [SLOT] n=1103 tx=23 ack=0 due=0 r=1
12:26:41  [AT] "AT+CIPSEND=24" (13)
12:26:41  [AT] " S,90,60A,000,1323,P1,4F" (24)
12:26:41  [AT] "SEND OK" (7)
12:26:42  [TX] S,91,60A,000,1324,P1,49
12:26:42  [SLOT] n=1104 tx=23 ack=0 due=0 r=1
12:26:42  [AT] "AT+CIPSEND=24" (13)
12:26:42  [AT] " S,91,60A,000,1324,P1,49" (24)
12:26:42  [AT] "SEND OK" (7)
12:26:43  [TX] S,92,60A,000,1326,P1,48
12:26:43  [SLOT] n=1105 tx=23 ack=0 due=0 r=1
12:26:43  [AT] "AT+CIPSEND=24" (13)
12:26:43  [AT] " S,92,60A,000,1326,P1,48" (24)
12:26:43  [AT] "SEND OK" (7)
12:26:44  [TX] S,93,60B,000,1327,P1,4B
12:26:44  [SLOT] n=1106 tx=23 ack=0 due=0 r=1
12:26:44  [AT] "AT+CIPSEND=24" (13)
12:26:44  [AT] " S,93,60B,000,1327,P1,4B" (24)
12:26:44  [AT] "SEND OK" (7)
12:26:44  [LADDER] ↓ 30초 연속 온라인 — 사다리를 0단으로 내린다 (직전 5단)
12:26:45  [TX] S,94,60B,000,1328,P1,43
12:26:45  [SLOT] n=1107 tx=23 ack=0 due=0 r=1
12:26:45  [AT] "AT+CIPSEND=24" (13)
12:26:45  [AT] " S,94,60B,000,1328,P1,43" (24)
12:26:45  [AT] "SEND OK" (7)
12:26:46  [TX] S,95,60B,000,1329,P1,43
12:26:46  [SLOT] n=1108 tx=23 ack=0 due=0 r=1
12:26:47  [AT] "AT+CIPSEND=24" (13)
12:26:47  [AT] " S,95,60B,000,1329,P1,43" (24)
12:26:47  [AT] "SEND OK" (7)
12:26:48  [TX] S,96,60B,000,1330,P1,48
12:26:48  [SLOT] n=1109 tx=23 ack=0 due=0 r=1
12:26:48  [AT] "AT+CIPSEND=24" (13)
12:26:48  [AT] " S,96,60B,000,1330,P1,48" (24)
12:26:48  [AT] "SEND OK" (7)
12:26:49  [TX] S,97,609,000,1332,P1,30
12:26:49  [SLOT] n=1110 tx=23 ack=0 due=0 r=1
12:26:49  [AT] "AT+CIPSEND=24" (13)
12:26:49  [AT] " S,97,609,000,1332,P1,30" (24)
12:26:49  [AT] "SEND OK" (7)
12:26:50  [TX] S,98,609,000,1333,P1,3E
12:26:50  [SLOT] n=1111 tx=23 ack=0 due=0 r=1
12:26:50  [AT] "AT+CIPSEND=24" (13)
12:26:50  [AT] " S,98,609,000,1333,P1,3E" (24)
12:26:50  [AT] "SEND OK" (7)
12:26:51  [TX] S,99,609,000,1334,P1,38
12:26:51  [SLOT] n=1112 tx=23 ack=0 due=0 r=1
12:26:51  [AT] "AT+CIPSEND=24" (13)
12:26:51  [AT] " S,99,609,000,1334,P1,38" (24)
12:26:51  [AT] "SEND OK" (7)
12:26:53  [TX] S,100,608,000,1335,P1,09
12:26:53  [SLOT] n=1113 tx=24 ack=0 due=0 r=1
12:26:53  [AT] "AT+CIPSEND=25" (13)
12:26:53  [AT] " S,100,608,000,1335,P1,09" (25)
12:26:53  [AT] "SEND OK" (7)
12:26:54  [TX] S,101,608,000,1336,P1,0B
12:26:54  [SLOT] n=1114 tx=24 ack=0 due=0 r=1
12:26:54  [AT] "AT+CIPSEND=25" (13)
12:26:54  [AT] " S,101,608,000,1336,P1,0B" (25)
12:26:54  [AT] "SEND OK" (7)
12:26:55  [TX] S,102,608,000,1338,P1,06
12:26:55  [SLOT] n=1115 tx=24 ack=0 due=0 r=1
12:26:55  [AT] "AT+CIPSEND=25" (13)
12:26:55  [AT] " S,102,608,000,1338,P1,06" (25)
12:26:55  [AT] "SEND OK" (7)
12:26:56  [TX] S,103,608,000,1339,P1,06
12:26:56  [SLOT] n=1116 tx=24 ack=0 due=0 r=1
12:26:56  [AT] "AT+CIPSEND=25" (13)
12:26:56  [AT] " S,103,608,000,1339,P1,06" (25)
12:26:56  [AT] "SEND OK" (7)
12:26:57  [TX] S,104,608,000,1340,P1,0F
12:26:57  [SLOT] n=1117 tx=24 ack=0 due=0 r=1
12:26:57  [AT] "AT+CIPSEND=25" (13)
12:26:57  [AT] " S,104,608,000,1340,P1,0F" (25)
12:26:57  [AT] "SEND OK" (7)
12:26:58  [TX] S,105,608,000,1341,P1,0F
12:26:59  [SLOT] n=1118 tx=24 ack=0 due=0 r=1
12:26:59  [AT] "AT+CIPSEND=25" (13)
12:26:59  [AT] " S,105,608,000,1341,P1,0F" (25)
12:26:59  [AT] "SEND OK" (7)
12:27:00  [TX] S,106,608,000,1342,P1,0F
12:27:00  [SLOT] n=1119 tx=24 ack=0 due=0 r=1
12:27:00  [AT] "AT+CIPSEND=25" (13)
12:27:00  [AT] " S,106,608,000,1342,P1,0F" (25)
12:27:00  [AT] "SEND OK" (7)
12:27:01  [TX] S,107,60B,000,1344,P1,72
12:27:01  [SLOT] n=1120 tx=24 ack=0 due=0 r=1
12:27:01  [AT] "AT+CIPSEND=25" (13)
12:27:02  [AT] " S,107,60B,000,1344,P1,72" (25)
12:27:02  [AT] "SEND OK" (7)
12:27:02  [TX] S,108,60B,000,1345,P1,7C
12:27:02  [SLOT] n=1121 tx=24 ack=0 due=0 r=1
12:27:02  [AT] "AT+CIPSEND=25" (13)
12:27:02  [AT] " S,108,60B,000,1345,P1,7C" (25)
12:27:02  [AT] "SEND OK" (7)
12:27:03  [TX] S,109,60B,000,1346,P1,7E
12:27:03  [SLOT] n=1122 tx=24 ack=0 due=0 r=1
12:27:03  [AT] "AT+CIPSEND=25" (13)
12:27:03  [AT] " S,109,60B,000,1346,P1,7E" (25)
12:27:03  [AT] "SEND OK" (7)
12:27:04  [TX] S,110,60B,000,1347,P1,77
12:27:05  [SLOT] n=1123 tx=24 ack=0 due=0 r=1
12:27:05  [AT] "AT+CIPSEND=25" (13)
12:27:05  [AT] " S,110,60B,000,1347,P1,77" (25)
12:27:05  [AT] "SEND OK" (7)
12:27:06  [TX] S,111,60B,000,1348,P1,79
12:27:06  [SLOT] n=1124 tx=24 ack=0 due=0 r=1
12:27:06  [AT] "AT+CIPSEND=25" (13)
12:27:06  [AT] " S,111,60B,000,1348,P1,79" (25)
12:27:06  [AT] "SEND OK" (7)
12:27:07  [TX] S,112,60B,000,1350,P1,73
12:27:07  [SLOT] n=1125 tx=24 ack=0 due=0 r=1
12:27:07  [AT] "AT+CIPSEND=25" (13)
12:27:07  [AT] " S,112,60B,000,1350,P1,73" (25)
12:27:07  [AT] "SEND OK" (7)
12:27:08  [TX] S,113,60B,000,1351,P1,73
12:27:08  [SLOT] n=1126 tx=24 ack=0 due=0 r=1
12:27:08  [AT] "AT+CIPSEND=25" (13)
12:27:08  [AT] " S,113,60B,000,1351,P1,73" (25)
12:27:08  [AT] "SEND OK" (7)
12:27:09  [TX] S,114,60A,000,1352,P1,74
12:27:09  [SLOT] n=1127 tx=24 ack=0 due=0 r=1
12:27:09  [AT] "AT+CIPSEND=25" (13)
12:27:09  [AT] " S,114,60A,000,1352,P1,74" (25)
12:27:09  [AT] "SEND OK" (7)
12:27:10  [TX] S,115,60A,000,1353,P1,74
12:27:11  [SLOT] n=1128 tx=24 ack=0 due=0 r=1
12:27:11  [AT] "AT+CIPSEND=25" (13)
12:27:11  [AT] " S,115,60A,000,1353,P1,74" (25)
12:27:11  [AT] "SEND OK" (7)
12:27:12  [TX] S,116,60A,000,1354,P1,70
12:27:12  [SLOT] n=1129 tx=24 ack=0 due=0 r=1
12:27:12  [AT] "AT+CIPSEND=25" (13)
12:27:12  [AT] " S,116,60A,000,1354,P1,70" (25)
12:27:12  [AT] "SEND OK" (7)
12:27:13  [TX] S,117,608,000,1356,P1,0A
12:27:13  [SLOT] n=1130 tx=24 ack=0 due=0 r=1
12:27:13  [AT] "AT+CIPSEND=25" (13)
12:27:13  [AT] " S,117,608,000,1356,P1,0A" (25)
12:27:13  [AT] "SEND OK" (7)
12:27:14  [TX] S,118,608,000,1357,P1,04
12:27:14  [SLOT] n=1131 tx=24 ack=0 due=0 r=1
12:27:14  [AT] "AT+CIPSEND=25" (13)
12:27:14  [AT] " S,118,608,000,1357,P1,04" (25)
12:27:14  [AT] "SEND OK" (7)
12:27:15  [TX] S,119,608,000,1358,P1,0A
12:27:15  [SLOT] n=1132 tx=24 ack=0 due=0 r=1
12:27:15  [AT] "AT+CIPSEND=25" (13)
12:27:15  [AT] " S,119,608,000,1358,P1,0A" (25)
12:27:15  [AT] "SEND OK" (7)
12:27:16  [TX] S,120,608,000,1359,P1,01
12:27:16  [SLOT] n=1133 tx=24 ack=0 due=0 r=1
12:27:16  [AT] "AT+CIPSEND=25" (13)
12:27:17  [AT] " S,120,608,000,1359,P1,01" (25)
12:27:17  [AT] "SEND OK" (7)
12:27:18  [TX] S,121,609,000,1360,P1,0B
12:27:18  [SLOT] n=1134 tx=24 ack=0 due=0 r=1
12:27:18  [AT] "AT+CIPSEND=25" (13)
12:27:18  [AT] " S,121,609,000,1360,P1,0B" (25)
12:27:18  [AT] "SEND OK" (7)
12:27:19  [TX] S,122,609,000,1362,P1,0A
12:27:19  [SLOT] n=1135 tx=24 ack=0 due=0 r=1
12:27:19  [AT] "AT+CIPSEND=25" (13)
12:27:19  [AT] " S,122,609,000,1362,P1,0A" (25)
12:27:19  [AT] "SEND OK" (7)
12:27:20  [TX] S,123,609,000,1363,P1,0A
12:27:20  [SLOT] n=1136 tx=24 ack=0 due=0 r=1
12:27:20  [AT] "AT+CIPSEND=25" (13)
12:27:20  [AT] " S,123,609,000,1363,P1,0A" (25)
12:27:20  [AT] "SEND OK" (7)
12:27:21  [TX] S,124,609,000,1364,P1,0A
12:27:21  [SLOT] n=1137 tx=24 ack=0 due=0 r=1
12:27:21  [AT] "AT+CIPSEND=25" (13)
12:27:21  [AT] " S,124,609,000,1364,P1,0A" (25)
12:27:21  [AT] "SEND OK" (7)
12:27:22  [TX] S,125,609,000,1365,P1,0A
12:27:22  [SLOT] n=1138 tx=24 ack=0 due=0 r=1
12:27:22  [AT] "AT+CIPSEND=25" (13)
12:27:23  [AT] " S,125,609,000,1365,P1,0A" (25)
12:27:23  [AT] "SEND OK" (7)
12:27:24  [TX] S,126,609,000,1366,P1,0A
12:27:24  [SLOT] n=1139 tx=24 ack=0 due=0 r=1
12:27:24  [AT] "AT+CIPSEND=25" (13)
12:27:24  [AT] " S,126,609,000,1366,P1,0A" (25)
12:27:24  [AT] "SEND OK" (7)
12:27:25  [TX] S,127,60B,000,1368,P1,7E
12:27:25  [SLOT] n=1140 tx=24 ack=0 due=0 r=1
12:27:25  [AT] "AT+CIPSEND=25" (13)
12:27:25  [AT] " S,127,60B,000,1368,P1,7E" (25)
12:27:25  [AT] "SEND OK" (7)
12:27:26  [TX] S,128,60A,000,1369,P1,73
12:27:26  [SLOT] n=1141 tx=24 ack=0 due=0 r=1
12:27:26  [AT] "AT+CIPSEND=25" (13)
12:27:26  [AT] " S,128,60A,000,1369,P1,73" (25)
12:27:26  [AT] "SEND OK" (7)
12:27:27  [TX] S,129,60A,000,1370,P1,7A
12:27:27  [SLOT] n=1142 tx=24 ack=0 due=0 r=1
12:27:27  [AT] "AT+CIPSEND=25" (13)
12:27:27  [AT] " S,129,60A,000,1370,P1,7A" (25)
12:27:27  [AT] "SEND OK" (7)
12:27:28  [TX] S,130,60A,000,1371,P1,73
12:27:28  [SLOT] n=1143 tx=24 ack=0 due=0 r=1
12:27:28  [AT] "AT+CIPSEND=25" (13)
12:27:29  [AT] " S,130,60A,000,1371,P1,73" (25)
12:27:29  [AT] "SEND OK" (7)
12:27:30  [TX] S,131,60A,000,1372,P1,71
12:27:30  [SLOT] n=1144 tx=24 ack=0 due=0 r=1
12:27:30  [AT] "AT+CIPSEND=25" (13)
12:27:30  [AT] " S,131,60A,000,1372,P1,71" (25)
12:27:30  [AT] "SEND OK" (7)
12:27:31  [TX] S,132,60A,000,1374,P1,74
12:27:31  [SLOT] n=1145 tx=24 ack=0 due=0 r=1
12:27:31  [AT] "AT+CIPSEND=25" (13)
12:27:31  [AT] " S,132,60A,000,1374,P1,74" (25)
12:27:31  [AT] "SEND OK" (7)
12:27:32  [TX] S,133,60A,000,1375,P1,74
12:27:32  [SLOT] n=1146 tx=24 ack=0 due=0 r=1
12:27:32  [AT] "AT+CIPSEND=25" (13)
12:27:32  [AT] " S,133,60A,000,1375,P1,74" (25)
12:27:32  [AT] "SEND OK" (7)
12:27:33  [TX] S,134,60A,000,1376,P1,70
12:27:33  [SLOT] n=1147 tx=24 ack=0 due=0 r=1
12:27:33  [AT] "AT+CIPSEND=25" (13)
12:27:33  [AT] " S,134,60A,000,1376,P1,70" (25)
12:27:33  [AT] "SEND OK" (7)
12:27:34  [TX] S,135,60B,000,1377,P1,73
12:27:34  [SLOT] n=1148 tx=24 ack=0 due=0 r=1
12:27:34  [AT] "AT+CIPSEND=25" (13)
12:27:35  [AT] " S,135,60B,000,1377,P1,73" (25)
12:27:35  [AT] "SEND OK" (7)
12:27:36  [TX] S,136,60B,000,1378,P1,7F
12:27:36  [SLOT] n=1149 tx=24 ack=0 due=0 r=1
12:27:36  [AT] "AT+CIPSEND=25" (13)
12:27:36  [AT] " S,136,60B,000,1378,P1,7F" (25)
12:27:36  [AT] "SEND OK" (7)
12:27:37  «tap» 살아있음 — 최근 60초 rx=8104B (이 줄이 끊기면 탭이 죽은 것이다)
12:27:37  [TX] S,137,609,000,1380,P1,02
12:27:37  [SLOT] n=1150 tx=24 ack=0 due=0 r=1
12:27:37  [CNT] up=1380 drop=0 esprst=6 resync=0 sendfail=0 okto=0 stuck=0 ackq=0 ackdrop=0 ackstale=0 slot=1150 oow=0 smiss=5 ssovf=0 cksumng=0 okstream=135 penddrop=0 pendfill=138 bigfill=6 bigdrop=0 bigokst=6 oklost=0 bigoklost=0 skip=4 online=1
12:27:37  [RAM] 최저 여유 617 B · 프롬프트 재동기 0회 (서버의 '버린줄' 과 맞아야 한다)
12:27:37  [AT] " S,137,609,000,1380,P1,02" (25)
12:27:37  [AT] "SEND OK" (7)
12:27:37  [AT] "AT+CIPSEND=25" (13)
12:27:38  [TX] S,138,609,000,1381,P1,0C
12:27:38  [SLOT] n=1151 tx=24 ack=0 due=0 r=1
12:27:38  [AT] "AT+CIPSEND=25" (13)
12:27:38  [AT] " S,138,609,000,1381,P1,0C" (25)
12:27:38  [AT] "SEND OK" (7)
12:27:39  [TX] S,139,609,000,1382,P1,0E
12:27:39  [SLOT] n=1152 tx=24 ack=0 due=0 r=1
12:27:39  [AT] "AT+CIPSEND=25" (13)
12:27:40  [TX-WAIT] 앞 전송의 SEND OK 를 아직 못 봤다 — 이번 주기는 건너뛴다
12:27:40  [SLOT] n=1153 tx=24 ack=0 due=0 r=0
12:27:42  [TX-WAIT] ★ T1 초과 — 그래도 계속 기다린다(두들기지 않는다)
12:27:42  [TX-WAIT] 앞 전송의 SEND OK 를 아직 못 봤다 — 이번 주기는 건너뛴다
12:27:42  [SLOT] n=1154 tx=24 ack=0 due=0 r=0
12:27:42  [AT] " S,139,609,000,1382,P1,0E" (25)
12:27:42  [AT] "SEND OK" (7)
12:27:43  [TX] S,140,608,000,1386,P1,05
12:27:43  [SLOT] n=1155 tx=24 ack=0 due=0 r=1
12:27:43  [AT] "AT+CIPSEND=25" (13)
12:27:43  [AT] " S,140,608,000,1386,P1,05" (25)
12:27:43  [AT] "SEND OK" (7)
12:27:44  [TX] S,141,608,000,1387,P1,05
12:27:44  [SLOT] n=1156 tx=24 ack=0 due=0 r=1
12:27:44  [AT] "AT+CIPSEND=25" (13)
12:27:44  [AT] " S,141,608,000,1387,P1,05" (25)
12:27:44  [AT] "SEND OK" (7)
12:27:45  [TX] S,142,608,000,1388,P1,09
12:27:45  [SLOT] n=1157 tx=24 ack=0 due=0 r=1
12:27:45  [AT] "AT+CIPSEND=25" (13)
12:27:45  [AT] " S,142,608,000,1388,P1,09" (25)
12:27:45  [AT] "SEND OK" (7)
12:27:46  [TX] S,143,608,000,1389,P1,09
12:27:46  [SLOT] n=1158 tx=24 ack=0 due=0 r=1
12:27:46  [AT] "AT+CIPSEND=25" (13)
12:27:47  [AT] " S,143,608,000,1389,P1,09" (25)
12:27:47  [AT] "SEND OK" (7)
12:27:48  [TX] S,144,608,000,1390,P1,06
12:27:48  [SLOT] n=1159 tx=24 ack=0 due=0 r=1
12:27:48  [AT] "AT+CIPSEND=25" (13)
12:27:48  [AT] " S,144,608,000,1390,P1,06" (25)
12:27:48  [AT] "SEND OK" (7)
12:27:49  [TX] S,145,60A,000,1392,P1,7C
12:27:49  [SLOT] n=1160 tx=24 ack=0 due=0 r=1
12:27:49  [AT] "AT+CIPSEND=25" (13)
12:27:49  [AT] " S,145,60A,000,1392,P1,7C" (25)
12:27:49  [AT] "SEND OK" (7)
12:27:50  [TX] S,146,60A,000,1393,P1,7E
12:27:50  [SLOT] n=1161 tx=24 ack=0 due=0 r=1
12:27:50  [AT] "AT+CIPSEND=25" (13)
12:27:50  [AT] " S,146,60A,000,1393,P1,7E" (25)
12:27:50  [AT] "SEND OK" (7)
12:27:51  [TX] S,147,60B,000,1394,P1,7B
12:27:51  [SLOT] n=1162 tx=24 ack=0 due=0 r=1
12:27:51  [AT] "AT+CIPSEND=25" (13)
12:27:51  [AT] " S,147,60B,000,1394,P1,7B" (25)
12:27:51  [AT] "SEND OK" (7)
12:27:52  [TX] S,148,60B,000,1395,P1,75
12:27:52  [SLOT] n=1163 tx=24 ack=0 due=0 r=1
12:27:52  [AT] "AT+CIPSEND=25" (13)
12:27:53  [AT] " S,148,60B,000,1395,P1,75" (25)
12:27:53  [AT] "SEND OK" (7)
12:27:54  [TX] S,149,60B,000,1396,P1,77
12:27:54  [SLOT] n=1164 tx=24 ack=0 due=0 r=1
12:27:54  [AT] "AT+CIPSEND=25" (13)
12:27:54  [AT] " S,149,60B,000,1396,P1,77" (25)
12:27:54  [AT] "SEND OK" (7)
12:27:55  «tap» 캡처 종료 — SIGTERM 수신. 이 줄이 이 로그의 마지막 경계다.
