16:59:54  «tap» 캡처 시작 — port=/dev/cu.usbmodem21201 baud=115200 pid=79289 date=2026-08-16 16:59:54
16:59:54  «tap» ⚠ 이 시각에 DTR 로 보드가 리셋된다 — 분석에서 '우리가 만든 리셋'으로 표시할 것
16:59:54  «tap» 포트 열림 (dsrdtr=False)
16:59:55  562,P1,33" (37)
16:59:55  [AT] "SEND OK" (7)
16:59:56  
16:59:56  [PARKING NODE] proto v1 / 10 slots / dev=P1
16:59:56  [BOOT] 리셋 원인: 불명 (부트로더가 MCUSR 을 지우고 넘어왔다)
16:59:56  [BOOT] 사다리 4단(ESP 하드리셋선) 미배선 — A2 를 ESP RST 에 물리고 ESP_RST_WIRED=1 · 6단(워치독) 끔
16:59:57  [NET] 0 RST
16:59:57  [AT] "AT+RST" (6)
16:59:57  [AT] "OK" (2)
16:59:57  [AT] "bB\xD6\x86@\xF9Pc\xE2\xFER\x89:\x97bB\xDC\xFF\xCA\xC9\xA5\x9D\x1C\xFF\xC2I\x8D" (27)
16:59:57  [AT] "[System Ready, Vendor:www.ai-thinker.com]" (41)
16:59:59  [NET] 1 CWMODE=1
16:59:59  [AT] "AT+CWMODE=1" (11)
16:59:59  [AT] "no change" (9)
16:59:59  [DIAG] offline step=2 사다리=0/0 rx=112 lines=6 up=3s
17:00:00  [NET] 2 CWJAP (응답까지 최대 30초 기다린다)
17:00:00  [AT] "AT+CWJAP="SK_WiFiGIGA50DC_2.4G","2011050796"" (44)
17:00:02  [DIAG] offline step=2 사다리=0/0 rx=159 lines=7 up=6s
17:00:06  [AT] "OK" (2)
17:00:06  [NET] CWJAP OK — 결합됐다. IP 를 실제로 받았는지 CIFSR 로 확인한다
17:00:06  [DIAG] offline step=3 사다리=0/0 rx=165 lines=8 up=9s
17:00:06  [NET] 3 CIFSR (IP 를 실제로 받았는가)
17:00:06  [AT] "AT+CIFSR" (8)
17:00:06  [AT] "192.168.35.79" (13)
17:00:06  [NET] ★ IP 확보: 192.168.35.79
17:00:06  [AT] "OK" (2)
17:00:06  [NET] 4 CIPMUX=0
17:00:06  [AT] "AT+CIPMUX=0" (11)
17:00:06  [AT] "OK" (2)
17:00:06  [NET] CIPMUX=0 적용됨 → CIPSTART
17:00:07  [NET] 5 CIPSTART
17:00:07  [AT] "AT+CIPSTART="TCP","192.168.35.21",9991" (38)
17:00:07  [AT] "OK" (2)
17:00:07  [AT] "Linked" (6)
17:00:07  [NET] online (CONNECT) + 캐시 비움
17:00:07  [TX] S,0,0110000010,0000000000,9,P1,3A
17:00:07  [AT] "AT+CIPSEND=34" (13)
17:00:07  [AT] "\xA6,0,0110000010,0000000000,9,P1,3A" (33)
17:00:07  [AT] "SEND OK" (7)
17:00:08  [TX] S,1,0110000010,0000000000,10,P1,03
17:00:08  [AT] "AT+CIPSEND=35" (13)
17:00:08  [AT] "\xA6,1,0110000010,0000000000,10,P1,03" (34)
17:00:08  [AT] "SEND OK" (7)
17:00:09  [TX] S,2,0110000010,0000000000,12,P1,02
17:00:09  [AT] "AT+CIPSEND=35" (13)
17:00:09  [AT] "\xA6,2,0110000010,0000000000,12,P1,02" (34)
17:00:09  [AT] "SEND OK" (7)
17:00:10  [TX] S,3,0110000010,0000000000,13,P1,02
17:00:10  [AT] "AT+CIPSEND=35" (13)
17:00:10  [AT] "\xA6,3,0110000010,0000000000,13,P1,02" (34)
17:00:10  [AT] "SEND OK" (7)
17:00:11  [TX] S,4,0110000010,0000000000,14,P1,02
17:00:11  [AT] "AT+CIPSEND=35" (13)
17:00:11  [AT] "\xA6,4,0110000010,0000000000,14,P1,02" (34)
17:00:11  [AT] "SEND OK" (7)
17:00:12  [TX] S,5,0110000010,0000000000,15,P1,02
17:00:12  [AT] "AT+CIPSEND=35" (13)
17:00:12  [AT] "\xA6,5,0110000010,0000000000,15,P1,02" (34)
17:00:12  [AT] "SEND OK" (7)
17:00:13  [TX] S,6,0110000010,0000000000,16,P1,02
17:00:13  [AT] "AT+CIPSEND=35" (13)
17:00:13  [AT] "\xA6,6,0110000010,0000000000,16,P1,02" (34)
17:00:13  [AT] "SEND OK" (7)
17:00:15  [TX] S,7,0110000010,0000000000,17,P1,02
17:00:15  [AT] "AT+CIPSEND=35" (13)
17:00:15  [AT] "\xA6,7,0110000010,0000000000,17,P1,02" (34)
17:00:15  [AT] "SEND OK" (7)
17:00:16  [TX] S,8,0110000010,0000000000,18,P1,02
17:00:16  [AT] "AT+CIPSEND=35" (13)
17:00:16  [AT] "\xA6,8,0110000010,0000000000,18,P1,02" (34)
17:00:16  [AT] "SEND OK" (7)
17:00:17  [TX] S,9,0110000010,0000000000,19,P1,02
17:00:17  [AT] "AT+CIPSEND=35" (13)
17:00:17  [AT] "\xA6,9,0110000010,0000000000,19,P1,02" (34)
17:00:17  [AT] "SEND OK" (7)
17:00:18  [TX] S,10,0110000010,0000000000,20,P1,30
17:00:18  [AT] "AT+CIPSEND=36" (13)
17:00:18  [AT] "\xA6,10,0110000010,0000000000,20,P1,30" (35)
17:00:18  [AT] "SEND OK" (7)
17:00:19  [TX] S,11,0110000010,0000000000,21,P1,30
17:00:19  [AT] "AT+CIPSEND=36" (13)
17:00:19  [AT] "\xA6,11,0110000010,0000000000,21,P1,30" (35)
17:00:19  [AT] "SEND OK" (7)
17:00:20  [TX] S,12,0110000010,0000000000,23,P1,31
17:00:20  [AT] "AT+CIPSEND=36" (13)
17:00:20  [AT] "\xA6,12,0110000010,0000000000,23,P1,31" (35)
17:00:20  [AT] "SEND OK" (7)
17:00:21  [TX] S,13,0110000010,0000000000,24,P1,37
17:00:21  [AT] "AT+CIPSEND=36" (13)
17:00:21  [AT] "\xA6,13,0110000010,0000000000,24,P1,37" (35)
17:00:21  [AT] "SEND OK" (7)
17:00:22  [TX] S,14,0110000010,0000000000,25,P1,31
17:00:22  [AT] "AT+CIPSEND=36" (13)
17:00:22  [AT] "\xA6,14,0110000010,0000000000,25,P1,31" (35)
17:00:22  [AT] "SEND OK" (7)
17:00:23  [TX] S,15,0110000010,0000000000,26,P1,33
17:00:23  [AT] "AT+CIPSEND=36" (13)
17:00:23  [AT] "\xA6,15,0110000010,0000000000,26,P1,33" (35)
17:00:23  [AT] "SEND OK" (7)
17:00:24  [TX] S,16,0110000010,0000000000,27,P1,31
17:00:24  [AT] "AT+CIPSEND=36" (13)
17:00:24  [AT] "\xA6,16,0110000010,0000000000,27,P1,31" (35)
17:00:24  [AT] "SEND OK" (7)
17:00:26  [TX] S,17,0110000010,0000000000,28,P1,3F
17:00:26  [AT] "AT+CIPSEND=36" (13)
17:00:26  [AT] "\xA6,17,0110000010,0000000000,28,P1,3F" (35)
17:00:26  [AT] "SEND OK" (7)
17:00:27  [TX] S,18,0110000010,0000000000,29,P1,31
17:00:27  [AT] "AT+CIPSEND=36" (13)
17:00:27  [AT] "\xA6,18,0110000010,0000000000,29,P1,31" (35)
17:00:27  [AT] "SEND OK" (7)
17:00:28  [TX] S,19,0110000010,0000000000,30,P1,38
17:00:28  [AT] "AT+CIPSEND=36" (13)
17:00:28  [AT] "\xA6,19,0110000010,0000000000,30,P1,38" (35)
17:00:28  [AT] "SEND OK" (7)
17:00:29  [TX] S,20,0110000010,0000000000,31,P1,33
17:00:29  [AT] "AT+CIPSEND=36" (13)
17:00:29  [AT] "\xA6,20,0110000010,0000000000,31,P1,33" (35)
17:00:29  [AT] "SEND OK" (7)
17:00:30  [TX] S,21,0110000010,0000000000,32,P1,31
17:00:30  [AT] "AT+CIPSEND=36" (13)
17:00:30  [AT] "\xA6,21,0110000010,0000000000,32,P1,31" (35)
17:00:30  [AT] "SEND OK" (7)
17:00:31  [TX] S,22,0110000010,0000000000,34,P1,34
17:00:31  [AT] "AT+CIPSEND=36" (13)
17:00:31  [AT] "\xA6,22,0110000010,0000000000,34,P1,34" (35)
17:00:31  [AT] "SEND OK" (7)
17:00:32  [TX] S,23,0110000010,0000000000,35,P1,34
17:00:32  [AT] "AT+CIPSEND=36" (13)
17:00:32  [AT] "\xA6,23,0110000010,0000000000,35,P1,34" (35)
17:00:32  [AT] "SEND OK" (7)
17:00:33  [TX] S,24,0110000010,0000000000,36,P1,30
17:00:33  [AT] "AT+CIPSEND=36" (13)
17:00:33  [AT] "\xA6,24,0110000010,0000000000,36,P1,30" (35)
17:00:33  [AT] "SEND OK" (7)
17:00:34  [TX] S,25,0110000010,0000000000,37,P1,30
17:00:34  [AT] "AT+CIPSEND=36" (13)
17:00:34  [AT] "\xA6,25,0110000010,0000000000,37,P1,30" (35)
17:00:34  [AT] "SEND OK" (7)
17:00:35  [TX] S,26,0110000010,0000000000,38,P1,3C
17:00:35  [AT] "AT+CIPSEND=36" (13)
17:00:35  [AT] "\xA6,26,0110000010,0000000000,38,P1,3C" (35)
17:00:36  [AT] "SEND OK" (7)
17:00:37  [TX] S,27,0110000010,0000000000,39,P1,3C
17:00:37  [AT] "AT+CIPSEND=36" (13)
17:00:37  [AT] "\xA6,27,0110000010,0000000000,39,P1,3C" (35)
17:00:37  [AT] "SEND OK" (7)
17:00:38  [TX] S,28,0110000010,0000000000,40,P1,3D
17:00:38  [AT] "AT+CIPSEND=36" (13)
17:00:38  [AT] "\xA6,28,0110000010,0000000000,40,P1,3D" (35)
17:00:38  [AT] "SEND OK" (7)
17:00:39  [TX] S,29,0110000010,0000000000,41,P1,3D
17:00:39  [AT] "AT+CIPSEND=36" (13)
17:00:39  [AT] "\xA6,29,0110000010,0000000000,41,P1,3D" (35)
17:00:39  [AT] "SEND OK" (7)
17:00:40  [TX] S,30,0110000010,0000000000,42,P1,36
17:00:40  [AT] "AT+CIPSEND=36" (13)
17:00:40  [AT] "\xA6,30,0110000010,0000000000,42,P1,36" (35)
17:00:40  [AT] "SEND OK" (7)
17:00:41  [TX] S,31,0110000010,0000000000,43,P1,36
17:00:41  [AT] "AT+CIPSEND=36" (13)
17:00:41  [AT] "\xA6,31,0110000010,0000000000,43,P1,36" (35)
17:00:41  [AT] "SEND OK" (7)
17:00:42  [TX] S,32,0110000010,0000000000,45,P1,33
17:00:42  [AT] "AT+CIPSEND=36" (13)
17:00:42  [AT] "\xA6,32,0110000010,0000000000,45,P1,33" (35)
17:00:42  [AT] "SEND OK" (7)
17:00:43  [TX] S,33,0110000010,0000000000,46,P1,31
17:00:43  [AT] "AT+CIPSEND=36" (13)
17:00:43  [AT] "\xA6,33,0110000010,0000000000,46,P1,31" (35)
17:00:43  [AT] "SEND OK" (7)
17:00:44  [TX] S,34,0110000010,0000000000,47,P1,37
17:00:44  [AT] "AT+CIPSEND=36" (13)
17:00:44  [AT] "\xA6,34,0110000010,0000000000,47,P1,37" (35)
17:00:44  [AT] "SEND OK" (7)
17:00:45  [TX] S,35,0110000010,0000000000,48,P1,39
17:00:45  [AT] "AT+CIPSEND=36" (13)
17:00:46  [AT] "\xA6,35,0110000010,0000000000,48,P1,39" (35)
17:00:46  [AT] "SEND OK" (7)
17:00:47  [TX] S,36,0110000010,0000000000,49,P1,3B
17:00:47  [AT] "AT+CIPSEND=36" (13)
17:00:47  [AT] "\xA6,36,0110000010,0000000000,49,P1,3B" (35)
17:00:47  [AT] "SEND OK" (7)
17:00:48  [TX] S,37,0110000010,0000000000,50,P1,32
17:00:48  [AT] "AT+CIPSEND=36" (13)
17:00:48  [AT] "\xA6,37,0110000010,0000000000,50,P1,32" (35)
17:00:48  [AT] "SEND OK" (7)
17:00:49  [TX] S,38,0110000010,0000000000,51,P1,3C
17:00:49  [AT] "AT+CIPSEND=36" (13)
17:00:49  [AT] "\xA6,38,0110000010,0000000000,51,P1,3C" (35)
17:00:49  [AT] "SEND OK" (7)
17:00:50  [TX] S,39,0110000010,0000000000,52,P1,3E
17:00:50  [AT] "AT+CIPSEND=36" (13)
17:00:50  [AT] "\xA6,39,0110000010,0000000000,52,P1,3E" (35)
17:00:50  [AT] "SEND OK" (7)
17:00:51  [TX] S,40,0110000010,0000000000,53,P1,31
17:00:51  [AT] "AT+CIPSEND=36" (13)
17:00:51  [AT] "\xA6,40,0110000010,0000000000,53,P1,31" (35)
17:00:51  [AT] "SEND OK" (7)
17:00:52  [TX] S,41,0110000010,0000000000,55,P1,36
17:00:52  [AT] "AT+CIPSEND=36" (13)
17:00:52  [AT] "\xA6,41,0110000010,0000000000,55,P1,36" (35)
17:00:52  [AT] "SEND OK" (7)
17:00:53  [TX] S,42,0110000010,0000000000,56,P1,36
17:00:53  [AT] "AT+CIPSEND=36" (13)
17:00:53  [AT] "\xA6,42,0110000010,0000000000,56,P1,36" (35)
17:00:53  [AT] "SEND OK" (7)
17:00:54  [TX] S,43,0110000010,0000000000,57,P1,36
17:00:54  [AT] "AT+CIPSEND=36" (13)
17:00:54  [AT] "\xA6,43,0110000010,0000000000,57,P1,36" (35)
17:00:54  [AT] "SEND OK" (7)
17:00:55  [TX] S,44,0110000010,0000000000,58,P1,3E
17:00:55  [AT] "AT+CIPSEND=36" (13)
17:00:55  [AT] "\xA6,44,0110000010,0000000000,58,P1,3E" (35)
17:00:55  [AT] "SEND OK" (7)
17:00:56  [TX] S,45,0110000010,0000000000,59,P1,3E
17:00:56  [AT] "AT+CIPSEND=36" (13)
17:00:57  [AT] "\xA6,45,0110000010,0000000000,59,P1,3E" (35)
17:00:57  [AT] "SEND OK" (7)
17:00:57  [RAM] 최저 여유 898 B · 프롬프트 재동기 0회 (서버의 '버린줄' 과 맞아야 한다)
17:00:58  [TX] S,46,0110000010,0000000000,60,P1,37
17:00:58  [AT] "AT+CIPSEND=36" (13)
17:00:58  [AT] "\xA6,46,0110000010,0000000000,60,P1,37" (35)
17:00:58  [AT] "SEND OK" (7)
17:00:59  [TX] S,47,0110000010,0000000000,61,P1,37
17:00:59  [AT] "AT+CIPSEND=36" (13)
17:00:59  [AT] "\xA6,47,0110000010,0000000000,61,P1,37" (35)
17:00:59  [AT] "SEND OK" (7)
17:01:00  [TX] S,48,0110000010,0000000000,62,P1,3B
17:01:00  [AT] "AT+CIPSEND=36" (13)
17:01:00  [AT] "\xA6,48,0110000010,0000000000,62,P1,3B" (35)
17:01:00  [AT] "SEND OK" (7)
17:01:01  [TX] S,49,0110000010,0000000000,63,P1,3B
17:01:01  [AT] "AT+CIPSEND=36" (13)
17:01:01  [AT] "\xA6,49,0110000010,0000000000,63,P1,3B" (35)
17:01:01  [AT] "SEND OK" (7)
17:01:02  [TX] S,50,0110000010,0000000000,64,P1,34
17:01:02  [AT] "AT+CIPSEND=36" (13)
17:01:02  [AT] "\xA6,50,0110000010,0000000000,64,P1,34" (35)
17:01:02  [AT] "SEND OK" (7)
17:01:03  [TX] S,51,0110000010,0000000000,66,P1,37
17:01:03  [AT] "AT+CIPSEND=36" (13)
17:01:03  [AT] "\xA6,51,0110000010,0000000000,66,P1,37" (35)
17:01:03  [AT] "SEND OK" (7)
17:01:04  [TX] S,52,0110000010,0000000000,67,P1,35
17:01:04  [AT] "AT+CIPSEND=36" (13)
17:01:04  [AT] "\xA6,52,0110000010,0000000000,67,P1,35" (35)
17:01:04  [AT] "SEND OK" (7)
17:01:05  [TX] S,53,0110000010,0000000000,68,P1,3B
17:01:05  [AT] "AT+CIPSEND=36" (13)
17:01:05  [AT] "\xA6,53,0110000010,0000000000,68,P1,3B" (35)
17:01:05  [AT] "SEND OK" (7)
17:01:06  [TX] S,54,0110000010,0000000000,69,P1,3D
17:01:06  [AT] "AT+CIPSEND=36" (13)
17:01:06  [AT] "\xA6,54,0110000010,0000000000,69,P1,3D" (35)
17:01:06  [AT] "SEND OK" (7)
17:01:07  [TX] S,55,0110000010,0000000000,70,P1,34
17:01:07  [AT] "AT+CIPSEND=36" (13)
17:01:08  [AT] "\xA6,55,0110000010,0000000000,70,P1,34" (35)
17:01:08  [AT] "SEND OK" (7)
17:01:09  [TX] S,56,0110000010,0000000000,71,P1,36
17:01:09  [AT] "AT+CIPSEND=36" (13)
17:01:09  [AT] "\xA6,56,0110000010,0000000000,71,P1,36" (35)
17:01:09  [AT] "SEND OK" (7)
17:01:10  [TX] S,57,0110000010,0000000000,72,P1,34
17:01:10  [AT] "AT+CIPSEND=36" (13)
17:01:10  [AT] "\xA6,57,0110000010,0000000000,72,P1,34" (35)
17:01:10  [AT] "SEND OK" (7)
17:01:11  [TX] S,58,0110000010,0000000000,73,P1,3A
17:01:11  [AT] "AT+CIPSEND=36" (13)
17:01:11  [AT] "\xA6,58,0110000010,0000000000,73,P1,3A" (35)
17:01:11  [AT] "SEND OK" (7)
17:01:12  [TX] S,59,0110000010,0000000000,74,P1,3C
17:01:12  [AT] "AT+CIPSEND=36" (13)
17:01:12  [AT] "\xA6,59,0110000010,0000000000,74,P1,3C" (35)
17:01:12  [AT] "SEND OK" (7)
17:01:13  [TX] S,60,0110000010,0000000000,75,P1,37
17:01:13  [AT] "AT+CIPSEND=36" (13)
17:01:13  [AT] "\xA6,60,0110000010,0000000000,75,P1,37" (35)
17:01:13  [AT] "SEND OK" (7)
17:01:14  [TX] S,61,0110000010,0000000000,77,P1,34
17:01:14  [AT] "AT+CIPSEND=36" (13)
17:01:14  [AT] "\xA6,61,0110000010,0000000000,77,P1,34" (35)
17:01:14  [AT] "SEND OK" (7)
17:01:15  [TX] S,62,0110000010,0000000000,78,P1,38
17:01:15  [AT] "AT+CIPSEND=36" (13)
17:01:15  [AT] "\xA6,62,0110000010,0000000000,78,P1,38" (35)
17:01:15  [AT] "SEND OK" (7)
17:01:16  [TX] S,63,0110000010,0000000000,79,P1,38
17:01:16  [AT] "AT+CIPSEND=36" (13)
17:01:16  [AT] "\xA6,63,0110000010,0000000000,79,P1,38" (35)
17:01:16  [AT] "SEND OK" (7)
17:01:17  [TX] S,64,0110000010,0000000000,80,P1,39
17:01:17  [AT] "AT+CIPSEND=36" (13)
17:01:17  [AT] "\xA6,64,0110000010,0000000000,80,P1,39" (35)
17:01:17  [AT] "SEND OK" (7)
17:01:18  [TX] S,65,0110000010,0000000000,81,P1,39
17:01:18  [AT] "AT+CIPSEND=36" (13)
17:01:19  [AT] "\xA6,65,0110000010,0000000000,81,P1,39" (35)
17:01:19  [AT] "SEND OK" (7)
17:01:20  [TX] S,66,0110000010,0000000000,82,P1,39
17:01:20  [AT] "AT+CIPSEND=36" (13)
17:01:20  [AT] "\xA6,66,0110000010,0000000000,82,P1,39" (35)
17:01:20  [AT] "SEND OK" (7)
17:01:21  [TX] S,67,0110000010,0000000000,83,P1,39
17:01:21  [AT] "AT+CIPSEND=36" (13)
17:01:21  [AT] "\xA6,67,0110000010,0000000000,83,P1,39" (35)
17:01:21  [AT] "SEND OK" (7)
17:01:22  [TX] S,68,0110000010,0000000000,84,P1,31
17:01:22  [AT] "AT+CIPSEND=36" (13)
17:01:22  [AT] "\xA6,68,0110000010,0000000000,84,P1,31" (35)
17:01:22  [AT] "SEND OK" (7)
17:01:23  [TX] S,69,0110000010,0000000000,85,P1,31
17:01:23  [AT] "AT+CIPSEND=36" (13)
17:01:23  [AT] "\xA6,69,0110000010,0000000000,85,P1,31" (35)
17:01:23  [AT] "SEND OK" (7)
17:01:24  [TX] S,70,0110000010,0000000000,87,P1,3B
17:01:24  [AT] "AT+CIPSEND=36" (13)
17:01:24  [AT] "\xA6,70,0110000010,0000000000,87,P1,3B" (35)
17:01:24  [AT] "SEND OK" (7)
17:01:25  [TX] S,71,0110000010,0000000000,88,P1,35
17:01:25  [AT] "AT+CIPSEND=36" (13)
17:01:25  [AT] "\xA6,71,0110000010,0000000000,88,P1,35" (35)
17:01:25  [AT] "SEND OK" (7)
17:01:26  [TX] S,72,0110000010,0000000000,89,P1,37
17:01:26  [AT] "AT+CIPSEND=36" (13)
17:01:26  [AT] "\xA6,72,0110000010,0000000000,89,P1,37" (35)
17:01:26  [AT] "SEND OK" (7)
17:01:27  [TX] S,73,0110000010,0000000000,90,P1,3E
17:01:27  [AT] "AT+CIPSEND=36" (13)
17:01:28  [AT] "\xA6,73,0110000010,0000000000,90,P1,3E" (35)
17:01:28  [AT] "SEND OK" (7)
17:01:28  [TX] S,74,0110000010,0000000000,91,P1,38
17:01:28  [AT] "AT+CIPSEND=36" (13)
17:01:28  [AT] "\xA6,74,0110000010,0000000000,91,P1,38" (35)
17:01:28  [AT] "SEND OK" (7)
17:01:30  [TX] S,75,0110000010,0000000000,92,P1,3A
17:01:30  [AT] "AT+CIPSEND=36" (13)
17:01:30  [AT] "\xA6,75,0110000010,0000000000,92,P1,3A" (35)
17:01:30  [AT] "SEND OK" (7)
17:01:31  [TX] S,76,0110000010,0000000000,93,P1,38
17:01:31  [AT] "AT+CIPSEND=36" (13)
17:01:31  [AT] "\xA6,76,0110000010,0000000000,93,P1,38" (35)
17:01:31  [AT] "SEND OK" (7)
17:01:32  [TX] S,77,0110000010,0000000000,94,P1,3E
17:01:32  [AT] "AT+CIPSEND=36" (13)
17:01:32  [AT] "\xA6,77,0110000010,0000000000,94,P1,3E" (35)
17:01:32  [AT] "SEND OK" (7)
17:01:33  [TX] S,78,0110000010,0000000000,95,P1,30
17:01:33  [AT] "AT+CIPSEND=36" (13)
17:01:33  [AT] "\xA6,78,0110000010,0000000000,95,P1,30" (35)
17:01:33  [AT] "SEND OK" (7)
17:01:34  [TX] S,79,0110000010,0000000000,96,P1,32
17:01:34  [AT] "AT+CIPSEND=36" (13)
17:01:34  [AT] "\xA6,79,0110000010,0000000000,96,P1,32" (35)
17:01:34  [AT] "SEND OK" (7)
17:01:35  [TX] S,80,0110000010,0000000000,98,P1,3A
17:01:35  [AT] "AT+CIPSEND=36" (13)
17:01:35  [AT] "\xA6,80,0110000010,0000000000,98,P1,3A" (35)
17:01:35  [AT] "SEND OK" (7)
17:01:36  [TX] S,81,0110000010,0000000000,99,P1,3A
17:01:36  [AT] "AT+CIPSEND=36" (13)
17:01:36  [AT] "\xA6,81,0110000010,0000000000,99,P1,3A" (35)
17:01:36  [AT] "SEND OK" (7)
17:01:37  [TX] S,82,0110000010,0000000000,100,P1,08
17:01:37  [AT] "AT+CIPSEND=37" (13)
17:01:37  [AT] "\xA6,82,0110000010,0000000000,100,P1,08" (36)
17:01:37  [AT] "SEND OK" (7)
17:01:38  [TX] S,83,0110000010,0000000000,101,P1,08
17:01:38  [AT] "AT+CIPSEND=37" (13)
17:01:38  [AT] "\xA6,83,0110000010,0000000000,101,P1,08" (36)
17:01:38  [AT] "SEND OK" (7)
17:01:39  [TX] S,84,0110000010,0000000000,102,P1,0C
17:01:39  [AT] "AT+CIPSEND=37" (13)
17:01:40  [AT] "\xA6,84,0110000010,0000000000,102,P1,0C" (36)
17:01:40  [AT] "SEND OK" (7)
17:01:41  [TX] S,85,0110000010,0000000000,103,P1,0C
17:01:41  [AT] "AT+CIPSEND=37" (13)
17:01:41  [AT] "\xA6,85,0110000010,0000000000,103,P1,0C" (36)
17:01:41  [AT] "SEND OK" (7)
17:01:42  [TX] S,86,0110000010,0000000000,104,P1,08
17:01:42  [AT] "AT+CIPSEND=37" (13)
17:01:42  [AT] "\xA6,86,0110000010,0000000000,104,P1,08" (36)
17:01:42  [AT] "SEND OK" (7)
17:01:43  [TX] S,87,0110000010,0000000000,105,P1,08
17:01:43  [AT] "AT+CIPSEND=37" (13)
17:01:43  [AT] "\xA6,87,0110000010,0000000000,105,P1,08" (36)
17:01:43  [AT] "SEND OK" (7)
17:01:44  [TX] S,88,0110000010,0000000000,106,P1,04
17:01:44  [AT] "AT+CIPSEND=37" (13)
17:01:44  [AT] "\xA6,88,0110000010,0000000000,106,P1,04" (36)
17:01:44  [AT] "SEND OK" (7)
17:01:45  [TX] S,89,0110000010,0000000000,108,P1,0B
17:01:45  [AT] "AT+CIPSEND=37" (13)
17:01:45  [AT] "\xA6,89,0110000010,0000000000,108,P1,0B" (36)
17:01:45  [AT] "SEND OK" (7)
17:01:46  [TX] S,90,0110000010,0000000000,109,P1,02
17:01:46  [AT] "AT+CIPSEND=37" (13)
17:01:46  [AT] "\xA6,90,0110000010,0000000000,109,P1,02" (36)
17:01:46  [AT] "SEND OK" (7)
17:01:47  [TX] S,91,0110000010,0000000000,110,P1,0B
17:01:47  [AT] "AT+CIPSEND=37" (13)
17:01:47  [AT] "\xA6,91,0110000010,0000000000,110,P1,0B" (36)
17:01:47  [AT] "SEND OK" (7)
17:01:48  [TX] S,92,0110000010,0000000000,111,P1,09
17:01:48  [AT] "AT+CIPSEND=37" (13)
17:01:48  [AT] "\xA6,92,0110000010,0000000000,111,P1,09" (36)
17:01:48  [AT] "SEND OK" (7)
17:01:49  [TX] S,93,0110000010,0000000000,112,P1,0B
17:01:49  [AT] "AT+CIPSEND=37" (13)
17:01:49  [AT] "\xA6,93,0110000010,0000000000,112,P1,0B" (36)
17:01:49  [AT] "SEND OK" (7)
17:01:51  [TX] S,94,0110000010,0000000000,113,P1,0D
17:01:51  [AT] "AT+CIPSEND=37" (13)
17:01:51  [AT] "\xA6,94,0110000010,0000000000,113,P1,0D" (36)
17:01:51  [AT] "SEND OK" (7)
17:01:52  [TX] S,95,0110000010,0000000000,114,P1,0B
17:01:52  [AT] "AT+CIPSEND=37" (13)
17:01:52  [AT] "\xA6,95,0110000010,0000000000,114,P1,0B" (36)
17:01:52  [AT] "SEND OK" (7)
17:01:53  [TX] S,96,0110000010,0000000000,115,P1,09
17:01:53  [AT] "AT+CIPSEND=37" (13)
17:01:53  [AT] "\xA6,96,0110000010,0000000000,115,P1,09" (36)
17:01:53  [AT] "SEND OK" (7)
17:01:54  [TX] S,97,0110000010,0000000000,116,P1,0B
17:01:54  [AT] "AT+CIPSEND=37" (13)
17:01:54  [AT] "\xA6,97,0110000010,0000000000,116,P1,0B" (36)
17:01:54  [AT] "SEND OK" (7)
17:01:55  [TX] S,98,0110000010,0000000000,117,P1,05
17:01:55  [AT] "AT+CIPSEND=37" (13)
17:01:55  [AT] "\xA6,98,0110000010,0000000000,117,P1,05" (36)
17:01:55  [AT] "SEND OK" (7)
17:01:56  [TX] S,99,0110000010,0000000000,119,P1,0A
17:01:56  [AT] "AT+CIPSEND=37" (13)
17:01:56  [AT] "\xA6,99,0110000010,0000000000,119,P1,0A" (36)
17:01:56  [AT] "SEND OK" (7)
17:01:57  [RAM] 최저 여유 898 B · 프롬프트 재동기 0회 (서버의 '버린줄' 과 맞아야 한다)
17:01:57  [TX] S,100,0110000010,0000000000,120,P1,31
17:01:57  [AT] "AT+CIPSEND=38" (13)
17:01:57  [AT] "\xA6,100,0110000010,0000000000,120,P1,31" (37)
17:01:57  [AT] "SEND OK" (7)
17:01:58  [TX] S,101,0110000010,0000000000,121,P1,31
17:01:58  [AT] "AT+CIPSEND=38" (13)
17:01:58  [AT] "\xA6,101,0110000010,0000000000,121,P1,31" (37)
17:01:58  [AT] "SEND OK" (7)
17:01:59  [TX] S,102,0110000010,0000000000,122,P1,31
17:01:59  [AT] "AT+CIPSEND=38" (13)
17:01:59  [AT] "\xA6,102,0110000010,0000000000,122,P1,31" (37)
17:01:59  [AT] "SEND OK" (7)
17:02:00  [TX] S,103,0110000010,0000000000,123,P1,31
17:02:00  [AT] "AT+CIPSEND=38" (13)
17:02:00  [AT] "\xA6,103,0110000010,0000000000,123,P1,31" (37)
17:02:00  [AT] "SEND OK" (7)
17:02:02  [TX] S,104,0110000010,0000000000,124,P1,31
17:02:02  [AT] "AT+CIPSEND=38" (13)
17:02:02  [AT] "\xA6,104,0110000010,0000000000,124,P1,31" (37)
17:02:02  [AT] "SEND OK" (7)
17:02:03  [TX] S,105,0110000010,0000000000,125,P1,31
17:02:03  [AT] "AT+CIPSEND=38" (13)
17:02:03  [AT] "\xA6,105,0110000010,0000000000,125,P1,31" (37)
17:02:03  [AT] "SEND OK" (7)
17:02:04  [TX] S,106,0110000010,0000000000,126,P1,31
17:02:04  [AT] "AT+CIPSEND=38" (13)
17:02:04  [AT] "\xA6,106,0110000010,0000000000,126,P1,31" (37)
17:02:04  [AT] "SEND OK" (7)
17:02:05  [TX] S,107,0110000010,0000000000,127,P1,31
17:02:05  [AT] "AT+CIPSEND=38" (13)
17:02:05  [AT] "\xA6,107,0110000010,0000000000,127,P1,31" (37)
17:02:05  [AT] "SEND OK" (7)
17:02:06  [TX] S,108,0110000010,0000000000,129,P1,30
17:02:06  [AT] "AT+CIPSEND=38" (13)
17:02:06  [AT] "\xA6,108,0110000010,0000000000,129,P1,30" (37)
17:02:06  [AT] "SEND OK" (7)
17:02:07  [TX] S,109,0110000010,0000000000,130,P1,39
17:02:07  [AT] "AT+CIPSEND=38" (13)
17:02:07  [AT] "\xA6,109,0110000010,0000000000,130,P1,39" (37)
17:02:07  [AT] "SEND OK" (7)
17:02:08  [TX] S,110,0110000010,0000000000,131,P1,30
17:02:08  [AT] "AT+CIPSEND=38" (13)
17:02:08  [AT] "\xA6,110,0110000010,0000000000,131,P1,30" (37)
17:02:08  [AT] "SEND OK" (7)
17:02:09  [TX] S,111,0110000010,0000000000,132,P1,32
17:02:09  [AT] "AT+CIPSEND=38" (13)
17:02:09  [AT] "\xA6,111,0110000010,0000000000,132,P1,32" (37)
17:02:09  [AT] "SEND OK" (7)
17:02:10  [TX] S,112,0110000010,0000000000,133,P1,30
17:02:10  [AT] "AT+CIPSEND=38" (13)
17:02:10  [AT] "\xA6,112,0110000010,0000000000,133,P1,30" (37)
17:02:10  [AT] "SEND OK" (7)
17:02:12  [TX] S,113,0110000010,0000000000,134,P1,36
17:02:12  [AT] "AT+CIPSEND=38" (13)
17:02:12  [AT] "\xA6,113,0110000010,0000000000,134,P1,36" (37)
17:02:12  [AT] "SEND OK" (7)
17:02:13  [TX] S,114,0110000010,0000000000,135,P1,30
17:02:13  [AT] "AT+CIPSEND=38" (13)
17:02:13  [AT] "\xA6,114,0110000010,0000000000,135,P1,30" (37)
17:02:13  [AT] "SEND OK" (7)
17:02:14  [TX] S,115,0110000010,0000000000,136,P1,32
17:02:14  [AT] "AT+CIPSEND=38" (13)
17:02:14  [AT] "\xA6,115,0110000010,0000000000,136,P1,32" (37)
17:02:14  [AT] "SEND OK" (7)
17:02:15  [TX] S,116,0110000010,0000000000,137,P1,30
17:02:15  [AT] "AT+CIPSEND=38" (13)
17:02:15  [AT] "\xA6,116,0110000010,0000000000,137,P1,30" (37)
17:02:15  [AT] "SEND OK" (7)
17:02:16  [TX] S,117,0110000010,0000000000,138,P1,3E
17:02:16  [AT] "AT+CIPSEND=38" (13)
17:02:16  [AT] "\xA6,117,0110000010,0000000000,138,P1,3E" (37)
17:02:16  [AT] "SEND OK" (7)
17:02:17  [TX] S,118,0110000010,0000000000,140,P1,3E
17:02:17  [AT] "AT+CIPSEND=38" (13)
17:02:17  [AT] "\xA6,118,0110000010,0000000000,140,P1,3E" (37)
17:02:17  [AT] "SEND OK" (7)
17:02:18  [TX] S,119,0110000010,0000000000,141,P1,3E
17:02:18  [AT] "AT+CIPSEND=38" (13)
17:02:18  [AT] "\xA6,119,0110000010,0000000000,141,P1,3E" (37)
17:02:18  [AT] "SEND OK" (7)
17:02:19  [TX] S,120,0110000010,0000000000,142,P1,37
17:02:19  [AT] "AT+CIPSEND=38" (13)
17:02:19  [AT] "\xA6,120,0110000010,0000000000,142,P1,37" (37)
17:02:19  [AT] "SEND OK" (7)
17:02:20  [TX] S,121,0110000010,0000000000,143,P1,37
17:02:20  [AT] "AT+CIPSEND=38" (13)
17:02:20  [AT] "\xA6,121,0110000010,0000000000,143,P1,37" (37)
17:02:20  [AT] "SEND OK" (7)
17:02:22  [TX] S,122,0110000010,0000000000,144,P1,33
17:02:22  [AT] "AT+CIPSEND=38" (13)
17:02:22  [AT] "\xA6,122,0110000010,0000000000,144,P1,33" (37)
17:02:22  [AT] "SEND OK" (7)
17:02:23  [TX] S,123,0110000010,0000000000,145,P1,33
17:02:23  [AT] "AT+CIPSEND=38" (13)
17:02:23  [AT] "\xA6,123,0110000010,0000000000,145,P1,33" (37)
17:02:23  [AT] "SEND OK" (7)
17:02:24  [TX] S,124,0110000010,0000000000,146,P1,37
17:02:24  [AT] "AT+CIPSEND=38" (13)
17:02:24  [AT] "\xA6,124,0110000010,0000000000,146,P1,37" (37)
17:02:24  [AT] "SEND OK" (7)
17:02:25  [TX] S,125,0110000010,0000000000,147,P1,37
17:02:25  [AT] "AT+CIPSEND=38" (13)
17:02:25  [AT] "\xA6,125,0110000010,0000000000,147,P1,37" (37)
17:02:25  [AT] "SEND OK" (7)
17:02:26  [TX] S,126,0110000010,0000000000,148,P1,3B
17:02:26  [AT] "AT+CIPSEND=38" (13)
17:02:26  [AT] "\xA6,126,0110000010,0000000000,148,P1,3B" (37)
17:02:26  [AT] "SEND OK" (7)
17:02:27  [TX] S,127,0110000010,0000000000,150,P1,33
17:02:27  [AT] "AT+CIPSEND=38" (13)
17:02:27  [AT] "\xA6,127,0110000010,0000000000,150,P1,33" (37)
17:02:27  [AT] "SEND OK" (7)
17:02:28  [TX] S,128,0110000010,0000000000,151,P1,3D
17:02:28  [AT] "AT+CIPSEND=38" (13)
17:02:28  [AT] "\xA6,128,0110000010,0000000000,151,P1,3D" (37)
17:02:28  [AT] "SEND OK" (7)
17:02:29  [TX] S,129,0110000010,0000000000,152,P1,3F
17:02:29  [AT] "AT+CIPSEND=38" (13)
17:02:29  [AT] "\xA6,129,0110000010,0000000000,152,P1,3F" (37)
17:02:29  [AT] "SEND OK" (7)
17:02:30  [TX] S,130,0110000010,0000000000,153,P1,36
17:02:30  [AT] "AT+CIPSEND=38" (13)
17:02:30  [AT] "\xA6,130,0110000010,0000000000,153,P1,36" (37)
17:02:30  [AT] "SEND OK" (7)
17:02:31  [TX] S,131,0110000010,0000000000,154,P1,30
17:02:31  [AT] "AT+CIPSEND=38" (13)
17:02:32  [AT] "\xA6,131,0110000010,0000000000,154,P1,30" (37)
17:02:32  [AT] "SEND OK" (7)
17:02:33  [TX] S,132,0110000010,0000000000,155,P1,32
17:02:33  [AT] "AT+CIPSEND=38" (13)
17:02:33  [AT] "\xA6,132,0110000010,0000000000,155,P1,32" (37)
17:02:33  [AT] "SEND OK" (7)
17:02:34  [TX] S,133,0110000010,0000000000,156,P1,30
17:02:34  [AT] "AT+CIPSEND=38" (13)
17:02:34  [AT] "\xA6,133,0110000010,0000000000,156,P1,30" (37)
17:02:34  [AT] "SEND OK" (7)
17:02:35  [TX] S,134,0110000010,0000000000,157,P1,36
17:02:35  [AT] "AT+CIPSEND=38" (13)
17:02:35  [AT] "\xA6,134,0110000010,0000000000,157,P1,36" (37)
17:02:35  [AT] "SEND OK" (7)
17:02:36  [TX] S,135,0110000010,0000000000,158,P1,38
17:02:36  [AT] "AT+CIPSEND=38" (13)
17:02:36  [AT] "\xA6,135,0110000010,0000000000,158,P1,38" (37)
17:02:36  [AT] "SEND OK" (7)
17:02:37  [TX] S,136,0110000010,0000000000,160,P1,30
17:02:37  [AT] "AT+CIPSEND=38" (13)
17:02:37  [AT] "\xA6,136,0110000010,0000000000,160,P1,30" (37)
17:02:37  [AT] "SEND OK" (7)
17:02:38  [TX] S,137,0110000010,0000000000,161,P1,30
17:02:38  [AT] "AT+CIPSEND=38" (13)
17:02:38  [AT] "\xA6,137,0110000010,0000000000,161,P1,30" (37)
17:02:38  [AT] "SEND OK" (7)
17:02:39  [TX] S,138,0110000010,0000000000,162,P1,3C
17:02:39  [AT] "AT+CIPSEND=38" (13)
17:02:39  [AT] "\xA6,138,0110000010,0000000000,162,P1,3C" (37)
17:02:39  [AT] "SEND OK" (7)
17:02:40  [TX] S,139,0110000010,0000000000,163,P1,3C
17:02:40  [AT] "AT+CIPSEND=38" (13)
17:02:40  [AT] "\xA6,139,0110000010,0000000000,163,P1,3C" (37)
17:02:40  [AT] "SEND OK" (7)
17:02:41  [TX] S,140,0110000010,0000000000,164,P1,35
17:02:41  [AT] "AT+CIPSEND=38" (13)
17:02:41  [AT] "\xA6,140,0110000010,0000000000,164,P1,35" (37)
17:02:41  [AT] "SEND OK" (7)
17:02:43  [TX] S,141,0110000010,0000000000,165,P1,35
17:02:43  [AT] "AT+CIPSEND=38" (13)
17:02:43  [AT] "\xA6,141,0110000010,0000000000,165,P1,35" (37)
17:02:43  [AT] "SEND OK" (7)
17:02:44  [TX] S,142,0110000010,0000000000,166,P1,35
17:02:44  [AT] "AT+CIPSEND=38" (13)
17:02:44  [AT] "\xA6,142,0110000010,0000000000,166,P1,35" (37)
17:02:44  [AT] "SEND OK" (7)
17:02:45  [TX] S,143,0110000010,0000000000,167,P1,35
17:02:45  [AT] "AT+CIPSEND=38" (13)
17:02:45  [AT] "\xA6,143,0110000010,0000000000,167,P1,35" (37)
17:02:45  [AT] "SEND OK" (7)
17:02:46  [TX] S,144,0110000010,0000000000,168,P1,3D
17:02:46  [AT] "AT+CIPSEND=38" (13)
17:02:46  [AT] "\xA6,144,0110000010,0000000000,168,P1,3D" (37)
17:02:46  [AT] "SEND OK" (7)
17:02:47  [TX] S,145,0110000010,0000000000,170,P1,35
17:02:47  [AT] "AT+CIPSEND=38" (13)
17:02:47  [AT] "\xA6,145,0110000010,0000000000,170,P1,35" (37)
17:02:47  [AT] "SEND OK" (7)
17:02:48  [TX] S,146,0110000010,0000000000,171,P1,37
17:02:48  [AT] "AT+CIPSEND=38" (13)
17:02:48  [AT] "\xA6,146,0110000010,0000000000,171,P1,37" (37)
17:02:48  [AT] "SEND OK" (7)
17:02:49  [TX] S,147,0110000010,0000000000,172,P1,35
17:02:49  [AT] "AT+CIPSEND=38" (13)
17:02:49  [AT] "\xA6,147,0110000010,0000000000,172,P1,35" (37)
17:02:49  [AT] "SEND OK" (7)
17:02:50  [TX] S,148,0110000010,0000000000,173,P1,3B
17:02:50  [AT] "AT+CIPSEND=38" (13)
17:02:50  [AT] "\xA6,148,0110000010,0000000000,173,P1,3B" (37)
17:02:50  [AT] "SEND OK" (7)
17:02:51  [TX] S,149,0110000010,0000000000,174,P1,3D
17:02:51  [AT] "AT+CIPSEND=38" (13)
17:02:51  [AT] "\xA6,149,0110000010,0000000000,174,P1,3D" (37)
17:02:51  [AT] "SEND OK" (7)
17:02:52  [TX] S,150,0110000010,0000000000,175,P1,34
17:02:52  [AT] "AT+CIPSEND=38" (13)
17:02:53  [AT] "\xA6,150,0110000010,0000000000,175,P1,34" (37)
17:02:53  [AT] "SEND OK" (7)
17:02:54  [TX] S,151,0110000010,0000000000,176,P1,36
17:02:54  [AT] "AT+CIPSEND=38" (13)
17:02:54  [AT] "\xA6,151,0110000010,0000000000,176,P1,36" (37)
17:02:54  [AT] "SEND OK" (7)
17:02:55  [TX] S,152,0110000010,0000000000,177,P1,34
17:02:55  [AT] "AT+CIPSEND=38" (13)
17:02:55  [AT] "\xA6,152,0110000010,0000000000,177,P1,34" (37)
17:02:55  [AT] "SEND OK" (7)
17:02:56  [TX] S,153,0110000010,0000000000,178,P1,3A
17:02:56  [AT] "AT+CIPSEND=38" (13)
17:02:56  [AT] "\xA6,153,0110000010,0000000000,178,P1,3A" (37)
17:02:56  [AT] "SEND OK" (7)
17:02:57  [TX] S,154,0110000010,0000000000,179,P1,3C
17:02:57  [AT] "AT+CIPSEND=38" (13)
17:02:57  [RAM] 최저 여유 898 B · 프롬프트 재동기 0회 (서버의 '버린줄' 과 맞아야 한다)
17:02:57  [AT] "\xA6,154,0110000010,0000000000,179,P1,3C" (37)
17:02:57  [AT] "SEND OK" (7)
17:02:58  [TX] S,155,0110000010,0000000000,181,P1,3A
17:02:58  [AT] "AT+CIPSEND=38" (13)
17:02:58  [AT] "\xA6,155,0110000010,0000000000,181,P1,3A" (37)
17:02:58  [AT] "SEND OK" (7)
17:02:59  [TX] S,156,0110000010,0000000000,182,P1,3A
17:02:59  [AT] "AT+CIPSEND=38" (13)
17:02:59  [AT] "\xA6,156,0110000010,0000000000,182,P1,3A" (37)
17:02:59  [AT] "SEND OK" (7)
17:03:00  [TX] S,157,0110000010,0000000000,183,P1,3A
17:03:00  [AT] "AT+CIPSEND=38" (13)
17:03:00  [AT] "\xA6,157,0110000010,0000000000,183,P1,3A" (37)
17:03:00  [AT] "SEND OK" (7)
17:03:01  [TX] S,158,0110000010,0000000000,184,P1,32
17:03:01  [AT] "AT+CIPSEND=38" (13)
17:03:01  [AT] "\xA6,158,0110000010,0000000000,184,P1,32" (37)
17:03:01  [AT] "SEND OK" (7)
17:03:02  [TX] S,159,0110000010,0000000000,185,P1,32
17:03:02  [AT] "AT+CIPSEND=38" (13)
17:03:02  [AT] "\xA6,159,0110000010,0000000000,185,P1,32" (37)
17:03:02  [AT] "SEND OK" (7)
17:03:04  [TX] S,160,0110000010,0000000000,186,P1,3B
17:03:04  [AT] "AT+CIPSEND=38" (13)
17:03:04  [AT] "\xA6,160,0110000010,0000000000,186,P1,3B" (37)
17:03:04  [AT] "SEND OK" (7)
17:03:05  [TX] S,161,0110000010,0000000000,187,P1,3B
17:03:05  [AT] "AT+CIPSEND=38" (13)
17:03:05  [AT] "\xA6,161,0110000010,0000000000,187,P1,3B" (37)
17:03:05  [AT] "SEND OK" (7)
17:03:06  [TX] S,162,0110000010,0000000000,188,P1,37
17:03:06  [AT] "AT+CIPSEND=38" (13)
17:03:06  [AT] "\xA6,162,0110000010,0000000000,188,P1,37" (37)
17:03:06  [AT] "SEND OK" (7)
17:03:07  [TX] S,163,0110000010,0000000000,189,P1,37
17:03:07  [AT] "AT+CIPSEND=38" (13)
17:03:07  [AT] "\xA6,163,0110000010,0000000000,189,P1,37" (37)
17:03:07  [AT] "SEND OK" (7)
17:03:08  [TX] S,164,0110000010,0000000000,191,P1,39
17:03:08  [AT] "AT+CIPSEND=38" (13)
17:03:08  [AT] "\xA6,164,0110000010,0000000000,191,P1,39" (37)
17:03:08  [AT] "SEND OK" (7)
17:03:09  [TX] S,165,0110000010,0000000000,192,P1,3B
17:03:09  [AT] "AT+CIPSEND=38" (13)
17:03:09  [AT] "\xA6,165,0110000010,0000000000,192,P1,3B" (37)
17:03:09  [AT] "SEND OK" (7)
17:03:10  [TX] S,166,0110000010,0000000000,193,P1,39
17:03:10  [AT] "AT+CIPSEND=38" (13)
17:03:10  [AT] "\xA6,166,0110000010,0000000000,193,P1,39" (37)
17:03:10  [AT] "SEND OK" (7)
17:03:11  [TX] S,167,0110000010,0000000000,194,P1,3F
17:03:11  [AT] "AT+CIPSEND=38" (13)
17:03:11  [AT] "\xA6,167,0110000010,0000000000,194,P1,3F" (37)
17:03:11  [AT] "SEND OK" (7)
17:03:12  [TX] S,168,0110000010,0000000000,195,P1,31
17:03:12  [AT] "AT+CIPSEND=38" (13)
17:03:12  [AT] "\xA6,168,0110000010,0000000000,195,P1,31" (37)
17:03:12  [AT] "SEND OK" (7)
17:03:14  [TX] S,169,0110000010,0000000000,196,P1,33
17:03:14  [AT] "AT+CIPSEND=38" (13)
17:03:14  [AT] "\xA6,169,0110000010,0000000000,196,P1,33" (37)
17:03:14  [AT] "SEND OK" (7)
17:03:15  [TX] S,170,0110000010,0000000000,197,P1,3A
17:03:15  [AT] "AT+CIPSEND=38" (13)
17:03:15  [AT] "\xA6,170,0110000010,0000000000,197,P1,3A" (37)
17:03:15  [AT] "SEND OK" (7)
17:03:16  [TX] S,171,0110000010,0000000000,198,P1,34
17:03:16  [AT] "AT+CIPSEND=38" (13)
17:03:16  [AT] "\xA6,171,0110000010,0000000000,198,P1,34" (37)
17:03:16  [AT] "SEND OK" (7)
17:03:17  [TX] S,172,0110000010,0000000000,199,P1,36
17:03:17  [AT] "AT+CIPSEND=38" (13)
17:03:17  [AT] "\xA6,172,0110000010,0000000000,199,P1,36" (37)
17:03:17  [AT] "SEND OK" (7)
17:03:18  [TX] S,173,0110000010,0000000000,201,P1,35
17:03:18  [AT] "AT+CIPSEND=38" (13)
17:03:18  [AT] "\xA6,173,0110000010,0000000000,201,P1,35" (37)
17:03:18  [AT] "SEND OK" (7)
17:03:19  [TX] S,174,0110000010,0000000000,202,P1,31
17:03:19  [AT] "AT+CIPSEND=38" (13)
17:03:19  [AT] "\xA6,174,0110000010,0000000000,202,P1,31" (37)
17:03:19  [AT] "SEND OK" (7)
17:03:20  [TX] S,175,0110000010,0000000000,203,P1,31
17:03:20  [AT] "AT+CIPSEND=38" (13)
17:03:20  [AT] "\xA6,175,0110000010,0000000000,203,P1,31" (37)
17:03:20  [AT] "SEND OK" (7)
17:03:21  [TX] S,176,0110000010,0000000000,204,P1,35
17:03:21  [AT] "AT+CIPSEND=38" (13)
17:03:21  [AT] "\xA6,176,0110000010,0000000000,204,P1,35" (37)
17:03:21  [AT] "SEND OK" (7)
17:03:22  [TX] S,177,0110000010,0000000000,205,P1,35
17:03:22  [AT] "AT+CIPSEND=38" (13)
17:03:22  [AT] "\xA6,177,0110000010,0000000000,205,P1,35" (37)
17:03:22  [AT] "SEND OK" (7)
17:03:23  [TX] S,178,0110000010,0000000000,206,P1,39
17:03:23  [AT] "AT+CIPSEND=38" (13)
17:03:24  [AT] "\xA6,178,0110000010,0000000000,206,P1,39" (37)
17:03:24  [AT] "SEND OK" (7)
17:03:25  [TX] S,179,0110000010,0000000000,207,P1,39
17:03:25  [AT] "AT+CIPSEND=38" (13)
17:03:25  [AT] "\xA6,179,0110000010,0000000000,207,P1,39" (37)
17:03:25  [AT] "SEND OK" (7)
17:03:26  [TX] S,180,0110000010,0000000000,208,P1,30
17:03:26  [AT] "AT+CIPSEND=38" (13)
17:03:27  [TX-RESYNC] 프롬프트 놓침 → 더미 38바이트로 스트림 복구(서버는 이 줄을 버린다)
17:03:27  [TX-DROP] S,181,0110000010,0000000000,209,P1,30
17:03:27  [NET] 전송 실패 1/3
17:03:27  [AT] "#####################################" (37)
17:03:27  [AT] "Error" (5)
17:03:27  [AT] "\xA6,180,0110000010,0000000000,208,P1,30AT+CIPSEND=38" (50)
17:03:28  [TX] S,181,0110000010,0000000000,211,P1,39
17:03:28  [AT] "AT+CIPSEND=38" (13)
17:03:28  [AT] "\xA6,181,0110000010,0000000000,211,P1,39" (37)
17:03:28  [AT] "SEND OK" (7)
17:03:29  [TX] S,182,0110000010,0000000000,212,P1,39
17:03:29  [AT] "AT+CIPSEND=38" (13)
17:03:29  [AT] "\xA6,182,0110000010,0000000000,212,P1,39" (37)
17:03:29  [AT] "SEND OK" (7)
17:03:30  [TX] S,183,0110000010,0000000000,213,P1,39
17:03:30  [AT] "AT+CIPSEND=38" (13)
17:03:30  [AT] "\xA6,183,0110000010,0000000000,213,P1,39" (37)
17:03:30  [AT] "SEND OK" (7)
17:03:32  [TX] S,184,0110000010,0000000000,214,P1,39
17:03:32  [AT] "AT+CIPSEND=38" (13)
17:03:32  [AT] "\xA6,184,0110000010,0000000000,214,P1,39" (37)
17:03:32  [AT] "SEND OK" (7)
17:03:33  [TX] S,185,0110000010,0000000000,215,P1,39
17:03:33  [AT] "AT+CIPSEND=38" (13)
17:03:33  [AT] "\xA6,185,0110000010,0000000000,215,P1,39" (37)
17:03:33  [AT] "SEND OK" (7)
17:03:34  [TX] S,186,0110000010,0000000000,216,P1,39
17:03:34  [AT] "AT+CIPSEND=38" (13)
17:03:34  [AT] "\xA6,186,0110000010,0000000000,216,P1,39" (37)
17:03:34  [AT] "SEND OK" (7)
17:03:35  [TX] S,187,0110000010,0000000000,217,P1,39
17:03:35  [AT] "AT+CIPSEND=38" (13)
17:03:35  [AT] "\xA6,187,0110000010,0000000000,217,P1,39" (37)
17:03:35  [AT] "SEND OK" (7)
17:03:36  [TX] S,188,0110000010,0000000000,219,P1,38
17:03:36  [AT] "AT+CIPSEND=38" (13)
17:03:36  [AT] "\xA6,188,0110000010,0000000000,219,P1,38" (37)
17:03:36  [AT] "SEND OK" (7)
17:03:37  [TX] S,189,0110000010,0000000000,220,P1,33
17:03:37  [AT] "AT+CIPSEND=38" (13)
17:03:37  [AT] "\xA6,189,0110000010,0000000000,220,P1,33" (37)
17:03:37  [AT] "SEND OK" (7)
17:03:38  [TX] S,190,0110000010,0000000000,221,P1,3A
17:03:38  [AT] "AT+CIPSEND=38" (13)
17:03:38  [AT] "\xA6,190,0110000010,0000000000,221,P1,3A" (37)
17:03:38  [AT] "SEND OK" (7)
17:03:39  [TX] S,191,0110000010,0000000000,222,P1,38
17:03:39  [AT] "AT+CIPSEND=38" (13)
17:03:40  [AT] "\xA6,191,0110000010,0000000000,222,P1,38" (37)
17:03:40  [AT] "SEND OK" (7)
17:03:40  [TX] S,192,0110000010,0000000000,223,P1,3A
17:03:40  [AT] "AT+CIPSEND=38" (13)
17:03:40  [AT] "\xA6,192,0110000010,0000000000,223,P1,3A" (37)
17:03:40  [AT] "SEND OK" (7)
17:03:42  [TX] S,193,0110000010,0000000000,224,P1,3C
17:03:42  [AT] "AT+CIPSEND=38" (13)
17:03:42  [AT] "\xA6,193,0110000010,0000000000,224,P1,3C" (37)
17:03:42  [AT] "SEND OK" (7)
17:03:43  [TX] S,194,0110000010,0000000000,225,P1,3A
17:03:43  [AT] "AT+CIPSEND=38" (13)
17:03:43  [AT] "\xA6,194,0110000010,0000000000,225,P1,3A" (37)
17:03:43  [AT] "SEND OK" (7)
17:03:44  [TX] S,195,0110000010,0000000000,226,P1,38
17:03:44  [AT] "AT+CIPSEND=38" (13)
17:03:44  [AT] "\xA6,195,0110000010,0000000000,226,P1,38" (37)
17:03:44  [AT] "SEND OK" (7)
17:03:45  [TX] S,196,0110000010,0000000000,227,P1,3A
17:03:45  [AT] "AT+CIPSEND=38" (13)
17:03:45  [AT] "\xA6,196,0110000010,0000000000,227,P1,3A" (37)
17:03:45  [AT] "SEND OK" (7)
