16:33:46  «tap» 캡처 시작 — port=/dev/cu.usbmodem21201 baud=115200 pid=18613 date=2026-08-19 16:33:46
16:33:46  «tap» ⚠ 이 시각에 DTR 로 보드가 리셋된다 — 분석에서 '우리가 만든 리셋'으로 표시할 것
16:33:46  «tap» 포트 열림 (dsrdtr=False)
16:33:48  
16:33:48  [PARKING NODE] proto v1 / 10 slots / 12 modules / dev=P1
16:33:48  [BOOT] 리셋 원인: 불명 (부트로더가 MCUSR 을 지우고 넘어왔다)
16:33:48  [BOOT] 사다리 4단(ESP 하드리셋선) 미배선 — A2 를 ESP RST 에 물리고 ESP_RST_WIRED=1 · 6단(워치독) 끔
16:33:49  [NET] 0 RST
16:33:49  [AT] "AT+RST" (6)
16:33:49  [AT] "OK" (2)
16:33:49  [AT] "b\xFC\xD4\x86@\xF9Ra\xE2\xFCR\x89:\x97bB\xCC\xFF\xCA\xC9\xA5\x9D\x1C\xFF\xC2I\x8D" (27)
16:33:51  [NET] 1 CWMODE=1
16:33:51  [AT] "AT+CWMODE=1" (11)
16:33:51  [DIAG] offline step=2 사다리=0/0 rx=103 lines=4 up=3s
16:33:51  [AT] "\xEB\x0B\x1A\xA1\x85\xB9\x9D\x955" (9)
16:33:52  [NET] 2 CWJAP (응답까지 최대 30초 기다린다)
16:33:52  [AT] "AT+CWJAP="3F_302","0424719222!!"" (32)
16:33:54  [DIAG] offline step=2 사다리=0/0 rx=146 lines=6 up=6s
16:33:57  [AT] "OK" (2)
16:33:57  [NET] CWJAP OK — 결합됐다. IP 를 실제로 받았는지 CIFSR 로 확인한다
16:33:57  [DIAG] offline step=3 사다리=0/0 rx=152 lines=7 up=9s
16:33:57  [NET] 3 CIFSR (IP 를 실제로 받았는가)
16:33:57  [AT] "AT+CIFSR" (8)
16:33:57  [AT] "192.168.0.214\x02" (14)
16:33:57  [NET] ★ IP 확보: 192.168.0.214
16:33:57  [AT] "OK" (2)
16:33:57  [NET] 4 CIPMUX=0
16:33:57  [AT] "AT+CIPMUX=0" (11)
16:33:57  [AT] "OK" (2)
16:33:57  [NET] CIPMUX=0 적용됨 → CIPSTART
16:33:58  [NET] 5 CIPSTART
16:33:58  [AT] "AT+CIPSTART="TCP","192.168.0.29",9991" (37)
16:33:58  [AT] "OK" (2)
16:33:58  [AT] "Linked" (6)
16:33:58  [NET] online (CONNECT) + 캐시 비움
16:33:58  [TX] S,0,73A,000,9,P1,4E
16:33:58  [SLOT] n=8 tx=19 ack=0 due=277 r=1
16:33:58  [AT] "AT+CIPSEND=20" (13)
16:33:58  [AT] " S,0,73A,000,9,P1,4E" (20)
16:33:58  [AT] "SEND OK" (7)
16:33:59  [TX] D,*,7,12,5A
16:33:59  D,A1,IP,01
16:33:59  D,A2,IP,02
16:33:59  D,A3,IP,03
16:33:59  D,A4,IP,04
16:33:59  D,A5,IP,05
16:33:59  D,B1,IP,02
16:33:59  D,B2,IP,01
16:33:59  D,B3,IP,00
16:33:59  D,B4,IP,07
16:33:59  D,B5,IP,06
16:33:59  D,E1,OB,11
16:33:59  D,X1,OB,0C
16:33:59  [REG] 등록 전송 143B
16:33:59  [SLOT] n=9 tx=143 ack=0 due=0 r=1
16:33:59  [AT] "AT+CIPSEND=144" (14)
16:33:59  [DROP-OVF] 줄이 96바이트를 넘어 버렸다
16:33:59  [AT] "SEND OK" (7)
16:34:00  [TX] S,2,738,000,12,P1,0F
16:34:00  [SLOT] n=10 tx=20 ack=0 due=0 r=1
16:34:00  [AT] "AT+CIPSEND=21" (13)
16:34:00  [AT] " S,2,738,000,12,P1,0F" (21)
16:34:00  [AT] "SEND OK" (7)
16:34:01  [TX] S,3,738,000,13,P1,0F
16:34:01  [SLOT] n=11 tx=20 ack=0 due=0 r=1
16:34:01  [AT] "AT+CIPSEND=21" (13)
16:34:01  [AT] " S,3,738,000,13,P1,0F" (21)
16:34:01  [AT] "SEND OK" (7)
16:34:02  [TX] S,4,738,000,14,P1,0F
16:34:02  [SLOT] n=12 tx=20 ack=0 due=0 r=1
16:34:02  [AT] "AT+CIPSEND=21" (13)
16:34:03  [AT] " S,4,738,000,14,P1,0F" (21)
16:34:03  [AT] "SEND OK" (7)
16:34:04  [TX] S,5,738,000,15,P1,0F
16:34:04  [SLOT] n=13 tx=20 ack=0 due=0 r=1
16:34:04  [AT] "AT+CIPSEND=21" (13)
16:34:04  [AT] " S,5,738,000,15,P1,0F" (21)
16:34:04  [AT] "SEND OK" (7)
16:34:05  [TX] S,6,739,000,16,P1,0E
16:34:05  [SLOT] n=14 tx=20 ack=0 due=0 r=1
16:34:05  [AT] "AT+CIPSEND=21" (13)
16:34:05  [AT] " S,6,739,000,16,P1,0E" (21)
16:34:05  [AT] "SEND OK" (7)
16:34:06  [TX] S,7,739,000,18,P1,01
16:34:06  [SLOT] n=15 tx=20 ack=0 due=0 r=1
16:34:06  [AT] "AT+CIPSEND=21" (13)
16:34:06  [AT] " S,7,739,000,18,P1,01" (21)
16:34:06  [AT] "SEND OK" (7)
16:34:07  [TX] S,8,739,000,19,P1,0F
16:34:07  [SLOT] n=16 tx=20 ack=0 due=0 r=1
16:34:07  [AT] "AT+CIPSEND=21" (13)
16:34:07  [AT] " S,8,739,000,19,P1,0F" (21)
16:34:07  [AT] "SEND OK" (7)
16:34:08  [TX] S,9,739,000,20,P1,04
16:34:08  [SLOT] n=17 tx=20 ack=0 due=0 r=1
16:34:08  [AT] "AT+CIPSEND=21" (13)
16:34:09  [AT] " S,9,739,000,20,P1,0l" (21)
16:34:09  [AT] "SEND OK" (7)
16:34:10  [TX] S,10,739,000,21,P1,3D
16:34:10  [SLOT] n=18 tx=21 ack=0 due=0 r=1
16:34:10  [AT] "AT+CIPSEND=22" (13)
16:34:10  [AT] " S,10,739\000,21,P1,3D" (22)
16:34:10  [AT] "SEND OK" (7)
16:34:11  [TX] S,11,739,000,22,P1,3F
16:34:11  [SLOT] n=19 tx=21 ack=0 due=0 r=1
16:34:11  [AT] "AT+CIPSEND=22" (13)
16:34:11  [AT] " S,11,739,000,22,P1,3F" (22)
16:34:11  [AT] "SEND OK" (7)
16:34:12  [TX] S,12,73B,000,24,P1,41
16:34:12  [SLOT] n=20 tx=21 ack=0 due=0 r=1
16:34:12  [AT] "AT+CIPSEND=22" (13)
16:34:12  [AT] " S,12,73B,000,24,P1,41" (22)
16:34:12  [AT] "SEND OK" (7)
16:34:13  [TX] S,13,73A,000,25,P1,42
16:34:13  [SLOT] n=21 tx=21 ack=0 due=0 r=1
16:34:13  [AT] "AT+CIPSEND=22" (13)
16:34:14  [AT] " S,13,73A,000,25,P1,42" (22)
16:34:14  [AT] "SEND OK" (7)
16:34:14  [TX] S,14,73A,000,26,P1,46
16:34:14  [SLOT] n=22 tx=21 ack=0 due=0 r=1
16:34:14  [AT] "AT+CIPSEND=22" (13)
16:34:15  [AT] " S,14,73A,000,26,P1,46" (22)
16:34:15  [AT] "SEND OK" (7)
16:34:16  [TX] S,15,73A,000,27,P1,46
16:34:16  [SLOT] n=23 tx=21 ack=0 due=0 r=1
16:34:16  [AT] "AT+CIPSEND=22" (13)
16:34:16  [AT] " S,15,73A,0`0,27,P1,46" (22)
16:34:16  [AT] "SEND OK" (7)
16:34:17  [TX] S,16,73A,000,28,P1,4A
16:34:17  [SLOT] n=24 tx=21 ack=0 due=0 r=1
16:34:17  [AT] "AT+CIPSEND=22" (13)
16:34:17  [AT] " S,16,73A,000,28,P1,4A" (22)
16:34:17  [AT] "SEND OK" (7)
16:34:18  [TX] S,17,73A,000,30,P1,42
16:34:18  [SLOT] n=25 tx=21 ack=0 due=0 r=1
16:34:18  [AT] "AT+CIPSEND=22" (13)
16:34:18  [AT] " S,17,73A,000,30\x0CP1,42" (22)
16:34:18  [AT] "SEND OK" (7)
16:34:19  [TX] S,18,73A,000,31,P1,4C
16:34:19  [SLOT] n=26 tx=21 ack=0 due=0 r=1
16:34:19  [AT] "AT+CIPSEND=22" (13)
16:34:19  [AT] " S,18,73A,000,31,P1,4C" (22)
16:34:19  [AT] "SEND OK" (7)
16:34:20  [TX] S,19,73A,000,32,P1,4E
16:34:20  [SLOT] n=27 tx=21 ack=0 due=0 r=1
16:34:20  [AT] "AT+CIPCEND=22" (13)
16:34:21  [AT] " S,19,73A,000,32,P1,4E" (22)
16:34:21  [AT] "SEND OK" (7)
16:34:22  [TX] S,20,73B,000,33,P1,46
16:34:22  [SLOT] n=28 tx=21 ack=0 due=0 r=1
16:34:22  [AT] "AT+CIPSEND=22" (13)
16:34:22  [AT] " S,20,73B,000,33,P1,46" (22)
16:34:22  [AT] "SEND OK" (7)
16:34:23  [TX] S,21,73B,000,34,P1,40
16:34:23  [SLOT] n=29 tx=21 ack=0 due=0 r=1
16:34:23  [AT] "AT+CIPSEND=22" (13)
16:34:23  [AT] " S,21,73B,000,34\x0CP1,40" (22)
16:34:23  [AT] "SEND OK" (7)
16:34:24  [TX] S,22,739,000,36,P1,3A
16:34:24  [SLOT] n=30 tx=21 ack=0 due=0 r=1
16:34:24  [AT] "AT+CIPSEND=22" (13)
16:34:24  [AT] " S,22,739,000,36,P1,3A" (22)
16:34:24  [AT] "SEND OK" (7)
16:34:25  [TX] S,23,739,000,37,P1,3A
16:34:25  [SLOT] n=31 tx=21 ack=0 due=0 r=1
16:34:25  [AT] "AT+CIPSEN\x0C=22" (13)
16:34:25  [AT] " S,23,739,000,37,P1,3A" (22)
16:34:25  [AT] "SEND OK" (7)
16:34:26  [TX] S,24,739,000,38,P1,32
16:34:26  [SLOT] n=32 tx=21 ack=0 due=0 r=1
16:34:26  [AT] "AT+CIPSEND=22" (13)
16:34:26  [AT] " S,24,739,000,38,P1,32" (22)
16:34:26  [AT] "SEND OK" (7)
16:34:28  [TX] S,25,739,000,39,P1,32
16:34:28  [SLOT] n=33 tx=21 ack=0 due=0 r=1
16:34:28  [AT] "A\x04+C\x09PSEND=22" (13)
16:34:28  [AT] " S,25,739,000,39,P1,32" (22)
16:34:28  [AT] "SEND OK" (7)
16:34:29  [TX] S,26,739,000,40,P1,3F
16:34:29  [SLOT] n=34 tx=21 ack=0 due=0 r=1
16:34:29  [AT] "AT+CIPSEND=22" (13)
16:34:29  [AT] " S,26,739,000,40,P1,3F" (22)
16:34:29  [AT] "SEND OK" (7)
16:34:30  [TX] S,27,738,000,42,P1,3D
16:34:30  [SLOT] n=35 tx=21 ack=0 due=0 r=1
16:34:30  [AT] "AT+CIPSEND=22" (13)
16:34:30  [AT] " S,27,738,000,42,P1,3D" (22)
16:34:30  [AT] "SEND OK" (7)
16:34:32  [TX] S,28,738,000,43,P1,33
16:34:32  [SLOT] n=36 tx=21 ack=0 due=0 r=1
16:34:32  [AT] "AT+CIPSEND=22" (13)
16:34:32  [AT] " S,28,738,000,43,P1,3\x03" (22)
16:34:32  [AT] "SEND OK" (7)
16:34:33  [TX] S,29,738,000,44,P1,35
16:34:33  [SLOT] n=37 tx=21 ack=0 due=0 r=1
16:34:33  [AT] "AT+CIPSEND=22" (13)
16:34:33  [AT] " S,29,738,000,44,P1,35" (22)
16:34:34  [AT] "SEND OK" (7)
16:34:35  [TX] S,30,738,000,45,P1,3C
16:34:35  [SLOT] n=38 tx=21 ack=0 due=0 r=1
16:34:35  [AT] "AT+CIPSEND=22" (13)
16:34:35  [AT] " S 30,738,000,45,P1,3C" (22)
16:34:35  [AT] "SEND OK" (7)
16:34:36  [TX] S,31,738,000,46,P1,3E
16:34:36  [SLOT] n=39 tx=21 ack=0 due=0 r=1
16:34:36  [AT] "AT+CIPSEND=22" (13)
16:34:36  [AT] " S,31,738,0" (11)
16:34:36  [AT] "SEND OK" (7)
16:34:37  [TX-RESYNC] 프롬프트 놓침 → 더미 22바이트로 스트림 복구(서버는 이 줄을 버린다)
16:34:37  [TX-DROP] S,32,73A,000,48,P1,4A
16:34:37  [NET] 전송 실패 1/3
16:34:37  [SLOT] n=40 tx=21 ack=0 due=0 r=0
16:34:37  [AT] "" (0)
16:34:37  [AT] "SEND OK" (7)
16:34:38  [TX] S,32,73A,000,49,P1,4B
16:34:38  [SLOT] n=41 tx=21 ack=0 due=0 r=1
16:34:38  [AT] "AT+CIPSEND=22" (13)
16:34:38  [AT] " S,32,73A,000,49,P1,4B" (22)
16:34:38  [AT] "SEND OK" (7)
16:34:39  [TX] S,33,73B,000,50,P1,41
16:34:39  [SLOT] n=42 tx=21 ack=0 due=0 r=1
16:34:39  [AT] "AT+CIPSEND=22" (13)
16:34:39  [AT] " S,33,73B,000,50,P1,41" (22)
16:34:39  [AT] "SEND OK" (7)
16:34:41  [TX] S,34,73B,000,51,P1,47
16:34:41  [SLOT] n=43 tx=21 ack=0 due=0 r=1
16:34:41  [AT] "AT+C\x09PSEND=2`" (13)
16:34:41  [AT] " S," (3)
16:34:41  [AT] "SEND OK" (7)
16:34:42  [TX] S,35,73B,000,52,P1,45
16:34:42  [SLOT] n=44 tx=21 ack=0 due=0 r=1
16:34:42  [AT] "AT+CIPSEND=22" (13)
16:34:42  [AT] " S,35,73B,000," (14)
16:34:42  [AT] "SEND OK" (7)
16:34:43  [TX] S,36,73B,000,54,P1,40
16:34:43  [SLOT] n=45 tx=21 ack=0 due=0 r=1
16:34:43  [AT] "AT+CIPSEND=22" (13)
16:34:43  [AT] " S,36\73B,000,54,P1,40" (22)
16:34:43  [AT] "SEND OK" (7)
16:34:44  [TX] S,37,73B,000,55,P1,40
16:34:44  [SLOT] n=46 tx=21 ack=0 due=0 r=1
16:34:44  [AT] "AT+CI\xA0SEND{22" (13)
16:34:44  [AT] " \xA7,37,73B,000,55,P1,40" (22)
16:34:44  [AT] "SEND OK" (7)
16:34:45  [TX] S,38,73B,000,56,P1,4C
16:34:45  [SLOT] n=47 tx=21 ack=0 due=0 r=1
16:34:45  [AT] "AT+CIPSEND=22" (13)
16:34:45  [AT] " S,38,73B,000,56,P1,4C" (22)
16:34:45  [AT] "SEND OK" (7)
16:34:47  «tap» 살아있음 — 최근 60초 rx=7327B (이 줄이 끊기면 탭이 죽은 것이다)
16:34:47  [TX] S,39,73B,000,57,P1,4C
16:34:47  [SLOT] n=48 tx=21 ack=0 due=0 r=1
16:34:47  [AT] "AT+CIPSEND=22" (13)
16:34:47  [AT] " S,39,73B,00`,h7,P1,4C" (22)
16:34:47  [AT] "SEND OK" (7)
16:34:48  [TX] S,40,73A,000,58,P1,4E
16:34:48  [SLOT] n=49 tx=21 ack=0 due=0 r=1
16:34:48  [AT] "AT+CIPSEND=22" (13)
16:34:48  [AT] " S,40,73A,000,58,P1,4E" (22)
16:34:48  [AT] "SEND OK" (7)
16:34:49  [TX] S,41,738,000,60,P1,3D
16:34:49  [SLOT] n=50 tx=21 ack=0 due=0 r=1
16:34:49  [CNT] up=60 drop=0 esprst=0 hwrst=0/0 resync=1 sendfail=0 okto=0 stuck=0 ackq=0 ackdrop=0 ackstale=0 slot=50 oow=0 smiss=0 ssovf=0 cksumng=0 okstream=41 penddrop=0 pendfill=42 bigfill=1 bigdrop=0 bigokst=1 oklost=0 bigoklost=0 skip=0 online=1
16:34:49  [RAM] 최저 여유 614 B · 프롬프트 재동기 1회 (서버의 '버린줄' 과 맞아야 한다)
16:34:49  [AT] " S,41,738,000,6`,P1,3D" (22)
16:34:49  [AT] "AT+CIPSEND=22" (13)
16:34:50  [TX] S,42,738,000,61,P1,3F
16:34:50  [SLOT] n=51 tx=21 ack=0 due=0 r=1
16:34:50  [AT] "SEND OKC\xE1AT+CIPSEND=22" (22)
16:34:51  [AT] " S,42,738,000,61,P1,3F" (22)
16:34:51  [AT] "SEND OK" (7)
16:34:51  [TX] S,43,738,000,62,P1,3D
16:34:51  [SLOT] n=52 tx=21 ack=0 due=0 r=1
16:34:51  [AT] "" (0)
16:34:51  [AT] " S,43,738\x04``" (12)
16:34:51  [AT] "SEND OK" (7)
16:34:53  [TX] S,44,738,000,63,P1,3B
16:34:53  [SLOT] n=53 tx=21 ack=0 due=0 r=1
16:34:53  [AT] "AT+CIPSEND=22" (13)
16:34:53  [AT] " S,44,738,000,63,P1,3B" (22)
16:34:53  [AT] "SEND OK" (7)
16:34:54  [TX] S,45,738,000,64,P1,3D
16:34:54  [SLOT] n=54 tx=21 ack=0 due=0 r=1
16:34:54  [AT] "AT+CIPSEND=22" (13)
16:34:54  [AT] " S,45,738,000,64,P1,3D" (22)
16:34:54  [AT] "SEND OK" (7)
16:34:55  [TX] S,46,738,000,66,P1,3C
16:34:55  [SLOT] n=55 tx=21 ack=0 due=0 r=1
16:34:55  [AT] "AT+CIPSEND=22" (13)
16:34:55  [AT] " S,46,738,000,66,P1,3C" (22)
16:34:55  [AT] "SEND OK" (7)
16:34:56  [TX] S,47,739,000,67,P1,3D
16:34:56  [SLOT] n=56 tx=21 ack=0 due=0 r=1
16:34:56  [AT] "AT+CIPSEND=22" (13)
16:34:57  [AT] " S,47,739,000,67,P1,3D" (22)
16:34:57  [AT] "SEND OK" (7)
16:34:57  [TX] S,48,739,000,68,P1,3D
16:34:57  [SLOT] n=57 tx=21 ack=0 due=0 r=1
16:34:57  [AT] "AT+CIPSEND=22" (13)
16:34:57  [AT] " S,48,739,000,68,P1,3D" (22)
16:34:57  [AT] "SEND OK" (7)
16:34:59  [TX] S,49,739,000,69,P1,3D
16:34:59  [SLOT] n=58 tx=21 ack=0 due=0 r=1
16:34:59  [AT] "AT+CIPSEND=22" (13)
16:34:59  [AT] " S,49,739,000,69,P1,3D" (22)
16:34:59  [AT] "CEND OK" (7)
16:34:59  [CKSUM NG] CEND OK
16:35:00  [TX-WAIT] 앞 전송의 SEND OK 를 아직 못 봤다 — 이번 주기는 건너뛴다
16:35:00  [SLOT] n=59 tx=21 ack=0 due=0 r=0
16:35:01  [TX-WAIT] ★ T1 초과 — 그래도 계속 기다린다(두들기지 않는다)
16:35:01  [TX-WAIT] 앞 전송의 SEND OK 를 아직 못 봤다 — 이번 주기는 건너뛴다
16:35:01  [SLOT] n=60 tx=21 ack=0 due=0 r=0
16:35:02  [TX-WAIT] 앞 전송의 SEND OK 를 아직 못 봤다 — 이번 주기는 건너뛴다
16:35:02  [SLOT] n=61 tx=21 ack=0 due=0 r=0
16:35:03  [TX-WAIT] 앞 전송의 SEND OK 를 아직 못 봤다 — 이번 주기는 건너뛴다
16:35:03  [SLOT] n=62 tx=21 ack=0 due=0 r=0
16:35:05  [TX-WAIT] 앞 전송의 SEND OK 를 아직 못 봤다 — 이번 주기는 건너뛴다
16:35:05  [SLOT] n=63 tx=21 ack=0 due=0 r=0
16:35:06  [TX-WAIT] 앞 전송의 SEND OK 를 아직 못 봤다 — 이번 주기는 건너뛴다
16:35:06  [SLOT] n=64 tx=21 ack=0 due=0 r=0
16:35:07  [TX-WAIT] ★★ T2 초과 — SEND OK 가 끝내 안 온다 → 링크를 다시 세운다
16:35:07  [SLOT] n=65 tx=21 ack=0 due=0 r=0
16:35:07  [DIAG] offline step=6 사다리=0/0 rx=2857 lines=165 up=78s
16:35:07  [NET] 6 CIPCLOSE (낡은 소켓 닫기)
16:35:07  [AT] "AT+CIPCLOSE" (11)
16:35:07  [AT] "\x0C" (1)
16:35:07  [AT] "OK" (2)
16:35:07  [AT] "Unlink" (6)
16:35:08  [NET] 3 CIFSR (IP 를 실제로 받았는가)
16:35:08  [AT] "AT+CIFSR" (8)
16:35:08  [AT] "192.168.0.214" (13)
16:35:08  [NET] ★ IP 확보: 192.168.0.214
16:35:08  [AT] "OK" (2)
16:35:08  [NET] 4 CIPMUX=0
16:35:08  [AT] "AT+CIPMUX=0" (11)
16:35:08  [AT] "OK" (2)
16:35:08  [NET] CIPMUX=0 적용됨 → CIPSTART
16:35:08  [NET] 5 CIPSTART
16:35:08  [AT] "AT+CIPSTART="TCP","192.168.0.29",9991" (37)
16:35:08  [AT] "" (0)
16:35:08  [AT] "OK" (2)
16:35:08  [AT] "Linked" (6)
16:35:08  [NET] online (CONNECT) + 캐시 비움
16:35:09  [TX-RESYNC] 프롬프트 놓침 → 더미 22바이트로 스트림 복구(서버는 이 줄을 버린다)
16:35:09  [TX-DROP] S,50,73A,000,79,P1,4C
16:35:09  [NET] 전송 실패 1/3
16:35:09  [SLOT] n=66 tx=21 ack=0 due=0 r=0
16:35:09  [AT] "A\x14" (2)
16:35:09  [AT] "SEND OK" (7)
16:35:09  [TX] S,50,73A,000,80,P1,4A
16:35:09  [SLOT] n=67 tx=21 ack=0 due=0 r=1
16:35:09  [AT] "AT+CIPCEND=22" (13)
16:35:09  [AT] " S,50,73A,000,80,P1,4A" (22)
16:35:09  [AT] "SEND OK" (7)
16:35:11  [TX] D,*,7,12,5A
16:35:11  D,A1,IP,01
16:35:11  D,A2,IP,02
16:35:11  D,A3,IP,03
16:35:11  D,A4,IP,04
16:35:11  D,A5,IP,05
16:35:11  D,B1,IP,02
16:35:11  D,B2,IP,01
16:35:11  D,B3,IP,00
16:35:11  D,B4,IP,07
16:35:11  D,B5,IP,06
16:35:11  D,E1,OB,11
16:35:11  D,X1,OB,0C
16:35:11  [REG] 등록 전송 143B
16:35:11  [SLOT] n=68 tx=143 ack=0 due=0 r=1
16:35:11  [AT] "AT+CIPSEND=144" (14)
16:35:11  [DROP-OVF] 줄이 96바이트를 넘어 버렸다
16:35:11  [AT] "SEND OK" (7)
16:35:12  [TX] S,52,73A,000,82,P1,4A
16:35:12  [SLOT] n=69 tx=21 ack=0 due=0 r=1
16:35:12  [AT] "AT+CIPSEND=22" (13)
16:35:12  [AT] " S,52,73A,000,82,P1,4A" (22)
16:35:12  [AT] "SEND OK" (7)
16:35:13  [TX] S,53,739,000,84,P1,35
16:35:13  [SLOT] n=70 tx=21 ack=0 due=0 r=1
16:35:13  [AT] "AT+CIPSEND=22" (13)
16:35:13  [AT] " S,53,739,000,84,P1,35" (22)
16:35:13  [AT] "SEND OK" (7)
16:35:14  [TX] S,54,739,000,85,P1,33
16:35:14  [SLOT] n=71 tx=21 ack=0 due=0 r=1
16:35:14  [AT] "AT+CI\x10S\x8CND=02" (13)
16:35:14  [AT] " S,54,739,000,85,P1,33\x0C" (23)
16:35:14  [AT] "SEND OK" (7)
16:35:15  [TX] S,55,739,000,86,P1,31
16:35:15  [SLOT] n=72 tx=21 ack=0 due=0 r=1
16:35:15  [AT] "AT+CIPSEND=22" (13)
16:35:15  [AT] " S,55,739,000,86,P1,31\x0C" (23)
16:35:15  [AT] "SEND OK" (7)
16:35:17  [TX] S,56,739,000,87,P1,33
16:35:17  [SLOT] n=73 tx=21 ack=0 due=0 r=1
16:35:17  [AT] "AT+CIPSEND=22" (13)
16:35:17  [AT] " S,56,739,000,87,P1,33\x0C" (23)
16:35:17  [AT] "SEND OK" (7)
16:35:18  [TX] S,57,739,000,88,P1,3D
16:35:18  [SLOT] n=74 tx=21 ack=0 due=0 r=1
16:35:18  [AT] "AT+CIPSEND=22" (13)
16:35:18  [AT] " S,57,739,000,88,P1,3D\x02SEND OK" (30)
16:35:19  [TX] S,58,739,000,90,P1,3B
16:35:19  [SLOT] n=75 tx=21 ack=0 due=0 r=1
16:35:19  [AT] "AT+CIPSEND=22" (13)
16:35:19  [AT] " S,58,739,000,90,P1\x1C3B" (22)
16:35:19  [AT] "SEND OK" (7)
16:35:20  [TX] S,59,739,000,91,P1,3B
16:35:20  [SLOT] n=76 tx=21 ack=0 due=0 r=1
16:35:20  [AT] "" (0)
16:35:20  [AT] " S,59,739,000,91,P1,3B" (22)
16:35:21  [TX-WAIT] 앞 전송의 SEND OK 를 아직 못 봤다 — 이번 주기는 건너뛴다
16:35:21  [SLOT] n=77 tx=21 ack=0 due=0 r=0
16:35:23  [TX-WAIT] ★ T1 초과 — 그래도 계속 기다린다(두들기지 않는다)
16:35:23  [TX-WAIT] 앞 전송의 SEND OK 를 아직 못 봤다 — 이번 주기는 건너뛴다
16:35:23  [SLOT] n=78 tx=21 ack=0 due=0 r=0
16:35:24  [TX-WAIT] 앞 전송의 SEND OK 를 아직 못 봤다 — 이번 주기는 건너뛴다
16:35:24  [SLOT] n=79 tx=21 ack=0 due=0 r=0
16:35:25  [TX-WAIT] 앞 전송의 SEND OK 를 아직 못 봤다 — 이번 주기는 건너뛴다
16:35:25  [SLOT] n=80 tx=21 ack=0 due=0 r=0
16:35:26  [TX-WAIT] 앞 전송의 SEND OK 를 아직 못 봤다 — 이번 주기는 건너뛴다
16:35:26  [SLOT] n=81 tx=21 ack=0 due=0 r=0
16:35:27  [TX-WAIT] 앞 전송의 SEND OK 를 아직 못 봤다 — 이번 주기는 건너뛴다
16:35:27  [SLOT] n=82 tx=21 ack=0 due=0 r=0
16:35:29  [TX-WAIT] ★★ T2 초과 — SEND OK 가 끝내 안 온다 → 링크를 다시 세운다
16:35:29  [SLOT] n=83 tx=21 ack=0 due=0 r=0
16:35:29  [DIAG] offline step=6 사다리=0/0 rx=3639 lines=207 up=99s
16:35:29  [NET] 6 CIPCLOSE (낡은 소켓 닫기)
16:35:29  [AT] "\xAA\x94\x8A" (3)
16:35:29  [AT] "OK" (2)
16:35:29  [AT] "Unlink" (6)
16:35:29  [NET] 3 CIFSR (IP 를 실제로 받았는가)
16:35:29  [AT] "AT+CIFSR" (8)
16:35:29  [AT] "192.168.0.214" (13)
16:35:29  [NET] ★ IP 확보: 192.168.0.214
16:35:29  [AT] "OK" (2)
16:35:29  [NET] 4 CIPMUX=0
16:35:29  [AT] "AT+CIPMUX=0" (11)
16:35:29  [AT] "OK" (2)
16:35:29  [NET] CIPMUX=0 적용됨 → CIPSTART
16:35:30  [NET] 5 CIPSTART
16:35:30  [AT] "AT+CIPSTART="TCP","192.168.0.29",9991" (37)
16:35:30  [AT] "\xA0\xA9H\x88*\xCBk\xAB\x915" (10)
16:35:32  [DIAG] offline step=5 사다리=0/0 rx=3772 lines=217 up=102s
16:35:35  [DIAG] offline step=5 사다리=0/0 rx=3772 lines=217 up=105s
16:35:37  [AT] "" (0)
16:35:37  [AT] "OK" (2)
16:35:37  [AT] "Unlink" (6)
16:35:37  [NET] 3 CIFSR (IP 를 실제로 받았는가)
16:35:37  [AT] "AT+CIFSR" (8)
16:35:38  [AT] "192.168.0.214" (13)
16:35:38  [NET] ★ IP 확보: 192.168.0.214
16:35:38  [AT] "OK" (2)
16:35:38  [DIAG] offline step=4 사다리=0/0 rx=3819 lines=223 up=108s
16:35:38  [NET] 4 CIPMUX=0
16:35:38  [AT] "AT+CIPMUX=0" (11)
16:35:38  [AT] "OK" (2)
16:35:38  [NET] CIPMUX=0 적용됨 → CIPSTART
16:35:38  [NET] 5 CIPSTART
16:35:38  [AT] "AT+CIPSTART="TCP","192.168.0.29",9991" (37)
16:35:38  [AT] "\x02OK" (3)
16:35:38  [AT] "L\xCBk\xAB\x915" (6)
16:35:41  [DIAG] offline step=5 사다리=0/0 rx=3893 lines=228 up=111s
16:35:44  [DIAG] offline step=5 사다리=0/0 rx=3893 lines=228 up=114s
16:35:46  [AT] "" (0)
16:35:46  [AT] "OK" (2)
16:35:46  [NET] 5 CIPSTART
16:35:46  [AT] "Unlink\x01\x82\xFFT+CIPSTART="TCP","192.168.0.29",9991" (45)
16:35:46  [AT] "@H" (2)
16:35:46  [AT] "Linked" (6)
16:35:46  [NET] online (CONNECT) + 캐시 비움
16:35:47  «tap» 살아있음 — 최근 60초 rx=7699B (이 줄이 끊기면 탭이 죽은 것이다)
16:35:47  [TX] S,60,739,000,117,P1,0E
16:35:47  [SLOT] n=98 tx=22 ack=0 due=0 r=1
16:35:47  [AT] "AT+CIPSEND=23" (13)
16:35:47  [AT] " S,60,739,000,117,P1,0E\x0C" (24)
16:35:47  [AT] "SEND OK" (7)
16:35:48  [TX] D,*,7,12,5A
16:35:48  D,A1,IP,01
16:35:48  D,A2,IP,02
16:35:48  D,A3,IP,03
16:35:48  D,A4,IP,04
16:35:48  D,A5,IP,05
16:35:48  D,B1,IP,02
16:35:48  D,B2,IP,01
16:35:48  D,B3,IP,00
16:35:48  D,B4,IP,07
16:35:48  D,B5,IP,06
16:35:48  D,E1,OB,11
16:35:48  D,X1,OB,0C
16:35:48  [REG] 등록 전송 143B
16:35:48  [SLOT] n=99 tx=143 ack=0 due=0 r=1
16:35:48  [AT] "AT+CIPSEND=144" (14)
16:35:48  [DROP-OVF] 줄이 96바이트를 넘어 버렸다
16:35:48  [AT] "SEND OK" (7)
16:35:49  [TX] S,62,73B,000,120,P1,73
16:35:49  [SLOT] n=100 tx=22 ack=0 due=0 r=1
16:35:49  [CNT] up=120 drop=2 esprst=0 hwrst=0/0 resync=2 sendfail=0 okto=2 stuck=2 ackq=0 ackdrop=0 ackstale=0 slot=100 oow=0 smiss=1 ssovf=0 cksumng=1 okstream=59 penddrop=0 pendfill=63 bigfill=3 bigdrop=0 bigokst=3 oklost=0 bigoklost=0 skip=12 online=1
16:35:49  [RAM] 최저 여유 614 B · 프롬프트 재동기 2회 (서버의 '버린줄' 과 맞아야 한다)
16:35:49  [AT] "AT+CIPSEND=23\x01" (14)
16:35:49  [AT] " S,62,73B,000,120,P1,73" (23)
16:35:49  [AT] "SEND OK" (7)
16:35:50  [TX] S,63,73B,000,121,P1,73
16:35:50  [SLOT] n=101 tx=22 ack=0 due=0 r=1
16:35:50  [AT] "AT+CIPSEND=23" (13)
16:35:50  [AT] " S,63,73B,00` 121,P1" (20)
16:35:51  [TX-WAIT] 앞 전송의 SEND OK 를 아직 못 봤다 — 이번 주기는 건너뛴다
16:35:51  [SLOT] n=102 tx=22 ack=0 due=0 r=0
16:35:52  [TX-WAIT] ★ T1 초과 — 그래도 계속 기다린다(두들기지 않는다)
16:35:52  [TX-WAIT] 앞 전송의 SEND OK 를 아직 못 봤다 — 이번 주기는 건너뛴다
16:35:53  [SLOT] n=103 tx=22 ack=0 due=0 r=0
16:35:54  [TX-WAIT] 앞 전송의 SEND OK 를 아직 못 봤다 — 이번 주기는 건너뛴다
16:35:54  [SLOT] n=104 tx=22 ack=0 due=0 r=0
16:35:55  [TX-WAIT] 앞 전송의 SEND OK 를 아직 못 봤다 — 이번 주기는 건너뛴다
16:35:55  [SLOT] n=105 tx=22 ack=0 due=0 r=0
16:35:56  [TX-WAIT] 앞 전송의 SEND OK 를 아직 못 봤다 — 이번 주기는 건너뛴다
16:35:56  [SLOT] n=106 tx=22 ack=0 due=0 r=0
16:35:57  [TX-WAIT] 앞 전송의 SEND OK 를 아직 못 봤다 — 이번 주기는 건너뛴다
16:35:57  [SLOT] n=107 tx=22 ack=0 due=0 r=0
16:35:58  [TX-WAIT] ★★ T2 초과 — SEND OK 가 끝내 안 온다 → 링크를 다시 세운다
16:35:58  [SLOT] n=108 tx=22 ack=0 due=0 r=0
16:35:58  [DIAG] offline step=6 사다리=0/0 rx=4273 lines=243 up=129s
16:35:59  [NET] 6 CIPCLOSE (낡은 소켓 닫기)
16:35:59  [NET] 3 CIFSR (IP 를 실제로 받았는가)
16:36:01  [DIAG] offline step=3 사다리=0/0 rx=4273 lines=243 up=132s
16:36:02  [NET] 3 CIFSR (IP 를 실제로 받았는가)
16:36:04  [NET] 3 CIFSR (IP 를 실제로 받았는가)
16:36:04  [NET] ★ ESP 가 IP 를 잃었다 — 모듈 리셋으로 본다. 누적 사건 1
16:36:04  [NET] CIFSR 3회에도 IP 가 없다 → CWJAP 부터 다시
16:36:04  [LADDER] 실패(CWJAP FAIL) CWJAP소요 131s · 연속 0회 · 결합유지 126s · 현재 0단(0회 누적)
16:36:04  [LADDER] ↑↑ 단 상승 → 1단
16:36:04  [LADDER] 1단 조치: 시리얼 드레인 0바이트 버림 + 줄 조립 초기화
16:36:04  [DIAG] offline step=2 사다리=1/0 rx=4273 lines=243 up=135s
16:36:05  [NET] 2 CWJAP (응답까지 최대 30초 기다린다)
16:36:07  [DIAG] offline step=2 사다리=1/0 rx=4273 lines=243 up=138s
16:36:10  [DIAG] offline step=2 사다리=1/0 rx=4273 lines=243 up=141s
16:36:13  [DIAG] offline step=2 사다리=1/0 rx=4273 lines=243 up=144s
16:36:16  [DIAG] offline step=2 사다리=1/0 rx=4273 lines=243 up=147s
16:36:19  [DIAG] offline step=2 사다리=1/0 rx=4273 lines=243 up=150s
16:36:22  [DIAG] offline step=2 사다리=1/0 rx=4273 lines=243 up=153s
16:36:25  [DIAG] offline step=2 사다리=1/0 rx=4273 lines=243 up=156s
16:36:28  [DIAG] offline step=2 사다리=1/0 rx=4273 lines=243 up=159s
16:36:31  [DIAG] offline step=2 사다리=1/0 rx=4273 lines=243 up=162s
16:36:34  [DIAG] offline step=2 사다리=1/0 rx=4273 lines=243 up=165s
16:36:35  [LADDER] 실패(CWJAP 무응답) CWJAP소요 29s · 연속 1회 · 결합유지 없음 · 현재 1단(0회 누적)
16:36:36  [LADDER] 1단 조치: 시리얼 드레인 0바이트 버림 + 줄 조립 초기화
16:36:36  [NET] 3 CIFSR (IP 를 실제로 받았는가)
16:36:37  [DIAG] offline step=3 사다리=1/1 rx=4273 lines=243 up=168s
16:36:38  [NET] 3 CIFSR (IP 를 실제로 받았는가)
16:36:40  [DIAG] offline step=3 사다리=1/1 rx=4273 lines=243 up=171s
16:36:41  [NET] 3 CIFSR (IP 를 실제로 받았는가)
16:36:41  [NET] CIFSR 3회에도 IP 가 없다 → CWJAP 부터 다시
16:36:41  [LADDER] 실패(CWJAP FAIL) CWJAP소요 35s · 연속 1회 · 결합유지 없음 · 현재 1단(1회 누적)
16:36:41  [LADDER] ↑↑ 단 상승 → 2단
16:36:41  [LADDER] 2단 조치: 5초 쉬고 AT+CWQAP 로 결합을 명시적으로 끊은 뒤 다시 붙는다
16:36:43  [DIAG] offline step=10 사다리=2/0 rx=4273 lines=243 up=174s
16:36:46  [NET] 10 CWQAP (결합 해제 — 사다리 2단)
16:36:46  [DIAG] offline step=2 사다리=2/0 rx=4273 lines=243 up=177s
16:36:47  «tap» 살아있음 — 최근 60초 rx=4445B (이 줄이 끊기면 탭이 죽은 것이다)
16:36:49  [CNT] up=180 drop=3 esprst=1 hwrst=0/0 resync=2 sendfail=0 okto=3 stuck=3 ackq=0 ackdrop=0 ackstale=0 slot=150 oow=0 smiss=1 ssovf=0 cksumng=1 okstream=60 penddrop=0 pendfill=64 bigfill=3 bigdrop=0 bigokst=3 oklost=0 bigoklost=0 skip=18 online=0
16:36:49  [RAM] 최저 여유 614 B · 프롬프트 재동기 2회 (서버의 '버린줄' 과 맞아야 한다)
16:36:49  [NET] 2 CWJAP (응답까지 최대 30초 기다린다)
16:36:49  [DIAG] offline step=2 사다리=2/0 rx=4273 lines=243 up=180s
16:36:52  [DIAG] offline step=2 사다리=2/0 rx=4273 lines=243 up=183s
16:36:55  [DIAG] offline step=2 사다리=2/0 rx=4273 lines=243 up=186s
16:36:58  [DIAG] offline step=2 사다리=2/0 rx=4273 lines=243 up=189s
16:37:01  [DIAG] offline step=2 사다리=2/0 rx=4273 lines=243 up=192s
16:37:04  [DIAG] offline step=2 사다리=2/0 rx=4273 lines=243 up=195s
16:37:07  [DIAG] offline step=2 사다리=2/0 rx=4273 lines=243 up=198s
16:37:10  [DIAG] offline step=2 사다리=2/0 rx=4273 lines=243 up=201s
16:37:13  [DIAG] offline step=2 사다리=2/0 rx=4273 lines=243 up=204s
16:37:16  [DIAG] offline step=2 사다리=2/0 rx=4273 lines=243 up=207s
16:37:19  [LADDER] 실패(CWJAP 무응답) CWJAP소요 29s · 연속 2회 · 결합유지 없음 · 현재 2단(0회 누적)
16:37:19  [NET] 7 GMR (펌웨어 판 — 진단)
16:37:19  [DIAG] offline step=8 사다리=2/1 rx=4273 lines=243 up=210s
16:37:21  [NET] 8 CWCOUNTRY (채널 12/13 우회 시도 — 진단)
16:37:22  [NET] 9 CWLAP (주변 AP 목록 — 진단)
16:37:22  [DIAG] offline step=2 사다리=2/1 rx=4273 lines=243 up=213s
16:37:25  [DIAG] offline step=2 사다리=2/1 rx=4273 lines=243 up=216s
16:37:28  [DIAG] offline step=2 사다리=2/1 rx=4273 lines=243 up=219s
16:37:31  [NET] 2 CWJAP (응답까지 최대 30초 기다린다)
16:37:31  [DIAG] offline step=2 사다리=2/1 rx=4273 lines=243 up=222s
16:37:34  [DIAG] offline step=2 사다리=2/1 rx=4273 lines=243 up=225s
16:37:37  [DIAG] offline step=2 사다리=2/1 rx=4273 lines=243 up=228s
16:37:39  [AT] "\x82\x82\xF2\x9F\xA1\x12\x12\x87\x196\x8A\xA3\xFF\x87\xF0\x8D\xA1\xC5\xC1C\x18V\x9A\xD2\x07\xF0\x92\x87\x1A\xDA\x92\xC1\x07\xF0\x12\x87\xFC" (37)
16:37:39  [AT] "[System Ready, Vendor:www.ai-thinker.com]" (41)
16:37:40  [DIAG] offline step=2 사다리=2/1 rx=4355 lines=245 up=231s
16:37:43  [DIAG] offline step=2 사다리=2/1 rx=4355 lines=245 up=234s
16:37:46  [DIAG] offline step=2 사다리=2/1 rx=4355 lines=245 up=237s
16:37:47  «tap» 살아있음 — 최근 60초 rx=2190B (이 줄이 끊기면 탭이 죽은 것이다)
16:37:49  [CNT] up=240 drop=3 esprst=1 hwrst=0/0 resync=2 sendfail=0 okto=3 stuck=3 ackq=0 ackdrop=0 ackstale=0 slot=200 oow=0 smiss=1 ssovf=0 cksumng=1 okstream=60 penddrop=0 pendfill=64 bigfill=3 bigdrop=0 bigokst=3 oklost=0 bigoklost=0 skip=18 online=0
16:37:49  [RAM] 최저 여유 614 B · 프롬프트 재동기 2회 (서버의 '버린줄' 과 맞아야 한다)
16:37:49  [DIAG] offline step=2 사다리=2/1 rx=4355 lines=245 up=240s
16:37:52  [DIAG] offline step=2 사다리=2/1 rx=4355 lines=245 up=243s
16:37:55  [DIAG] offline step=2 사다리=2/1 rx=4355 lines=245 up=246s
16:37:58  [DIAG] offline step=2 사다리=2/1 rx=4355 lines=245 up=249s
16:38:01  [LADDER] 실패(CWJAP 무응답) CWJAP소요 29s · 연속 3회 · 결합유지 없음 · 현재 2단(1회 누적)
16:38:01  [LADDER] ↑↑ 단 상승 → 3단
16:38:01  [LADDER] 3단 조치: 15초 쉬고 AT+RST (모듈 소프트 리셋)
16:38:01  [DIAG] offline step=0 사다리=3/0 rx=4355 lines=245 up=252s
16:38:04  [DIAG] offline step=0 사다리=3/0 rx=4355 lines=245 up=255s
16:38:07  [DIAG] offline step=0 사다리=3/0 rx=4355 lines=245 up=258s
16:38:10  [DIAG] offline step=0 사다리=3/0 rx=4355 lines=245 up=261s
16:38:13  [DIAG] offline step=0 사다리=3/0 rx=4355 lines=245 up=264s
16:38:16  [NET] 0 RST
16:38:16  [AT] "AT+RST" (6)
16:38:16  [AT] "OK" (2)
16:38:16  [DIAG] offline step=1 사다리=3/0 rx=4370 lines=247 up=267s
16:38:18  [AT] "bB\xD4\x84@\xF9Ra\xE2\xFER\x89:\x97bB\xCC\xFF\xC8\xC9\xA5\x9D\xCE\xFF\xC2I\x8D" (27)
16:38:18  [AT] "[System Ready, Vendor:www.ai-thinker.com]" (41)
16:38:19  [NET] 1 CWMODE=1
16:38:19  [AT] "AT+CWMODE=1" (11)
16:38:19  [AT] "no change" (9)
16:38:19  [DIAG] offline step=2 사다리=3/0 rx=4467 lines=251 up=270s
16:38:20  [NET] 2 CWJAP (응답까지 최대 30초 기다린다)
16:38:20  [AT] "AT+CWJAP="3F_302","0424719222!!"" (32)
16:38:22  [DIAG] offline step=2 사다리=3/0 rx=4502 lines=252 up=273s
16:38:25  [DIAG] offline step=2 사다리=3/0 rx=4502 lines=252 up=276s
16:38:27  [AT] "OK" (2)
16:38:27  [NET] CWJAP OK — 결합됐다. IP 를 실제로 받았는지 CIFSR 로 확인한다
16:38:27  [NET] 3 CIFSR (IP 를 실제로 받았는가)
16:38:27  [AT] "AT+CIFSR" (8)
16:38:27  [AT] "192.168.0.214" (13)
16:38:27  [NET] ★ IP 확보: 192.168.0.214
16:38:27  [AT] "OK" (2)
16:38:27  [NET] 4 CIPMUX=0
16:38:27  [AT] "AT+CIPMUX=0" (11)
16:38:27  [AT] "OK" (2)
16:38:27  [NET] CIPMUX=0 적용됨 → CIPSTART
16:38:28  [NET] 5 CIPSTART
16:38:28  [AT] "AT+CIPSTART="TCP","192.168.0.29",9991" (37)
16:38:28  [AT] "OK" (2)
16:38:28  [AT] "Linked" (6)
16:38:28  [NET] online (CONNECT) + 캐시 비움
16:38:28  [TX] S,64,738,000,279,P1,00
16:38:28  [SLOT] n=233 tx=22 ack=0 due=0 r=1
16:38:28  [AT] "AT+CIPSEND=23" (13)
16:38:29  [AT] " S,64,738,000,279,P1,00" (23)
16:38:29  [AT] "SEND OK" (7)
16:38:30  [TX] D,*,7,12,5A
16:38:30  D,A1,IP,01
16:38:30  D,A2,IP,02
16:38:30  D,A3,IP,03
16:38:30  D,A4,IP,04
16:38:30  D,A5,IP,05
16:38:30  D,B1,IP,02
16:38:30  D,B2,IP,01
16:38:30  D,B3,IP,00
16:38:30  D,B4,IP,07
16:38:30  D,B5,IP,06
16:38:30  D,E1,OB,11
16:38:30  D,X1,OB,0C
16:38:30  [REG] 등록 전송 143B
16:38:30  [SLOT] n=234 tx=143 ack=0 due=0 r=1
16:38:30  [AT] "AT+CIPSEND=144" (14)
16:38:30  [DROP-OVF] 줄이 96바이트를 넘어 버렸다
16:38:30  [AT] "SEND OK" (7)
16:38:31  [TX] S,66,738,000,282,P1,06
16:38:31  [SLOT] n=235 tx=22 ack=0 due=0 r=1
16:38:31  [AT] "AT+CIPSEND=23" (13)
16:38:31  [AT] " S,66,738,000,282,P1,06" (23)
16:38:31  [AT] "SEND OK" (7)
16:38:32  [TX] S,67,738,000,283,P1,06
16:38:32  [SLOT] n=236 tx=22 ack=0 due=0 r=1
16:38:32  [AT] "AT+CIPSEND=23" (13)
16:38:32  [AT] " S,67,738,000,283,P1,06" (23)
16:38:32  [AT] "SEND OK" (7)
16:38:33  [TX] S,68,738,000,284,P1,0E
16:38:33  [SLOT] n=237 tx=22 ack=0 due=0 r=1
16:38:33  [AT] "AT+CIPSEND=23" (13)
16:38:33  [AT] " S,68,738,000,284,P1,0E" (23)
16:38:33  [AT] "SEND OK" (7)
16:38:34  [TX] S,69,739,000,285,P1,0F
16:38:34  [SLOT] n=238 tx=22 ack=0 due=0 r=1
16:38:34  [AT] "AT+CIPSEND=23" (13)
16:38:34  [AT] " S,69,739,000,285,P1,0F" (23)
16:38:34  [AT] "SEND OK" (7)
16:38:37  [TX] S,70,739,000,286,P1,04
16:38:37  [SLOT] n=239 tx=22 ack=0 due=0 r=1
16:38:37  [AT] "AT+CIPSEND=23" (13)
16:38:37  [AT] " S,70,739,000,286,P1,04" (23)
16:38:37  [AT] "SEND OK" (7)
16:38:38  [TX] S,71,73B,000,288,P1,70
16:38:38  [SLOT] n=240 tx=22 ack=0 due=0 r=1
16:38:38  [AT] "AT+CIPSEND=23" (13)
16:38:38  [AT] " S,71,73B,000,288,P1,70" (23)
16:38:38  [AT] "SEND OK" (7)
16:38:39  [TX] S,72,73B,000,289,P1,72
16:38:39  [SLOT] n=241 tx=22 ack=0 due=0 r=1
16:38:39  [AT] "AT+CIPSEND=23" (13)
16:38:39  [AT] " S,72,73B,000,289,P1,72" (23)
16:38:39  [AT] "SEND OK" (7)
16:38:40  [TX] S,73,73B,000,290,P1,7B
16:38:40  [SLOT] n=242 tx=22 ack=0 due=0 r=1
16:38:40  [AT] "AT+CIPSEND=23" (13)
16:38:40  [AT] " S,73,73B,000,290,P1,7B" (23)
16:38:40  [AT] "SEND OK" (7)
16:38:41  [TX] S,74,73B,000,291,P1,7D
16:38:41  [SLOT] n=243 tx=22 ack=0 due=0 r=1
16:38:41  [AT] "AT+CIPSEND=23" (13)
16:38:41  [AT] " S,74,73B,000,291,P1,7D" (23)
16:38:41  [AT] "SEND OK" (7)
16:38:43  [TX] S,75,73B,000,292,P1,7F
16:38:43  [SLOT] n=244 tx=22 ack=0 due=0 r=1
16:38:43  [AT] "AT+CIPSEND=23" (13)
16:38:43  [AT] " S,75,73B,000,292,P1,7F" (23)
16:38:43  [AT] "SEND OK" (7)
16:38:44  [TX] S,76,73A,000,294,P1,79
16:38:44  [SLOT] n=245 tx=22 ack=0 due=0 r=1
16:38:44  [AT] "AT+CIPSEND=23" (13)
16:38:44  [AT] " S,76,73A,000,294,P1,79" (23)
16:38:44  [AT] "SEND OK" (7)
16:38:45  [TX] S,77,73A,000,295,P1,79
16:38:45  [SLOT] n=246 tx=22 ack=0 due=0 r=1
16:38:45  [AT] "AT+CIPSEND=23" (13)
16:38:46  [AT] " S,77,73A,000,295,P1,79" (23)
16:38:46  [AT] "SEND OK" (7)
16:38:46  [TX] S,78,73A,000,296,P1,75
16:38:46  [SLOT] n=247 tx=22 ack=0 due=0 r=1
16:38:46  [AT] "AT+CIPSEND=23" (13)
16:38:46  [AT] " S,78,73A,000,296,P1,75" (23)
16:38:46  [AT] "SEND OK" (7)
16:38:47  [TX] S,79,73A,000,297,P1,75
16:38:47  [SLOT] n=248 tx=22 ack=0 due=0 r=1
16:38:47  [AT] "AT+CIPSEND=23" (13)
16:38:47  [AT] " S,79,73A,000,297,P1,75" (23)
16:38:47  [AT] "SEND OK" (7)
16:38:48  «tap» 살아있음 — 최근 60초 rx=4787B (이 줄이 끊기면 탭이 죽은 것이다)
16:38:49  [TX] S,80,73A,000,298,P1,7C
16:38:49  [SLOT] n=249 tx=22 ack=0 due=0 r=1
16:38:49  [AT] "AT+CIPSEND=23" (13)
16:38:49  [AT] " S,80,73A,000,298,P1,7C" (23)
16:38:49  [AT] "SEND OK" (7)
16:38:50  [TX] S,81,738,000,300,P1,04
16:38:50  [SLOT] n=250 tx=22 ack=0 due=0 r=1
16:38:50  [CNT] up=300 drop=3 esprst=1 hwrst=0/0 resync=2 sendfail=0 okto=3 stuck=3 ackq=0 ackdrop=0 ackstale=0 slot=250 oow=0 smiss=2 ssovf=0 cksumng=1 okstream=77 penddrop=0 pendfill=82 bigfill=4 bigdrop=0 bigokst=4 oklost=0 bigoklost=0 skip=18 online=1
16:38:50  [RAM] 최저 여유 614 B · 프롬프트 재동기 2회 (서버의 '버린줄' 과 맞아야 한다)
16:38:50  [AT] " S,81,738,000,300,P1,04" (23)
16:38:50  [AT] "SEND OK" (7)
16:38:50  [AT] "AT+CIPSEND=23" (13)
16:38:51  [TX] S,82,738,000,301,P1,06
16:38:51  [SLOT] n=251 tx=22 ack=0 due=0 r=1
16:38:51  [AT] "AT+CIPSEND=23" (13)
16:38:51  [AT] " S,82,738,000,301,P1,06" (23)
16:38:51  [AT] "SEND OK" (7)
16:38:52  [TX] S,83,739,000,302,P1,05
16:38:52  [SLOT] n=252 tx=22 ack=0 due=0 r=1
16:38:52  [AT] "AT+CIPSEND=23" (13)
16:38:52  [AT] " S,83,739,000,302,P1,05" (23)
16:38:52  [AT] "SEND OK" (7)
16:38:53  [TX] S,84,739,000,303,P1,03
16:38:53  [SLOT] n=253 tx=22 ack=0 due=0 r=1
16:38:53  [AT] "AT+CIPSEND=23" (13)
16:38:53  [AT] " S,84,739,000,303,P1,03" (23)
16:38:53  [AT] "SEND OK" (7)
16:38:55  [TX] S,85,739,000,304,P1,05
16:38:55  [SLOT] n=254 tx=22 ack=0 due=0 r=1
16:38:55  [AT] "AT+CIPSEND=23" (13)
16:38:55  [AT] " S,85,739,000,304,P1,05" (23)
16:38:55  [AT] "SEND OK" (7)
16:38:56  [TX] S,86,739,000,306,P1,04
16:38:56  [SLOT] n=255 tx=22 ack=0 due=0 r=1
16:38:56  [AT] "AT+CIPSEND=23" (13)
16:38:56  [AT] " S,86,739,000,306,P1,04" (23)
16:38:56  [AT] "SEND OK" (7)
16:38:57  [TX] S,87,739,000,307,P1,04
16:38:57  [SLOT] n=256 tx=22 ack=0 due=0 r=1
16:38:57  [AT] "AT+CIPSEND=23" (13)
16:38:57  [AT] " S,87,739,000,307,P1,04" (23)
16:38:57  [AT] "SEND OK" (7)
16:38:58  [TX] S,88,739,000,308,P1,04
16:38:58  [SLOT] n=257 tx=22 ack=0 due=0 r=1
16:38:58  [AT] "AT+CIPSEND=23" (13)
16:38:58  [AT] " S,88,739,000,308,P1,04" (23)
16:38:58  [AT] "SEND OK" (7)
16:38:59  [LADDER] ↓ 30초 연속 온라인 — 사다리를 0단으로 내린다 (직전 3단)
16:38:59  [TX] S,89,739,000,309,P1,04
16:38:59  [SLOT] n=258 tx=22 ack=0 due=0 r=1
16:38:59  [AT] "AT+CIPSEND=23" (13)
16:38:59  [AT] " S,89,739,000,309,P1,04" (23)
16:38:59  [AT] "SEND OK" (7)
16:39:01  [TX] S,90,738,000,310,P1,05
16:39:01  [SLOT] n=259 tx=22 ack=0 due=0 r=1
16:39:01  [AT] "AT+CIPSEND=23" (13)
16:39:01  [AT] " S,90,738,000,310,P1,05" (23)
16:39:01  [AT] "SEND OK" (7)
16:39:02  [TX] S,91,73A,000,312,P1,7F
16:39:02  [SLOT] n=260 tx=22 ack=0 due=0 r=1
16:39:02  [AT] "AT+CIPSEND=23" (13)
16:39:02  [AT] " S,91,73A,000,312,P1,7F" (23)
16:39:02  [AT] "SEND OK" (7)
16:39:03  [TX] S,92,73A,000,313,P1,7D
16:39:03  [SLOT] n=261 tx=22 ack=0 due=0 r=1
16:39:03  [AT] "AT+CIPSEND=23" (13)
16:39:03  [AT] " S,92,73A,000,313,P1,7D" (23)
16:39:03  [AT] "SEND OK" (7)
16:39:04  [TX] S,93,73A,000,314,P1,7B
16:39:04  [SLOT] n=262 tx=22 ack=0 due=0 r=1
16:39:04  [AT] "AT+CIPSEND=23" (13)
16:39:04  [AT] " S,93,73A,000,314,P1,7B" (23)
16:39:04  [AT] "SEND OK" (7)
16:39:05  [TX] S,94,73A,000,315,P1,7D
16:39:05  [SLOT] n=263 tx=22 ack=0 due=0 r=1
16:39:05  [AT] "AT+CIPSEND=23" (13)
16:39:05  [AT] " S,94,73A,000,315,P1,7D" (23)
16:39:05  [AT] "SEND OK" (7)
16:39:06  [TX] S,95,73A,000,316,P1,7F
16:39:07  [SLOT] n=264 tx=22 ack=0 due=0 r=1
16:39:07  [AT] "AT+CIPSEND=23" (13)
16:39:07  [AT] " S,95,73A,000,316,P1,7F" (23)
16:39:07  [AT] "SEND OK" (7)
16:39:08  [TX] S,96,73A,000,318,P1,72
16:39:08  [SLOT] n=265 tx=22 ack=0 due=0 r=1
16:39:08  [AT] "AT+CIPSEND=23" (13)
16:39:08  [AT] " S,96,73A,000,318,P1,72" (23)
16:39:08  [AT] "SEND OK" (7)
16:39:09  [TX] S,97,73B,000,319,P1,71
16:39:09  [SLOT] n=266 tx=22 ack=0 due=0 r=1
16:39:09  [AT] "AT+CIPSEND=23" (13)
16:39:09  [AT] " S,97,73B,000,319,P1,71" (23)
16:39:09  [AT] "SEND OK" (7)
16:39:10  [TX] S,98,73B,000,320,P1,74
16:39:10  [SLOT] n=267 tx=22 ack=0 due=0 r=1
16:39:10  [AT] "AT+CIPSEND=23" (13)
16:39:10  [AT] " S,98,73B,000,320,P1,74" (23)
16:39:10  [AT] "SEND OK" (7)
16:39:11  [TX] S,99,73B,000,321,P1,74
16:39:11  [SLOT] n=268 tx=22 ack=0 due=0 r=1
16:39:11  [AT] "AT+CIPSEND=23" (13)
16:39:11  [AT] " S,99,73B,000,321,P1,74" (23)
16:39:11  [AT] "SEND OK" (7)
16:39:12  [TX] S,100,73B,000,322,P1,46
16:39:12  [SLOT] n=269 tx=23 ack=0 due=0 r=1
16:39:12  [AT] "AT+CIPSEND=24" (13)
16:39:13  [AT] " S,100,73B,000,322,P1,46" (24)
16:39:13  [AT] "SEND OK" (7)
16:39:14  [TX] S,101,739,000,324,P1,3A
16:39:14  [SLOT] n=270 tx=23 ack=0 due=0 r=1
16:39:14  [AT] "AT+CIPSEND=24" (13)
16:39:14  [AT] " S,101,739,000,324,P1,3A" (24)
16:39:14  [AT] "SEND OK" (7)
16:39:15  [TX] S,102,739,000,325,P1,38
16:39:15  [SLOT] n=271 tx=23 ack=0 due=0 r=1
16:39:15  [AT] "AT+CIPSEND=24" (13)
16:39:15  [AT] " S,102,739,000,325,P1,38" (24)
16:39:15  [AT] "SEND OK" (7)
16:39:16  [TX] S,103,739,000,326,P1,3A
16:39:16  [SLOT] n=272 tx=23 ack=0 due=0 r=1
16:39:16  [AT] "AT+CIPSEND=24" (13)
16:39:16  [AT] " S,103,739,000,326,P1,3A" (24)
16:39:16  [AT] "SEND OK" (7)
16:39:17  [TX] S,104,738,000,327,P1,3D
16:39:17  [SLOT] n=273 tx=23 ack=0 due=0 r=1
16:39:17  [AT] "AT+CIPSEND=24" (13)
16:39:17  [AT] " S,104,738,000,327,P1,3D" (24)
16:39:17  [AT] "SEND OK" (7)
16:39:18  [TX] S,105,738,000,328,P1,33
16:39:18  [SLOT] n=274 tx=23 ack=0 due=0 r=1
16:39:18  [AT] "AT+CIPSEND!24" (13)
16:39:19  [AT] " S,105,738,000,328,P1,33" (24)
16:39:19  [AT] "SEND OK" (7)
16:39:20  [TX] S,106,738,000,330,P1,39
16:39:20  [SLOT] n=275 tx=23 ack=0 due=0 r=1
16:39:20  [AT] "AT+CIPSEND=24" (13)
16:39:20  [AT] " S,106,738,000,330,P1,39" (24)
16:39:20  [AT] "SEND OK" (7)
16:39:21  [TX] S,107,738,000,331,P1,39
16:39:21  [SLOT] n=276 tx=23 ack=0 due=0 r=1
16:39:21  [AT] "AT+CIPSEND=24" (13)
16:39:21  [AT] " S,107,738,000,331,P1,39" (24)
16:39:21  [AT] "SEND OK" (7)
16:39:22  [TX] S,108,738,000,332,P1,35
16:39:22  [SLOT] n=277 tx=23 ack=0 due=0 r=1
16:39:22  [AT] "AT+CIPSEND=24" (13)
16:39:22  [AT] " S,108,738,000,332,P1,35" (24)
16:39:22  [AT] "SEND OK" (7)
16:39:23  [TX] S,109,738,000,333,P1,35
16:39:23  [SLOT] n=278 tx=23 ack=0 due=0 r=1
16:39:23  [AT] "AT+CIPSEND=24" (13)
16:39:23  [AT] " S,109,738,000,333,P1,35" (24)
16:39:23  [AT] "SEND OK" (7)
16:39:24  [TX] S,110,738,000,334,P1,3A
16:39:24  [SLOT] n=279 tx=23 ack=0 due=0 r=1
16:39:24  [AT] "AT+CIPSEND=24" (13)
16:39:25  [AT] " S,110,738,000,334,P1,3A" (24)
16:39:25  [AT] "SEND OK" (7)
16:39:26  [TX] S,111,73B,000,336,P1,43
16:39:26  [SLOT] n=280 tx=23 ack=0 due=0 r=1
16:39:26  [AT] "AT+CIPSEND=24" (13)
16:39:26  [AT] " S,111,73B,000,336,P1,43" (24)
16:39:26  [AT] "SEND OK" (7)
16:39:27  [TX] S,112,73B,000,337,P1,41
16:39:27  [SLOT] n=281 tx=23 ack=0 due=0 r=1
16:39:27  [AT] "AT+CIPSEND=24" (13)
16:39:27  [AT] " S,112,73B,000,337,P1,41" (24)
16:39:27  [AT] "SEND OK" (7)
16:39:28  [TX] S,113,73B,000,338,P1,4F
16:39:28  [SLOT] n=282 tx=23 ack=0 due=0 r=1
16:39:28  [AT] "AT+CIPSEND=24" (13)
16:39:28  [AT] " S,113,73B,000,338,P1,4F" (24)
16:39:28  [AT] "SEND OK" (7)
16:39:29  [TX] S,114,73B,000,339,P1,49
16:39:29  [SLOT] n=283 tx=23 ack=0 due=0 r=1
16:39:29  [AT] "AT+CIPSEND=24" (13)
16:39:29  [AT] " S,114,73B,000,339,P1,49" (24)
16:39:29  [AT] "SEND OK" (7)
16:39:30  [TX] S,115,73B,000,340,P1,46
16:39:30  [SLOT] n=284 tx=23 ack=0 due=0 r=1
16:39:30  [AT] "AT+CIPSEND=24" (13)
16:39:30  [AT] " S,115,73B,000,340,P1,46" (24)
16:39:30  [AT] "SEND OK" (7)
16:39:32  [TX] S,116,73B,000,342,P1,47
16:39:32  [SLOT] n=285 tx=23 ack=0 due=0 r=1
16:39:32  [AT] "AT+CIPSEND=24" (13)
16:39:32  [AT] " S,116,73B,000,342,P1,47" (24)
16:39:32  [AT] "SEND OK" (7)
16:39:33  [TX] S,117,73B,000,343,P1,47
16:39:33  [SLOT] n=286 tx=23 ack=0 due=0 r=1
16:39:33  [AT] "AT+CIPSEND=24" (13)
16:39:33  [AT] " S,117,73B,000,343,P1,47" (24)
16:39:33  [AT] "SEND OK" (7)
16:39:34  [TX] S,118,73A,000,344,P1,4C
16:39:34  [SLOT] n=287 tx=23 ack=0 due=0 r=1
16:39:34  [AT] "AT+CIPSEND=24" (13)
16:39:34  [AT] " S,118,73A,000,344,P1,4C" (24)
16:39:34  [AT] "SEND OK" (7)
16:39:35  [TX] S,119,73A,000,345,P1,4C
16:39:35  [SLOT] n=288 tx=23 ack=0 due=0 r=1
16:39:35  [AT] "AT+CIPSEND=24" (13)
16:39:35  [AT] " S,119,73A,000,345,P1,4C" (24)
16:39:35  [AT] "SEND OK" (7)
16:39:36  [TX] S,120,73A,000,346,P1,45
16:39:36  [SLOT] n=289 tx=23 ack=0 due=0 r=1
16:39:36  [AT] "AT+CIPSEND=24" (13)
16:39:36  [AT] " S,120,73A,000,346,P1,45" (24)
16:39:36  [AT] "SEND OK" (7)
16:39:38  [TX] S,121,738,000,348,P1,33
16:39:38  [SLOT] n=290 tx=23 ack=0 due=0 r=1
16:39:38  [AT] "AT+CIPSEND=24" (13)
16:39:38  [AT] " S,121,738,000,348,P1,33" (24)
16:39:38  [AT] "SEND OK" (7)
16:39:39  [TX] S,122,738,000,349,P1,31
16:39:39  [SLOT] n=291 tx=23 ack=0 due=0 r=1
16:39:39  [AT] "AT+CIPSEND=24" (13)
16:39:39  [AT] " S,122,738,000,349,P1,31" (24)
16:39:39  [AT] "SEND OK" (7)
16:39:40  [TX] S,123,738,000,350,P1,38
16:39:40  [SLOT] n=292 tx=23 ack=0 due=0 r=1
16:39:40  [AT] "AT+CIPSEND=24" (13)
16:39:41  [AT] " S,123,738,000,350,P1,38" (24)
16:39:41  [AT] "SEND OK" (7)
16:39:41  [TX] S,124,738,000,351,P1,3E
16:39:41  [SLOT] n=293 tx=23 ack=0 due=0 r=1
16:39:41  [AT] "AT+CIPSEND=24" (13)
16:39:42  [AT] " S,124,738,000,351,P1,3E" (24)
16:39:42  [AT] "SEND OK" (7)
16:39:42  [TX] S,125,739,000,352,P1,3D
16:39:42  [SLOT] n=294 tx=23 ack=0 due=0 r=1
16:39:42  [AT] "AT+CIPSEND=24" (13)
16:39:42  [AT] " S,125,739,000,352,P1,3D" (24)
16:39:42  [AT] "SEND OK" (7)
16:39:44  [TX] S,126,739,000,354,P1,38
16:39:44  [SLOT] n=295 tx=23 ack=0 due=0 r=1
16:39:44  [AT] "AT+CIPSEND=24" (13)
16:39:44  [AT] " S,126,739,000,354,P1,38" (24)
16:39:44  [AT] "SEND OK" (7)
16:39:45  [TX] S,127,739,000,355,P1,38
16:39:45  [SLOT] n=296 tx=23 ack=0 due=0 r=1
16:39:45  [AT] "AT+CIPSEND=24" (13)
16:39:45  [AT] " S,127,739,000,355,P1,38" (24)
16:39:45  [AT] "SEND OK" (7)
16:39:46  [TX] S,128,739,000,356,P1,34
16:39:46  [SLOT] n=297 tx=23 ack=0 due=0 r=1
16:39:46  [AT] "AT+CIPSEND=24" (13)
16:39:46  [AT] " S,128,739,000,356,P1,34" (24)
16:39:46  [AT] "SEND OK" (7)
16:39:47  [TX] S,129,739,000,357,P1,34
16:39:47  [SLOT] n=298 tx=23 ack=0 due=0 r=1
16:39:47  [AT] "AT+CIPSEND=24" (13)
16:39:47  [AT] " S,129,739,000 357,P1,34" (24)
16:39:47  [AT] "SEND OK" (7)
16:39:48  «tap» 살아있음 — 최근 60초 rx=7949B (이 줄이 끊기면 탭이 죽은 것이다)
16:39:48  [TX] S,130,739,000,358,P1,33
16:39:48  [SLOT] n=299 tx=23 ack=0 due=0 r=1
16:39:48  [AT] "AT+CIPSEND=24" (13)
16:39:48  [AT] " S,130,739,000,358,P1,33" (24)
16:39:48  [AT] "SEND OK" (7)
16:39:50  [TX] S,131,73B,000,360,P1,42
16:39:50  [SLOT] n=300 tx=23 ack=0 due=0 r=1
16:39:50  [CNT] up=360 drop=3 esprst=1 hwrst=0/0 resync=2 sendfail=0 okto=3 stuck=3 ackq=0 ackdrop=0 ackstale=0 slot=300 oow=0 smiss=2 ssovf=0 cksumng=1 okstream=127 penddrop=0 pendfill=132 bigfill=4 bigdrop=0 bigokst=4 oklost=0 bigoklost=0 skip=18 online=1
16:39:50  [RAM] 최저 여유 614 B · 프롬프트 재동기 2회 (서버의 '버린줄' 과 맞아야 한다)
16:39:50  [AT] " S,131,73B,000,360,P1,42" (24)
16:39:50  [AT] "SEND OK" (7)
16:39:50  [AT] "AT+CIPSEND=24" (13)
16:39:51  [TX] S,132,73A,000,361,P1,43
16:39:51  [SLOT] n=301 tx=23 ack=0 due=0 r=1
16:39:51  [AT] "AT+CIPSEND=24" (13)
16:39:51  [AT] " S,132,73A,000,361,P1,43" (24)
16:39:51  [AT] "SEND OK" (7)
16:39:52  [TX] S,133,73A,000,362,P1,41
16:39:52  [SLOT] n=302 tx=23 ack=0 due=0 r=1
16:39:52  [AT] "AT+CIPSEND=24" (13)
16:39:52  [AT] " S,133,73A,000,362,P1,41" (24)
16:39:52  [AT] "SEND OK" (7)
16:39:53  [TX] S,134,73A,000,363,P1,47
16:39:53  [SLOT] n=303 tx=23 ack=0 due=0 r=1
16:39:53  [AT] "AT+CIPSEND=24" (13)
16:39:53  [AT] " S,134,73A,000,363,P1,47" (24)
16:39:53  [AT] "SEND OK" (7)
16:39:54  [TX] S,135,73A,000,364,P1,41
16:39:54  [SLOT] n=304 tx=23 ack=0 due=0 r=1
16:39:54  [AT] "AT+CIPSEND=24" (13)
16:39:54  [AT] " S,135,73A,000,364,P1,41" (24)
16:39:54  [AT] "SEND OK" (7)
16:39:56  [TX] S,136,73A,000,366,P1,40
16:39:56  [SLOT] n=305 tx=23 ack=0 due=0 r=1
16:39:56  [AT] "AT+CIPSEND=24" (13)
16:39:56  [AT] " S,136,73A,000,366,P1,40" (24)
16:39:56  [AT] "SEND OK" (7)
16:39:57  [TX] S,137,73A,000,367,P1,40
16:39:57  [SLOT] n=306 tx=23 ack=0 due=0 r=1
16:39:57  [AT] "AT+CIPSEND=24" (13)
16:39:57  [AT] " S,137,73A,000,367,P1,40" (24)
16:39:57  [AT] "SEND OK" (7)
16:39:58  [TX] S,138,73A,000,368,P1,40
16:39:58  [SLOT] n=307 tx=23 ack=0 due=0 r=1
16:39:58  [AT] "AT+CIPSEND=24" (13)
16:39:58  [AT] " S,138,73A,000,368,P1,40" (24)
16:39:58  [AT] "SEND OK" (7)
16:39:59  [TX] S,139,73B,000,369,P1,43
16:39:59  [SLOT] n=308 tx=23 ack=0 due=0 r=1
16:39:59  [AT] "AT+CIPSEND=24" (13)
16:39:59  [AT] " S,139,73B,000,369,P1,43" (24)
16:39:59  [AT] "SEND OK" (7)
16:40:00  [TX] S,140,73B,000,370,P1,45
16:40:00  [SLOT] n=309 tx=23 ack=0 due=0 r=1
16:40:00  [AT] "AT+CIPSEND=24" (13)
16:40:00  [AT] " S,140,73B,000,370,P1,45" (24)
16:40:00  [AT] "SEND OK" (7)
16:40:02  [TX] S,141,739,000,372,P1,3D
16:40:02  [SLOT] n=310 tx=23 ack=0 due=0 r=1
16:40:02  [AT] "AT+CIPSEND=24" (13)
16:40:02  [AT] " S,101,739,000,372,P1,3D" (24)
16:40:02  [AT] "SEND OK" (7)
16:40:03  [TX] S,142,739,000,373,P1,3F
16:40:03  [SLOT] n=311 tx=23 ack=0 due=0 r=1
16:40:03  [AT] "AT+CIPSEND=24" (13)
16:40:03  [AT] " S,142,739,000,373,P1,3F" (24)
16:40:03  [AT] "SEND OK" (7)
16:40:04  [TX] S,143,739,000,374,P1,39
16:40:04  [SLOT] n=312 tx=23 ack=0 due=0 r=1
16:40:04  [AT] "AT+CIPSEND=24" (13)
16:40:04  [AT] " S,143,739,000,374,P1,39" (24)
16:40:04  [AT] "SEND OK" (7)
16:40:05  [TX] S,144,739,000,375,P1,3F
16:40:05  [SLOT] n=313 tx=23 ack=0 due=0 r=1
16:40:05  [AT] "AT+CIPSEND=24" (13)
16:40:05  [AT] " S,144,739,000,375,P1,3F" (24)
16:40:05  [AT] "SEND OK" (7)
16:40:06  [TX] S,145,739,000,376,P1,3D
16:40:06  [SLOT] n=314 tx=23 ack=0 due=0 r=1
16:40:06  [AT] "AT+CIPSEND=24" (13)
16:40:06  [AT] " S,145,739,000,376,P1,3D" (24)
16:40:06  [AT] "SEND OK" (7)
16:40:08  [TX] S,146,738,000,378,P1,31
16:40:08  [SLOT] n=315 tx=23 ack=0 due=0 r=1
16:40:08  [AT] "AT+CIPSEND=24" (13)
16:40:08  [AT] " S,146,738,000,378,P1,31" (24)
16:40:08  [AT] "SEND OK" (7)
16:40:09  [TX] S,147,738,000,379,P1,31
16:40:09  [SLOT] n=316 tx=23 ack=0 due=0 r=1
16:40:09  [AT] "AT+CIPSEND=24" (13)
16:40:09  [AT] " S,147,738,000,379,P1,31" (24)
16:40:09  [AT] "SEND OK" (7)
16:40:10  [TX] S,148,738,000,380,P1,38
16:40:10  [SLOT] n=317 tx=23 ack=0 due=0 r=1
16:40:10  [AT] "AT+CIPSEND=24" (13)
16:40:10  [AT] " S,148,738,000,380,P1,38" (24)
16:40:10  [AT] "SEND OK" (7)
16:40:11  [TX] S,149,738,000,381,P1,38
16:40:11  [SLOT] n=318 tx=23 ack=0 due=0 r=1
16:40:11  [AT] "AT+CIPSEND=24" (13)
16:40:12  [TX-WAIT] 앞 전송의 SEND OK 를 아직 못 봤다 — 이번 주기는 건너뛴다
16:40:12  [SLOT] n=319 tx=23 ack=0 due=0 r=0
16:40:12  [AT] " S,149,738,000,381,P1,38" (24)
16:40:12  [AT] "SEND OK" (7)
16:40:14  [TX] S,150,73A,000,384,P1,4C
16:40:14  [SLOT] n=320 tx=23 ack=0 due=0 r=1
16:40:14  [AT] "AT+CIPSEND=24" (13)
16:40:14  [AT] " S,150,73A,000,384,P1,4C" (24)
16:40:14  [AT] "SEND OK" (7)
16:40:15  [TX] S,151,73A,000,385,P1,4C
16:40:15  [SLOT] n=321 tx=23 ack=0 due=0 r=1
16:40:15  [AT] "AT+CIPSEND=24" (13)
16:40:15  [AT] " S,151,73A,000,385,P1,4C" (24)
16:40:15  [AT] "SEND OK" (7)
16:40:16  [TX] S,152,73B,000,386,P1,4F
16:40:16  [SLOT] n=322 tx=23 ack=0 due=0 r=1
16:40:16  [AT] "AT+CIPSEND=24" (13)
16:40:16  [AT] " S,152,73B,000,386,P1,4F" (24)
16:40:16  [AT] "SEND OK" (7)
16:40:17  [TX] S,153,73B,000,387,P1,4F
16:40:17  [SLOT] n=323 tx=23 ack=0 due=0 r=1
16:40:17  [AT] "AT+CIPSEND=24" (13)
16:40:17  [AT] " S,153,73B,000,387,P1,4F" (24)
16:40:17  [AT] "SEND OK" (7)
16:40:18  [TX] S,154,73B,000,388,P1,47
16:40:18  [SLOT] n=324 tx=23 ack=0 due=0 r=1
16:40:18  [AT] "AT+CIPSEND=24" (13)
16:40:18  [AT] " S,154,73B,000,388,P1,47" (24)
16:40:18  [AT] "SEND OK" (7)
16:40:20  [TX] S,155,73B,000,390,P1,4F
16:40:20  [SLOT] n=325 tx=23 ack=0 due=0 r=1
16:40:20  [AT] "AT+CIPSEND=24" (13)
16:40:20  [AT] " S,155,73B,000,390,P1,4F" (24)
16:40:20  [AT] "SEND OK" (7)
16:40:21  [TX] S,156,73B,000,391,P1,4D
16:40:21  [SLOT] n=326 tx=23 ack=0 due=0 r=1
16:40:21  [AT] "AT+CIPSEND=24" (13)
16:40:21  [AT] " S,156,73B,000,391,P1,4D" (24)
16:40:21  [AT] "SEND OK" (7)
16:40:22  [TX] S,157,73B,000,392,P1,4F
16:40:22  [SLOT] n=327 tx=23 ack=0 due=0 r=1
16:40:22  [AT] "AT+CIPSEND=24" (13)
16:40:22  [AT] " S,157,73B,000,392,P1,4F" (24)
16:40:22  [AT] "SEND OK" (7)
16:40:23  [TX-RESYNC] 프롬프트 놓침 → 더미 24바이트로 스트림 복구(서버는 이 줄을 버린다)
16:40:23  [TX-DROP] S,158,73B,000,393,P1,41
16:40:23  [NET] 전송 실패 1/3
16:40:23  [SLOT] n=328 tx=23 ack=0 due=0 r=0
16:40:24  [AT] "" (0)
16:40:24  [AT] "[System Ready, Vendor:www.ai-thinker.com]" (41)
16:40:25  [TX-RESYNC] 프롬프트 놓침 → 더미 24바이트로 스트림 복구(서버는 이 줄을 버린다)
16:40:25  [TX-DROP] S,158,73A,000,394,P1,45
16:40:25  [NET] 전송 실패 2/3
16:40:25  [SLOT] n=329 tx=23 ack=0 due=0 r=0
16:40:26  [TX-RESYNC] 프롬프트 놓침 → 더미 24바이트로 스트림 복구(서버는 이 줄을 버린다)
16:40:26  [TX-DROP] S,158,738,000,396,P1,3E
16:40:26  [NET] 전송 실패 3/3
16:40:26  [NET] 전송 3회 연속 실패 → 오프라인 전환. 낡은 소켓부터 닫는다(CIPCLOSE)
16:40:26  [SLOT] n=330 tx=23 ack=0 due=0 r=0
16:40:26  [DIAG] offline step=6 사다리=0/0 rx=9601 lines=544 up=396s
16:40:26  [NET] 6 CIPCLOSE (낡은 소켓 닫기)
16:40:27  [NET] 3 CIFSR (IP 를 실제로 받았는가)
16:40:28  [AT] "" (0)
16:40:28  [AT] "[System Ready, Vendor:www.ai-thinker.com]" (41)
16:40:28  [DIAG] offline step=3 사다리=0/0 rx=9684 lines=546 up=399s
16:40:29  [NET] 3 CIFSR (IP 를 실제로 받았는가)
16:40:31  [AT] "" (0)
16:40:31  [AT] "[System Ready, Vendor:www.ai-thinker.com]" (41)
16:40:31  [AT] "" (0)
16:40:31  [AT] "[System Ready, Vendor:www.ai-thinker.com]" (41)
16:40:31  [DIAG] offline step=3 사다리=0/0 rx=9863 lines=550 up=402s
16:40:32  [NET] 3 CIFSR (IP 를 실제로 받았는가)
16:40:32  [NET] ★ ESP 가 IP 를 잃었다 — 모듈 리셋으로 본다. 누적 사건 2
16:40:32  [NET] CIFSR 3회에도 IP 가 없다 → CWJAP 부터 다시
16:40:32  [LADDER] 실패(CWJAP FAIL) CWJAP소요 131s · 연속 0회 · 결합유지 124s · 현재 0단(0회 누적)
16:40:32  [LADDER] ↑↑ 단 상승 → 1단
16:40:32  [LADDER] 1단 조치: 시리얼 드레인 26바이트 버림 + 줄 조립 초기화
16:40:33  [NET] 2 CWJAP (응답까지 최대 30초 기다린다)
16:40:34  [DROP-OVF] 줄이 96바이트를 넘어 버렸다
16:40:34  [AT] "[System Ready, Vendor:www.ai-thinker.com]" (41)
16:40:34  [AT] "" (0)
16:40:34  [AT] "[System Ready, Vendor:www.ai-thinker.com]" (41)
16:40:34  [DIAG] offline step=2 사다리=1/0 rx=10090 lines=553 up=405s
16:40:37  [DIAG] offline step=2 사다리=1/0 rx=10090 lines=553 up=408s
16:40:40  [DIAG] offline step=2 사다리=1/0 rx=10129 lines=553 up=411s
16:40:40  [AT] "" (0)
16:40:41  [AT] "[System Ready, Vendor:www.ai-thinker.com]" (41)
16:40:43  [DIAG] offline step=2 사다리=1/0 rx=10174 lines=555 up=414s
16:40:46  [DIAG] offline step=2 사다리=1/0 rx=10174 lines=555 up=417s
16:40:48  «tap» 살아있음 — 최근 60초 rx=7054B (이 줄이 끊기면 탭이 죽은 것이다)
16:40:49  [CNT] up=420 drop=4 esprst=2 hwrst=0/0 resync=5 sendfail=0 okto=3 stuck=3 ackq=0 ackdrop=0 ackstale=0 slot=350 oow=0 smiss=2 ssovf=0 cksumng=1 okstream=154 penddrop=0 pendfill=158 bigfill=4 bigdrop=0 bigokst=4 oklost=0 bigoklost=0 skip=19 online=0
16:40:49  [DIAG] offline step=2 사다리=1/0 rx=10174 lines=555 up=420s
16:40:49  [RAM] 최저 여유 614 B · 프롬프트 재동기 5회 (서버의 '버린줄' 과 맞아야 한다)
16:40:52  [DIAG] offline step=2 사다리=1/0 rx=10174 lines=555 up=423s
16:40:55  [DIAG] offline step=2 사다리=1/0 rx=10174 lines=555 up=426s
16:40:58  [DIAG] offline step=2 사다리=1/0 rx=10174 lines=555 up=429s
16:41:01  [DIAG] offline step=2 사다리=1/0 rx=10174 lines=555 up=432s
16:41:03  [LADDER] 실패(CWJAP 무응답) CWJAP소요 29s · 연속 1회 · 결합유지 없음 · 현재 1단(0회 누적)
16:41:03  [LADDER] 1단 조치: 시리얼 드레인 0바이트 버림 + 줄 조립 초기화
16:41:03  [NET] 3 CIFSR (IP 를 실제로 받았는가)
16:41:03  [AT] "AT+CIFSR" (8)
16:41:03  [AT] "192.168.0.214" (13)
16:41:03  [NET] ★ IP 확보: 192.168.0.214
16:41:03  [AT] "OK" (2)
16:41:03  [NET] 4 CIPMUX=0
16:41:03  [AT] "AT+CIPMUX=0" (11)
16:41:03  [AT] "OK" (2)
16:41:03  [NET] CIPMUX=0 적용됨 → CIPSTART
16:41:04  [NET] 5 CIPSTART
16:41:04  [AT] "AT+CIPSTART="TCP","192.168.0.29",9991" (37)
16:41:04  [AT] "OK" (2)
16:41:04  [AT] "Linked" (6)
16:41:04  [NET] online (CONNECT) + 캐시 비움
16:41:04  [TX] S,158,73A,000,434,P1,48
16:41:04  [SLOT] n=362 tx=23 ack=0 due=12 r=1
16:41:04  [AT] "AT+CIPSEND=24" (13)
16:41:04  [AT] " S,158,73A,000,434,P1,48" (24)
16:41:04  [AT] "SEND OK" (7)
16:41:05  [TX] D,*,7,12,5A
16:41:05  D,A1,IP,01
16:41:05  D,A2,IP,02
16:41:05  D,A3,IP,03
16:41:05  D,A4,IP,04
16:41:05  D,A5,IP,05
16:41:05  D,B1,IP,02
16:41:05  D,B2,IP,01
16:41:05  D,B3,IP,00
16:41:05  D,B4,IP,07
16:41:05  D,B5,IP,06
16:41:05  D,E1,OB,11
16:41:05  D,X1,OB,0C
16:41:05  [REG] 등록 전송 143B
16:41:05  [SLOT] n=363 tx=143 ack=0 due=0 r=1
16:41:05  [AT] "AT+CIPSEND=144" (14)
16:41:06  [DROP-OVF] 줄이 96바이트를 넘어 버렸다
16:41:06  [AT] "SEND OK" (7)
16:41:06  [TX] S,160,73B,000,436,P1,42
16:41:06  [SLOT] n=364 tx=23 ack=0 due=0 r=1
16:41:06  [AT] "AT+CIPSEND=24" (13)
16:41:06  [AT] " S,160,73B,000,436,P1,42" (24)
16:41:06  [AT] "SEND OK" (7)
16:41:07  [TX] S,161,73B,000,438,P1,4D
16:41:07  [SLOT] n=365 tx=23 ack=0 due=0 r=1
16:41:07  [AT] "AT+CIPSEND=24" (13)
16:41:08  [AT] " S,161,73B,000,438,P1,4D" (24)
16:41:08  [AT] "SEND OK" (7)
16:41:09  [TX] S,162,73B,000,439,P1,4F
16:41:09  [SLOT] n=366 tx=23 ack=0 due=0 r=1
16:41:09  [AT] "AT+CIPSEND=24" (13)
16:41:09  [AT] " S,162,73B,000,439,P1,4F" (24)
16:41:09  [AT] "SEND OK" (7)
16:41:10  [TX] S,163,73B,000,440,P1,40
16:41:10  [SLOT] n=367 tx=23 ack=0 due=0 r=1
16:41:10  [AT] "AT+CIPSEND=24" (13)
16:41:10  [AT] " S,163,73B,000,440,P1,40" (24)
16:41:10  [AT] "SEND OK" (7)
16:41:11  [TX] S,164,73B,000,441,P1,46
16:41:11  [SLOT] n=368 tx=23 ack=0 due=0 r=1
16:41:11  [AT] "AT+CIPSEND=24" (13)
16:41:11  [AT] " S,164,73B,000,441,P1,46" (24)
16:41:11  [AT] "SEND OK" (7)
16:41:12  [TX] S,165,73B,000,442,P1,44
16:41:12  [SLOT] n=369 tx=23 ack=0 due=0 r=1
16:41:12  [AT] "AT+CIPSEND=24" (13)
16:41:12  [AT] " S,165,73B,000,442,P1,44" (24)
16:41:12  [AT] "SEND OK" (7)
16:41:13  [TX] S,166,739,000,444,P1,3A
16:41:13  [SLOT] n=370 tx=23 ack=0 due=0 r=1
16:41:13  [AT] "AT+CIPSEND=24" (13)
16:41:14  [AT] " S,166,739,000,444,P1,3A" (24)
16:41:14  [AT] "SEND OK" (7)
16:41:15  [TX] S,167,738,000,445,P1,3B
16:41:15  [SLOT] n=371 tx=23 ack=0 due=0 r=1
16:41:15  [AT] "AT+CIPSEND=24" (13)
16:41:15  [AT] " S,167,738,000,445,P1,3B" (24)
16:41:15  [AT] "SEND OK" (7)
16:41:16  [TX] S,168,738,000,446,P1,37
16:41:16  [SLOT] n=372 tx=23 ack=0 due=0 r=1
16:41:16  [AT] "AT+CIPSEND=24" (13)
16:41:16  [AT] " S,168,738,000,446,P1,37" (24)
16:41:16  [AT] "SEND OK" (7)
16:41:17  [TX] S,169,738,000,447,P1,37
16:41:17  [SLOT] n=373 tx=23 ack=0 due=0 r=1
16:41:17  [AT] "AT+CIPSEND=24" (13)
16:41:17  [AT] " S,169,738,000,447,P1,37" (24)
16:41:17  [AT] "SEND OK" (7)
16:41:18  [TX] S,170,738,000,448,P1,30
16:41:18  [SLOT] n=374 tx=23 ack=0 due=0 r=1
16:41:18  [AT] "AT+CIPSEND=24" (13)
16:41:18  [AT] " S,170,738,000,448,P1,30" (24)
16:41:18  [AT] "SEND OK" (7)
16:41:19  [TX] S,171,738,000,450,P1,38
16:41:19  [SLOT] n=375 tx=23 ack=0 due=0 r=1
16:41:19  [AT] "AT+CIPSEND=24" (13)
16:41:20  [AT] " S,171,738,000,450,P1,38" (24)
16:41:20  [AT] "SEND OK" (7)
16:41:21  [TX] S,172,738,000,451,P1,3A
16:41:21  [SLOT] n=376 tx=23 ack=0 due=0 r=1
16:41:21  [AT] "AT+CIPSEND=24" (13)
16:41:21  [AT] " S,172,738,000,451,P1,3A" (24)
16:41:21  [AT] "SEND OK" (7)
16:41:22  [TX] S,173,738,000,452,P1,38
16:41:22  [SLOT] n=377 tx=23 ack=0 due=0 r=1
16:41:22  [AT] "AT+CIPSEND=24" (13)
16:41:22  [AT] " S,173,738,000,452,P1,38" (24)
16:41:22  [AT] "SEND OK" (7)
16:41:23  [TX] S,174,739,000,453,P1,3F
16:41:23  [SLOT] n=378 tx=23 ack=0 due=0 r=1
16:41:23  [AT] "AT+CIPSEND=24" (13)
16:41:23  [AT] " S,174,739,000,453,P1,3F" (24)
16:41:23  [AT] "SEND OK" (7)
16:41:24  [TX] S,175,739,000,454,P1,39
16:41:24  [SLOT] n=379 tx=23 ack=0 due=0 r=1
16:41:24  [AT] "AT+CIPSEND=24" (13)
16:41:24  [AT] " S,175,739,000,454,P1,39" (24)
16:41:24  [AT] "SEND OK" (7)
16:41:25  [TX] S,176,73B,000,456,P1,43
16:41:25  [SLOT] n=380 tx=23 ack=0 due=0 r=1
16:41:25  [AT] "AT+CIPSEND=24" (13)
16:41:26  [AT] " S,176,73B,000,456,P1,43" (24)
16:41:26  [AT] "SEND OK" (7)
16:41:27  [TX] S,177,73B,000,457,P1,43
16:41:27  [SLOT] n=381 tx=23 ack=0 due=0 r=1
16:41:27  [AT] "AT+CIPSEND=24" (13)
16:41:27  [AT] " S,177,73B,000,457,P1,43" (24)
16:41:27  [AT] "SEND OK" (7)
16:41:28  [TX] S,178,73B,000,458,P1,43
16:41:28  [SLOT] n=382 tx=23 ack=0 due=0 r=1
16:41:28  [AT] "AT+CIPSEND=24" (13)
16:41:28  [AT] " S,178,73B,000,458,P1,43" (24)
16:41:28  [AT] "SEND OK" (7)
16:41:29  [TX] S,179,73B,000,459,P1,43
16:41:29  [SLOT] n=383 tx=23 ack=0 due=0 r=1
16:41:29  [AT] "AT+CIPSEND=24" (13)
16:41:29  [AT] " S,179,73B,000,459,P1,43" (24)
16:41:29  [AT] "SEND OK" (7)
16:41:30  [TX] S,180,73B,000,460,P1,4F
16:41:30  [SLOT] n=384 tx=23 ack=0 due=0 r=1
16:41:30  [AT] "AT+CIPSEND=24" (13)
16:41:30  [AT] " S,180,73B,000,460,P1,4F" (24)
16:41:30  [AT] "SEND OK" (7)
16:41:31  [TX] S,181,73A,000,462,P1,4F
16:41:31  [SLOT] n=385 tx=23 ack=0 due=0 r=1
16:41:31  [AT] "AT+CIPSEND=24" (13)
16:41:32  [AT] " S,181,73A,000,462,P1,4F" (24)
16:41:32  [AT] "SEND OK" (7)
16:41:33  [TX] S,182,73A,000,463,P1,4D
16:41:33  [SLOT] n=386 tx=23 ack=0 due=0 r=1
16:41:33  [AT] "AT+CIPSEND=24" (13)
16:41:33  [AT] " S,182,73A,000,463,P1,4D" (24)
16:41:33  [AT] "SEND OK" (7)
16:41:34  [TX] S,183,73A,000,464,P1,4B
16:41:34  [SLOT] n=387 tx=23 ack=0 due=0 r=1
16:41:34  [LADDER] ↓ 30초 연속 온라인 — 사다리를 0단으로 내린다 (직전 1단)
16:41:34  [AT] "AT+CIPSEND=24" (13)
16:41:34  [AT] " S,183,73A,000,464,P1,4B" (24)
16:41:34  [AT] "SEND OK" (7)
16:41:35  [TX] S,184,73A,000,465,P1,4D
16:41:35  [SLOT] n=388 tx=23 ack=0 due=0 r=1
16:41:35  [AT] "AT+CIPSEND=24" (13)
16:41:35  [AT] " S,184,73A,000,465,P1,4D" (24)
16:41:35  [AT] "SEND OK" (7)
16:41:36  [TX] S,185,73A,000,466,P1,4F
16:41:36  [SLOT] n=389 tx=23 ack=0 due=0 r=1
16:41:36  [AT] "AT+CIPSEND=24" (13)
16:41:36  [AT] " S,185,73A,000,466,P1,4F" (24)
16:41:36  [AT] "SEND OK" (7)
16:41:37  [TX] S,186,738,000,468,P1,3B
16:41:37  [SLOT] n=390 tx=23 ack=0 due=0 r=1
16:41:37  [AT] "AT+CIPSEND=24" (13)
16:41:37  [AT] " S,186,738,000,468,P1,3B" (24)
16:41:37  [AT] "SEND OK" (7)
16:41:39  [TX] S,187,738,000,469,P1,3B
16:41:39  [SLOT] n=391 tx=23 ack=0 due=0 r=1
16:41:39  [AT] "AT+CIPSEND=24" (13)
16:41:39  [AT] " S,187,738,000,469,P1,3B" (24)
16:41:39  [AT] "SEND OK" (7)
16:41:40  [TX] S,188,739,000,470,P1,3D
16:41:40  [SLOT] n=392 tx=23 ack=0 due=0 r=1
16:41:40  [AT] "AT+CIPSEND=24" (13)
16:41:41  [AT] " S,188,739,000,470,P1,3D" (24)
16:41:41  [AT] "SEND OK" (7)
16:41:41  [TX] S,189,739,000,471,P1,3D
16:41:41  [SLOT] n=393 tx=23 ack=0 due=0 r=1
16:41:41  [AT] "AT+CIPSEND=24" (13)
16:41:41  [AT] " S,189,739,000,471,P1,3D" (24)
16:41:41  [AT] "SEND OK" (7)
16:41:42  [TX] S,190,739,000,472,P1,36
16:41:42  [SLOT] n=394 tx=23 ack=0 due=0 r=1
16:41:42  [AT] "AT+CIPSEND=24" (13)
16:41:42  [AT] " S,190,739,000,472,P1,36" (24)
16:41:42  [AT] "SEND OK" (7)
16:41:43  [TX] S,191,739,000,474,P1,31
16:41:43  [SLOT] n=395 tx=23 ack=0 due=0 r=1
16:41:43  [AT] "AT+CIPSEND=24" (13)
16:41:43  [AT] " S,191,739,000,474,P1,31" (24)
16:41:43  [AT] "SEND OK" (7)
16:41:45  [TX] S,192,739,000,475,P1,33
16:41:45  [SLOT] n=396 tx=23 ack=0 due=0 r=1
16:41:45  [AT] "AT+CIPSEND=24" (13)
16:41:45  [AT] " S,192,739,000,475,P1,33" (24)
16:41:45  [AT] "SEND OK" (7)
16:41:46  [TX] S,193,739,000,476,P1,31
16:41:46  [SLOT] n=397 tx=23 ack=0 due=0 r=1
16:41:46  [AT] "AT+CIPSEND=24" (13)
16:41:46  [AT] " S,193,739,000,476,P1,31" (24)
16:41:46  [AT] "SEND OK" (7)
16:41:47  [TX] S,194,739,000,477,P1,37
16:41:47  [SLOT] n=398 tx=23 ack=0 due=0 r=1
16:41:47  [AT] "AT+CIPSEND=24" (13)
16:41:47  [AT] " S,194,739,000,477,P1,37" (24)
16:41:47  [AT] "SEND OK" (7)
16:41:48  «tap» 살아있음 — 최근 60초 rx=7096B (이 줄이 끊기면 탭이 죽은 것이다)
16:41:48  [TX] S,195,738,000,478,P1,38
16:41:48  [SLOT] n=399 tx=23 ack=0 due=0 r=1
16:41:48  [AT] "AT+CIPSEND=24" (13)
16:41:48  [AT] " S,195,738,000,478,P1,38" (24)
16:41:48  [AT] "SEND OK" (7)
16:41:49  [TX] S,196,73A,000,480,P1,45
16:41:49  [SLOT] n=400 tx=23 ack=0 due=0 r=1
16:41:49  [CNT] up=480 drop=4 esprst=2 hwrst=0/0 resync=5 sendfail=0 okto=3 stuck=3 ackq=0 ackdrop=0 ackstale=0 slot=400 oow=0 smiss=2 ssovf=0 cksumng=1 okstream=192 penddrop=0 pendfill=197 bigfill=5 bigdrop=0 bigokst=5 oklost=0 bigoklost=0 skip=19 online=1
16:41:49  [RAM] 최저 여유 614 B · 프롬프트 재동기 5회 (서버의 '버린줄' 과 맞아야 한다)
16:41:49  [AT] " S,196,73A,000,480,P1,45" (24)
16:41:49  [AT] "SEND OK" (7)
16:41:49  [AT] "AT+CIPSEND=24" (13)
16:41:51  [TX] S,197,73A,000,481,P1,45
16:41:51  [SLOT] n=401 tx=23 ack=0 due=0 r=1
16:41:51  [AT] "AT+CIPSEND=24" (13)
16:41:51  [AT] " S,197,73A,000,481,P1,45" (24)
16:41:51  [AT] "SEND OK" (7)
16:41:52  [TX] S,198,73A,000,482,P1,49
16:41:52  [SLOT] n=402 tx=23 ack=0 due=0 r=1
16:41:52  [AT] "AT+CIPSEND=24" (13)
16:41:52  [AT] " S,198,73A,000,482,P1,49" (24)
16:41:52  [AT] "SEND OK" (7)
16:41:53  [TX] S,199,73A,000,483,P1,49
16:41:53  [SLOT] n=403 tx=23 ack=0 due=0 r=1
16:41:53  [AT] "AT+CIPSEND=24" (13)
16:41:53  [AT] " S,199,73A,000,483,P1,49" (24)
16:41:53  [AT] "SEND OK" (7)
16:41:54  [TX] S,200,73A,000,484,P1,4D
16:41:54  [SLOT] n=404 tx=23 ack=0 due=0 r=1
16:41:54  [AT] "AT+CIPSEND=24" (13)
16:41:54  [AT] " S,200,73A,000,484,P1,4D" (24)
16:41:54  [AT] "SEND OK" (7)
16:41:55  [TX] S,201,73A,000,486,P1,4E
16:41:55  [SLOT] n=405 tx=23 ack=0 due=0 r=1
16:41:55  [AT] "AT+CIPSEND=24" (13)
16:41:55  [AT] " S,201,73A,000,486,P1,4E" (24)
16:41:55  [AT] "SEND OK" (7)
16:41:57  [TX] S,202,73B,000,487,P1,4F
16:41:57  [SLOT] n=406 tx=23 ack=0 due=0 r=1
16:41:57  [AT] "AT+CIPSEND=24" (13)
16:41:57  [AT] " S,202,73B,000,487,P1,4F" (24)
16:41:57  [AT] "SEND OK" (7)
16:41:58  [TX] S,203,73B,000,488,P1,41
16:41:58  [SLOT] n=407 tx=23 ack=0 due=0 r=1
16:41:58  [AT] "AT+CIPSEND=24" (13)
16:41:58  [AT] " S,203,73B,000,488,P1,41" (24)
16:41:58  [AT] "SEND OK" (7)
16:41:59  [TX] S,204,73B,000,489,P1,47
16:41:59  [SLOT] n=408 tx=23 ack=0 due=0 r=1
16:41:59  [AT] "AT+CIPSEND=24" (13)
16:41:59  [AT] " S,204,73B,000,489,P1,47" (24)
16:41:59  [AT] "SEND OK" (7)
16:42:00  [TX] S,205,73B,000,490,P1,4E
16:42:00  [SLOT] n=409 tx=23 ack=0 due=0 r=1
16:42:00  [AT] "AT+CIPSEND=24" (13)
16:42:00  [AT] " S,205,73B,000,490,P1,4E" (24)
16:42:00  [AT] "SEND OK" (7)
16:42:01  [TX] S,206,739,000,492,P1,34
16:42:01  [SLOT] n=410 tx=23 ack=0 due=0 r=1
16:42:01  [AT] "AT+CIPSEND=24" (13)
16:42:01  [AT] " S,206,739,000,492,P1,34" (24)
16:42:01  [AT] "SEND OK" (7)
16:42:03  [TX] S,207,739,000,493,P1,34
16:42:03  [SLOT] n=411 tx=23 ack=0 due=0 r=1
16:42:03  [AT] "AT+CIPSEND=24" (13)
16:42:03  [AT] " S,207,739,000,493,P1,34" (24)
16:42:03  [AT] "SEND OK" (7)
16:42:04  [TX] S,208,739,000,494,P1,3C
16:42:04  [SLOT] n=412 tx=23 ack=0 due=0 r=1
16:42:04  [AT] "AT+CIPSEND=24" (13)
16:42:04  [AT] " S,208,739,000,494,P1,3C" (24)
16:42:04  [AT] "SEND OK" (7)
16:42:05  [TX] S,209,738,000,495,P1,3D
16:42:05  [SLOT] n=413 tx=23 ack=0 due=0 r=1
16:42:05  [AT] "AT+CIPSEND=24" (13)
16:42:05  [AT] " S,209,738,000,495,P1,3D" (24)
16:42:05  [AT] "SEND OK" (7)
16:42:06  [TX] S,210,738,000,496,P1,36
16:42:06  [SLOT] n=414 tx=23 ack=0 due=0 r=1
16:42:06  [AT] "AT+CIPSEND=24" (13)
16:42:07  [AT] " S,210,738,000,496,P1,36" (24)
16:42:07  [AT] "SEND OK" (7)
16:42:07  [TX] S,211,738,000,498,P1,39
16:42:07  [SLOT] n=415 tx=23 ack=0 due=0 r=1
16:42:07  [AT] "AT+CIPSEND=24" (13)
16:42:07  [AT] " S,211,738,000,498,P1,39" (24)
16:42:07  [AT] "SEND OK" (7)
16:42:09  [TX] S,212,738,000,499,P1,3B
16:42:09  [SLOT] n=416 tx=23 ack=0 due=0 r=1
16:42:09  [AT] "AT+CIPSEND=24" (13)
16:42:09  [AT] " S,212,738,000,499,P1,3B" (24)
16:42:09  [AT] "SEND OK" (7)
16:42:10  [TX] S,213,738,000,500,P1,3B
16:42:10  [SLOT] n=417 tx=23 ack=0 due=0 r=1
16:42:10  [AT] "AT+CIPSEND=24" (13)
16:42:10  [AT] " S,213,738,000,500,P1,3B" (24)
16:42:10  [AT] "SEND OK" (7)
16:42:11  [TX] S,214,738,000,501,P1,3D
16:42:11  [SLOT] n=418 tx=23 ack=0 due=0 r=1
16:42:11  [AT] "AT+CIPSEND=24" (13)
16:42:11  [AT] " S,214,738,000,501,P1,3D" (24)
16:42:11  [AT] "SEND OK" (7)
16:42:12  [TX] S,215,738,000,502,P1,3F
16:42:12  [SLOT] n=419 tx=23 ack=0 due=0 r=1
16:42:12  [AT] "AT+CIPSEND=24" (13)
16:42:12  [AT] " S,215,738,000,502,P1,3F" (24)
16:42:12  [AT] "SEND OK" (7)
16:42:13  [TX] S,216,73B,000,504,P1,40
16:42:13  [SLOT] n=420 tx=23 ack=0 due=0 r=1
16:42:13  [AT] "AT+CIPSEND=24" (13)
16:42:13  [AT] " S,216,73B,000,504,P1,40" (24)
16:42:13  [AT] "SEND OK" (7)
16:42:15  [TX] S,217,73B,000,505,P1,40
16:42:15  [SLOT] n=421 tx=23 ack=0 due=0 r=1
16:42:15  [AT] "AT+CIPSEND=24" (13)
16:42:15  [AT] " S,217,73B,000,505,P1,40" (24)
16:42:15  [AT] "SEND OK" (7)
16:42:16  [TX] S,218,73B,000,506,P1,4C
16:42:16  [SLOT] n=422 tx=23 ack=0 due=0 r=1
16:42:16  [AT] "AT+CIPSEND=24" (13)
16:42:16  [AT] " S,218,73B,000,506,P1,4C" (24)
16:42:16  [AT] "SEND OK" (7)
16:42:18  [TX] S,219,73B,000,507,P1,4C
16:42:18  [SLOT] n=423 tx=23 ack=0 due=0 r=1
16:42:18  [AT] "AT+CIPSEND=24" (13)
16:42:18  [AT] " S,219,73B,000,507,P1,4C" (24)
16:42:18  [AT] "SEND OK" (7)
16:42:19  [TX] S,220,73B,000,508,P1,49
16:42:19  [SLOT] n=424 tx=23 ack=0 due=0 r=1
16:42:19  [AT] "AT+CIPSEND=24" (13)
16:42:19  [AT] " S,220,73B,000,508,P1,49" (24)
16:42:19  [AT] "SEND OK" (7)
16:42:20  [TX] S,221,73B,000,510,P1,41
16:42:20  [SLOT] n=425 tx=23 ack=0 due=0 r=1
16:42:20  [AT] "AT+CIPSEND=24" (13)
16:42:22  [TX-WAIT] 앞 전송의 SEND OK 를 아직 못 봤다 — 이번 주기는 건너뛴다
16:42:22  [SLOT] n=426 tx=23 ack=0 due=0 r=0
16:42:23  [AT] " S,221,73B,000,510,P1,41" (24)
16:42:23  [AT] "SEND OK" (7)
16:42:23  [TX] S,222,73A,000,512,P1,43
16:42:23  [SLOT] n=427 tx=23 ack=0 due=0 r=1
16:42:23  [AT] "AT+CIPSEND=24" (13)
16:42:23  [AT] " S,222,73A,000,512,P1,43" (24)
16:42:23  [AT] "SEND OK" (7)
16:42:24  [TX] S,223,73A,000,513,P1,43
16:42:24  [SLOT] n=428 tx=23 ack=0 due=0 r=1
16:42:24  [AT] "AT+CIPSEND=24" (13)
16:42:24  [AT] " S,223,73A,000,513,P1,43" (24)
16:42:24  [AT] "SEND OK" (7)
16:42:25  [TX] S,224,73A,000,514,P1,43
16:42:25  [SLOT] n=429 tx=23 ack=0 due=0 r=1
16:42:25  [AT] "AT+CIPSEND=24" (13)
16:42:25  [AT] " S,224,73A,000,514,P1,43" (24)
16:42:25  [AT] "SEND OK" (7)
16:42:26  [TX] S,225,738,000,516,P1,39
16:42:26  [SLOT] n=430 tx=23 ack=0 due=0 r=1
16:42:26  [AT] "AT+CIPSEND=24" (13)
16:42:26  [AT] " S,225,738,000,516,P1,39" (24)
16:42:26  [AT] "SEND OK" (7)
16:42:27  [AT] "" (0)
16:42:27  [AT] "[System Ready, Vendor:www.ai-thinker.com]" (41)
16:42:28  [TX-RESYNC] 프롬프트 놓침 → 더미 24바이트로 스트림 복구(서버는 이 줄을 버린다)
16:42:28  [TX-DROP] S,226,738,000,517,P1,3B
16:42:28  [NET] 전송 실패 1/3
16:42:28  [SLOT] n=431 tx=23 ack=0 due=0 r=0
16:42:28  [AT] "Error" (5)
16:42:28  [AT] "AT+CIPSEND=24" (13)
16:42:29  [TX-RESYNC] 프롬프트 놓침 → 더미 24바이트로 스트림 복구(서버는 이 줄을 버린다)
16:42:29  [TX-DROP] S,226,738,000,518,P1,34
16:42:29  [NET] 전송 실패 2/3
16:42:29  [SLOT] n=432 tx=23 ack=0 due=0 r=0
16:42:29  [AT] "Error" (5)
16:42:29  [AT] "AT+CIPSEND=24" (13)
16:42:30  [TX-RESYNC] 프롬프트 놓침 → 더미 24바이트로 스트림 복구(서버는 이 줄을 버린다)
16:42:30  [TX-DROP] S,226,738,000,519,P1,35
16:42:30  [NET] 전송 실패 3/3
16:42:30  [NET] 전송 3회 연속 실패 → 오프라인 전환. 낡은 소켓부터 닫는다(CIPCLOSE)
16:42:30  [SLOT] n=433 tx=23 ack=0 due=0 r=0
16:42:30  [DIAG] offline step=6 사다리=0/0 rx=14117 lines=772 up=519s
16:42:30  [NET] 6 CIPCLOSE (낡은 소켓 닫기)
16:42:30  [AT] "Error" (5)
16:42:30  [AT] "AT+CIPCLOSE" (11)
16:42:30  [AT] "ERROR" (5)
16:42:30  [AT] "AT+CIPSEND=24" (13)
16:42:31  [NET] 3 CIFSR (IP 를 실제로 받았는가)
16:42:31  [AT] "AT+CIFSR" (8)
16:42:31  [AT] "192.168.0.214" (13)
16:42:31  [NET] ★ IP 확보: 192.168.0.214
16:42:31  [AT] "OK" (2)
16:42:31  [NET] 4 CIPMUX=0
16:42:31  [AT] "AT+CIPMUX=0" (11)
16:42:31  [AT] "OK" (2)
16:42:31  [NET] CIPMUX=0 적용됨 → CIPSTART
16:42:32  [NET] 5 CIPSTART
16:42:32  [AT] "AT+CIPSTART="TCP","192.168.0.29",9991" (37)
16:42:32  [AT] "OK" (2)
16:42:32  [AT] "Linked" (6)
16:42:32  [NET] online (CONNECT) + 캐시 비움
16:42:32  [TX] S,226,739,000,522,P1,3C
16:42:32  [SLOT] n=435 tx=23 ack=0 due=0 r=1
16:42:32  [AT] "AT+CIPSEND=24" (13)
16:42:32  [AT] " S,226,739,000,522,P1,3C" (24)
16:42:32  [AT] "SEND OK" (7)
16:42:34  [TX] D,*,7,12,5A
16:42:34  D,A1,IP,01
16:42:34  D,A2,IP,02
16:42:34  D,A3,IP,03
16:42:34  D,A4,IP,04
16:42:34  D,A5,IP,05
16:42:34  D,B1,IP,02
16:42:34  D,B2,IP,01
16:42:34  D,B3,IP,00
16:42:34  D,B4,IP,07
16:42:34  D,B5,IP,06
16:42:34  D,E1,OB,11
16:42:34  D,X1,OB,0C
16:42:34  [REG] 등록 전송 143B
16:42:34  [SLOT] n=436 tx=143 ack=0 due=0 r=1
16:42:34  [AT] "AT+CIPSEND=144" (14)
16:42:35  [TX-WAIT] 앞 전송의 SEND OK 를 아직 못 봤다 — 이번 주기는 건너뛴다
16:42:35  [SLOT] n=437 tx=23 ack=0 due=0 r=0
16:42:36  [TX-WAIT] ★ T1 초과 — 그래도 계속 기다린다(두들기지 않는다)
16:42:36  [TX-WAIT] 앞 전송의 SEND OK 를 아직 못 봤다 — 이번 주기는 건너뛴다
16:42:36  [SLOT] n=438 tx=23 ack=0 due=0 r=0
16:42:37  [AT] " D,*,7,12,5AD,A1,IP,01D,A2" (26)
16:42:37  [AT] "+IPD,5:Q,7D" (11)
16:42:37  [REG] Q 수신 — 다음 송신 창에 등록을 다시 보낸다
16:42:37  [AT] "OK" (2)
16:42:37  [TX-WAIT] 앞 전송의 SEND OK 를 아직 못 봤다 — 이번 주기는 건너뛴다
16:42:37  [REG] 등록 실패 143B
16:42:37  [SLOT] n=439 tx=143 ack=0 due=0 r=0
16:42:38  [TX-WAIT] 앞 전송의 SEND OK 를 아직 못 봤다 — 이번 주기는 건너뛴다
16:42:38  [REG] 등록 실패 143B
16:42:38  [SLOT] n=440 tx=143 ack=0 due=0 r=0
16:42:39  [AT] "+IPD,5:Q,7D" (11)
16:42:39  [SLOT-OOW] +343ms
16:42:39  [REG] Q 수신 — 다음 송신 창에 등록을 다시 보낸다
16:42:39  [AT] "OK" (2)
16:42:39  [TX-WAIT] 앞 전송의 SEND OK 를 아직 못 봤다 — 이번 주기는 건너뛴다
16:42:39  [REG] 등록 실패 143B
16:42:39  [SLOT] n=441 tx=143 ack=0 due=0 r=0
16:42:41  [TX-WAIT] 앞 전송의 SEND OK 를 아직 못 봤다 — 이번 주기는 건너뛴다
16:42:41  [REG] 등록 실패 143B
16:42:41  [SLOT] n=442 tx=143 ack=0 due=0 r=0
16:42:42  [TX-WAIT] ★★ T2 초과 — SEND OK 가 끝내 안 온다 → 링크를 다시 세운다
16:42:42  [REG] 등록 실패 143B
16:42:42  [SLOT] n=443 tx=143 ack=0 due=0 r=0
16:42:42  [DIAG] offline step=6 사다리=0/0 rx=14388 lines=793 up=531s
16:42:42  [NET] 6 CIPCLOSE (낡은 소켓 닫기)
16:42:43  [NET] 3 CIFSR (IP 를 실제로 받았는가)
16:42:45  [DIAG] offline step=3 사다리=0/0 rx=14409 lines=793 up=534s
16:42:45  [NET] 3 CIFSR (IP 를 실제로 받았는가)
16:42:48  [NET] 3 CIFSR (IP 를 실제로 받았는가)
16:42:48  [NET] ★ ESP 가 IP 를 잃었다 — 모듈 리셋으로 본다. 누적 사건 3
16:42:48  [NET] CIFSR 3회에도 IP 가 없다 → CWJAP 부터 다시
16:42:48  [LADDER] 실패(CWJAP FAIL) CWJAP소요 134s · 연속 0회 · 결합유지 103s · 현재 0단(0회 누적)
16:42:48  [LADDER] ↑↑ 단 상승 → 1단
16:42:48  [LADDER] 1단 조치: 시리얼 드레인 9바이트 버림 + 줄 조립 초기화
16:42:48  [DIAG] offline step=2 사다리=1/0 rx=14421 lines=793 up=537s
16:42:49  «tap» 살아있음 — 최근 60초 rx=9120B (이 줄이 끊기면 탭이 죽은 것이다)
16:42:49  [NET] 2 CWJAP (응답까지 최대 30초 기다린다)
16:42:50  [CNT] up=540 drop=6 esprst=3 hwrst=0/0 resync=8 sendfail=0 okto=4 stuck=4 ackq=0 ackdrop=0 ackstale=0 slot=450 oow=1 smiss=3 ssovf=0 cksumng=1 okstream=223 penddrop=6 pendfill=231 bigfill=6 bigdrop=0 bigokst=5 oklost=0 bigoklost=0 skip=26 online=0
16:42:50  [RAM] 최저 여유 614 B · 프롬프트 재동기 8회 (서버의 '버린줄' 과 맞아야 한다)
16:42:51  [DIAG] offline step=2 사다리=1/0 rx=14454 lines=793 up=540s
16:42:54  [DIAG] offline step=2 사다리=1/0 rx=14454 lines=793 up=543s
16:42:57  [DIAG] offline step=2 사다리=1/0 rx=14454 lines=793 up=546s
16:43:00  [DIAG] offline step=2 사다리=1/0 rx=14454 lines=793 up=549s
16:43:03  [DIAG] offline step=2 사다리=1/0 rx=14454 lines=793 up=552s
16:43:06  [DIAG] offline step=2 사다리=1/0 rx=14454 lines=793 up=555s
16:43:09  [DIAG] offline step=2 사다리=1/0 rx=14454 lines=793 up=558s
16:43:12  [DIAG] offline step=2 사다리=1/0 rx=14454 lines=793 up=561s
16:43:15  [DIAG] offline step=2 사다리=1/0 rx=14454 lines=793 up=564s
16:43:18  [DIAG] offline step=2 사다리=1/0 rx=14454 lines=793 up=567s
16:43:19  [LADDER] 실패(CWJAP 무응답) CWJAP소요 29s · 연속 1회 · 결합유지 없음 · 현재 1단(0회 누적)
16:43:19  [LADDER] 1단 조치: 시리얼 드레인 0바이트 버림 + 줄 조립 초기화
16:43:19  [NET] 3 CIFSR (IP 를 실제로 받았는가)
16:43:21  [DIAG] offline step=3 사다리=1/1 rx=14463 lines=793 up=570s
16:43:22  [NET] 3 CIFSR (IP 를 실제로 받았는가)
16:43:24  [DIAG] offline step=3 사다리=1/1 rx=14472 lines=793 up=573s
16:43:24  [NET] 3 CIFSR (IP 를 실제로 받았는가)
16:43:24  [NET] CIFSR 3회에도 IP 가 없다 → CWJAP 부터 다시
16:43:24  [LADDER] 실패(CWJAP FAIL) CWJAP소요 35s · 연속 1회 · 결합유지 없음 · 현재 1단(1회 누적)
16:43:24  [LADDER] ↑↑ 단 상승 → 2단
16:43:24  [LADDER] 2단 조치: 5초 쉬고 AT+CWQAP 로 결합을 명시적으로 끊은 뒤 다시 붙는다
16:43:27  [DIAG] offline step=10 사다리=2/0 rx=14481 lines=793 up=576s
16:43:29  [NET] 10 CWQAP (결합 해제 — 사다리 2단)
16:43:29  [AT] "AT+CIFSRAT+CIFSRAT+CIFSRAT+CWQAP" (32)
16:43:29  [AT] "busy s..." (9)
16:43:29  [NET] busy — ESP 가 앞 명령을 처리 중이다. 전진하지 않는다
16:43:29  [AT] "SEND OK" (7)
16:43:30  [DIAG] offline step=2 사다리=2/0 rx=14514 lines=796 up=579s
16:43:32  [NET] 2 CWJAP (응답까지 최대 30초 기다린다)
16:43:32  [AT] "AT+CWJAP="3F_302","0424719222!!"" (32)
16:43:32  [AT] "ERROR" (5)
16:43:32  [NET] ★ CWJAP 실패 2회 (구형 펌웨어는 사유를 주지 않는다)
16:43:32  [LADDER] 실패(CWJAP FAIL) CWJAP소요 0s · 연속 2회 · 결합유지 없음 · 현재 2단(0회 누적)
16:43:32  [LADDER] 2단 조치: 5초 쉬고 AT+CWQAP 로 결합을 명시적으로 끊은 뒤 다시 붙는다
16:43:32  [AT] "Unlink" (6)
16:43:33  [NET] 3 CIFSR (IP 를 실제로 받았는가)
16:43:33  [AT] "AT+CIFSR" (8)
16:43:33  [DIAG] offline step=3 사다리=2/1 rx=14577 lines=800 up=582s
16:43:34  [AT] "0.0.0.0" (7)
16:43:34  [AT] "OK" (2)
16:43:35  [NET] 3 CIFSR (IP 를 실제로 받았는가)
16:43:35  [AT] "AT+CIFSR" (8)
16:43:35  [AT] "0.0.0.0" (7)
16:43:35  [AT] "OK" (2)
16:43:36  [DIAG] offline step=3 사다리=2/1 rx=14618 lines=805 up=585s
16:43:37  [AT] "OK" (2)
16:43:38  [NET] 3 CIFSR (IP 를 실제로 받았는가)
16:43:38  [NET] CIFSR 3회에도 IP 가 없다 → CWJAP 부터 다시
16:43:38  [LADDER] 실패(CWJAP FAIL) CWJAP소요 5s · 연속 2회 · 결합유지 없음 · 현재 2단(1회 누적)
16:43:38  [LADDER] ↑↑ 단 상승 → 3단
16:43:38  [LADDER] 3단 조치: 15초 쉬고 AT+RST (모듈 소프트 리셋)
16:43:38  [AT] "AT+CIFSR" (8)
16:43:38  [AT] "192.168.0.214" (13)
16:43:38  [NET] ★ IP 확보: 192.168.0.214
16:43:38  [AT] "OK" (2)
16:43:38  [NET] 4 CIPMUX=0
16:43:38  [AT] "AT+CIPMUX=0" (11)
16:43:38  [AT] "OK" (2)
16:43:38  [NET] CIPMUX=0 적용됨 → CIPSTART
16:43:38  [NET] 5 CIPSTART
16:43:38  [AT] "AT+CIPSTART="TCP","192.168.0.29",9991" (37)
16:43:38  [AT] "OK" (2)
16:43:38  [AT] "Linked" (6)
16:43:38  [NET] online (CONNECT) + 캐시 비움
16:43:38  [TX] S,228,739,000,588,P1,32
16:43:38  [SLOT] n=490 tx=23 ack=0 due=194 r=1
16:43:38  [AT] "AT+CIPSEND=24" (13)
16:43:39  [AT] " S,228,739,000,588,P1,32" (24)
16:43:39  [AT] "SEND OK" (7)
16:43:40  [TX] D,*,7,12,5A
16:43:40  D,A1,IP,01
16:43:40  D,A2,IP,02
16:43:40  D,A3,IP,03
16:43:40  D,A4,IP,04
16:43:40  D,A5,IP,05
16:43:40  D,B1,IP,02
16:43:40  D,B2,IP,01
16:43:40  D,B3,IP,00
16:43:40  D,B4,IP,07
16:43:40  D,B5,IP,06
16:43:40  D,E1,OB,11
16:43:40  D,X1,OB,0C
16:43:40  [REG] 등록 전송 143B
16:43:40  [SLOT] n=491 tx=143 ack=0 due=0 r=1
16:43:40  [AT] "AT+CIPSEND=144" (14)
16:43:41  [TX-WAIT] 앞 전송의 SEND OK 를 아직 못 봤다 — 이번 주기는 건너뛴다
16:43:41  [SLOT] n=492 tx=23 ack=0 due=0 r=0
16:43:41  [DROP-OVF] 줄이 96바이트를 넘어 버렸다
16:43:41  [AT] "SEND OK" (7)
16:43:42  [TX] S,230,739,000,591,P1,33
16:43:42  [SLOT] n=493 tx=23 ack=0 due=0 r=1
16:43:42  [AT] "AT+CIPSEND=24" (13)
16:43:42  [AT] " S,230,739,000,591,P1,33" (24)
16:43:42  [AT] "SEND OK" (7)
16:43:43  [TX] S,231,739,000,592,P1,31
16:43:43  [SLOT] n=494 tx=23 ack=0 due=0 r=1
16:43:43  [AT] "AT+CIPSEND=24" (13)
16:43:43  [AT] " S,231,739,000,592,P1,31" (24)
16:43:43  [AT] "SEND OK" (7)
16:43:44  [TX] S,232,739,000,594,P1,34
16:43:44  [SLOT] n=495 tx=23 ack=0 due=0 r=1
16:43:44  [AT] "AT+CIPSEND=24" (13)
16:43:44  [AT] " S,232,739,000,594,P1,34" (24)
16:43:44  [AT] "SEND OK" (7)
16:43:45  [TX] S,233,739,000,595,P1,34
16:43:45  [SLOT] n=496 tx=23 ack=0 due=0 r=1
16:43:45  [AT] "AT+CIPSEND=24" (13)
16:43:46  [AT] " S,233,739,000,595,P1,34" (24)
16:43:46  [AT] "SEND OK" (7)
16:43:47  «tap» 캡처 종료 — SIGTERM 수신. 이 줄이 이 로그의 마지막 경계다.
