21:57:53  «watch» 시작 — 로그=monitor/serial-winAC.log 주기=60s 판정선 bigfill>=300
21:57:54  «watch» 기준 epoch=86063/b15343b+live · **WS접속**=1(최대 4)
21:57:54  «watch» 살아있음 탭=1 rx=기준(첫주기·비교대상없음) · up=? · bigfill=0/300 **흔적**(판정선 미달) · cksumng=? · **WS접속**=1(최대 4) · 이름충돌=0 · 센서갈림=0자리(⚠ **상태값 · 런타임에 움직인다. 표지로 쓰지 마라**)(계기) · 비자리예약=0 · **hwrst=표지없음**
21:58:55  «watch» 살아있음 탭=1 rx=11265B · up=60 · bigfill=1/300 **흔적**(판정선 미달) · cksumng=0 · **WS접속**=1(최대 2) · 이름충돌=0 · 센서갈림=0자리(⚠ **상태값 · 런타임에 움직인다. 표지로 쓰지 마라**)(계기) · 비자리예약=0 · **hwrst=0/0 ⚠ **4단이 *없다*(ESP_RST_WIRED=0). 판정 자료 아님****
21:59:56  🔴 «watch» 서버 epoch 변경 86063/b15343b+live → 92190/b15343b+live2 — **창을 닫아야 한다**
21:59:56  «watch» 살아있음 탭=1 rx=13285B · up=120 · bigfill=2/300 **흔적**(판정선 미달) · cksumng=0 · **WS접속**=1(최대 2) · 이름충돌=0 · 센서갈림=0자리(⚠ **상태값 · 런타임에 움직인다. 표지로 쓰지 마라**)(계기) · 비자리예약=0 · **hwrst=0/0 ⚠ **4단이 *없다*(ESP_RST_WIRED=0). 판정 자료 아님****
22:00:56  🔴 «watch» 서버 epoch 변경 86063/b15343b+live → 96024/b15343b — **창을 닫아야 한다**
22:00:57  «watch» 살아있음 탭=1 rx=11575B · up=180 · bigfill=3/300 **흔적**(판정선 미달) · cksumng=0 · **WS접속**=1(최대 1) · 이름충돌=0 · 센서갈림=0자리(⚠ **상태값 · 런타임에 움직인다. 표지로 쓰지 마라**)(계기) · 비자리예약=0 · **hwrst=0/0 ⚠ **4단이 *없다*(ESP_RST_WIRED=0). 판정 자료 아님**** · 🔴 사건: smiss 1→2
22:01:57  🔴 «watch» 서버 epoch 변경 86063/b15343b+live → 96024/b15343b — **창을 닫아야 한다**
22:01:58  «watch» 살아있음 탭=1 rx=10266B · up=240 · bigfill=3/300 **흔적**(판정선 미달) · cksumng=0 · **WS접속**=1(최대 2) · 이름충돌=0 · 센서갈림=0자리(⚠ **상태값 · 런타임에 움직인다. 표지로 쓰지 마라**)(계기) · 비자리예약=0 · **hwrst=0/0 ⚠ **4단이 *없다*(ESP_RST_WIRED=0). 판정 자료 아님****
22:02:58  🔴 «watch» 서버 epoch 변경 86063/b15343b+live → 96024/b15343b — **창을 닫아야 한다**
22:02:58  «watch» 살아있음 탭=1 rx=10074B · up=300 · bigfill=3/300 **흔적**(판정선 미달) · cksumng=0 · **WS접속**=1(최대 2) · 이름충돌=0 · 센서갈림=0자리(⚠ **상태값 · 런타임에 움직인다. 표지로 쓰지 마라**)(계기) · 비자리예약=0 · **hwrst=0/0 ⚠ **4단이 *없다*(ESP_RST_WIRED=0). 판정 자료 아님****
22:03:59  🔴 «watch» 서버 epoch 변경 86063/b15343b+live → 96024/b15343b — **창을 닫아야 한다**
22:03:59  «watch» 살아있음 탭=1 rx=10266B · up=360 · bigfill=3/300 **흔적**(판정선 미달) · cksumng=0 · **WS접속**=1(최대 2) · 이름충돌=0 · 센서갈림=0자리(⚠ **상태값 · 런타임에 움직인다. 표지로 쓰지 마라**)(계기) · 비자리예약=0 · **hwrst=0/0 ⚠ **4단이 *없다*(ESP_RST_WIRED=0). 판정 자료 아님****
22:05:00  🔴 «watch» 서버 epoch 변경 86063/b15343b+live → 96024/b15343b — **창을 닫아야 한다**
22:05:00  «watch» 살아있음 탭=1 rx=10074B · up=420 · bigfill=3/300 **흔적**(판정선 미달) · cksumng=0 · **WS접속**=2(최대 2) · 이름충돌=0 · 센서갈림=0자리(⚠ **상태값 · 런타임에 움직인다. 표지로 쓰지 마라**)(계기) · 비자리예약=0 · **hwrst=0/0 ⚠ **4단이 *없다*(ESP_RST_WIRED=0). 판정 자료 아님****
22:06:00  🔴 «watch» 서버 epoch 변경 86063/b15343b+live → 96024/b15343b — **창을 닫아야 한다**
22:06:01  «watch» 살아있음 탭=1 rx=10266B · up=480 · bigfill=3/300 **흔적**(판정선 미달) · cksumng=0 · **WS접속**=1(최대 2) · 이름충돌=0 · 센서갈림=0자리(⚠ **상태값 · 런타임에 움직인다. 표지로 쓰지 마라**)(계기) · 비자리예약=0 · **hwrst=0/0 ⚠ **4단이 *없다*(ESP_RST_WIRED=0). 판정 자료 아님****
22:07:01  🔴 «watch» 서버 epoch 변경 86063/b15343b+live → 96024/b15343b — **창을 닫아야 한다**
22:07:02  «watch» 살아있음 탭=1 rx=10074B · up=540 · bigfill=3/300 **흔적**(판정선 미달) · cksumng=0 · **WS접속**=1(최대 2) · 이름충돌=0 · 센서갈림=0자리(⚠ **상태값 · 런타임에 움직인다. 표지로 쓰지 마라**)(계기) · 비자리예약=0 · **hwrst=0/0 ⚠ **4단이 *없다*(ESP_RST_WIRED=0). 판정 자료 아님****
22:08:02  🔴 «watch» 서버 epoch 변경 86063/b15343b+live → 96024/b15343b — **창을 닫아야 한다**
22:08:02  «watch» 살아있음 탭=1 rx=10266B · up=600 · bigfill=3/300 **흔적**(판정선 미달) · cksumng=0 · **WS접속**=1(최대 2) · 이름충돌=0 · 센서갈림=0자리(⚠ **상태값 · 런타임에 움직인다. 표지로 쓰지 마라**)(계기) · 비자리예약=0 · **hwrst=0/0 ⚠ **4단이 *없다*(ESP_RST_WIRED=0). 판정 자료 아님****
22:09:03  🔴 «watch» 서버 epoch 변경 86063/b15343b+live → 96024/b15343b — **창을 닫아야 한다**
22:09:03  «watch» 살아있음 탭=1 rx=10266B · up=660 · bigfill=3/300 **흔적**(판정선 미달) · cksumng=0 · **WS접속**=1(최대 2) · 이름충돌=0 · 센서갈림=0자리(⚠ **상태값 · 런타임에 움직인다. 표지로 쓰지 마라**)(계기) · 비자리예약=0 · **hwrst=0/0 ⚠ **4단이 *없다*(ESP_RST_WIRED=0). 판정 자료 아님****
22:10:04  🔴 «watch» 서버 epoch 변경 86063/b15343b+live → 96024/b15343b — **창을 닫아야 한다**
22:10:04  «watch» 살아있음 탭=1 rx=10074B · up=720 · bigfill=3/300 **흔적**(판정선 미달) · cksumng=0 · **WS접속**=1(최대 2) · 이름충돌=0 · 센서갈림=0자리(⚠ **상태값 · 런타임에 움직인다. 표지로 쓰지 마라**)(계기) · 비자리예약=0 · **hwrst=0/0 ⚠ **4단이 *없다*(ESP_RST_WIRED=0). 판정 자료 아님****
22:11:04  🔴 «watch» 서버 epoch 변경 86063/b15343b+live → 96024/b15343b — **창을 닫아야 한다**
22:11:05  «watch» 살아있음 탭=1 rx=10266B · up=780 · bigfill=3/300 **흔적**(판정선 미달) · cksumng=0 · **WS접속**=1(최대 2) · 이름충돌=0 · 센서갈림=0자리(⚠ **상태값 · 런타임에 움직인다. 표지로 쓰지 마라**)(계기) · 비자리예약=0 · **hwrst=0/0 ⚠ **4단이 *없다*(ESP_RST_WIRED=0). 판정 자료 아님****
22:12:05  🔴 «watch» 서버 epoch 변경 86063/b15343b+live → 96024/b15343b — **창을 닫아야 한다**
22:12:06  «watch» 살아있음 탭=1 rx=10000B · up=840 · bigfill=3/300 **흔적**(판정선 미달) · cksumng=0 · **WS접속**=1(최대 2) · 이름충돌=0 · 센서갈림=0자리(⚠ **상태값 · 런타임에 움직인다. 표지로 쓰지 마라**)(계기) · 비자리예약=0 · **hwrst=0/0 ⚠ **4단이 *없다*(ESP_RST_WIRED=0). 판정 자료 아님****
22:13:06  🔴 «watch» 서버 epoch 변경 86063/b15343b+live → 96024/b15343b — **창을 닫아야 한다**
22:13:07  «watch» 살아있음 탭=1 rx=10099B · up=900 · bigfill=3/300 **흔적**(판정선 미달) · cksumng=0 · **WS접속**=1(최대 2) · 이름충돌=0 · 센서갈림=0자리(⚠ **상태값 · 런타임에 움직인다. 표지로 쓰지 마라**)(계기) · 비자리예약=0 · **hwrst=0/0 ⚠ **4단이 *없다*(ESP_RST_WIRED=0). 판정 자료 아님****
22:14:07  🔴 «watch» 서버 epoch 변경 86063/b15343b+live → 96024/b15343b — **창을 닫아야 한다**
22:14:07  «watch» 살아있음 탭=1 rx=10266B · up=960 · bigfill=3/300 **흔적**(판정선 미달) · cksumng=0 · **WS접속**=1(최대 2) · 이름충돌=0 · 센서갈림=0자리(⚠ **상태값 · 런타임에 움직인다. 표지로 쓰지 마라**)(계기) · 비자리예약=0 · **hwrst=0/0 ⚠ **4단이 *없다*(ESP_RST_WIRED=0). 판정 자료 아님****
22:15:08  🔴 «watch» 서버 epoch 변경 86063/b15343b+live → 96024/b15343b — **창을 닫아야 한다**
22:15:08  «watch» 살아있음 탭=1 rx=10306B · up=1020 · bigfill=3/300 **흔적**(판정선 미달) · cksumng=0 · **WS접속**=1(최대 2) · 이름충돌=0 · 센서갈림=0자리(⚠ **상태값 · 런타임에 움직인다. 표지로 쓰지 마라**)(계기) · 비자리예약=0 · **hwrst=0/0 ⚠ **4단이 *없다*(ESP_RST_WIRED=0). 판정 자료 아님****
22:16:09  🔴 «watch» 서버 epoch 변경 86063/b15343b+live → 96024/b15343b — **창을 닫아야 한다**
22:16:09  «watch» 살아있음 탭=1 rx=10175B · up=1080 · bigfill=3/300 **흔적**(판정선 미달) · cksumng=0 · **WS접속**=1(최대 2) · 이름충돌=0 · 센서갈림=0자리(⚠ **상태값 · 런타임에 움직인다. 표지로 쓰지 마라**)(계기) · 비자리예약=0 · **hwrst=0/0 ⚠ **4단이 *없다*(ESP_RST_WIRED=0). 판정 자료 아님****
22:17:09  🔴 «watch» 서버 epoch 변경 86063/b15343b+live → 96024/b15343b — **창을 닫아야 한다**
22:17:10  «watch» 살아있음 탭=1 rx=10369B · up=1140 · bigfill=3/300 **흔적**(판정선 미달) · cksumng=0 · **WS접속**=1(최대 2) · 이름충돌=0 · 센서갈림=0자리(⚠ **상태값 · 런타임에 움직인다. 표지로 쓰지 마라**)(계기) · 비자리예약=0 · **hwrst=0/0 ⚠ **4단이 *없다*(ESP_RST_WIRED=0). 판정 자료 아님****
22:18:10  🔴 «watch» 서버 epoch 변경 86063/b15343b+live → 96024/b15343b — **창을 닫아야 한다**
22:18:11  «watch» 살아있음 탭=1 rx=10437B · up=1200 · bigfill=3/300 **흔적**(판정선 미달) · cksumng=0 · **WS접속**=2(최대 2) · 이름충돌=0 · 센서갈림=0자리(⚠ **상태값 · 런타임에 움직인다. 표지로 쓰지 마라**)(계기) · 비자리예약=0 · **hwrst=0/0 ⚠ **4단이 *없다*(ESP_RST_WIRED=0). 판정 자료 아님****
22:19:11  🔴 «watch» 서버 epoch 변경 86063/b15343b+live → 96024/b15343b — **창을 닫아야 한다**
22:19:11  «watch» 살아있음 탭=1 rx=10328B · up=1260 · bigfill=3/300 **흔적**(판정선 미달) · cksumng=0 · **WS접속**=1(최대 2) · 이름충돌=0 · 센서갈림=0자리(⚠ **상태값 · 런타임에 움직인다. 표지로 쓰지 마라**)(계기) · 비자리예약=0 · **hwrst=0/0 ⚠ **4단이 *없다*(ESP_RST_WIRED=0). 판정 자료 아님****
22:20:12  🔴 «watch» 서버 epoch 변경 86063/b15343b+live → 96024/b15343b — **창을 닫아야 한다**
22:20:12  «watch» 살아있음 탭=1 rx=10525B · up=1320 · bigfill=3/300 **흔적**(판정선 미달) · cksumng=0 · **WS접속**=1(최대 2) · 이름충돌=0 · 센서갈림=0자리(⚠ **상태값 · 런타임에 움직인다. 표지로 쓰지 마라**)(계기) · 비자리예약=0 · **hwrst=0/0 ⚠ **4단이 *없다*(ESP_RST_WIRED=0). 판정 자료 아님****
22:21:13  🔴 «watch» 서버 epoch 변경 86063/b15343b+live → 96024/b15343b — **창을 닫아야 한다**
22:21:13  «watch» 살아있음 탭=1 rx=10328B · up=1380 · bigfill=3/300 **흔적**(판정선 미달) · cksumng=0 · **WS접속**=1(최대 2) · 이름충돌=0 · 센서갈림=0자리(⚠ **상태값 · 런타임에 움직인다. 표지로 쓰지 마라**)(계기) · 비자리예약=0 · **hwrst=0/0 ⚠ **4단이 *없다*(ESP_RST_WIRED=0). 판정 자료 아님****
22:22:13  🔴 «watch» 서버 epoch 변경 86063/b15343b+live → 96024/b15343b — **창을 닫아야 한다**
22:22:14  «watch» 살아있음 탭=1 rx=10525B · up=1440 · bigfill=3/300 **흔적**(판정선 미달) · cksumng=0 · **WS접속**=1(최대 2) · 이름충돌=0 · 센서갈림=0자리(⚠ **상태값 · 런타임에 움직인다. 표지로 쓰지 마라**)(계기) · 비자리예약=0 · **hwrst=0/0 ⚠ **4단이 *없다*(ESP_RST_WIRED=0). 판정 자료 아님****
22:23:14  🔴 «watch» 서버 epoch 변경 86063/b15343b+live → 96024/b15343b — **창을 닫아야 한다**
22:23:15  «watch» 살아있음 탭=1 rx=10328B · up=1500 · bigfill=3/300 **흔적**(판정선 미달) · cksumng=0 · **WS접속**=1(최대 2) · 이름충돌=0 · 센서갈림=0자리(⚠ **상태값 · 런타임에 움직인다. 표지로 쓰지 마라**)(계기) · 비자리예약=0 · **hwrst=0/0 ⚠ **4단이 *없다*(ESP_RST_WIRED=0). 판정 자료 아님****
22:24:15  🔴 «watch» 서버 epoch 변경 86063/b15343b+live → 96024/b15343b — **창을 닫아야 한다**
22:24:16  «watch» 살아있음 탭=1 rx=10525B · up=1560 · bigfill=3/300 **흔적**(판정선 미달) · cksumng=0 · **WS접속**=1(최대 2) · 이름충돌=0 · 센서갈림=0자리(⚠ **상태값 · 런타임에 움직인다. 표지로 쓰지 마라**)(계기) · 비자리예약=0 · **hwrst=0/0 ⚠ **4단이 *없다*(ESP_RST_WIRED=0). 판정 자료 아님****
22:25:16  🔴 «watch» 서버 epoch 변경 86063/b15343b+live → 96024/b15343b — **창을 닫아야 한다**
22:25:16  «watch» 살아있음 탭=1 rx=10525B · up=1620 · bigfill=3/300 **흔적**(판정선 미달) · cksumng=0 · **WS접속**=1(최대 2) · 이름충돌=0 · 센서갈림=0자리(⚠ **상태값 · 런타임에 움직인다. 표지로 쓰지 마라**)(계기) · 비자리예약=0 · **hwrst=0/0 ⚠ **4단이 *없다*(ESP_RST_WIRED=0). 판정 자료 아님****
22:26:17  🔴 «watch» 서버 epoch 변경 86063/b15343b+live → 96024/b15343b — **창을 닫아야 한다**
22:26:17  «watch» 살아있음 탭=1 rx=10328B · up=1680 · bigfill=3/300 **흔적**(판정선 미달) · cksumng=0 · **WS접속**=1(최대 2) · 이름충돌=0 · 센서갈림=0자리(⚠ **상태값 · 런타임에 움직인다. 표지로 쓰지 마라**)(계기) · 비자리예약=0 · **hwrst=0/0 ⚠ **4단이 *없다*(ESP_RST_WIRED=0). 판정 자료 아님****
22:27:18  🔴 «watch» 서버 epoch 변경 86063/b15343b+live → 96024/b15343b — **창을 닫아야 한다**
22:27:18  «watch» 살아있음 탭=1 rx=10525B · up=1740 · bigfill=3/300 **흔적**(판정선 미달) · cksumng=0 · **WS접속**=1(최대 2) · 이름충돌=0 · 센서갈림=0자리(⚠ **상태값 · 런타임에 움직인다. 표지로 쓰지 마라**)(계기) · 비자리예약=0 · **hwrst=0/0 ⚠ **4단이 *없다*(ESP_RST_WIRED=0). 판정 자료 아님****
22:28:18  🔴 «watch» 서버 epoch 변경 86063/b15343b+live → 96024/b15343b — **창을 닫아야 한다**
22:28:19  «watch» 살아있음 탭=1 rx=10256B · up=1800 · bigfill=3/300 **흔적**(판정선 미달) · cksumng=0 · **WS접속**=1(최대 2) · 이름충돌=0 · 센서갈림=0자리(⚠ **상태값 · 런타임에 움직인다. 표지로 쓰지 마라**)(계기) · 비자리예약=0 · **hwrst=0/0 ⚠ **4단이 *없다*(ESP_RST_WIRED=0). 판정 자료 아님****
22:29:19  🔴 «watch» 서버 epoch 변경 86063/b15343b+live → 96024/b15343b — **창을 닫아야 한다**
22:29:20  «watch» 살아있음 탭=1 rx=10601B · up=1860 · bigfill=3/300 **흔적**(판정선 미달) · cksumng=0 · **WS접속**=1(최대 2) · 이름충돌=0 · 센서갈림=0자리(⚠ **상태값 · 런타임에 움직인다. 표지로 쓰지 마라**)(계기) · 비자리예약=0 · **hwrst=0/0 ⚠ **4단이 *없다*(ESP_RST_WIRED=0). 판정 자료 아님****
22:30:20  🔴 «watch» 서버 epoch 변경 86063/b15343b+live → 96024/b15343b — **창을 닫아야 한다**
22:30:20  «watch» 살아있음 탭=1 rx=10331B · up=1920 · bigfill=3/300 **흔적**(판정선 미달) · cksumng=0 · **WS접속**=1(최대 2) · 이름충돌=0 · 센서갈림=0자리(⚠ **상태값 · 런타임에 움직인다. 표지로 쓰지 마라**)(계기) · 비자리예약=0 · **hwrst=0/0 ⚠ **4단이 *없다*(ESP_RST_WIRED=0). 판정 자료 아님****
