22:40:56  «watch» 시작 — 로그=monitor/serial-winAD.log 주기=60s 판정선 bigfill>=300
22:40:56  «watch» 기준 epoch=24468/600d94c · **WS접속**=1(최대 1)
22:40:57  «watch» 살아있음 탭=1 rx=기준(첫주기·비교대상없음) · up=? · bigfill=0/300 **흔적**(판정선 미달) · cksumng=? · **WS접속**=1(최대 1) · 이름충돌=0 · 센서갈림=0자리(⚠ **상태값 · 런타임에 움직인다. 표지로 쓰지 마라**)(계기) · 비자리예약=0 · **hwrst=표지없음**
22:41:58  «watch» 살아있음 탭=1 rx=9329B · up=? · bigfill=0/300 **흔적**(판정선 미달) · cksumng=? · **WS접속**=1(최대 1) · 이름충돌=0 · 센서갈림=0자리(⚠ **상태값 · 런타임에 움직인다. 표지로 쓰지 마라**)(계기) · 비자리예약=0 · **hwrst=표지없음**
22:42:58  🔴 «watch» 서버 epoch 변경 24468/600d94c → 38393/600d94c+fire — **창을 닫아야 한다**
22:42:59  «watch» 살아있음 탭=1 rx=11700B · up=60 · bigfill=1/300 **흔적**(판정선 미달) · cksumng=0 · **WS접속**=1(최대 1) · 이름충돌=0 · 센서갈림=0자리(⚠ **상태값 · 런타임에 움직인다. 표지로 쓰지 마라**)(계기) · 비자리예약=0 · **hwrst=0/0 ⚠ **4단이 *없다*(ESP_RST_WIRED=0). 판정 자료 아님****
22:43:59  🔴 «watch» 서버 epoch 변경 24468/600d94c → 38393/600d94c+fire — **창을 닫아야 한다**
22:44:00  «watch» 살아있음 탭=1 rx=10610B · up=180 · bigfill=3/300 **흔적**(판정선 미달) · cksumng=0 · **WS접속**=1(최대 1) · 이름충돌=0 · 센서갈림=0자리(⚠ **상태값 · 런타임에 움직인다. 표지로 쓰지 마라**)(계기) · 비자리예약=0 · **hwrst=0/0 ⚠ **4단이 *없다*(ESP_RST_WIRED=0). 판정 자료 아님**** · 🔴 사건: smiss 1→2
22:45:00  🔴 «watch» 서버 epoch 변경 24468/600d94c → 38393/600d94c+fire — **창을 닫아야 한다**
22:45:00  «watch» 살아있음 탭=1 rx=10073B · up=240 · bigfill=3/300 **흔적**(판정선 미달) · cksumng=0 · **WS접속**=1(최대 1) · 이름충돌=0 · 센서갈림=0자리(⚠ **상태값 · 런타임에 움직인다. 표지로 쓰지 마라**)(계기) · 비자리예약=0 · **hwrst=0/0 ⚠ **4단이 *없다*(ESP_RST_WIRED=0). 판정 자료 아님****
22:46:01  🔴 «watch» 서버 epoch 변경 24468/600d94c → 48254/600d94c — **창을 닫아야 한다**
22:46:01  «watch» 살아있음 탭=1 rx=11353B · up=300 · bigfill=4/300 **흔적**(판정선 미달) · cksumng=0 · **WS접속**=1(최대 1) · 이름충돌=0 · 센서갈림=0자리(⚠ **상태값 · 런타임에 움직인다. 표지로 쓰지 마라**)(계기) · 비자리예약=0 · **hwrst=0/0 ⚠ **4단이 *없다*(ESP_RST_WIRED=0). 판정 자료 아님**** · 🔴 사건: smiss 2→3
22:47:02  🔴 «watch» 서버 epoch 변경 24468/600d94c → 48254/600d94c — **창을 닫아야 한다**
22:47:02  «watch» 살아있음 탭=1 rx=10073B · up=360 · bigfill=4/300 **흔적**(판정선 미달) · cksumng=0 · **WS접속**=1(최대 1) · 이름충돌=0 · 센서갈림=0자리(⚠ **상태값 · 런타임에 움직인다. 표지로 쓰지 마라**)(계기) · 비자리예약=0 · **hwrst=0/0 ⚠ **4단이 *없다*(ESP_RST_WIRED=0). 판정 자료 아님****
22:48:02  🔴 «watch» 서버 epoch 변경 24468/600d94c → 48254/600d94c — **창을 닫아야 한다**
22:48:03  «watch» 살아있음 탭=1 rx=10265B · up=420 · bigfill=4/300 **흔적**(판정선 미달) · cksumng=0 · **WS접속**=1(최대 1) · 이름충돌=0 · 센서갈림=0자리(⚠ **상태값 · 런타임에 움직인다. 표지로 쓰지 마라**)(계기) · 비자리예약=0 · **hwrst=0/0 ⚠ **4단이 *없다*(ESP_RST_WIRED=0). 판정 자료 아님****
22:49:03  🔴 «watch» 서버 epoch 변경 24468/600d94c → 48254/600d94c — **창을 닫아야 한다**
22:49:04  «watch» 살아있음 탭=1 rx=10073B · up=480 · bigfill=4/300 **흔적**(판정선 미달) · cksumng=0 · **WS접속**=1(최대 1) · 이름충돌=0 · 센서갈림=0자리(⚠ **상태값 · 런타임에 움직인다. 표지로 쓰지 마라**)(계기) · 비자리예약=0 · **hwrst=0/0 ⚠ **4단이 *없다*(ESP_RST_WIRED=0). 판정 자료 아님****
22:50:04  🔴 «watch» 서버 epoch 변경 24468/600d94c → 48254/600d94c — **창을 닫아야 한다**
22:50:05  «watch» 살아있음 탭=1 rx=10265B · up=540 · bigfill=4/300 **흔적**(판정선 미달) · cksumng=0 · **WS접속**=1(최대 1) · 이름충돌=0 · 센서갈림=0자리(⚠ **상태값 · 런타임에 움직인다. 표지로 쓰지 마라**)(계기) · 비자리예약=0 · **hwrst=0/0 ⚠ **4단이 *없다*(ESP_RST_WIRED=0). 판정 자료 아님****
22:51:05  🔴 «watch» 서버 epoch 변경 24468/600d94c → 48254/600d94c — **창을 닫아야 한다**
22:51:05  «watch» 살아있음 탭=1 rx=10265B · up=600 · bigfill=4/300 **흔적**(판정선 미달) · cksumng=0 · **WS접속**=1(최대 1) · 이름충돌=0 · 센서갈림=0자리(⚠ **상태값 · 런타임에 움직인다. 표지로 쓰지 마라**)(계기) · 비자리예약=0 · **hwrst=0/0 ⚠ **4단이 *없다*(ESP_RST_WIRED=0). 판정 자료 아님****
22:52:06  🔴 «watch» 서버 epoch 변경 24468/600d94c → 48254/600d94c — **창을 닫아야 한다**
22:52:06  «watch» 살아있음 탭=1 rx=10073B · up=660 · bigfill=4/300 **흔적**(판정선 미달) · cksumng=0 · **WS접속**=1(최대 1) · 이름충돌=0 · 센서갈림=0자리(⚠ **상태값 · 런타임에 움직인다. 표지로 쓰지 마라**)(계기) · 비자리예약=0 · **hwrst=0/0 ⚠ **4단이 *없다*(ESP_RST_WIRED=0). 판정 자료 아님****
22:53:07  🔴 «watch» 서버 epoch 변경 24468/600d94c → 48254/600d94c — **창을 닫아야 한다**
22:53:07  «watch» 살아있음 탭=1 rx=10265B · up=720 · bigfill=4/300 **흔적**(판정선 미달) · cksumng=0 · **WS접속**=1(최대 1) · 이름충돌=0 · 센서갈림=0자리(⚠ **상태값 · 런타임에 움직인다. 표지로 쓰지 마라**)(계기) · 비자리예약=0 · **hwrst=0/0 ⚠ **4단이 *없다*(ESP_RST_WIRED=0). 판정 자료 아님****
22:54:07  🔴 «watch» 서버 epoch 변경 24468/600d94c → 48254/600d94c — **창을 닫아야 한다**
22:54:08  «watch» 살아있음 탭=1 rx=10073B · up=780 · bigfill=4/300 **흔적**(판정선 미달) · cksumng=0 · **WS접속**=1(최대 1) · 이름충돌=0 · 센서갈림=0자리(⚠ **상태값 · 런타임에 움직인다. 표지로 쓰지 마라**)(계기) · 비자리예약=0 · **hwrst=0/0 ⚠ **4단이 *없다*(ESP_RST_WIRED=0). 판정 자료 아님****
22:55:08  🔴 «watch» 서버 epoch 변경 24468/600d94c → 48254/600d94c — **창을 닫아야 한다**
22:55:09  «watch» 살아있음 탭=1 rx=10265B · up=840 · bigfill=4/300 **흔적**(판정선 미달) · cksumng=0 · **WS접속**=1(최대 1) · 이름충돌=0 · 센서갈림=0자리(⚠ **상태값 · 런타임에 움직인다. 표지로 쓰지 마라**)(계기) · 비자리예약=0 · **hwrst=0/0 ⚠ **4단이 *없다*(ESP_RST_WIRED=0). 판정 자료 아님****
22:56:09  🔴 «watch» 서버 epoch 변경 24468/600d94c → 48254/600d94c — **창을 닫아야 한다**
22:56:10  «watch» 살아있음 탭=1 rx=10073B · up=900 · bigfill=4/300 **흔적**(판정선 미달) · cksumng=0 · **WS접속**=1(최대 1) · 이름충돌=0 · 센서갈림=0자리(⚠ **상태값 · 런타임에 움직인다. 표지로 쓰지 마라**)(계기) · 비자리예약=0 · **hwrst=0/0 ⚠ **4단이 *없다*(ESP_RST_WIRED=0). 판정 자료 아님****
22:57:10  🔴 «watch» 서버 epoch 변경 24468/600d94c → 48254/600d94c — **창을 닫아야 한다**
22:57:10  «watch» 살아있음 탭=1 rx=10265B · up=960 · bigfill=4/300 **흔적**(판정선 미달) · cksumng=0 · **WS접속**=1(최대 1) · 이름충돌=0 · 센서갈림=0자리(⚠ **상태값 · 런타임에 움직인다. 표지로 쓰지 마라**)(계기) · 비자리예약=0 · **hwrst=0/0 ⚠ **4단이 *없다*(ESP_RST_WIRED=0). 판정 자료 아님****
22:58:11  🔴 «watch» 서버 epoch 변경 24468/600d94c → 48254/600d94c — **창을 닫아야 한다**
22:58:11  «watch» 살아있음 탭=1 rx=10122B · up=1020 · bigfill=4/300 **흔적**(판정선 미달) · cksumng=0 · **WS접속**=1(최대 1) · 이름충돌=0 · 센서갈림=0자리(⚠ **상태값 · 런타임에 움직인다. 표지로 쓰지 마라**)(계기) · 비자리예약=0 · **hwrst=0/0 ⚠ **4단이 *없다*(ESP_RST_WIRED=0). 판정 자료 아님****
22:59:12  🔴 «watch» 서버 epoch 변경 24468/600d94c → 48254/600d94c — **창을 닫아야 한다**
22:59:12  «watch» 살아있음 탭=1 rx=10368B · up=1080 · bigfill=4/300 **흔적**(판정선 미달) · cksumng=0 · **WS접속**=1(최대 1) · 이름충돌=0 · 센서갈림=0자리(⚠ **상태값 · 런타임에 움직인다. 표지로 쓰지 마라**)(계기) · 비자리예약=0 · **hwrst=0/0 ⚠ **4단이 *없다*(ESP_RST_WIRED=0). 판정 자료 아님****
23:00:12  🔴 «watch» 서버 epoch 변경 24468/600d94c → 48254/600d94c — **창을 닫아야 한다**
23:00:13  «watch» 살아있음 탭=1 rx=10174B · up=1140 · bigfill=4/300 **흔적**(판정선 미달) · cksumng=0 · **WS접속**=1(최대 1) · 이름충돌=0 · 센서갈림=0자리(⚠ **상태값 · 런타임에 움직인다. 표지로 쓰지 마라**)(계기) · 비자리예약=0 · **hwrst=0/0 ⚠ **4단이 *없다*(ESP_RST_WIRED=0). 판정 자료 아님****
23:01:13  🔴 «watch» 서버 epoch 변경 24468/600d94c → 48254/600d94c — **창을 닫아야 한다**
23:01:14  «watch» 살아있음 탭=1 rx=10382B · up=1200 · bigfill=4/300 **흔적**(판정선 미달) · cksumng=0 · **WS접속**=1(최대 1) · 이름충돌=0 · 센서갈림=0자리(⚠ **상태값 · 런타임에 움직인다. 표지로 쓰지 마라**)(계기) · 비자리예약=0 · **hwrst=0/0 ⚠ **4단이 *없다*(ESP_RST_WIRED=0). 판정 자료 아님****
23:02:14  🔴 «watch» 서버 epoch 변경 24468/600d94c → 48254/600d94c — **창을 닫아야 한다**
23:02:14  «watch» 살아있음 탭=1 rx=10323B · up=1260 · bigfill=4/300 **흔적**(판정선 미달) · cksumng=0 · **WS접속**=1(최대 1) · 이름충돌=0 · 센서갈림=0자리(⚠ **상태값 · 런타임에 움직인다. 표지로 쓰지 마라**)(계기) · 비자리예약=0 · **hwrst=0/0 ⚠ **4단이 *없다*(ESP_RST_WIRED=0). 판정 자료 아님****
23:03:15  🔴 «watch» 서버 epoch 변경 24468/600d94c → 48254/600d94c — **창을 닫아야 한다**
23:03:15  «watch» 살아있음 탭=1 rx=10351B · up=1320 · bigfill=4/300 **흔적**(판정선 미달) · cksumng=0 · **WS접속**=1(최대 1) · 이름충돌=0 · 센서갈림=0자리(⚠ **상태값 · 런타임에 움직인다. 표지로 쓰지 마라**)(계기) · 비자리예약=0 · **hwrst=0/0 ⚠ **4단이 *없다*(ESP_RST_WIRED=0). 판정 자료 아님**** · 🔴 사건: okto 0→1
23:04:16  🔴 «watch» 서버 epoch 변경 24468/600d94c → 48254/600d94c — **창을 닫아야 한다**
23:04:16  «watch» 살아있음 탭=1 rx=10327B · up=1380 · bigfill=4/300 **흔적**(판정선 미달) · cksumng=0 · **WS접속**=1(최대 1) · 이름충돌=0 · 센서갈림=0자리(⚠ **상태값 · 런타임에 움직인다. 표지로 쓰지 마라**)(계기) · 비자리예약=0 · **hwrst=0/0 ⚠ **4단이 *없다*(ESP_RST_WIRED=0). 판정 자료 아님****
23:05:17  🔴 «watch» 서버 epoch 변경 24468/600d94c → 48254/600d94c — **창을 닫아야 한다**
23:05:17  «watch» 살아있음 탭=1 rx=10524B · up=1440 · bigfill=4/300 **흔적**(판정선 미달) · cksumng=0 · **WS접속**=1(최대 1) · 이름충돌=0 · 센서갈림=0자리(⚠ **상태값 · 런타임에 움직인다. 표지로 쓰지 마라**)(계기) · 비자리예약=0 · **hwrst=0/0 ⚠ **4단이 *없다*(ESP_RST_WIRED=0). 판정 자료 아님****
23:06:17  🔴 «watch» 서버 epoch 변경 24468/600d94c → 48254/600d94c — **창을 닫아야 한다**
23:06:18  «watch» 살아있음 탭=1 rx=10327B · up=1500 · bigfill=4/300 **흔적**(판정선 미달) · cksumng=0 · **WS접속**=1(최대 1) · 이름충돌=0 · 센서갈림=0자리(⚠ **상태값 · 런타임에 움직인다. 표지로 쓰지 마라**)(계기) · 비자리예약=0 · **hwrst=0/0 ⚠ **4단이 *없다*(ESP_RST_WIRED=0). 판정 자료 아님****
23:07:18  🔴 «watch» 서버 epoch 변경 24468/600d94c → 48254/600d94c — **창을 닫아야 한다**
23:07:19  «watch» 살아있음 탭=1 rx=10524B · up=1560 · bigfill=4/300 **흔적**(판정선 미달) · cksumng=0 · **WS접속**=1(최대 1) · 이름충돌=0 · 센서갈림=0자리(⚠ **상태값 · 런타임에 움직인다. 표지로 쓰지 마라**)(계기) · 비자리예약=0 · **hwrst=0/0 ⚠ **4단이 *없다*(ESP_RST_WIRED=0). 판정 자료 아님****
23:08:19  🔴 «watch» 서버 epoch 변경 24468/600d94c → 48254/600d94c — **창을 닫아야 한다**
23:08:19  «watch» 살아있음 탭=1 rx=10471B · up=1620 · bigfill=4/300 **흔적**(판정선 미달) · cksumng=0 · **WS접속**=1(최대 1) · 이름충돌=0 · 센서갈림=0자리(⚠ **상태값 · 런타임에 움직인다. 표지로 쓰지 마라**)(계기) · 비자리예약=0 · **hwrst=0/0 ⚠ **4단이 *없다*(ESP_RST_WIRED=0). 판정 자료 아님****
23:09:20  🔴 «watch» 서버 epoch 변경 24468/600d94c → 48254/600d94c — **창을 닫아야 한다**
23:09:20  «watch» 살아있음 탭=1 rx=10327B · up=1680 · bigfill=4/300 **흔적**(판정선 미달) · cksumng=0 · **WS접속**=1(최대 1) · 이름충돌=0 · 센서갈림=0자리(⚠ **상태값 · 런타임에 움직인다. 표지로 쓰지 마라**)(계기) · 비자리예약=0 · **hwrst=0/0 ⚠ **4단이 *없다*(ESP_RST_WIRED=0). 판정 자료 아님****
23:10:21  🔴 «watch» 서버 epoch 변경 24468/600d94c → 48254/600d94c — **창을 닫아야 한다**
23:10:21  «watch» 살아있음 탭=1 rx=10524B · up=1740 · bigfill=4/300 **흔적**(판정선 미달) · cksumng=0 · **WS접속**=1(최대 1) · 이름충돌=0 · 센서갈림=0자리(⚠ **상태값 · 런타임에 움직인다. 표지로 쓰지 마라**)(계기) · 비자리예약=0 · **hwrst=0/0 ⚠ **4단이 *없다*(ESP_RST_WIRED=0). 판정 자료 아님****
23:11:22  🔴 «watch» 서버 epoch 변경 24468/600d94c → 48254/600d94c — **창을 닫아야 한다**
23:11:22  «watch» 살아있음 탭=1 rx=10327B · up=1800 · bigfill=4/300 **흔적**(판정선 미달) · cksumng=0 · **WS접속**=1(최대 1) · 이름충돌=0 · 센서갈림=0자리(⚠ **상태값 · 런타임에 움직인다. 표지로 쓰지 마라**)(계기) · 비자리예약=0 · **hwrst=0/0 ⚠ **4단이 *없다*(ESP_RST_WIRED=0). 판정 자료 아님****
23:12:22  🔴 «watch» 서버 epoch 변경 24468/600d94c → 48254/600d94c — **창을 닫아야 한다**
23:12:23  «watch» 살아있음 탭=1 rx=10524B · up=1860 · bigfill=4/300 **흔적**(판정선 미달) · cksumng=0 · **WS접속**=1(최대 1) · 이름충돌=0 · 센서갈림=0자리(⚠ **상태값 · 런타임에 움직인다. 표지로 쓰지 마라**)(계기) · 비자리예약=0 · **hwrst=0/0 ⚠ **4단이 *없다*(ESP_RST_WIRED=0). 판정 자료 아님****
23:13:23  🔴 «watch» 서버 epoch 변경 24468/600d94c → 48254/600d94c — **창을 닫아야 한다**
23:13:24  «watch» 살아있음 탭=1 rx=10330B · up=1920 · bigfill=4/300 **흔적**(판정선 미달) · cksumng=0 · **WS접속**=1(최대 1) · 이름충돌=0 · 센서갈림=0자리(⚠ **상태값 · 런타임에 움직인다. 표지로 쓰지 마라**)(계기) · 비자리예약=0 · **hwrst=0/0 ⚠ **4단이 *없다*(ESP_RST_WIRED=0). 판정 자료 아님****
23:14:24  🔴 «watch» 서버 epoch 변경 24468/600d94c → 48254/600d94c — **창을 닫아야 한다**
23:14:24  «watch» 살아있음 탭=1 rx=10527B · up=1980 · bigfill=4/300 **흔적**(판정선 미달) · cksumng=0 · **WS접속**=1(최대 1) · 이름충돌=0 · 센서갈림=0자리(⚠ **상태값 · 런타임에 움직인다. 표지로 쓰지 마라**)(계기) · 비자리예약=0 · **hwrst=0/0 ⚠ **4단이 *없다*(ESP_RST_WIRED=0). 판정 자료 아님****
23:15:25  🔴 «watch» 서버 epoch 변경 24468/600d94c → 48254/600d94c — **창을 닫아야 한다**
23:15:25  «watch» 살아있음 탭=1 rx=10524B · up=2040 · bigfill=4/300 **흔적**(판정선 미달) · cksumng=0 · **WS접속**=1(최대 1) · 이름충돌=0 · 센서갈림=0자리(⚠ **상태값 · 런타임에 움직인다. 표지로 쓰지 마라**)(계기) · 비자리예약=0 · **hwrst=0/0 ⚠ **4단이 *없다*(ESP_RST_WIRED=0). 판정 자료 아님****
23:16:26  🔴 «watch» 서버 epoch 변경 24468/600d94c → 48254/600d94c — **창을 닫아야 한다**
23:16:26  «watch» 살아있음 탭=1 rx=10330B · up=2100 · bigfill=4/300 **흔적**(판정선 미달) · cksumng=0 · **WS접속**=1(최대 1) · 이름충돌=0 · 센서갈림=0자리(⚠ **상태값 · 런타임에 움직인다. 표지로 쓰지 마라**)(계기) · 비자리예약=0 · **hwrst=0/0 ⚠ **4단이 *없다*(ESP_RST_WIRED=0). 판정 자료 아님****
23:17:26  🔴 «watch» 서버 epoch 변경 24468/600d94c → 48254/600d94c — **창을 닫아야 한다**
23:17:27  «watch» 살아있음 탭=1 rx=10448B · up=2160 · bigfill=4/300 **흔적**(판정선 미달) · cksumng=0 · **WS접속**=1(최대 1) · 이름충돌=0 · 센서갈림=0자리(⚠ **상태값 · 런타임에 움직인다. 표지로 쓰지 마라**)(계기) · 비자리예약=0 · **hwrst=0/0 ⚠ **4단이 *없다*(ESP_RST_WIRED=0). 판정 자료 아님****
23:18:27  🔴 «watch» 서버 epoch 변경 24468/600d94c → 48254/600d94c — **창을 닫아야 한다**
23:18:28  «watch» 살아있음 탭=1 rx=10524B · up=2220 · bigfill=4/300 **흔적**(판정선 미달) · cksumng=0 · **WS접속**=1(최대 1) · 이름충돌=0 · 센서갈림=0자리(⚠ **상태값 · 런타임에 움직인다. 표지로 쓰지 마라**)(계기) · 비자리예약=0 · **hwrst=0/0 ⚠ **4단이 *없다*(ESP_RST_WIRED=0). 판정 자료 아님****
23:19:28  🔴 «watch» 서버 epoch 변경 24468/600d94c → 48254/600d94c — **창을 닫아야 한다**
23:19:29  «watch» 살아있음 탭=1 rx=10406B · up=2280 · bigfill=4/300 **흔적**(판정선 미달) · cksumng=0 · **WS접속**=1(최대 1) · 이름충돌=0 · 센서갈림=0자리(⚠ **상태값 · 런타임에 움직인다. 표지로 쓰지 마라**)(계기) · 비자리예약=0 · **hwrst=0/0 ⚠ **4단이 *없다*(ESP_RST_WIRED=0). 판정 자료 아님****
23:20:29  🔴 «watch» 서버 epoch 변경 24468/600d94c → 48254/600d94c — **창을 닫아야 한다**
23:20:29  «watch» 살아있음 탭=1 rx=10448B · up=2340 · bigfill=4/300 **흔적**(판정선 미달) · cksumng=0 · **WS접속**=1(최대 1) · 이름충돌=0 · 센서갈림=0자리(⚠ **상태값 · 런타임에 움직인다. 표지로 쓰지 마라**)(계기) · 비자리예약=0 · **hwrst=0/0 ⚠ **4단이 *없다*(ESP_RST_WIRED=0). 판정 자료 아님****
23:21:30  🔴 «watch» 서버 epoch 변경 24468/600d94c → 48254/600d94c — **창을 닫아야 한다**
23:21:30  «watch» 살아있음 탭=1 rx=10403B · up=2400 · bigfill=4/300 **흔적**(판정선 미달) · cksumng=0 · **WS접속**=1(최대 1) · 이름충돌=0 · 센서갈림=0자리(⚠ **상태값 · 런타임에 움직인다. 표지로 쓰지 마라**)(계기) · 비자리예약=0 · **hwrst=0/0 ⚠ **4단이 *없다*(ESP_RST_WIRED=0). 판정 자료 아님****
23:22:31  🔴 «watch» 서버 epoch 변경 24468/600d94c → 48254/600d94c — **창을 닫아야 한다**
23:22:31  «watch» 살아있음 탭=1 rx=10452B · up=2460 · bigfill=4/300 **흔적**(판정선 미달) · cksumng=0 · **WS접속**=1(최대 1) · 이름충돌=0 · 센서갈림=0자리(⚠ **상태값 · 런타임에 움직인다. 표지로 쓰지 마라**)(계기) · 비자리예약=0 · **hwrst=0/0 ⚠ **4단이 *없다*(ESP_RST_WIRED=0). 판정 자료 아님****
23:23:32  🔴 «watch» 서버 epoch 변경 24468/600d94c → 48254/600d94c — **창을 닫아야 한다**
23:23:32  «watch» 살아있음 탭=1 rx=10403B · up=2520 · bigfill=4/300 **흔적**(판정선 미달) · cksumng=0 · **WS접속**=1(최대 1) · 이름충돌=0 · 센서갈림=0자리(⚠ **상태값 · 런타임에 움직인다. 표지로 쓰지 마라**)(계기) · 비자리예약=0 · **hwrst=0/0 ⚠ **4단이 *없다*(ESP_RST_WIRED=0). 판정 자료 아님****
23:24:32  🔴 «watch» 서버 epoch 변경 24468/600d94c → 48254/600d94c — **창을 닫아야 한다**
23:24:33  «watch» 살아있음 탭=1 rx=10524B · up=2580 · bigfill=4/300 **흔적**(판정선 미달) · cksumng=0 · **WS접속**=1(최대 1) · 이름충돌=0 · 센서갈림=0자리(⚠ **상태값 · 런타임에 움직인다. 표지로 쓰지 마라**)(계기) · 비자리예약=0 · **hwrst=0/0 ⚠ **4단이 *없다*(ESP_RST_WIRED=0). 판정 자료 아님****
23:25:33  🔴 «watch» 서버 epoch 변경 24468/600d94c → 48254/600d94c — **창을 닫아야 한다**
23:25:34  «watch» 살아있음 탭=1 rx=10398B · up=2640 · bigfill=4/300 **흔적**(판정선 미달) · cksumng=0 · **WS접속**=1(최대 1) · 이름충돌=0 · 센서갈림=0자리(⚠ **상태값 · 런타임에 움직인다. 표지로 쓰지 마라**)(계기) · 비자리예약=0 · **hwrst=0/0 ⚠ **4단이 *없다*(ESP_RST_WIRED=0). 판정 자료 아님****
23:26:34  🔴 «watch» 서버 epoch 변경 24468/600d94c → 48254/600d94c — **창을 닫아야 한다**
23:26:34  «watch» 살아있음 탭=1 rx=10403B · up=2700 · bigfill=4/300 **흔적**(판정선 미달) · cksumng=0 · **WS접속**=1(최대 1) · 이름충돌=0 · 센서갈림=0자리(⚠ **상태값 · 런타임에 움직인다. 표지로 쓰지 마라**)(계기) · 비자리예약=0 · **hwrst=0/0 ⚠ **4단이 *없다*(ESP_RST_WIRED=0). 판정 자료 아님****
23:27:35  🔴 «watch» 서버 epoch 변경 24468/600d94c → 48254/600d94c — **창을 닫아야 한다**
23:27:35  «watch» 살아있음 탭=1 rx=10331B · up=2760 · bigfill=4/300 **흔적**(판정선 미달) · cksumng=0 · **WS접속**=1(최대 1) · 이름충돌=0 · 센서갈림=0자리(⚠ **상태값 · 런타임에 움직인다. 표지로 쓰지 마라**)(계기) · 비자리예약=0 · **hwrst=0/0 ⚠ **4단이 *없다*(ESP_RST_WIRED=0). 판정 자료 아님****
23:28:36  🔴 «watch» 서버 epoch 변경 24468/600d94c → 48254/600d94c — **창을 닫아야 한다**
23:28:36  «watch» 살아있음 탭=1 rx=10524B · up=2820 · bigfill=4/300 **흔적**(판정선 미달) · cksumng=0 · **WS접속**=1(최대 1) · 이름충돌=0 · 센서갈림=0자리(⚠ **상태값 · 런타임에 움직인다. 표지로 쓰지 마라**)(계기) · 비자리예약=0 · **hwrst=0/0 ⚠ **4단이 *없다*(ESP_RST_WIRED=0). 판정 자료 아님****
23:29:37  🔴 «watch» 서버 epoch 변경 24468/600d94c → 48254/600d94c — **창을 닫아야 한다**
23:29:37  «watch» 살아있음 탭=1 rx=10327B · up=2880 · bigfill=4/300 **흔적**(판정선 미달) · cksumng=0 · **WS접속**=1(최대 1) · 이름충돌=0 · 센서갈림=0자리(⚠ **상태값 · 런타임에 움직인다. 표지로 쓰지 마라**)(계기) · 비자리예약=0 · **hwrst=0/0 ⚠ **4단이 *없다*(ESP_RST_WIRED=0). 판정 자료 아님****
23:30:37  🔴 «watch» 서버 epoch 변경 24468/600d94c → 48254/600d94c — **창을 닫아야 한다**
23:30:38  «watch» 살아있음 탭=1 rx=10524B · up=2940 · bigfill=4/300 **흔적**(판정선 미달) · cksumng=0 · **WS접속**=1(최대 1) · 이름충돌=0 · 센서갈림=0자리(⚠ **상태값 · 런타임에 움직인다. 표지로 쓰지 마라**)(계기) · 비자리예약=0 · **hwrst=0/0 ⚠ **4단이 *없다*(ESP_RST_WIRED=0). 판정 자료 아님****
23:31:38  🔴 «watch» 서버 epoch 변경 24468/600d94c → 48254/600d94c — **창을 닫아야 한다**
23:31:39  «watch» 살아있음 탭=1 rx=10528B · up=3000 · bigfill=4/300 **흔적**(판정선 미달) · cksumng=0 · **WS접속**=1(최대 1) · 이름충돌=0 · 센서갈림=0자리(⚠ **상태값 · 런타임에 움직인다. 표지로 쓰지 마라**)(계기) · 비자리예약=0 · **hwrst=0/0 ⚠ **4단이 *없다*(ESP_RST_WIRED=0). 판정 자료 아님****
23:32:39  🔴 «watch» 서버 epoch 변경 24468/600d94c → 48254/600d94c — **창을 닫아야 한다**
23:32:40  «watch» 살아있음 탭=1 rx=10274B · up=3060 · bigfill=4/300 **흔적**(판정선 미달) · cksumng=0 · **WS접속**=1(최대 1) · 이름충돌=0 · 센서갈림=0자리(⚠ **상태값 · 런타임에 움직인다. 표지로 쓰지 마라**)(계기) · 비자리예약=0 · **hwrst=0/0 ⚠ **4단이 *없다*(ESP_RST_WIRED=0). 판정 자료 아님****
23:33:40  🔴 «watch» 서버 epoch 변경 24468/600d94c → 48254/600d94c — **창을 닫아야 한다**
23:33:40  «watch» 살아있음 탭=1 rx=10524B · up=3120 · bigfill=4/300 **흔적**(판정선 미달) · cksumng=0 · **WS접속**=1(최대 1) · 이름충돌=0 · 센서갈림=0자리(⚠ **상태값 · 런타임에 움직인다. 표지로 쓰지 마라**)(계기) · 비자리예약=0 · **hwrst=0/0 ⚠ **4단이 *없다*(ESP_RST_WIRED=0). 판정 자료 아님****
23:34:41  🔴 «watch» 서버 epoch 변경 24468/600d94c → 48254/600d94c — **창을 닫아야 한다**
23:34:41  «watch» 살아있음 탭=1 rx=10131B · up=3180 · bigfill=4/300 **흔적**(판정선 미달) · cksumng=0 · **WS접속**=1(최대 1) · 이름충돌=0 · 센서갈림=0자리(⚠ **상태값 · 런타임에 움직인다. 표지로 쓰지 마라**)(계기) · 비자리예약=0 · **hwrst=0/0 ⚠ **4단이 *없다*(ESP_RST_WIRED=0). 판정 자료 아님****
23:35:42  🔴 «watch» 서버 epoch 변경 24468/600d94c → 48254/600d94c — **창을 닫아야 한다**
23:35:42  «watch» 살아있음 탭=1 rx=10551B · up=3240 · bigfill=4/300 **흔적**(판정선 미달) · cksumng=0 · **WS접속**=1(최대 1) · 이름충돌=0 · 센서갈림=0자리(⚠ **상태값 · 런타임에 움직인다. 표지로 쓰지 마라**)(계기) · 비자리예약=0 · **hwrst=0/0 ⚠ **4단이 *없다*(ESP_RST_WIRED=0). 판정 자료 아님**** · 🔴 사건: okto 1→2
23:36:43  🔴 «watch» 서버 epoch 변경 24468/600d94c → 48254/600d94c — **창을 닫아야 한다**
23:36:43  «watch» 살아있음 탭=1 rx=10328B · up=3300 · bigfill=4/300 **흔적**(판정선 미달) · cksumng=0 · **WS접속**=1(최대 1) · 이름충돌=0 · 센서갈림=0자리(⚠ **상태값 · 런타임에 움직인다. 표지로 쓰지 마라**)(계기) · 비자리예약=0 · **hwrst=0/0 ⚠ **4단이 *없다*(ESP_RST_WIRED=0). 판정 자료 아님****
23:37:43  🔴 «watch» 서버 epoch 변경 24468/600d94c → 48254/600d94c — **창을 닫아야 한다**
23:37:44  «watch» 살아있음 탭=1 rx=10525B · up=3360 · bigfill=4/300 **흔적**(판정선 미달) · cksumng=0 · **WS접속**=1(최대 1) · 이름충돌=0 · 센서갈림=0자리(⚠ **상태값 · 런타임에 움직인다. 표지로 쓰지 마라**)(계기) · 비자리예약=0 · **hwrst=0/0 ⚠ **4단이 *없다*(ESP_RST_WIRED=0). 판정 자료 아님****
23:38:44  🔴 «watch» 서버 epoch 변경 24468/600d94c → 48254/600d94c — **창을 닫아야 한다**
23:38:45  «watch» 살아있음 탭=1 rx=10525B · up=3420 · bigfill=4/300 **흔적**(판정선 미달) · cksumng=0 · **WS접속**=1(최대 1) · 이름충돌=0 · 센서갈림=0자리(⚠ **상태값 · 런타임에 움직인다. 표지로 쓰지 마라**)(계기) · 비자리예약=0 · **hwrst=0/0 ⚠ **4단이 *없다*(ESP_RST_WIRED=0). 판정 자료 아님****
23:39:45  🔴 «watch» 서버 epoch 변경 24468/600d94c → 48254/600d94c — **창을 닫아야 한다**
23:39:46  «watch» 살아있음 탭=1 rx=10525B · up=3480 · bigfill=4/300 **흔적**(판정선 미달) · cksumng=0 · **WS접속**=1(최대 1) · 이름충돌=0 · 센서갈림=0자리(⚠ **상태값 · 런타임에 움직인다. 표지로 쓰지 마라**)(계기) · 비자리예약=0 · **hwrst=0/0 ⚠ **4단이 *없다*(ESP_RST_WIRED=0). 판정 자료 아님****
23:40:46  🔴 «watch» 서버 epoch 변경 24468/600d94c → 48254/600d94c — **창을 닫아야 한다**
23:40:46  «watch» 살아있음 탭=1 rx=10328B · up=3540 · bigfill=4/300 **흔적**(판정선 미달) · cksumng=0 · **WS접속**=1(최대 1) · 이름충돌=0 · 센서갈림=0자리(⚠ **상태값 · 런타임에 움직인다. 표지로 쓰지 마라**)(계기) · 비자리예약=0 · **hwrst=0/0 ⚠ **4단이 *없다*(ESP_RST_WIRED=0). 판정 자료 아님****
23:41:47  🔴 «watch» 서버 epoch 변경 24468/600d94c → 48254/600d94c — **창을 닫아야 한다**
23:41:47  «watch» 살아있음 탭=1 rx=10331B · up=3600 · bigfill=4/300 **흔적**(판정선 미달) · cksumng=0 · **WS접속**=1(최대 1) · 이름충돌=0 · 센서갈림=0자리(⚠ **상태값 · 런타임에 움직인다. 표지로 쓰지 마라**)(계기) · 비자리예약=0 · **hwrst=0/0 ⚠ **4단이 *없다*(ESP_RST_WIRED=0). 판정 자료 아님****
23:42:48  🔴 «watch» 서버 epoch 변경 24468/600d94c → 48254/600d94c — **창을 닫아야 한다**
23:42:48  «watch» 살아있음 탭=1 rx=10528B · up=3660 · bigfill=4/300 **흔적**(판정선 미달) · cksumng=0 · **WS접속**=1(최대 1) · 이름충돌=0 · 센서갈림=0자리(⚠ **상태값 · 런타임에 움직인다. 표지로 쓰지 마라**)(계기) · 비자리예약=0 · **hwrst=0/0 ⚠ **4단이 *없다*(ESP_RST_WIRED=0). 판정 자료 아님****
23:43:49  🔴 «watch» 서버 epoch 변경 24468/600d94c → 48254/600d94c — **창을 닫아야 한다**
23:43:49  «watch» 살아있음 탭=1 rx=11156B · up=3720 · bigfill=4/300 **흔적**(판정선 미달) · cksumng=0 · **WS접속**=1(최대 1) · 이름충돌=0 · 센서갈림=0자리(⚠ **상태값 · 런타임에 움직인다. 표지로 쓰지 마라**)(계기) · 비자리예약=0 · **hwrst=0/0 ⚠ **4단이 *없다*(ESP_RST_WIRED=0). 판정 자료 아님****
23:44:49  🔴 «watch» 서버 epoch 변경 24468/600d94c → 48254/600d94c — **창을 닫아야 한다**
23:44:50  «watch» 살아있음 탭=1 rx=11828B · up=3780 · bigfill=5/300 **흔적**(판정선 미달) · cksumng=0 · **WS접속**=1(최대 1) · 이름충돌=0 · 센서갈림=0자리(⚠ **상태값 · 런타임에 움직인다. 표지로 쓰지 마라**)(계기) · 비자리예약=0 · **hwrst=0/0 ⚠ **4단이 *없다*(ESP_RST_WIRED=0). 판정 자료 아님**** · 🔴 사건: esprst 0→2
23:45:50  🔴 «watch» 서버 epoch 변경 24468/600d94c → 48254/600d94c — **창을 닫아야 한다**
23:45:51  «watch» 살아있음 탭=1 rx=10835B · up=3840 · bigfill=8/300 **흔적**(판정선 미달) · cksumng=0 · **WS접속**=1(최대 1) · 이름충돌=0 · 센서갈림=0자리(⚠ **상태값 · 런타임에 움직인다. 표지로 쓰지 마라**)(계기) · 비자리예약=0 · **hwrst=0/0 ⚠ **4단이 *없다*(ESP_RST_WIRED=0). 판정 자료 아님**** · 🔴 사건: esprst 2→6, smiss 3→5, online 1→0
23:46:51  🔴 «watch» 서버 epoch 변경 24468/600d94c → 48254/600d94c — **창을 닫아야 한다**
23:46:52  «watch» 살아있음 탭=1 rx=12136B · up=3900 · bigfill=9/300 **흔적**(판정선 미달) · cksumng=0 · **WS접속**=1(최대 1) · 이름충돌=0 · 센서갈림=0자리(⚠ **상태값 · 런타임에 움직인다. 표지로 쓰지 마라**)(계기) · 비자리예약=0 · **hwrst=0/0 ⚠ **4단이 *없다*(ESP_RST_WIRED=0). 판정 자료 아님**** · 🔴 사건: smiss 5→6, online 0→1
23:47:52  🔴 «watch» 서버 epoch 변경 24468/600d94c → 48254/600d94c — **창을 닫아야 한다**
23:47:52  «watch» 살아있음 탭=1 rx=10353B · up=3960 · bigfill=11/300 **흔적**(판정선 미달) · cksumng=0 · **WS접속**=1(최대 1) · 이름충돌=0 · 센서갈림=0자리(⚠ **상태값 · 런타임에 움직인다. 표지로 쓰지 마라**)(계기) · 비자리예약=0 · **hwrst=0/0 ⚠ **4단이 *없다*(ESP_RST_WIRED=0). 판정 자료 아님**** · 🔴 사건: esprst 6→8, smiss 6→7
23:48:53  🔴 «watch» 서버 epoch 변경 24468/600d94c → 48254/600d94c — **창을 닫아야 한다**
23:48:53  «watch» 살아있음 탭=1 rx=10531B · up=4020 · bigfill=11/300 **흔적**(판정선 미달) · cksumng=0 · **WS접속**=1(최대 1) · 이름충돌=0 · 센서갈림=0자리(⚠ **상태값 · 런타임에 움직인다. 표지로 쓰지 마라**)(계기) · 비자리예약=0 · **hwrst=0/0 ⚠ **4단이 *없다*(ESP_RST_WIRED=0). 판정 자료 아님****
23:49:54  🔴 «watch» 서버 epoch 변경 24468/600d94c → 48254/600d94c — **창을 닫아야 한다**
23:49:54  «watch» 살아있음 탭=1 rx=10330B · up=4080 · bigfill=11/300 **흔적**(판정선 미달) · cksumng=0 · **WS접속**=1(최대 1) · 이름충돌=0 · 센서갈림=0자리(⚠ **상태값 · 런타임에 움직인다. 표지로 쓰지 마라**)(계기) · 비자리예약=0 · **hwrst=0/0 ⚠ **4단이 *없다*(ESP_RST_WIRED=0). 판정 자료 아님****
23:50:55  🔴 «watch» 서버 epoch 변경 24468/600d94c → 48254/600d94c — **창을 닫아야 한다**
23:50:55  «watch» 살아있음 탭=1 rx=10333B · up=4140 · bigfill=11/300 **흔적**(판정선 미달) · cksumng=0 · **WS접속**=1(최대 1) · 이름충돌=0 · 센서갈림=0자리(⚠ **상태값 · 런타임에 움직인다. 표지로 쓰지 마라**)(계기) · 비자리예약=0 · **hwrst=0/0 ⚠ **4단이 *없다*(ESP_RST_WIRED=0). 판정 자료 아님****
23:51:55  🔴 «watch» 서버 epoch 변경 24468/600d94c → 48254/600d94c — **창을 닫아야 한다**
23:51:56  «watch» 살아있음 탭=1 rx=10527B · up=4200 · bigfill=11/300 **흔적**(판정선 미달) · cksumng=0 · **WS접속**=1(최대 1) · 이름충돌=0 · 센서갈림=0자리(⚠ **상태값 · 런타임에 움직인다. 표지로 쓰지 마라**)(계기) · 비자리예약=0 · **hwrst=0/0 ⚠ **4단이 *없다*(ESP_RST_WIRED=0). 판정 자료 아님****
23:52:56  🔴 «watch» 서버 epoch 변경 24468/600d94c → 48254/600d94c — **창을 닫아야 한다**
23:52:57  «watch» 살아있음 탭=1 rx=10451B · up=4260 · bigfill=11/300 **흔적**(판정선 미달) · cksumng=0 · **WS접속**=1(최대 1) · 이름충돌=0 · 센서갈림=0자리(⚠ **상태값 · 런타임에 움직인다. 표지로 쓰지 마라**)(계기) · 비자리예약=0 · **hwrst=0/0 ⚠ **4단이 *없다*(ESP_RST_WIRED=0). 판정 자료 아님****
23:53:57  🔴 «watch» 서버 epoch 변경 24468/600d94c → 48254/600d94c — **창을 닫아야 한다**
23:53:58  «watch» 살아있음 탭=1 rx=10353B · up=4320 · bigfill=11/300 **흔적**(판정선 미달) · cksumng=0 · **WS접속**=1(최대 1) · 이름충돌=0 · 센서갈림=0자리(⚠ **상태값 · 런타임에 움직인다. 표지로 쓰지 마라**)(계기) · 비자리예약=0 · **hwrst=0/0 ⚠ **4단이 *없다*(ESP_RST_WIRED=0). 판정 자료 아님****
23:54:58  🔴 «watch» 서버 epoch 변경 24468/600d94c → 48254/600d94c — **창을 닫아야 한다**
23:54:58  «watch» 살아있음 탭=1 rx=10330B · up=4380 · bigfill=11/300 **흔적**(판정선 미달) · cksumng=0 · **WS접속**=1(최대 1) · 이름충돌=0 · 센서갈림=0자리(⚠ **상태값 · 런타임에 움직인다. 표지로 쓰지 마라**)(계기) · 비자리예약=0 · **hwrst=0/0 ⚠ **4단이 *없다*(ESP_RST_WIRED=0). 판정 자료 아님****
23:55:59  🔴 «watch» 서버 epoch 변경 24468/600d94c → 48254/600d94c — **창을 닫아야 한다**
23:55:59  «watch» 살아있음 탭=1 rx=10527B · up=4440 · bigfill=11/300 **흔적**(판정선 미달) · cksumng=0 · **WS접속**=1(최대 1) · 이름충돌=0 · 센서갈림=0자리(⚠ **상태값 · 런타임에 움직인다. 표지로 쓰지 마라**)(계기) · 비자리예약=0 · **hwrst=0/0 ⚠ **4단이 *없다*(ESP_RST_WIRED=0). 판정 자료 아님****
23:57:00  🔴 «watch» 서버 epoch 변경 24468/600d94c → 48254/600d94c — **창을 닫아야 한다**
23:57:00  «watch» 살아있음 탭=1 rx=10534B · up=4500 · bigfill=11/300 **흔적**(판정선 미달) · cksumng=0 · **WS접속**=1(최대 1) · 이름충돌=0 · 센서갈림=0자리(⚠ **상태값 · 런타임에 움직인다. 표지로 쓰지 마라**)(계기) · 비자리예약=0 · **hwrst=0/0 ⚠ **4단이 *없다*(ESP_RST_WIRED=0). 판정 자료 아님****
23:58:00  🔴 «watch» 서버 epoch 변경 24468/600d94c → 48254/600d94c — **창을 닫아야 한다**
23:58:01  «watch» 살아있음 탭=1 rx=10333B · up=4560 · bigfill=11/300 **흔적**(판정선 미달) · cksumng=0 · **WS접속**=1(최대 1) · 이름충돌=0 · 센서갈림=0자리(⚠ **상태값 · 런타임에 움직인다. 표지로 쓰지 마라**)(계기) · 비자리예약=0 · **hwrst=0/0 ⚠ **4단이 *없다*(ESP_RST_WIRED=0). 판정 자료 아님****
23:59:03  🔴 «watch» 서버 epoch 변경 24468/600d94c → 48254/600d94c — **창을 닫아야 한다**
23:59:04  «watch» 살아있음 탭=1 rx=10527B · up=4620 · bigfill=11/300 **흔적**(판정선 미달) · cksumng=0 · **WS접속**=1(최대 1) · 이름충돌=0 · 센서갈림=0자리(⚠ **상태값 · 런타임에 움직인다. 표지로 쓰지 마라**)(계기) · 비자리예약=0 · **hwrst=0/0 ⚠ **4단이 *없다*(ESP_RST_WIRED=0). 판정 자료 아님****
00:00:04  🔴 «watch» 서버 epoch 변경 24468/600d94c → 48254/600d94c — **창을 닫아야 한다**
00:00:05  «watch» 살아있음 탭=1 rx=10330B · up=4680 · bigfill=11/300 **흔적**(판정선 미달) · cksumng=0 · **WS접속**=1(최대 1) · 이름충돌=0 · 센서갈림=0자리(⚠ **상태값 · 런타임에 움직인다. 표지로 쓰지 마라**)(계기) · 비자리예약=0 · **hwrst=0/0 ⚠ **4단이 *없다*(ESP_RST_WIRED=0). 판정 자료 아님****
00:01:05  🔴 «watch» 서버 epoch 변경 24468/600d94c → 48254/600d94c — **창을 닫아야 한다**
00:01:05  «watch» 살아있음 탭=1 rx=10530B · up=4740 · bigfill=11/300 **흔적**(판정선 미달) · cksumng=0 · **WS접속**=1(최대 1) · 이름충돌=0 · 센서갈림=0자리(⚠ **상태값 · 런타임에 움직인다. 표지로 쓰지 마라**)(계기) · 비자리예약=0 · **hwrst=0/0 ⚠ **4단이 *없다*(ESP_RST_WIRED=0). 판정 자료 아님****
00:02:06  🔴 «watch» 서버 epoch 변경 24468/600d94c → 48254/600d94c — **창을 닫아야 한다**
00:02:06  «watch» 살아있음 탭=1 rx=10527B · up=4800 · bigfill=11/300 **흔적**(판정선 미달) · cksumng=0 · **WS접속**=1(최대 1) · 이름충돌=0 · 센서갈림=0자리(⚠ **상태값 · 런타임에 움직인다. 표지로 쓰지 마라**)(계기) · 비자리예약=0 · **hwrst=0/0 ⚠ **4단이 *없다*(ESP_RST_WIRED=0). 판정 자료 아님****
00:03:07  🔴 «watch» 서버 epoch 변경 24468/600d94c → 48254/600d94c — **창을 닫아야 한다**
00:03:07  «watch» 살아있음 탭=1 rx=10280B · up=4860 · bigfill=11/300 **흔적**(판정선 미달) · cksumng=0 · **WS접속**=1(최대 1) · 이름충돌=0 · 센서갈림=0자리(⚠ **상태값 · 런타임에 움직인다. 표지로 쓰지 마라**)(계기) · 비자리예약=0 · **hwrst=0/0 ⚠ **4단이 *없다*(ESP_RST_WIRED=0). 판정 자료 아님****
00:04:08  🔴 «watch» 서버 epoch 변경 24468/600d94c → 48254/600d94c — **창을 닫아야 한다**
00:04:08  «watch» 살아있음 탭=1 rx=10527B · up=4920 · bigfill=11/300 **흔적**(판정선 미달) · cksumng=0 · **WS접속**=1(최대 1) · 이름충돌=0 · 센서갈림=0자리(⚠ **상태값 · 런타임에 움직인다. 표지로 쓰지 마라**)(계기) · 비자리예약=0 · **hwrst=0/0 ⚠ **4단이 *없다*(ESP_RST_WIRED=0). 판정 자료 아님****
00:05:08  🔴 «watch» 서버 epoch 변경 24468/600d94c → 48254/600d94c — **창을 닫아야 한다**
00:05:09  «watch» 살아있음 탭=1 rx=10330B · up=4980 · bigfill=11/300 **흔적**(판정선 미달) · cksumng=0 · **WS접속**=1(최대 1) · 이름충돌=0 · 센서갈림=0자리(⚠ **상태값 · 런타임에 움직인다. 표지로 쓰지 마라**)(계기) · 비자리예약=0 · **hwrst=0/0 ⚠ **4단이 *없다*(ESP_RST_WIRED=0). 판정 자료 아님****
00:06:09  🔴 «watch» 서버 epoch 변경 24468/600d94c → 48254/600d94c — **창을 닫아야 한다**
00:06:10  «watch» 살아있음 탭=1 rx=10531B · up=5040 · bigfill=11/300 **흔적**(판정선 미달) · cksumng=0 · **WS접속**=1(최대 1) · 이름충돌=0 · 센서갈림=0자리(⚠ **상태값 · 런타임에 움직인다. 표지로 쓰지 마라**)(계기) · 비자리예약=0 · **hwrst=0/0 ⚠ **4단이 *없다*(ESP_RST_WIRED=0). 판정 자료 아님****
00:07:10  🔴 «watch» 서버 epoch 변경 24468/600d94c → 48254/600d94c — **창을 닫아야 한다**
00:07:11  «watch» 살아있음 탭=1 rx=10531B · up=5100 · bigfill=11/300 **흔적**(판정선 미달) · cksumng=0 · **WS접속**=1(최대 1) · 이름충돌=0 · 센서갈림=0자리(⚠ **상태값 · 런타임에 움직인다. 표지로 쓰지 마라**)(계기) · 비자리예약=0 · **hwrst=0/0 ⚠ **4단이 *없다*(ESP_RST_WIRED=0). 판정 자료 아님****
