10:17:04  «watch» 시작 — 로그=monitor/serial-winP.log 주기=60s 판정선 bigfill>=300
10:17:04  «watch» 기준 epoch=64096/fceadf3 · 화면=3(최대 3)
10:17:04  «watch» 살아있음 탭=1 rx=기준(첫주기·비교대상없음) · up=60 · bigfill=1/300 **흔적**(판정선 미달) · cksumng=0 · 화면=3(최대 3)
10:18:05  «watch» 살아있음 탭=1 rx=10226B · up=120 · bigfill=1/300 **흔적**(판정선 미달) · cksumng=0 · 화면=3(최대 3)
10:19:05  «watch» 살아있음 탭=1 rx=10263B · up=180 · bigfill=1/300 **흔적**(판정선 미달) · cksumng=0 · 화면=3(최대 3)
10:20:05  «watch» 살아있음 탭=1 rx=10263B · up=240 · bigfill=1/300 **흔적**(판정선 미달) · cksumng=0 · 화면=3(최대 3)
10:21:06  «watch» 살아있음 탭=1 rx=10263B · up=300 · bigfill=1/300 **흔적**(판정선 미달) · cksumng=0 · 화면=3(최대 3)
10:22:06  «watch» 살아있음 탭=1 rx=10263B · up=360 · bigfill=1/300 **흔적**(판정선 미달) · cksumng=0 · 화면=2(최대 3)
10:23:06  «watch» 살아있음 탭=1 rx=10459B · up=420 · bigfill=1/300 **흔적**(판정선 미달) · cksumng=0 · 화면=2(최대 3)
10:24:07  «watch» 살아있음 탭=1 rx=10210B · up=480 · bigfill=1/300 **흔적**(판정선 미달) · cksumng=0 · 화면=2(최대 3)
10:25:07  «watch» 살아있음 탭=1 rx=10263B · up=540 · bigfill=1/300 **흔적**(판정선 미달) · cksumng=0 · 화면=2(최대 3)
10:26:07  «watch» 살아있음 탭=1 rx=10263B · up=600 · bigfill=1/300 **흔적**(판정선 미달) · cksumng=0 · 화면=2(최대 3)
10:27:07  «watch» 살아있음 탭=1 rx=10263B · up=660 · bigfill=1/300 **흔적**(판정선 미달) · cksumng=0 · 화면=2(최대 3)
10:28:08  «watch» 살아있음 탭=1 rx=10210B · up=720 · bigfill=1/300 **흔적**(판정선 미달) · cksumng=0 · 화면=2(최대 3)
10:29:08  «watch» 살아있음 탭=1 rx=10210B · up=780 · bigfill=1/300 **흔적**(판정선 미달) · cksumng=0 · 화면=2(최대 3)
10:30:08  «watch» 살아있음 탭=1 rx=12379B · up=840 · bigfill=1/300 **흔적**(판정선 미달) · cksumng=0 · 화면=2(최대 3)
10:31:09  «watch» 살아있음 탭=1 rx=33906B · up=900 · bigfill=12/300 **흔적**(판정선 미달) · cksumng=0 · 화면=10(최대 10)
10:32:09  «watch» 살아있음 탭=1 rx=33652B · up=960 · bigfill=59/300 **흔적**(판정선 미달) · cksumng=6 · 화면=10(최대 10) · 🔴 사건: ssovf 0→6
10:33:09  «watch» 살아있음 탭=1 rx=30299B · up=1020 · bigfill=101/300 **흔적**(판정선 미달) · cksumng=12 · 화면=10(최대 10) · 🔴 사건: ssovf 6→12
10:34:10  «watch» 살아있음 탭=1 rx=32827B · up=1080 · bigfill=136/300 **흔적**(판정선 미달) · cksumng=17 · 화면=10(최대 10) · 🔴 사건: ssovf 12→17
10:35:10  «watch» 살아있음 탭=1 rx=33526B · up=1140 · bigfill=179/300 **흔적**(판정선 미달) · cksumng=24 · 화면=10(최대 10) · 🔴 사건: ssovf 17→21
10:36:10  «watch» 살아있음 탭=1 rx=30427B · up=1200 · bigfill=217/300 **흔적**(판정선 미달) · cksumng=32 · 화면=7(최대 10) · 🔴 사건: ssovf 21→29
10:37:11  «watch» 살아있음 탭=1 rx=34156B · up=1260 · bigfill=247/300 **흔적**(판정선 미달) · cksumng=36 · 화면=10(최대 10) · 🔴 사건: ssovf 29→33
10:38:11  «watch» 살아있음 탭=1 rx=32175B · up=1320 · bigfill=292/300 **흔적**(판정선 미달) · cksumng=40 · 화면=10(최대 10) · 🔴 사건: ssovf 33→37
10:39:11  «watch» 살아있음 탭=1 rx=29640B · up=1380 · bigfill=334/300 판정가능 · cksumng=42 · 화면=3(최대 10) · 🔴 사건: okto 0→1, ssovf 37→38, penddrop 0→5
10:39:11  🔴🔴 «watch» **정지선 도달** bigfill=334 >= 300 — .team/STOP-P 생성했다
10:40:12  «watch» 살아있음 탭=1 rx=33542B · up=1440 · bigfill=370/300 판정가능 · cksumng=45 · 화면=10(최대 10) · 🔴 사건: ssovf 38→41
10:41:12  «watch» 살아있음 탭=1 rx=33004B · up=1500 · bigfill=413/300 판정가능 · cksumng=49 · 화면=10(최대 10) · 🔴 사건: ssovf 41→45
10:42:12  «watch» 살아있음 탭=1 rx=10469B · up=1560 · bigfill=452/300 판정가능 · cksumng=52 · 화면=2(최대 10) · 🔴 사건: ssovf 45→49
10:43:13  «watch» 살아있음 탭=1 rx=10525B · up=1620 · bigfill=452/300 판정가능 · cksumng=52 · 화면=2(최대 10)
10:44:13  «watch» 살아있음 탭=1 rx=10535B · up=1680 · bigfill=452/300 판정가능 · cksumng=52 · 화면=2(최대 10)
10:45:13  «watch» 살아있음 탭=1 rx=11501B · up=1740 · bigfill=452/300 판정가능 · cksumng=52 · 화면=2(최대 10)
10:46:14  «watch» 살아있음 탭=1 rx=10469B · up=1800 · bigfill=453/300 판정가능 · cksumng=52 · 화면=2(최대 10) · 🔴 사건: drop 0→1, stuck 0→1, okto 1→3
