12:04:35  «watch» 시작 — 로그=monitor/serial-winQ.log 주기=60s 판정선 bigfill>=300
12:04:36  «watch» 기준 epoch=79990/7f17b99 · 화면=3(최대 4)
12:04:36  «watch» 살아있음 탭=1 rx=기준(첫주기·비교대상없음) · up=? · bigfill=0/300 **흔적**(판정선 미달) · cksumng=? · 화면=3(최대 4) · 이름충돌=0 · 센서갈림=0자리(계기) · 비자리예약=0
12:05:37  «watch» 살아있음 탭=1 rx=6960B · up=60 · bigfill=1/300 **흔적**(판정선 미달) · cksumng=0 · 화면=3(최대 4) · 이름충돌=0 · 센서갈림=3자리(계기) · 비자리예약=0
12:06:38  «watch» 살아있음 탭=1 rx=5738B · up=120 · bigfill=1/300 **흔적**(판정선 미달) · cksumng=0 · 화면=3(최대 4) · 이름충돌=0 · 센서갈림=0자리(계기) · 비자리예약=0 · 🔴 사건: esprst 1→2, online 1→0
12:07:38  «watch» 살아있음 탭=1 rx=7989B · up=180 · bigfill=2/300 **흔적**(판정선 미달) · cksumng=0 · 화면=3(최대 4) · 이름충돌=0 · 센서갈림=0자리(계기) · 비자리예약=0 · 🔴 사건: esprst 2→3, smiss 1→2
12:08:39  «watch» 살아있음 탭=1 rx=6308B · up=240 · bigfill=3/300 **흔적**(판정선 미달) · cksumng=0 · 화면=3(최대 4) · 이름충돌=0 · 센서갈림=0자리(계기) · 비자리예약=0 · 🔴 사건: esprst 3→4, smiss 2→3
12:09:40  «watch» 살아있음 탭=1 rx=4898B · up=300 · bigfill=4/300 **흔적**(판정선 미달) · cksumng=0 · 화면=3(최대 4) · 이름충돌=0 · 센서갈림=0자리(계기) · 비자리예약=0 · 🔴 사건: esprst 4→5, smiss 3→4
12:10:40  «watch» 살아있음 탭=1 rx=6857B · up=360 · bigfill=5/300 **흔적**(판정선 미달) · cksumng=0 · 화면=3(최대 4) · 이름충돌=0 · 센서갈림=0자리(계기) · 비자리예약=0 · 🔴 사건: esprst 5→6, smiss 4→5
12:11:41  «watch» 살아있음 탭=1 rx=2939B · up=420 · bigfill=5/300 **흔적**(판정선 미달) · cksumng=0 · 화면=3(최대 4) · 이름충돌=0 · 센서갈림=0자리(계기) · 비자리예약=0
12:12:42  «watch» 살아있음 탭=1 rx=2355B · up=480 · bigfill=5/300 **흔적**(판정선 미달) · cksumng=0 · 화면=3(최대 4) · 이름충돌=0 · 센서갈림=0자리(계기) · 비자리예약=0
12:13:43  «watch» 살아있음 탭=1 rx=3938B · up=540 · bigfill=5/300 **흔적**(판정선 미달) · cksumng=0 · 화면=3(최대 4) · 이름충돌=0 · 센서갈림=0자리(계기) · 비자리예약=0
12:14:43  «watch» 살아있음 탭=1 rx=2747B · up=600 · bigfill=5/300 **흔적**(판정선 미달) · cksumng=0 · 화면=3(최대 4) · 이름충돌=0 · 센서갈림=0자리(계기) · 비자리예약=0
12:15:44  «watch» 살아있음 탭=1 rx=2015B · up=660 · bigfill=5/300 **흔적**(판정선 미달) · cksumng=0 · 화면=3(최대 4) · 이름충돌=0 · 센서갈림=0자리(계기) · 비자리예약=0
12:16:45  «watch» 살아있음 탭=1 rx=2308B · up=720 · bigfill=5/300 **흔적**(판정선 미달) · cksumng=0 · 화면=3(최대 4) · 이름충돌=0 · 센서갈림=0자리(계기) · 비자리예약=0
12:17:45  «watch» 살아있음 탭=1 rx=2422B · up=780 · bigfill=5/300 **흔적**(판정선 미달) · cksumng=0 · 화면=3(최대 4) · 이름충돌=0 · 센서갈림=0자리(계기) · 비자리예약=0
12:18:46  «watch» 살아있음 탭=1 rx=2087B · up=840 · bigfill=5/300 **흔적**(판정선 미달) · cksumng=0 · 화면=3(최대 4) · 이름충돌=0 · 센서갈림=0자리(계기) · 비자리예약=0
12:19:47  «watch» 살아있음 탭=1 rx=2308B · up=900 · bigfill=5/300 **흔적**(판정선 미달) · cksumng=0 · 화면=3(최대 4) · 이름충돌=0 · 센서갈림=0자리(계기) · 비자리예약=0
12:20:47  «watch» 살아있음 탭=1 rx=2422B · up=960 · bigfill=5/300 **흔적**(판정선 미달) · cksumng=0 · 화면=3(최대 4) · 이름충돌=0 · 센서갈림=0자리(계기) · 비자리예약=0
12:21:48  «watch» 살아있음 탭=1 rx=2026B · up=1020 · bigfill=5/300 **흔적**(판정선 미달) · cksumng=0 · 화면=3(최대 4) · 이름충돌=0 · 센서갈림=0자리(계기) · 비자리예약=0
12:22:49  «watch» 살아있음 탭=1 rx=2526B · up=1080 · bigfill=5/300 **흔적**(판정선 미달) · cksumng=0 · 화면=3(최대 4) · 이름충돌=0 · 센서갈림=0자리(계기) · 비자리예약=0
12:23:50  «watch» 살아있음 탭=1 rx=2896B · up=1140 · bigfill=5/300 **흔적**(판정선 미달) · cksumng=0 · 화면=3(최대 4) · 이름충돌=0 · 센서갈림=0자리(계기) · 비자리예약=0
12:24:50  «watch» 살아있음 탭=1 rx=2710B · up=1200 · bigfill=5/300 **흔적**(판정선 미달) · cksumng=0 · 화면=3(최대 4) · 이름충돌=0 · 센서갈림=0자리(계기) · 비자리예약=0
12:25:51  «watch» 살아있음 탭=1 rx=2438B · up=1260 · bigfill=5/300 **흔적**(판정선 미달) · cksumng=0 · 화면=3(최대 4) · 이름충돌=0 · 센서갈림=0자리(계기) · 비자리예약=0
12:26:52  «watch» 살아있음 탭=1 rx=8637B · up=1320 · bigfill=6/300 **흔적**(판정선 미달) · cksumng=0 · 화면=3(최대 4) · 이름충돌=0 · 센서갈림=3자리(계기) · 비자리예약=0 · 🔴 사건: online 0→1
12:27:52  «watch» 살아있음 탭=1 rx=10594B · up=1380 · bigfill=6/300 **흔적**(판정선 미달) · cksumng=0 · 화면=3(최대 4) · 이름충돌=0 · 센서갈림=3자리(계기) · 비자리예약=0
