12:41:03  «watch» 시작 — 로그=monitor/serial-winR.log 주기=120s 판정선 bigfill>=300
12:41:03  «watch» 기준 epoch=79990/7f17b99 · 화면=3(최대 4)
12:41:04  🔴 «watch» 탭 프로세스 0 — **계측기가 죽었다.** 정지 조건 충족
12:41:04  «watch» 살아있음 탭=0 rx=기준(첫주기·비교대상없음) · up=? · bigfill=0/300 **흔적**(판정선 미달) · cksumng=? · 화면=3(최대 4) · 이름충돌=0 · 센서갈림=3자리(계기) · 비자리예약=0
12:44:25  «watch» 시작 — 로그=monitor/serial-winR.log 주기=120s 판정선 bigfill>=300
12:44:25  «watch» 기준 epoch=79990/7f17b99 · 화면=3(최대 4)
12:44:26  «watch» 살아있음 탭=1 rx=기준(첫주기·비교대상없음) · up=? · bigfill=0/300 **흔적**(판정선 미달) · cksumng=? · 화면=3(최대 4) · 이름충돌=0 · 센서갈림=3자리(계기) · 비자리예약=0
12:46:27  «watch» 살아있음 탭=1 rx=24030B · up=120 · bigfill=1/300 **흔적**(판정선 미달) · cksumng=0 · 화면=3(최대 4) · 이름충돌=0 · 센서갈림=3자리(계기) · 비자리예약=0
12:48:27  «watch» 살아있음 탭=1 rx=20838B · up=240 · bigfill=3/300 **흔적**(판정선 미달) · cksumng=0 · 화면=3(최대 4) · 이름충돌=0 · 센서갈림=2자리(계기) · 비자리예약=0 · 🔴 사건: drop 0→1, esprst 1→2, stuck 0→1, okto 1→7
12:50:28  «watch» 살아있음 탭=1 rx=20602B · up=360 · bigfill=3/300 **흔적**(판정선 미달) · cksumng=1 · 화면=3(최대 4) · 이름충돌=0 · 센서갈림=2자리(계기) · 비자리예약=0 · 🔴 사건: okto 7→9
12:52:29  «watch» 살아있음 탭=1 rx=20226B · up=480 · bigfill=3/300 **흔적**(판정선 미달) · cksumng=1 · 화면=3(최대 4) · 이름충돌=0 · 센서갈림=2자리(계기) · 비자리예약=0
12:54:30  «watch» 살아있음 탭=1 rx=21260B · up=600 · bigfill=4/300 **흔적**(판정선 미달) · cksumng=1 · 화면=3(최대 4) · 이름충돌=0 · 센서갈림=2자리(계기) · 비자리예약=0 · 🔴 사건: drop 1→2, stuck 1→2, okto 9→19
12:56:30  «watch» 살아있음 탭=1 rx=19618B · up=720 · bigfill=5/300 **흔적**(판정선 미달) · cksumng=1 · 화면=3(최대 4) · 이름충돌=0 · 센서갈림=2자리(계기) · 비자리예약=0 · 🔴 사건: drop 2→3, stuck 2→3, okto 19→24, smiss 1→2
12:58:31  «watch» 살아있음 탭=1 rx=20449B · up=840 · bigfill=5/300 **흔적**(판정선 미달) · cksumng=1 · 화면=3(최대 4) · 이름충돌=0 · 센서갈림=2자리(계기) · 비자리예약=0 · 🔴 사건: okto 24→26
13:00:32  «watch» 살아있음 탭=1 rx=17897B · up=960 · bigfill=6/300 **흔적**(판정선 미달) · cksumng=1 · 화면=3(최대 4) · 이름충돌=0 · 센서갈림=2자리(계기) · 비자리예약=0 · 🔴 사건: drop 3→4, stuck 3→4, okto 26→28
13:02:32  «watch» 살아있음 탭=1 rx=18562B · up=1080 · bigfill=7/300 **흔적**(판정선 미달) · cksumng=2 · 화면=3(최대 4) · 이름충돌=0 · 센서갈림=2자리(계기) · 비자리예약=0 · 🔴 사건: drop 4→6, stuck 4→6, okto 28→33, online 1→0
13:04:33  «watch» 살아있음 탭=1 rx=21053B · up=1200 · bigfill=9/300 **흔적**(판정선 미달) · cksumng=2 · 화면=3(최대 4) · 이름충돌=0 · 센서갈림=0자리(계기) · 비자리예약=0 · 🔴 사건: drop 6→7, esprst 2→3, stuck 6→7, okto 33→37, smiss 2→4, penddrop 0→1, online 0→1
13:06:34  «watch» 살아있음 탭=1 rx=21331B · up=1320 · bigfill=11/300 **흔적**(판정선 미달) · cksumng=2 · 화면=3(최대 4) · 이름충돌=0 · 센서갈림=2자리(계기) · 비자리예약=0 · 🔴 사건: drop 7→9, stuck 7→9, okto 37→42, smiss 4→5
13:08:35  «watch» 살아있음 탭=1 rx=23383B · up=1440 · bigfill=13/300 **흔적**(판정선 미달) · cksumng=2 · 화면=3(최대 4) · 이름충돌=0 · 센서갈림=2자리(계기) · 비자리예약=0 · 🔴 사건: drop 9→11, stuck 9→11, okto 42→43, smiss 5→6
13:10:35  «watch» 살아있음 탭=1 rx=22177B · up=1560 · bigfill=14/300 **흔적**(판정선 미달) · cksumng=2 · 화면=3(최대 4) · 이름충돌=0 · 센서갈림=2자리(계기) · 비자리예약=0 · 🔴 사건: drop 11→12, esprst 3→4, stuck 11→12, okto 43→44, smiss 6→7
13:12:36  «watch» 살아있음 탭=1 rx=22528B · up=1680 · bigfill=16/300 **흔적**(판정선 미달) · cksumng=2 · 화면=3(최대 4) · 이름충돌=0 · 센서갈림=2자리(계기) · 비자리예약=0 · 🔴 사건: drop 12→14, esprst 4→5, stuck 12→14, okto 44→49, smiss 7→9
13:14:37  «watch» 살아있음 탭=1 rx=19194B · up=1800 · bigfill=18/300 **흔적**(판정선 미달) · cksumng=2 · 화면=3(최대 4) · 이름충돌=0 · 센서갈림=2자리(계기) · 비자리예약=0 · 🔴 사건: drop 14→16, stuck 14→16, okto 49→53
