13:21:46  «watch» 시작 — 로그=monitor/serial-winS.log 주기=120s 판정선 bigfill>=300
13:21:46  «watch» 기준 epoch=79990/7f17b99 · 화면=3(최대 4)
13:21:47  «watch» 살아있음 탭=1 rx=기준(첫주기·비교대상없음) · up=? · bigfill=0/300 **흔적**(판정선 미달) · cksumng=? · 화면=3(최대 4) · 이름충돌=0 · 센서갈림=3자리(계기) · 비자리예약=0
13:23:47  «watch» 살아있음 탭=1 rx=20056B · up=120 · bigfill=1/300 **흔적**(판정선 미달) · cksumng=0 · 화면=3(최대 4) · 이름충돌=0 · 센서갈림=3자리(계기) · 비자리예약=0
13:25:48  «watch» 살아있음 탭=1 rx=20344B · up=240 · bigfill=1/300 **흔적**(판정선 미달) · cksumng=0 · 화면=3(최대 4) · 이름충돌=0 · 센서갈림=3자리(계기) · 비자리예약=0
13:27:49  «watch» 살아있음 탭=1 rx=20800B · up=360 · bigfill=1/300 **흔적**(판정선 미달) · cksumng=0 · 화면=3(최대 4) · 이름충돌=0 · 센서갈림=3자리(계기) · 비자리예약=0
13:29:50  «watch» 살아있음 탭=1 rx=20475B · up=480 · bigfill=1/300 **흔적**(판정선 미달) · cksumng=0 · 화면=3(최대 4) · 이름충돌=0 · 센서갈림=3자리(계기) · 비자리예약=0
13:31:50  «watch» 살아있음 탭=1 rx=20461B · up=600 · bigfill=1/300 **흔적**(판정선 미달) · cksumng=0 · 화면=3(최대 4) · 이름충돌=0 · 센서갈림=3자리(계기) · 비자리예약=0
13:33:51  «watch» 살아있음 탭=1 rx=20618B · up=720 · bigfill=1/300 **흔적**(판정선 미달) · cksumng=0 · 화면=3(최대 4) · 이름충돌=0 · 센서갈림=3자리(계기) · 비자리예약=0 · 🔴 사건: okto 1→2
13:35:52  «watch» 살아있음 탭=1 rx=20528B · up=840 · bigfill=1/300 **흔적**(판정선 미달) · cksumng=0 · 화면=3(최대 4) · 이름충돌=0 · 센서갈림=3자리(계기) · 비자리예약=0
13:37:52  «watch» 살아있음 탭=1 rx=20418B · up=960 · bigfill=1/300 **흔적**(판정선 미달) · cksumng=0 · 화면=3(최대 4) · 이름충돌=0 · 센서갈림=3자리(계기) · 비자리예약=0 · 🔴 사건: okto 2→3
13:39:53  «watch» 살아있음 탭=1 rx=20320B · up=1080 · bigfill=1/300 **흔적**(판정선 미달) · cksumng=0 · 화면=3(최대 4) · 이름충돌=0 · 센서갈림=0자리(계기) · 비자리예약=0
13:41:54  «watch» 살아있음 탭=1 rx=14254B · up=1200 · bigfill=4/300 **흔적**(판정선 미달) · cksumng=0 · 화면=3(최대 4) · 이름충돌=0 · 센서갈림=3자리(계기) · 비자리예약=0 · 🔴 사건: esprst 0→5, smiss 0→3, online 1→0
13:43:55  «watch» 살아있음 탭=1 rx=19587B · up=1320 · bigfill=6/300 **흔적**(판정선 미달) · cksumng=0 · 화면=3(최대 4) · 이름충돌=0 · 센서갈림=0자리(계기) · 비자리예약=0 · 🔴 사건: esprst 5→8, okto 3→4, smiss 3→6, online 0→1
13:45:55  «watch» 살아있음 탭=1 rx=34821B · up=1440 · bigfill=7/300 **흔적**(판정선 미달) · cksumng=0 · 화면=3(최대 4) · 이름충돌=0 · 센서갈림=0자리(계기) · 비자리예약=0 · 🔴 사건: drop 0→1, esprst 8→9, stuck 0→1, okto 4→5, online 1→0
13:47:56  «watch» 살아있음 탭=1 rx=34059B · up=1560 · bigfill=7/300 **흔적**(판정선 미달) · cksumng=0 · 화면=3(최대 4) · 이름충돌=0 · 센서갈림=0자리(계기) · 비자리예약=0
13:49:57  «watch» 살아있음 탭=1 rx=34836B · up=1680 · bigfill=7/300 **흔적**(판정선 미달) · cksumng=0 · 화면=3(최대 4) · 이름충돌=0 · 센서갈림=0자리(계기) · 비자리예약=0
13:51:57  «watch» 살아있음 탭=1 rx=34654B · up=1800 · bigfill=7/300 **흔적**(판정선 미달) · cksumng=0 · 화면=3(최대 4) · 이름충돌=0 · 센서갈림=0자리(계기) · 비자리예약=0
13:53:58  «watch» 살아있음 탭=1 rx=34979B · up=1920 · bigfill=7/300 **흔적**(판정선 미달) · cksumng=0 · 화면=3(최대 4) · 이름충돌=0 · 센서갈림=0자리(계기) · 비자리예약=0
13:55:59  «watch» 살아있음 탭=1 rx=34697B · up=2040 · bigfill=7/300 **흔적**(판정선 미달) · cksumng=0 · 화면=4(최대 4) · 이름충돌=0 · 센서갈림=0자리(계기) · 비자리예약=0
13:58:00  «watch» 살아있음 탭=1 rx=34894B · up=2160 · bigfill=7/300 **흔적**(판정선 미달) · cksumng=0 · 화면=4(최대 4) · 이름충돌=0 · 센서갈림=0자리(계기) · 비자리예약=0
14:00:00  «watch» 살아있음 탭=1 rx=34132B · up=2280 · bigfill=7/300 **흔적**(판정선 미달) · cksumng=0 · 화면=3(최대 4) · 이름충돌=0 · 센서갈림=0자리(계기) · 비자리예약=0
14:02:01  «watch» 살아있음 탭=1 rx=34928B · up=2400 · bigfill=7/300 **흔적**(판정선 미달) · cksumng=0 · 화면=4(최대 4) · 이름충돌=0 · 센서갈림=0자리(계기) · 비자리예약=0
14:04:02  «watch» 살아있음 탭=1 rx=34723B · up=2520 · bigfill=7/300 **흔적**(판정선 미달) · cksumng=0 · 화면=4(최대 4) · 이름충돌=0 · 센서갈림=0자리(계기) · 비자리예약=0
14:06:02  «watch» 살아있음 탭=1 rx=34779B · up=2640 · bigfill=7/300 **흔적**(판정선 미달) · cksumng=0 · 화면=4(최대 4) · 이름충돌=0 · 센서갈림=0자리(계기) · 비자리예약=0
14:08:03  «watch» 살아있음 탭=1 rx=10790B · up=2760 · bigfill=7/300 **흔적**(판정선 미달) · cksumng=0 · 화면=4(최대 4) · 이름충돌=0 · 센서갈림=0자리(계기) · 비자리예약=0 · 🔴 사건: esprst 9→10
