14:58:45  «watch» 시작 — 로그=monitor/serial-winT.log 주기=120s 판정선 bigfill>=300
14:58:46  «watch» 기준 epoch=79990/7f17b99 · **WS접속**=3(최대 4)
14:58:46  «watch» 살아있음 탭=1 rx=기준(첫주기·비교대상없음) · up=60 · bigfill=1/300 **흔적**(판정선 미달) · cksumng=0 · **WS접속**=3(최대 4) · 이름충돌=0 · 센서갈림=0자리(계기) · 비자리예약=0 · **hwrst=0/0 (4단 미도래 — 고장 아님)**
15:00:47  «watch» 살아있음 탭=1 rx=20328B · up=180 · bigfill=1/300 **흔적**(판정선 미달) · cksumng=0 · **WS접속**=4(최대 4) · 이름충돌=0 · 센서갈림=3자리(계기) · 비자리예약=0 · **hwrst=0/0 (4단 미도래 — 고장 아님)**
15:02:48  «watch» 살아있음 탭=1 rx=20546B · up=300 · bigfill=1/300 **흔적**(판정선 미달) · cksumng=0 · **WS접속**=4(최대 4) · 이름충돌=0 · 센서갈림=3자리(계기) · 비자리예약=0 · **hwrst=0/0 (4단 미도래 — 고장 아님)**
15:04:49  «watch» 살아있음 탭=1 rx=20546B · up=420 · bigfill=1/300 **흔적**(판정선 미달) · cksumng=0 · **WS접속**=5(최대 5) · 이름충돌=0 · 센서갈림=3자리(계기) · 비자리예약=0 · **hwrst=0/0 (4단 미도래 — 고장 아님)**
15:06:49  «watch» 살아있음 탭=1 rx=20493B · up=540 · bigfill=1/300 **흔적**(판정선 미달) · cksumng=0 · **WS접속**=5(최대 5) · 이름충돌=0 · 센서갈림=3자리(계기) · 비자리예약=0 · **hwrst=0/0 (4단 미도래 — 고장 아님)**
15:08:50  «watch» 살아있음 탭=1 rx=20583B · up=660 · bigfill=1/300 **흔적**(판정선 미달) · cksumng=0 · **WS접속**=5(최대 5) · 이름충돌=0 · 센서갈림=3자리(계기) · 비자리예약=0 · **hwrst=0/0 (4단 미도래 — 고장 아님)**
15:10:51  «watch» 살아있음 탭=1 rx=20426B · up=780 · bigfill=1/300 **흔적**(판정선 미달) · cksumng=0 · **WS접속**=5(최대 5) · 이름충돌=0 · 센서갈림=3자리(계기) · 비자리예약=0 · **hwrst=0/0 (4단 미도래 — 고장 아님)** · 🔴 사건: okto 0→1
15:12:51  «watch» 살아있음 탭=1 rx=20546B · up=900 · bigfill=1/300 **흔적**(판정선 미달) · cksumng=0 · **WS접속**=5(최대 5) · 이름충돌=0 · 센서갈림=3자리(계기) · 비자리예약=0 · **hwrst=0/0 (4단 미도래 — 고장 아님)**
15:14:52  «watch» 살아있음 탭=1 rx=20787B · up=1020 · bigfill=1/300 **흔적**(판정선 미달) · cksumng=0 · **WS접속**=5(최대 5) · 이름충돌=0 · 센서갈림=3자리(계기) · 비자리예약=0 · **hwrst=0/0 (4단 미도래 — 고장 아님)**
15:16:53  «watch» 살아있음 탭=1 rx=20946B · up=1140 · bigfill=1/300 **흔적**(판정선 미달) · cksumng=0 · **WS접속**=5(최대 5) · 이름충돌=0 · 센서갈림=3자리(계기) · 비자리예약=0 · **hwrst=0/0 (4단 미도래 — 고장 아님)**
15:18:09  «watch» 시작 — 로그=monitor/serial-winT.log 주기=120s 판정선 bigfill>=300
15:18:10  «watch» 기준 epoch=79990/7f17b99 · **WS접속**=5(최대 5)[옛이름]
15:18:11  «watch» 살아있음 탭=1 rx=기준(첫주기·비교대상없음) · up=1200 · bigfill=1/300 **흔적**(판정선 미달) · cksumng=0 · **WS접속**=5(최대 5)[옛이름] · 이름충돌=0 · 센서갈림=3자리(계기) · 비자리예약=0 · **hwrst=0/0 (4단 미도래 — 고장 아님)**
15:20:11  «watch» 살아있음 탭=1 rx=21054B · up=1320 · bigfill=1/300 **흔적**(판정선 미달) · cksumng=0 · **WS접속**=5(최대 5)[옛이름] · 이름충돌=0 · 센서갈림=3자리(계기) · 비자리예약=0 · **hwrst=0/0 (4단 미도래 — 고장 아님)**
15:22:12  «watch» 살아있음 탭=1 rx=21054B · up=1440 · bigfill=1/300 **흔적**(판정선 미달) · cksumng=0 · **WS접속**=3(최대 6)[옛이름] · 이름충돌=0 · 센서갈림=3자리(계기) · 비자리예약=0 · **hwrst=0/0 (4단 미도래 — 고장 아님)**
15:23:40  «watch» 시작 — 로그=monitor/serial-winT.log 주기=120s 판정선 bigfill>=300
15:23:41  «watch» 기준 epoch=79990/7f17b99 · **WS접속**=3(최대 6)[옛이름]
15:23:42  «watch» 살아있음 탭=1 rx=기준(첫주기·비교대상없음) · up=1500 · bigfill=1/300 **흔적**(판정선 미달) · cksumng=0 · **WS접속**=3(최대 6)[옛이름] · 이름충돌=0 · 센서갈림=3자리(기준선 3 · 정상)(계기) · 비자리예약=0 · **hwrst=0/0 (4단 미도래 — 고장 아님)**
15:25:42  «watch» 살아있음 탭=1 rx=21255B · up=1620 · bigfill=1/300 **흔적**(판정선 미달) · cksumng=0 · **WS접속**=3(최대 6)[옛이름] · 이름충돌=0 · 센서갈림=3자리(기준선 3 · 정상)(계기) · 비자리예약=0 · **hwrst=0/0 (4단 미도래 — 고장 아님)**
15:27:43  «watch» 살아있음 탭=1 rx=20998B · up=1740 · bigfill=1/300 **흔적**(판정선 미달) · cksumng=0 · **WS접속**=3(최대 6)[옛이름] · 이름충돌=0 · 센서갈림=3자리(기준선 3 · 정상)(계기) · 비자리예약=0 · **hwrst=0/0 (4단 미도래 — 고장 아님)**
15:29:44  «watch» 살아있음 탭=1 rx=21200B · up=1860 · bigfill=1/300 **흔적**(판정선 미달) · cksumng=0 · **WS접속**=3(최대 6)[옛이름] · 이름충돌=0 · 센서갈림=3자리(기준선 3 · 정상)(계기) · 비자리예약=0 · **hwrst=0/0 (4단 미도래 — 고장 아님)**
15:31:45  «watch» 살아있음 탭=1 rx=20999B · up=1980 · bigfill=1/300 **흔적**(판정선 미달) · cksumng=0 · **WS접속**=3(최대 6)[옛이름] · 이름충돌=0 · 센서갈림=3자리(기준선 3 · 정상)(계기) · 비자리예약=0 · **hwrst=0/0 (4단 미도래 — 고장 아님)**
15:33:46  «watch» 살아있음 탭=1 rx=20999B · up=2100 · bigfill=1/300 **흔적**(판정선 미달) · cksumng=0 · **WS접속**=3(최대 6)[옛이름] · 이름충돌=0 · 센서갈림=3자리(기준선 3 · 정상)(계기) · 비자리예약=0 · **hwrst=0/0 (4단 미도래 — 고장 아님)**
15:35:47  «watch» 살아있음 탭=1 rx=21257B · up=2220 · bigfill=1/300 **흔적**(판정선 미달) · cksumng=0 · **WS접속**=3(최대 6)[옛이름] · 이름충돌=0 · 센서갈림=3자리(기준선 3 · 정상)(계기) · 비자리예약=0 · **hwrst=0/0 (4단 미도래 — 고장 아님)**
15:37:48  «watch» 살아있음 탭=1 rx=21179B · up=2340 · bigfill=1/300 **흔적**(판정선 미달) · cksumng=0 · **WS접속**=3(최대 6)[옛이름] · 이름충돌=0 · 센서갈림=3자리(기준선 3 · 정상)(계기) · 비자리예약=0 · **hwrst=0/0 (4단 미도래 — 고장 아님)**
15:39:24  «watch» 시작 — 로그=monitor/serial-winT.log 주기=60s 판정선 bigfill>=300
15:39:25  «watch» 기준 epoch=79990/7f17b99 · **WS접속**=11(최대 11)[옛이름]
15:39:25  «watch» 살아있음 탭=1 rx=기준(첫주기·비교대상없음) · up=2460 · bigfill=17/300 **흔적**(판정선 미달) · cksumng=0 · **WS접속**=11(최대 11)[옛이름] · 이름충돌=0 · 센서갈림=3자리(기준선 3 · 정상)(계기) · 비자리예약=0 · **hwrst=0/0 (4단 미도래 — 고장 아님)**
15:40:26  «watch» 살아있음 탭=1 rx=33419B · up=2520 · bigfill=66/300 **흔적**(판정선 미달) · cksumng=0 · **WS접속**=11(최대 11)[옛이름] · 이름충돌=0 · 센서갈림=3자리(기준선 3 · 정상)(계기) · 비자리예약=0 · **hwrst=0/0 (4단 미도래 — 고장 아님)**
15:41:27  «watch» 살아있음 탭=1 rx=30005B · up=2580 · bigfill=112/300 **흔적**(판정선 미달) · cksumng=3 · **WS접속**=5(최대 11)[옛이름] · 이름충돌=0 · 센서갈림=3자리(기준선 3 · 정상)(계기) · 비자리예약=0 · **hwrst=0/0 (4단 미도래 — 고장 아님)** · 🔴 사건: ssovf 0→3
15:42:28  «watch» 살아있음 탭=1 rx=34085B · up=2640 · bigfill=149/300 **흔적**(판정선 미달) · cksumng=4 · **WS접속**=11(최대 11)[옛이름] · 이름충돌=0 · 센서갈림=3자리(기준선 3 · 정상)(계기) · 비자리예약=0 · **hwrst=0/0 (4단 미도래 — 고장 아님)** · 🔴 사건: ssovf 3→4
15:43:29  «watch» 살아있음 탭=1 rx=28437B · up=2700 · bigfill=198/300 **흔적**(판정선 미달) · cksumng=5 · **WS접속**=11(최대 11)[옛이름] · 이름충돌=0 · 센서갈림=3자리(기준선 3 · 정상)(계기) · 비자리예약=0 · **hwrst=0/0 (4단 미도래 — 고장 아님)** · 🔴 사건: ssovf 4→5
15:44:30  «watch» 살아있음 탭=1 rx=22219B · up=2760 · bigfill=217/300 **흔적**(판정선 미달) · cksumng=6 · **WS접속**=11(최대 11)[옛이름] · 이름충돌=0 · 센서갈림=3자리(기준선 3 · 정상)(계기) · 비자리예약=0 · **hwrst=0/0 (4단 미도래 — 고장 아님)** · 🔴 사건: esprst 0→1, okto 2→4, smiss 0→1, ssovf 5→6
15:45:31  «watch» 살아있음 탭=1 rx=33347B · up=2820 · bigfill=252/300 **흔적**(판정선 미달) · cksumng=8 · **WS접속**=11(최대 11)[옛이름] · 이름충돌=0 · 센서갈림=3자리(기준선 3 · 정상)(계기) · 비자리예약=0 · **hwrst=0/0 (4단 미도래 — 고장 아님)** · 🔴 사건: drop 0→1, stuck 0→1, okto 4→5, ssovf 6→8, penddrop 0→3, bigdrop 0→3
15:46:32  «watch» 살아있음 탭=1 rx=33518B · up=2880 · bigfill=301/300 판정가능 · cksumng=9 · **WS접속**=11(최대 11)[옛이름] · 이름충돌=0 · 센서갈림=3자리(기준선 3 · 정상)(계기) · 비자리예약=0 · **hwrst=0/0 (4단 미도래 — 고장 아님)** · 🔴 사건: ssovf 8→9
15:46:32  🔴🔴 «watch» **정지선 도달** bigfill=301 >= 300 — .team/STOP-U 생성했다
15:47:33  «watch» 살아있음 탭=1 rx=11910B · up=2940 · bigfill=333/300 판정가능 · cksumng=10 · **WS접속**=3(최대 11)[옛이름] · 이름충돌=0 · 센서갈림=3자리(기준선 3 · 정상)(계기) · 비자리예약=0 · **hwrst=0/0 (4단 미도래 — 고장 아님)** · 🔴 사건: ssovf 9→10
15:48:33  «watch» 살아있음 탭=1 rx=10545B · up=3000 · bigfill=333/300 판정가능 · cksumng=10 · **WS접속**=3(최대 11)[옛이름] · 이름충돌=0 · 센서갈림=3자리(기준선 3 · 정상)(계기) · 비자리예약=0 · **hwrst=0/0 (4단 미도래 — 고장 아님)**
15:49:34  «watch» 살아있음 탭=1 rx=10557B · up=3060 · bigfill=333/300 판정가능 · cksumng=10 · **WS접속**=3(최대 11)[옛이름] · 이름충돌=0 · 센서갈림=3자리(기준선 3 · 정상)(계기) · 비자리예약=0 · **hwrst=0/0 (4단 미도래 — 고장 아님)**
15:50:35  «watch» 살아있음 탭=1 rx=10737B · up=3120 · bigfill=333/300 판정가능 · cksumng=10 · **WS접속**=3(최대 11)[옛이름] · 이름충돌=0 · 센서갈림=3자리(기준선 3 · 정상)(계기) · 비자리예약=0 · **hwrst=0/0 (4단 미도래 — 고장 아님)**
15:51:36  «watch» 살아있음 탭=1 rx=10464B · up=3180 · bigfill=333/300 판정가능 · cksumng=10 · **WS접속**=3(최대 11)[옛이름] · 이름충돌=0 · 센서갈림=3자리(기준선 3 · 정상)(계기) · 비자리예약=0 · **hwrst=0/0 (4단 미도래 — 고장 아님)**
15:52:37  «watch» 살아있음 탭=1 rx=12562B · up=3240 · bigfill=333/300 판정가능 · cksumng=10 · **WS접속**=3(최대 11)[옛이름] · 이름충돌=0 · 센서갈림=3자리(기준선 3 · 정상)(계기) · 비자리예약=0 · **hwrst=0/0 (4단 미도래 — 고장 아님)** · 🔴 사건: drop 1→2, esprst 1→2, stuck 1→2, okto 5→6, online 1→0
15:53:38  «watch» 살아있음 탭=1 rx=11376B · up=3300 · bigfill=335/300 판정가능 · cksumng=10 · **WS접속**=3(최대 11)[옛이름] · 이름충돌=0 · 센서갈림=3자리(기준선 3 · 정상)(계기) · 비자리예약=0 · **hwrst=0/0 (4단 미도래 — 고장 아님)** · 🔴 사건: drop 2→3, esprst 2→3, smiss 1→3, penddrop 3→7, online 0→1
15:54:39  «watch» 살아있음 탭=1 rx=10479B · up=3360 · bigfill=335/300 판정가능 · cksumng=10 · **WS접속**=3(최대 11)[옛이름] · 이름충돌=0 · 센서갈림=3자리(기준선 3 · 정상)(계기) · 비자리예약=0 · **hwrst=0/0 (4단 미도래 — 고장 아님)**
15:55:40  «watch» 살아있음 탭=1 rx=10566B · up=3420 · bigfill=335/300 판정가능 · cksumng=10 · **WS접속**=3(최대 11)[옛이름] · 이름충돌=0 · 센서갈림=3자리(기준선 3 · 정상)(계기) · 비자리예약=0 · **hwrst=0/0 (4단 미도래 — 고장 아님)**
15:56:41  «watch» 살아있음 탭=1 rx=10580B · up=3480 · bigfill=335/300 판정가능 · cksumng=10 · **WS접속**=3(최대 11)[옛이름] · 이름충돌=0 · 센서갈림=3자리(기준선 3 · 정상)(계기) · 비자리예약=0 · **hwrst=0/0 (4단 미도래 — 고장 아님)**
15:57:41  «watch» 살아있음 탭=1 rx=10557B · up=3540 · bigfill=335/300 판정가능 · cksumng=10 · **WS접속**=3(최대 11)[옛이름] · 이름충돌=0 · 센서갈림=3자리(기준선 3 · 정상)(계기) · 비자리예약=0 · **hwrst=0/0 (4단 미도래 — 고장 아님)** · 🔴 사건: okto 6→7
15:58:42  «watch» 살아있음 탭=1 rx=10479B · up=3600 · bigfill=335/300 판정가능 · cksumng=10 · **WS접속**=3(최대 11)[옛이름] · 이름충돌=0 · 센서갈림=3자리(기준선 3 · 정상)(계기) · 비자리예약=0 · **hwrst=0/0 (4단 미도래 — 고장 아님)**
15:59:43  «watch» 살아있음 탭=1 rx=10623B · up=3660 · bigfill=335/300 판정가능 · cksumng=10 · **WS접속**=3(최대 11)[옛이름] · 이름충돌=0 · 센서갈림=3자리(기준선 3 · 정상)(계기) · 비자리예약=0 · **hwrst=0/0 (4단 미도래 — 고장 아님)**
16:00:44  «watch» 살아있음 탭=1 rx=10659B · up=3720 · bigfill=335/300 판정가능 · cksumng=10 · **WS접속**=3(최대 11)[옛이름] · 이름충돌=0 · 센서갈림=3자리(기준선 3 · 정상)(계기) · 비자리예약=0 · **hwrst=0/0 (4단 미도래 — 고장 아님)**
16:01:45  «watch» 살아있음 탭=1 rx=10614B · up=3780 · bigfill=335/300 판정가능 · cksumng=10 · **WS접속**=3(최대 11)[옛이름] · 이름충돌=0 · 센서갈림=3자리(기준선 3 · 정상)(계기) · 비자리예약=0 · **hwrst=0/0 (4단 미도래 — 고장 아님)**
16:02:46  «watch» 살아있음 탭=1 rx=10680B · up=3840 · bigfill=335/300 판정가능 · cksumng=10 · **WS접속**=3(최대 11)[옛이름] · 이름충돌=0 · 센서갈림=3자리(기준선 3 · 정상)(계기) · 비자리예약=0 · **hwrst=0/0 (4단 미도래 — 고장 아님)**
16:03:47  «watch» 살아있음 탭=1 rx=10536B · up=3900 · bigfill=335/300 판정가능 · cksumng=10 · **WS접속**=3(최대 11)[옛이름] · 이름충돌=0 · 센서갈림=3자리(기준선 3 · 정상)(계기) · 비자리예약=0 · **hwrst=0/0 (4단 미도래 — 고장 아님)**
16:04:48  «watch» 살아있음 탭=1 rx=10659B · up=3960 · bigfill=335/300 판정가능 · cksumng=10 · **WS접속**=3(최대 11)[옛이름] · 이름충돌=0 · 센서갈림=3자리(기준선 3 · 정상)(계기) · 비자리예약=0 · **hwrst=0/0 (4단 미도래 — 고장 아님)**
16:05:49  «watch» 살아있음 탭=1 rx=10736B · up=4020 · bigfill=335/300 판정가능 · cksumng=10 · **WS접속**=3(최대 11)[옛이름] · 이름충돌=0 · 센서갈림=3자리(기준선 3 · 정상)(계기) · 비자리예약=0 · **hwrst=0/0 (4단 미도래 — 고장 아님)** · 🔴 사건: okto 7→8
16:06:50  «watch» 살아있음 탭=1 rx=10479B · up=4080 · bigfill=335/300 판정가능 · cksumng=10 · **WS접속**=3(최대 11)[옛이름] · 이름충돌=0 · 센서갈림=3자리(기준선 3 · 정상)(계기) · 비자리예약=0 · **hwrst=0/0 (4단 미도래 — 고장 아님)**
16:07:50  «watch» 살아있음 탭=1 rx=10566B · up=4140 · bigfill=335/300 판정가능 · cksumng=10 · **WS접속**=3(최대 11)[옛이름] · 이름충돌=0 · 센서갈림=3자리(기준선 3 · 정상)(계기) · 비자리예약=0 · **hwrst=0/0 (4단 미도래 — 고장 아님)**
16:08:51  «watch» 살아있음 탭=1 rx=10680B · up=4200 · bigfill=335/300 판정가능 · cksumng=10 · **WS접속**=3(최대 11)[옛이름] · 이름충돌=0 · 센서갈림=3자리(기준선 3 · 정상)(계기) · 비자리예약=0 · **hwrst=0/0 (4단 미도래 — 고장 아님)**
16:09:52  «watch» 살아있음 탭=1 rx=7422B · up=4260 · bigfill=335/300 판정가능 · cksumng=10 · **WS접속**=3(최대 11)[옛이름] · 이름충돌=0 · 센서갈림=3자리(기준선 3 · 정상)(계기) · 비자리예약=0 · **hwrst=0/0 (4단 미도래 — 고장 아님)**
16:10:53  «watch» 살아있음 탭=1 rx=3259B · up=4320 · bigfill=335/300 판정가능 · cksumng=10 · **WS접속**=3(최대 11)[옛이름] · 이름충돌=0 · 센서갈림=✅ **0자리 — 0270 이 들어갔나(3→0)**(계기) · 비자리예약=0 · **hwrst=0/0 (4단 미도래 — 고장 아님)** · 🔴 사건: drop 3→4, esprst 3→4, online 1→0
16:11:54  «watch» 살아있음 탭=1 rx=2454B · up=4380 · bigfill=335/300 판정가능 · cksumng=10 · **WS접속**=3(최대 11)[옛이름] · 이름충돌=0 · 센서갈림=✅ **0자리 — 0270 이 들어갔나(3→0)**(계기) · 비자리예약=0 · **hwrst=0/0 (4단 미도래 — 고장 아님)**
16:12:55  «watch» 살아있음 탭=1 rx=2343B · up=4440 · bigfill=335/300 판정가능 · cksumng=10 · **WS접속**=3(최대 11)[옛이름] · 이름충돌=0 · 센서갈림=✅ **0자리 — 0270 이 들어갔나(3→0)**(계기) · 비자리예약=0 · **hwrst=0/0 (4단 미도래 — 고장 아님)**
16:13:56  «watch» 살아있음 탭=1 rx=3181B · up=4560 · bigfill=335/300 판정가능 · cksumng=10 · **WS접속**=3(최대 11)[옛이름] · 이름충돌=0 · 센서갈림=✅ **0자리 — 0270 이 들어갔나(3→0)**(계기) · 비자리예약=0 · **hwrst=🔴 1/0 **실행했는데 안 들었다 → 전원 쪽****
